 luafar3

 Timestamp is 60a5456a (Wed May 19 18:05:46 2021)

 Preferred load address is 10000000

 Start         Length     Name                   Class
 0001:00000000 00000004H .CRT$XCA                CODE
 0001:00000004 00000004H .CRT$XCZ                CODE
 0001:00000008 00000004H .CRT$XIA                CODE
 0001:0000000c 0000000cH .CRT$XIC                CODE
 0001:00000018 00000004H .CRT$XIZ                CODE
 0001:0000001c 00000004H .CRT$XPA                CODE
 0001:00000020 0000000cH .CRT$XPX                CODE
 0001:0000002c 00000004H .CRT$XPXA               CODE
 0001:00000030 00000004H .CRT$XPZ                CODE
 0001:00000034 00000004H .CRT$XTA                CODE
 0001:00000038 00000008H .CRT$XTZ                CODE
 0001:0000003c 00000000H .gfids$y                CODE
 0001:00000040 00016240H .rdata                  CODE
 0001:00016274 00000000H .rdata$r                CODE
 0001:00016280 0000000cH .rdata$sxdata           CODE
 0001:0001628c 00000278H .rdata$zzzdbg           CODE
 0001:00016504 00000004H .rtc$IAA                CODE
 0001:00016508 00000004H .rtc$IZZ                CODE
 0001:0001650c 00000004H .rtc$TAA                CODE
 0001:00016510 00000010H .rtc$TZZ                CODE
 0001:00016520 0003e1d0H .text$mn                CODE
 0001:000546e7 00000000H .text$x                 CODE
 0001:000546f0 00000040H .text$yd                CODE
 0001:00054730 00000820H .xdata$x                CODE
 0001:00054f50 0000049cH .edata                  CODE
 0002:00000000 0000c900H .data                   DATA
 0002:0000c900 00000000H .data$r                 DATA
 0002:0000c900 00000b18H .bss                    DATA
 0003:00000000 00000390H .idata$5                DATA
 0003:00000390 00000004H .00cfg                  DATA
 0003:00000394 00000078H .idata$2                DATA
 0003:0000040c 00000014H .idata$3                DATA
 0003:00000420 00000390H .idata$4                DATA
 0003:000007b0 00000fa8H .idata$6                DATA
 0004:00000000 00000060H .rsrc$01                DATA
 0004:00000060 00000358H .rsrc$02                DATA

  Address         Publics by Value              Rva+Base       Lib:Object

 0000:00000000       ___hybrid_auxiliary_iat    00000000     <absolute>
 0000:00000000       ___guard_fids_table        00000000     <absolute>
 0000:00000000       ___guard_longjmp_table     00000000     <absolute>
 0000:00000000       ___guard_fids_count        00000000     <absolute>
 0000:00000000       ___guard_iat_table         00000000     <absolute>
 0000:00000000       ___volatile_metadata       00000000     <absolute>
 0000:00000000       __except_list              00000000     <absolute>
 0000:00000000       ___hybrid_code_map_count   00000000     <absolute>
 0000:00000000       ___AbsoluteZero            00000000     <absolute>
 0000:00000000       ___enclave_config          00000000     <absolute>
 0000:00000000       ___guard_iat_count         00000000     <absolute>
 0000:00000000       ___guard_longjmp_count     00000000     <absolute>
 0000:00000000       ___dynamic_value_reloc_table 00000000     <absolute>
 0000:00000000       ___hybrid_code_map         00000000     <absolute>
 0000:00000003       ___safe_se_handler_count   00000003     <absolute>
 0000:00000100       ___guard_flags             00000100     <absolute>
 0000:00000000       ___ImageBase               10000000     <linker-defined>
 0001:00000000       ___xc_a                    10001000     LIBCMT:initializers.obj
 0001:00000004       ___xc_z                    10001004     LIBCMT:initializers.obj
 0001:00000008       ___xi_a                    10001008     LIBCMT:initializers.obj
 0001:0000000c       ___acrt_stdio_initializer  1000100c     libucrt:stdio_initializer.obj
 0001:00000010       ___acrt_multibyte_initializer 10001010     libucrt:multibyte_initializer.obj
 0001:00000014       ___acrt_tran_sse2_initializer 10001014     libucrt:sse2_initializer.obj
 0001:00000018       ___xi_z                    10001018     LIBCMT:initializers.obj
 0001:0000001c       ___xp_a                    1000101c     LIBCMT:initializers.obj
 0001:00000020       ___acrt_locale_terminator  10001020     libucrt:locale_initializer.obj
 0001:00000024       ___acrt_tmpfile_terminator 10001024     libucrt:tmpfile_initializer.obj
 0001:00000028       ___dcrt_console_output_terminator 10001028     libucrt:console_output_initializer.obj
 0001:0000002c       ___acrt_stdio_terminator   1000102c     libucrt:stdio_initializer.obj
 0001:00000030       ___xp_z                    10001030     LIBCMT:initializers.obj
 0001:00000034       ___xt_a                    10001034     LIBCMT:initializers.obj
 0001:00000038       ___xt_z                    10001038     LIBCMT:initializers.obj
 0001:00000040       _metatable_name            10001040     bit64.obj
 0001:00000140       ??_C@_04JAOJMBA@bnot@      10001140     bit64.obj
 0001:00000148       ??_C@_04BKGNPECA@band@     10001148     bit64.obj
 0001:00000150       ??_C@_03BBBGIIAC@bor@      10001150     bit64.obj
 0001:00000154       ??_C@_04CKCGDDNF@bxor@     10001154     bit64.obj
 0001:0000015c       ??_C@_06ELFGPGBK@lshift@   1000115c     bit64.obj
 0001:00000164       ??_C@_06HMLHBBIJ@rshift@   10001164     bit64.obj
 0001:0000016c       ??_C@_07JILILBLL@arshift@  1000116c     bit64.obj
 0001:00000174       ??_C@_03CLCAEGCJ@new@      10001174     bit64.obj
 0001:00000178       ??_C@_03BDGOHNNK@add@      10001178     bit64.obj
 0001:0000017c       ??_C@_03KCMAIMAP@sub@      1000117c     bit64.obj
 0001:00000180       ??_C@_03IMIFIBCN@mul@      10001180     bit64.obj
 0001:00000184       ??_C@_03FEJMGOGI@div@      10001184     bit64.obj
 0001:00000188       ??_C@_03FFONCNID@mod@      10001188     bit64.obj
 0001:0000018c       ??_C@_02HIIGGHJB@eq@       1000118c     bit64.obj
 0001:00000190       ??_C@_02KCAKIFL@lt@        10001190     bit64.obj
 0001:00000194       ??_C@_02FJPJILEL@le@       10001194     bit64.obj
 0001:00000198       ??_C@_04GPMDFGEJ@type@     10001198     bit64.obj
 0001:000001a0       ??_C@_05MEHDOBFN@__add@    100011a0     bit64.obj
 0001:000001a8       ??_C@_05HFNNBAII@__sub@    100011a8     bit64.obj
 0001:000001b0       ??_C@_05FLJIBNKK@__mul@    100011b0     bit64.obj
 0001:000001b8       ??_C@_05IDIBPCOP@__div@    100011b8     bit64.obj
 0001:000001c0       ??_C@_05ICPALBAE@__mod@    100011c0     bit64.obj
 0001:000001c8       ??_C@_05MHFNBPAK@__unm@    100011c8     bit64.obj
 0001:000001d0       ??_C@_04GIMIAOHA@__eq@     100011d0     bit64.obj
 0001:000001d8       ??_C@_04BKGOMBLK@__lt@     100011d8     bit64.obj
 0001:000001e0       ??_C@_04EJLHOCKK@__le@     100011e0     bit64.obj
 0001:000001e8       ??_C@_0L@HDFPAPPH@__tostring@ 100011e8     bit64.obj
 0001:000001f4       ??_C@_08JOIMPOJO@tonumber@ 100011f4     bit64.obj
 0001:00000200       ??_C@_09GPALILFO@bad?5int64@ 10001200     bit64.obj
 0001:0000020c       ??_C@_05LLAMLEHD@?$CFI64d@ 1000120c     bit64.obj
 0001:00000214       ??_C@_07NHABFFHN@__index@  10001214     bit64.obj
 0001:0000021c       ??_C@_05OALCLICP@bit64@    1000121c     bit64.obj
 0001:00000228       __real@3ff0000000000000    10001228     bit64.obj
 0001:00000230       __real@43e0000000000000    10001230     bit64.obj
 0001:00000244       _COLLECTOR_OPI             10001244     exported.obj
 0001:0000025c       _COLLECTOR_PI              1000125c     exported.obj
 0001:00000274       _COLLECTOR_GI              10001274     exported.obj
 0001:0000028c       _KEY_OBJECT                1000128c     exported.obj
 0001:00000b68       ??_C@_05GFCDIDHO@debug@    10001b68     exported.obj
 0001:00000b70       ??_C@_09GPFEECNC@traceback@ 10001b70     exported.obj
 0001:00000b7c       ??_C@_06NKNNMLDJ@export@   10001b7c     exported.obj
 0001:00000b84       ??_C@_07PCNKBAGB@OnError@  10001b84     exported.obj
 0001:00000b8c       ??_C@_0N@NJMIGDDL@CreationTime@ 10001b8c     exported.obj
 0001:00000b9c       ??_C@_0P@MFHPCDDH@LastAccessTime@ 10001b9c     exported.obj
 0001:00000bac       ??_C@_0O@FCFNCAHK@LastWriteTime@ 10001bac     exported.obj
 0001:00000bbc       ??_C@_0L@FCILKIIG@ChangeTime@ 10001bbc     exported.obj
 0001:00000bc8       ??_C@_08BHIEONMC@FileSize@ 10001bc8     exported.obj
 0001:00000bd4       ??_C@_0P@JBACEJLL@AllocationSize@ 10001bd4     exported.obj
 0001:00000be4       ??_C@_05BOOEKJH@Flags@     10001be4     exported.obj
 0001:00000bec       ??_C@_0O@DLGJHFNH@NumberOfLinks@ 10001bec     exported.obj
 0001:00000bfc       ??_C@_05MHNOECFO@CRC32@    10001bfc     exported.obj
 0001:00000c04       ??_C@_08FDCJCDOL@FileName@ 10001c04     exported.obj
 0001:00000c10       ??_C@_0BC@COCBGKAE@AlternateFileName@ 10001c10     exported.obj
 0001:00000c24       ??_C@_0M@OHKMKKDH@Description@ 10001c24     exported.obj
 0001:00000c30       ??_C@_05HDCNEILF@Owner@    10001c30     exported.obj
 0001:00000c38       ??_C@_0BB@OKGMKOG@CustomColumnData@ 10001c38     exported.obj
 0001:00000c4c       ??_C@_11LOCGONAA@@         10001c4c     exported.obj
 0001:00000c50       ??_C@_08JNHPECBG@UserData@ 10001c50     exported.obj
 0001:00000c5c       ??_C@_0M@BDCAMGGD@ExtUserData@ 10001c5c     exported.obj
 0001:00000c68       ??_C@_0N@LHFGLEGJ@FreeUserData@ 10001c68     exported.obj
 0001:00000c78       ??_C@_0M@DFMHDHBL@GetFindData@ 10001c78     exported.obj
 0001:00000c84       ??_C@_08FFPEEIHA@GetFiles@ 10001c84     exported.obj
 0001:00000c90       ??_C@_0BC@IECOKJFL@GetFiles?4DestPath@ 10001c90     exported.obj
 0001:00000ca4       ??_C@_05LFOKGKBN@?$DMboot@ 10001ca4     exported.obj
 0001:00000cac       ??_C@_15CBMDENPJ@?$AA?4?$AA?9@ 10001cac     exported.obj
 0001:00000cb4       ??_C@_07KNEGBPNO@package@  10001cb4     exported.obj
 0001:00000cbc       ??_C@_07GCEAJMEA@preload@  10001cbc     exported.obj
 0001:00000cc4       ??_C@_19BCNABNAK@?$AA?4?$AAl?$AAu?$AAa@ 10001cc4     exported.obj
 0001:00000cd0       ??_C@_13BPINEIPE@?$AAr@    10001cd0     exported.obj
 0001:00000cd4       ??_C@_1DC@PABHCCON@?$AAD?$AAe?$AAf?$AAa?$AAu?$AAl?$AAt?$AA?5?$AAs?$AAc?$AAr?$AAi?$AAp?$AAt?$AA?5@ 10001cd4     exported.obj
 0001:00000d08       ??_C@_03JEOKDCFP@far@      10001d08     exported.obj
 0001:00000d0c       ??_C@_0BE@HCPAIELH@ReloadDefaultScript@ 10001d0c     exported.obj
 0001:00000d20       ??_C@_0L@OCPPMCCK@StructSize@ 10001d20     exported.obj
 0001:00000d2c       ??_C@_06LBMCOACO@Buffer@   10001d2c     exported.obj
 0001:00000d34       ??_C@_06EPIAKPGD@OpMode@   10001d34     exported.obj
 0001:00000d3c       ??_C@_07GDADDFBD@Analyse@  10001d3c     exported.obj
 0001:00000d44       ??_C@_0BB@CKIGBGLB@GetOpenPanelInfo@ 10001d44     exported.obj
 0001:00000d58       ??_C@_08KDMNIFGM@FreeSize@ 10001d58     exported.obj
 0001:00000d64       ??_C@_08PAJOMFPO@HostFile@ 10001d64     exported.obj
 0001:00000d70       ??_C@_06IBPEEEAJ@CurDir@   10001d70     exported.obj
 0001:00000d78       ??_C@_06PEPCFMNJ@Format@   10001d78     exported.obj
 0001:00000d80       ??_C@_0L@CMHIOLLB@PanelTitle@ 10001d80     exported.obj
 0001:00000d8c       ??_C@_09PMEOAIAA@InfoLines@ 10001d8c     exported.obj
 0001:00000d98       ??_C@_0BA@BLCGOCOG@InfoLinesNumber@ 10001d98     exported.obj
 0001:00000da8       ??_C@_04OJAHODMC@Text@     10001da8     exported.obj
 0001:00000db0       ??_C@_04DICKPMGH@Data@     10001db0     exported.obj
 0001:00000db8       ??_C@_0L@FPEHOFAI@DescrFiles@ 10001db8     exported.obj
 0001:00000dc4       ??_C@_0BA@BBOGKOKF@PanelModesArray@ 10001dc4     exported.obj
 0001:00000dd4       ??_C@_0BB@LFNABPEF@PanelModesNumber@ 10001dd4     exported.obj
 0001:00000de8       ??_C@_0M@KDJPJFOF@ColumnTypes@ 10001de8     exported.obj
 0001:00000df4       ??_C@_0N@ILFJPGHI@ColumnWidths@ 10001df4     exported.obj
 0001:00000e04       ??_C@_0BC@KELOOKNK@StatusColumnTypes@ 10001e04     exported.obj
 0001:00000e18       ??_C@_0BD@DNDIPKDK@StatusColumnWidths@ 10001e18     exported.obj
 0001:00000e2c       ??_C@_0N@EHCEJHEE@ColumnTitles@ 10001e2c     exported.obj
 0001:00000e3c       ??_C@_0P@BEEDPJDK@StartPanelMode@ 10001e3c     exported.obj
 0001:00000e4c       ??_C@_0O@NIFKFGBJ@StartSortMode@ 10001e4c     exported.obj
 0001:00000e5c       ??_C@_0P@KMACBLNK@StartSortOrder@ 10001e5c     exported.obj
 0001:00000e6c       ??_C@_06ONGFDHIA@KeyBar@   10001e6c     exported.obj
 0001:00000e74       ??_C@_0P@PKDBPEJI@VirtualKeyCode@ 10001e74     exported.obj
 0001:00000e84       ??_C@_0BA@MFFHAKP@ControlKeyState@ 10001e84     exported.obj
 0001:00000e94       ??_C@_08DGDJEKCP@LongText@ 10001e94     exported.obj
 0001:00000ea0       ??_C@_0BE@OPMKBLIP@_ModuleShortcutData@ 10001ea0     exported.obj
 0001:00000eb4       ??_C@_0N@IHDKLODA@ShortcutData@ 10001eb4     exported.obj
 0001:00000ec4       ??_C@_05HIFJDKLD@array@    10001ec4     exported.obj
 0001:00000ecc       ??_C@_01EFFIKLCJ@n@        10001ecc     exported.obj
 0001:00000ece       ??_C@_00CNPNBAHC@@         10001ece     exported.obj
 0001:00000ed0       ??_C@_04DNCDCIAE@Open@     10001ed0     exported.obj
 0001:00000ed8       ??_C@_04OPJIDECA@hDlg@     10001ed8     exported.obj
 0001:00000ee0       ??_C@_06BNNOMDLO@Handle@   10001ee0     exported.obj
 0001:00000ee8       ??_C@_05LNOAKADA@panel@    10001ee8     exported.obj
 0001:00000ef0       ??_C@_0L@JMPDJFBN@ClosePanel@ 10001ef0     exported.obj
 0001:00000efc       ??_C@_07MBOMJGGF@Compare@  10001efc     exported.obj
 0001:00000f04       ??_C@_09NANCCILE@Configure@ 10001f04     exported.obj
 0001:00000f10       ??_C@_0M@MMKKMEFA@DeleteFiles@ 10001f10     exported.obj
 0001:00000f1c       ??_C@_0O@GLLEDHJA@MakeDirectory@ 10001f1c     exported.obj
 0001:00000f2c       ??_C@_0BD@PJNONGDB@MakeDirectory?4Name@ 10001f2c     exported.obj
 0001:00000f40       ??_C@_0BC@COPMJGBI@ProcessPanelEvent@ 10001f40     exported.obj
 0001:00000f54       ??_C@_0BA@DPJAKFGC@ProcessHostFile@ 10001f54     exported.obj
 0001:00000f64       ??_C@_0BC@HOBKGBBM@ProcessPanelInput@ 10001f64     exported.obj
 0001:00000f78       ??_C@_08OBOOFGOD@PutFiles@ 10001f78     exported.obj
 0001:00000f84       ??_C@_0N@KCFEBPAO@SetDirectory@ 10001f84     exported.obj
 0001:00000f94       ??_C@_0M@PNOHHCCH@SetFindList@ 10001f94     exported.obj
 0001:00000fa0       ??_C@_07EACELFAO@ExitFAR@  10001fa0     exported.obj
 0001:00000fa8       ??_C@_0O@OBCKADMD@GetPluginInfo@ 10001fa8     exported.obj
 0001:00000fb8       ??_C@_0O@GDMHGAFH@CommandPrefix@ 10001fb8     exported.obj
 0001:00000fc8       ??_C@_0O@PHBKMNMJ@DiskMenuGuids@ 10001fc8     exported.obj
 0001:00000fd8       ??_C@_0BA@NLBDFPEO@DiskMenuStrings@ 10001fd8     exported.obj
 0001:00000fe8       ??_C@_0BA@FOMPNLJF@PluginMenuGuids@ 10001fe8     exported.obj
 0001:00000ff8       ??_C@_0BC@DJMJFBJC@PluginMenuStrings@ 10001ff8     exported.obj
 0001:0000100c       ??_C@_0BC@ILBHAHCH@PluginConfigGuids@ 1000200c     exported.obj
 0001:00001020       ??_C@_0BE@GAFPNGIP@PluginConfigStrings@ 10002020     exported.obj
 0001:00001034       ??_C@_0BD@DECJPBBK@ProcessEditorInput@ 10002034     exported.obj
 0001:00001048       ??_C@_0BD@GEMPAGBO@ProcessEditorEvent@ 10002048     exported.obj
 0001:0000105c       ??_C@_04KOACHJEN@Type@     1000205c     exported.obj
 0001:00001064       ??_C@_0N@EKPHGDMI@StringNumber@ 10002064     exported.obj
 0001:00001074       ??_C@_07MOCFLHCN@FileEOL@  10002074     exported.obj
 0001:0000107c       ??_C@_08DOHJINHB@CodePage@ 1000207c     exported.obj
 0001:00001088       ??_C@_0BD@GGKMLEJG@ProcessViewerEvent@ 10002088     exported.obj
 0001:0000109c       ??_C@_0BD@FNHBEIC@ProcessDialogEvent@ 1000209c     exported.obj
 0001:000010b0       ??_C@_06CPBJDKAC@Param2@   100020b0     exported.obj
 0001:000010b8       ??_C@_06EDEGJMB@Param1@    100020b8     exported.obj
 0001:000010c0       ??_C@_03MLMOILGK@Msg@      100020c0     exported.obj
 0001:000010c4       ??_C@_0BE@LHJGGGHN@ProcessSynchroEvent@ 100020c4     exported.obj
 0001:000010d8       ??_C@_0BB@PHIEFGHD@GetContentFields@ 100020d8     exported.obj
 0001:000010ec       ??_C@_0P@DPJDPMPI@GetContentData@ 100020ec     exported.obj
 0001:000010fc       ??_C@_0N@DDJEHLKE@?$DM_globalinfo@ 100020fc     exported.obj
 0001:0000110c       ??_C@_1CA@IBKDMBNJ@?$AA_?$AAg?$AAl?$AAo?$AAb?$AAa?$AAl?$AAi?$AAn?$AAf?$AAo?$AA?4?$AAl?$AAu?$AAa@ 1000210c     exported.obj
 0001:0000112c       ??_C@_0O@GJMOPLGM@GetGlobalInfo@ 1000212c     exported.obj
 0001:0000113c       ??_C@_0O@CALOEOI@MinFarVersion@ 1000213c     exported.obj
 0001:0000114c       ??_C@_07NGFJPNPN@Version@  1000214c     exported.obj
 0001:00001154       ??_C@_04MJHIICBJ@Guid@     10002154     exported.obj
 0001:0000115c       ??_C@_05PABKJLOM@Title@    1000215c     exported.obj
 0001:00001164       ??_C@_06HHECMMLE@Author@   10002164     exported.obj
 0001:0000116c       ??_C@_0BE@DONMOPMJ@ProcessConsoleInput@ 1000216c     exported.obj
 0001:00001180       __real@bff0000000000000    10002180     exported.obj
 0001:00001a50       _Vals                      10002a50     flags.obj
 0001:00003110       ??_C@_0BI@IDKIJMME@FARMANAGERVERSION_MAJOR@ 10004110     flags.obj
 0001:00003128       ??_C@_0BI@DMLKEAFC@FARMANAGERVERSION_MINOR@ 10004128     flags.obj
 0001:00003140       ??_C@_0BL@NMALNAFP@FARMANAGERVERSION_REVISION@ 10004140     flags.obj
 0001:0000315c       ??_C@_0BI@OLPFLLDD@FARMANAGERVERSION_BUILD@ 1000415c     flags.obj
 0001:00003174       ??_C@_0BI@MOOFLFPC@FARMANAGERVERSION_STAGE@ 10004174     flags.obj
 0001:0000318c       ??_C@_0L@MIDBGFJO@CP_UNICODE@ 1000418c     flags.obj
 0001:00003198       ??_C@_0O@MNMCMEJH@CP_REVERSEBOM@ 10004198     flags.obj
 0001:000031a8       ??_C@_0L@JDNPCEDH@CP_DEFAULT@ 100041a8     flags.obj
 0001:000031b4       ??_C@_0M@OMCMFJHA@CP_REDETECT@ 100041b4     flags.obj
 0001:000031c0       ??_C@_09MNAPNKKC@INDEXMASK@ 100041c0     flags.obj
 0001:000031cc       ??_C@_09BLFIDJLF@COLORMASK@ 100041cc     flags.obj
 0001:000031d8       ??_C@_09ENNBLPJC@ALPHAMASK@ 100041d8     flags.obj
 0001:000031e4       ??_C@_0L@EHFOPLFD@PANEL_NONE@ 100041e4     flags.obj
 0001:000031f0       ??_C@_0N@LPMKALBG@PANEL_ACTIVE@ 100041f0     flags.obj
 0001:00003200       ??_C@_0O@HPKEABPN@PANEL_PASSIVE@ 10004200     flags.obj
 0001:00003210       ??_C@_0L@GOEBPENN@PANEL_STOP@ 10004210     flags.obj
 0001:0000321c       ??_C@_0N@HLIFAAPJ@EEREDRAW_ALL@ 1000421c     flags.obj
 0001:0000322c       ??_C@_0P@NHNDIKJ@CURRENT_EDITOR@ 1000422c     flags.obj
 0001:0000323c       ??_C@_0BN@PPNDCHHA@EDITOR_COLOR_NORMAL_PRIORITY@ 1000423c     flags.obj
 0001:0000325c       ??_C@_07MGGAEAFF@DI_TEXT@  1000425c     flags.obj
 0001:00003264       ??_C@_08HODBDEHE@DI_VTEXT@ 10004264     flags.obj
 0001:00003270       ??_C@_0N@IGKKGFMF@DI_SINGLEBOX@ 10004270     flags.obj
 0001:00003280       ??_C@_0N@EDCLIEAE@DI_DOUBLEBOX@ 10004280     flags.obj
 0001:00003290       ??_C@_07DOLIFAEF@DI_EDIT@  10004290     flags.obj
 0001:00003298       ??_C@_0L@EOMEIIFM@DI_PSWEDIT@ 10004298     flags.obj
 0001:000032a4       ??_C@_0L@MGOIMBKF@DI_FIXEDIT@ 100042a4     flags.obj
 0001:000032b0       ??_C@_09GGAEMAPJ@DI_BUTTON@ 100042b0     flags.obj
 0001:000032bc       ??_C@_0M@MHFHGPHJ@DI_CHECKBOX@ 100042bc     flags.obj
 0001:000032c8       ??_C@_0P@GIPCGMBE@DI_RADIOBUTTON@ 100042c8     flags.obj
 0001:000032d8       ??_C@_0M@MAKBFNGC@DI_COMBOBOX@ 100042d8     flags.obj
 0001:000032e4       ??_C@_0L@ONDMPPPO@DI_LISTBOX@ 100042e4     flags.obj
 0001:000032f0       ??_C@_0P@GDJDPEIK@DI_USERCONTROL@ 100042f0     flags.obj
 0001:00003300       ??_C@_08KAEGOLOB@DM_FIRST@ 10004300     flags.obj
 0001:0000330c       ??_C@_08MJMBFJHA@DM_CLOSE@ 1000430c     flags.obj
 0001:00003318       ??_C@_09KLJOCKAA@DM_ENABLE@ 10004318     flags.obj
 0001:00003324       ??_C@_0BA@KAMJGFDG@DM_ENABLEREDRAW@ 10004324     flags.obj
 0001:00003334       ??_C@_0O@FKGMMKLP@DM_GETDLGDATA@ 10004334     flags.obj
 0001:00003344       ??_C@_0O@HEGKCPOI@DM_GETDLGITEM@ 10004344     flags.obj
 0001:00003354       ??_C@_0O@BEHCGMCL@DM_GETDLGRECT@ 10004354     flags.obj
 0001:00003364       ??_C@_0L@ELBDNLFO@DM_GETTEXT@ 10004364     flags.obj
 0001:00003370       ??_C@_06IKGPEGEJ@DM_KEY@   10004370     flags.obj
 0001:00003378       ??_C@_0O@DIPLLJEH@DM_MOVEDIALOG@ 10004378     flags.obj
 0001:00003388       ??_C@_0O@EEEDHNPG@DM_SETDLGDATA@ 10004388     flags.obj
 0001:00003398       ??_C@_0O@GKEFJIKB@DM_SETDLGITEM@ 10004398     flags.obj
 0001:000033a8       ??_C@_0M@GOFGHDFK@DM_SETFOCUS@ 100043a8     flags.obj
 0001:000033b4       ??_C@_09ILPFEDOM@DM_REDRAW@ 100043b4     flags.obj
 0001:000033c0       ??_C@_0L@LDOCOEIP@DM_SETTEXT@ 100043c0     flags.obj
 0001:000033cc       ??_C@_0BE@LABEAIPD@DM_SETMAXTEXTLENGTH@ 100043cc     flags.obj
 0001:000033e0       ??_C@_0O@BIFKIPIP@DM_SHOWDIALOG@ 100043e0     flags.obj
 0001:000033f0       ??_C@_0M@JPHKGACH@DM_GETFOCUS@ 100043f0     flags.obj
 0001:000033fc       ??_C@_0BA@NLMONBKJ@DM_GETCURSORPOS@ 100043fc     flags.obj
 0001:0000340c       ??_C@_0BA@KPHABNOF@DM_SETCURSORPOS@ 1000440c     flags.obj
 0001:0000341c       ??_C@_0O@LGEKFPKK@DM_SETTEXTPTR@ 1000441c     flags.obj
 0001:0000342c       ??_C@_0M@NCOJHJKI@DM_SHOWITEM@ 1000442c     flags.obj
 0001:00003438       ??_C@_0O@GKKCFHIM@DM_ADDHISTORY@ 10004438     flags.obj
 0001:00003448       ??_C@_0M@MCEMDFMD@DM_GETCHECK@ 10004448     flags.obj
 0001:00003454       ??_C@_0M@DDGACGLO@DM_SETCHECK@ 10004454     flags.obj
 0001:00003460       ??_C@_0N@MEGOPFGK@DM_SET3STATE@ 10004460     flags.obj
 0001:00003470       ??_C@_0M@GEPBDDNC@DM_LISTSORT@ 10004470     flags.obj
 0001:0000347c       ??_C@_0P@NFJNHAKH@DM_LISTGETITEM@ 1000447c     flags.obj
 0001:0000348c       ??_C@_0BB@EEIMACNO@DM_LISTGETCURPOS@ 1000448c     flags.obj
 0001:000034a0       ??_C@_0BB@GKMJCDEM@DM_LISTSETCURPOS@ 100044a0     flags.obj
 0001:000034b4       ??_C@_0O@NOPCAHGJ@DM_LISTDELETE@ 100044b4     flags.obj
 0001:000034c4       ??_C@_0L@BMEAECNG@DM_LISTADD@ 100044c4     flags.obj
 0001:000034d0       ??_C@_0O@HBHDMHP@DM_LISTADDSTR@ 100044d0     flags.obj
 0001:000034e0       ??_C@_0O@PDFCNPKN@DM_LISTUPDATE@ 100044e0     flags.obj
 0001:000034f0       ??_C@_0O@GAAGMJJL@DM_LISTINSERT@ 100044f0     flags.obj
 0001:00003500       ??_C@_0BC@MIFCLOBD@DM_LISTFINDSTRING@ 10004500     flags.obj
 0001:00003514       ??_C@_0M@EEAEBLKC@DM_LISTINFO@ 10004514     flags.obj
 0001:00003520       ??_C@_0P@PLJLJFPA@DM_LISTGETDATA@ 10004520     flags.obj
 0001:00003530       ??_C@_0P@DGKKKCB@DM_LISTSETDATA@ 10004530     flags.obj
 0001:00003540       ??_C@_0BB@CELMNLLN@DM_LISTSETTITLES@ 10004540     flags.obj
 0001:00003554       ??_C@_0BB@KPJPKCP@DM_LISTGETTITLES@ 10004554     flags.obj
 0001:00003568       ??_C@_0BA@ICDJCFLE@DM_RESIZEDIALOG@ 10004568     flags.obj
 0001:00003578       ??_C@_0BD@CNGGHGJF@DM_SETITEMPOSITION@ 10004578     flags.obj
 0001:0000358c       ??_C@_0BF@JMINBGBA@DM_GETDROPDOWNOPENED@ 1000458c     flags.obj
 0001:000035a4       ??_C@_0BF@LJIGJNAO@DM_SETDROPDOWNOPENED@ 100045a4     flags.obj
 0001:000035bc       ??_C@_0O@NPDKADMJ@DM_SETHISTORY@ 100045bc     flags.obj
 0001:000035cc       ??_C@_0BD@BPHAAEIM@DM_GETITEMPOSITION@ 100045cc     flags.obj
 0001:000035e0       ??_C@_0BC@BENFKLNH@DM_SETINPUTNOTIFY@ 100045e0     flags.obj
 0001:000035f4       ??_C@_0BH@CFMLLNNM@DM_SETMOUSEEVENTNOTIFY@ 100045f4     flags.obj
 0001:0000360c       ??_C@_0BF@IAGIACOD@DM_EDITUNCHANGEDFLAG@ 1000460c     flags.obj
 0001:00003624       ??_C@_0P@OJKNHIPN@DM_GETITEMDATA@ 10004624     flags.obj
 0001:00003634       ??_C@_0P@OGLDKOHO@DM_SETITEMDATA@ 10004634     flags.obj
 0001:00003644       ??_C@_0L@KNFAKFKE@DM_LISTSET@ 10004644     flags.obj
 0001:00003650       ??_C@_0BB@EPMFHAFO@DM_GETCURSORSIZE@ 10004650     flags.obj
 0001:00003664       ??_C@_0BB@DANLMDCJ@DM_SETCURSORSIZE@ 10004664     flags.obj
 0001:00003678       ??_C@_0BD@LAOOKGHD@DM_LISTGETDATASIZE@ 10004678     flags.obj
 0001:0000368c       ??_C@_0BA@BHGANJAP@DM_GETSELECTION@ 1000468c     flags.obj
 0001:0000369c       ??_C@_0BA@GDNOBFED@DM_SETSELECTION@ 1000469c     flags.obj
 0001:000036ac       ??_C@_0BD@FIHDGIGO@DM_GETEDITPOSITION@ 100046ac     flags.obj
 0001:000036c0       ??_C@_0BD@GKGFBKHH@DM_SETEDITPOSITION@ 100046c0     flags.obj
 0001:000036d4       ??_C@_0BE@MCECGHBC@DM_SETCOMBOBOXEVENT@ 100046d4     flags.obj
 0001:000036e8       ??_C@_0BE@KGBLNJKA@DM_GETCOMBOBOXEVENT@ 100046e8     flags.obj
 0001:000036fc       ??_C@_0BD@CJEPBACF@DM_GETCONSTTEXTPTR@ 100046fc     flags.obj
 0001:00003710       ??_C@_0BD@HOOHICEG@DM_GETDLGITEMSHORT@ 10004710     flags.obj
 0001:00003724       ??_C@_0BD@EMPBPAFP@DM_SETDLGITEMSHORT@ 10004724     flags.obj
 0001:00003738       ??_C@_0BB@GAPFMPKE@DM_GETDIALOGINFO@ 10004738     flags.obj
 0001:0000374c       ??_C@_0BC@KJOLMFGG@DM_GETDIALOGTITLE@ 1000474c     flags.obj
 0001:00003760       ??_C@_08COMJOMAC@DN_FIRST@ 10004760     flags.obj
 0001:0000376c       ??_C@_0M@NNNAPNMA@DN_BTNCLICK@ 1000476c     flags.obj
 0001:00003778       ??_C@_0BC@MJFJAANN@DN_CTLCOLORDIALOG@ 10004778     flags.obj
 0001:0000378c       ??_C@_0BD@HFGBIBBL@DN_CTLCOLORDLGITEM@ 1000478c     flags.obj
 0001:000037a0       ??_C@_0BD@JMFJPHPD@DN_CTLCOLORDLGLIST@ 100047a0     flags.obj
 0001:000037b4       ??_C@_0O@NKBDPILK@DN_DRAWDIALOG@ 100047b4     flags.obj
 0001:000037c4       ??_C@_0P@KGKEDPBI@DN_DRAWDLGITEM@ 100047c4     flags.obj
 0001:000037d4       ??_C@_0O@JMKNGFLE@DN_EDITCHANGE@ 100047d4     flags.obj
 0001:000037e4       ??_C@_0N@OCGKCPJF@DN_ENTERIDLE@ 100047e4     flags.obj
 0001:000037f4       ??_C@_0M@JHFIBKOO@DN_GOTFOCUS@ 100047f4     flags.obj
 0001:00003800       ??_C@_07NJJEMKPA@DN_HELP@  10004800     flags.obj
 0001:00003808       ??_C@_09EDGJFAK@DN_HOTKEY@ 10004808     flags.obj
 0001:00003814       ??_C@_0O@BJECHBCA@DN_INITDIALOG@ 10004814     flags.obj
 0001:00003824       ??_C@_0N@CHLLLNBO@DN_KILLFOCUS@ 10004824     flags.obj
 0001:00003834       ??_C@_0O@CLPABIGO@DN_LISTCHANGE@ 10004834     flags.obj
 0001:00003844       ??_C@_0L@MLMFBHN@DN_DRAGGED@ 10004844     flags.obj
 0001:00003850       ??_C@_0BB@BOOOCAEG@DN_RESIZECONSOLE@ 10004850     flags.obj
 0001:00003864       ??_C@_0BC@FHPPFLKG@DN_DRAWDIALOGDONE@ 10004864     flags.obj
 0001:00003878       ??_C@_0O@EONPBNNP@DN_LISTHOTKEY@ 10004878     flags.obj
 0001:00003888       ??_C@_08MDDLDGPO@DN_INPUT@ 10004888     flags.obj
 0001:00003894       ??_C@_0BA@FGOGLDBC@DN_CONTROLINPUT@ 10004894     flags.obj
 0001:000038a4       ??_C@_08EHEOFOJD@DN_CLOSE@ 100048a4     flags.obj
 0001:000038b0       ??_C@_0M@POIFBPFN@DN_GETVALUE@ 100048b0     flags.obj
 0001:000038bc       ??_C@_0BC@MHCBFAAO@DN_DROPDOWNOPENED@ 100048bc     flags.obj
 0001:000038d0       ??_C@_0BD@NGEKAPIF@DN_DRAWDLGITEMDONE@ 100048d0     flags.obj
 0001:000038e4       ??_C@_07DIJJNCBA@DM_USER@  100048e4     flags.obj
 0001:000038ec       ??_C@_0BB@HLBBGMAN@BSTATE_UNCHECKED@ 100048ec     flags.obj
 0001:00003900       ??_C@_0P@FALAMPGP@BSTATE_CHECKED@ 10004900     flags.obj
 0001:00003910       ??_C@_0O@KBIFGGHO@BSTATE_3STATE@ 10004910     flags.obj
 0001:00003920       ??_C@_0O@ILJOJGLD@BSTATE_TOGGLE@ 10004920     flags.obj
 0001:00003930       ??_C@_08PPADCPCM@CBET_KEY@ 10004930     flags.obj
 0001:0000393c       ??_C@_0L@KHCLMGFJ@CBET_MOUSE@ 1000493c     flags.obj
 0001:00003948       ??_C@_0BA@KNHGEBNE@PTYPE_FILEPANEL@ 10004948     flags.obj
 0001:00003958       ??_C@_0BA@LPPHNHIG@PTYPE_TREEPANEL@ 10004958     flags.obj
 0001:00003968       ??_C@_0BB@JBINOKAI@PTYPE_QVIEWPANEL@ 10004968     flags.obj
 0001:0000397c       ??_C@_0BA@NKMDEBG@PTYPE_INFOPANEL@ 1000497c     flags.obj
 0001:0000398c       ??_C@_0L@OPHJOKKE@SM_DEFAULT@ 1000498c     flags.obj
 0001:00003998       ??_C@_0M@JGBFGGEA@SM_UNSORTED@ 10004998     flags.obj
 0001:000039a4       ??_C@_07KIFHAGIL@SM_NAME@  100049a4     flags.obj
 0001:000039ac       ??_C@_0M@OAFEBGNH@SM_FULLNAME@ 100049ac     flags.obj
 0001:000039b8       ??_C@_06GJJJNNFE@SM_EXT@   100049b8     flags.obj
 0001:000039c0       ??_C@_08FICJBKFN@SM_MTIME@ 100049c0     flags.obj
 0001:000039cc       ??_C@_08GCCDHLCN@SM_CTIME@ 100049cc     flags.obj
 0001:000039d8       ??_C@_08CPOLNKCG@SM_ATIME@ 100049d8     flags.obj
 0001:000039e4       ??_C@_07OMPKMIKC@SM_SIZE@  100049e4     flags.obj
 0001:000039ec       ??_C@_08BCBPOLMA@SM_DESCR@ 100049ec     flags.obj
 0001:000039f8       ??_C@_08MEAGCMBB@SM_OWNER@ 100049f8     flags.obj
 0001:00003a04       ??_C@_0BC@NKDBNAHD@SM_COMPRESSEDSIZE@ 10004a04     flags.obj
 0001:00003a18       ??_C@_0M@PKNLKFI@SM_NUMLINKS@ 10004a18     flags.obj
 0001:00003a24       ??_C@_0O@CCKEKPHL@SM_NUMSTREAMS@ 10004a24     flags.obj
 0001:00003a34       ??_C@_0P@PKGMDPMD@SM_STREAMSSIZE@ 10004a34     flags.obj
 0001:00003a44       ??_C@_0M@KALDNPOO@SM_NAMEONLY@ 10004a44     flags.obj
 0001:00003a50       ??_C@_09KFKGJDHC@SM_CHTIME@ 10004a50     flags.obj
 0001:00003a5c       ??_C@_08DOEDKINA@SM_COUNT@ 10004a5c     flags.obj
 0001:00003a68       ??_C@_07EOOHOKCC@SM_USER@  10004a68     flags.obj
 0001:00003a70       ??_C@_0P@FEMAMJLE@EEC_OPEN_ERROR@ 10004a70     flags.obj
 0001:00003a80       ??_C@_0N@GLMELIKF@EEC_MODIFIED@ 10004a80     flags.obj
 0001:00003a90       ??_C@_0BB@HALKEFOL@EEC_NOT_MODIFIED@ 10004a90     flags.obj
 0001:00003aa4       ??_C@_0BI@CNPFKHKO@EEC_LOADING_INTERRUPTED@ 10004aa4     flags.obj
 0001:00003abc       ??_C@_0BK@PHBCABMB@ACTL_GETFARMANAGERVERSION@ 10004abc     flags.obj
 0001:00003ad8       ??_C@_0N@DPABJDML@ACTL_WAITKEY@ 10004ad8     flags.obj
 0001:00003ae8       ??_C@_0O@CEHHJAFD@ACTL_GETCOLOR@ 10004ae8     flags.obj
 0001:00003af8       ??_C@_0BD@OKPAACIK@ACTL_GETARRAYCOLOR@ 10004af8     flags.obj
 0001:00003b0c       ??_C@_0BD@DIFEEKNN@ACTL_GETWINDOWINFO@ 10004b0c     flags.obj
 0001:00003b20       ??_C@_0BE@PJBIPKOD@ACTL_GETWINDOWCOUNT@ 10004b20     flags.obj
 0001:00003b34       ??_C@_0BG@MNKPOEEN@ACTL_SETCURRENTWINDOW@ 10004b34     flags.obj
 0001:00003b4c       ??_C@_0M@IHHFGPPA@ACTL_COMMIT@ 10004b4c     flags.obj
 0001:00003b58       ??_C@_0BA@CLHFKJJP@ACTL_GETFARHWND@ 10004b58     flags.obj
 0001:00003b68       ??_C@_0BD@JFOOLBPN@ACTL_SETARRAYCOLOR@ 10004b68     flags.obj
 0001:00003b7c       ??_C@_0P@JECKFIA@ACTL_REDRAWALL@ 10004b7c     flags.obj
 0001:00003b8c       ??_C@_0N@DHPLJLHO@ACTL_SYNCHRO@ 10004b8c     flags.obj
 0001:00003b9c       ??_C@_0BG@IJPADENB@ACTL_SETPROGRESSSTATE@ 10004b9c     flags.obj
 0001:00003bb4       ??_C@_0BG@ICJFAPHK@ACTL_SETPROGRESSVALUE@ 10004bb4     flags.obj
 0001:00003bcc       ??_C@_09HNDBKLDC@ACTL_QUIT@ 10004bcc     flags.obj
 0001:00003bd8       ??_C@_0BA@LJCPDIKK@ACTL_GETFARRECT@ 10004bd8     flags.obj
 0001:00003be8       ??_C@_0BC@FELBEIDG@ACTL_GETCURSORPOS@ 10004be8     flags.obj
 0001:00003bfc       ??_C@_0BC@CAAPIEHK@ACTL_SETCURSORPOS@ 10004bfc     flags.obj
 0001:00003c10       ??_C@_0BE@NPJGMDBM@ACTL_PROGRESSNOTIFY@ 10004c10     flags.obj
 0001:00003c24       ??_C@_0BD@IPKOEBIA@ACTL_GETWINDOWTYPE@ 10004c24     flags.obj
 0001:00003c38       ??_C@_09CEDFMINA@MSSC_POST@ 10004c38     flags.obj
 0001:00003c44       ??_C@_0L@MOADGAEB@MSSC_CHECK@ 10004c44     flags.obj
 0001:00003c50       ??_C@_0BA@MMOAIEKP@MACROAREA_OTHER@ 10004c50     flags.obj
 0001:00003c60       ??_C@_0BA@DEBOOAEB@MACROAREA_SHELL@ 10004c60     flags.obj
 0001:00003c70       ??_C@_0BB@JIMPEHCD@MACROAREA_VIEWER@ 10004c70     flags.obj
 0001:00003c84       ??_C@_0BB@KILFBFJH@MACROAREA_EDITOR@ 10004c84     flags.obj
 0001:00003c98       ??_C@_0BB@CADENPFI@MACROAREA_DIALOG@ 10004c98     flags.obj
 0001:00003cac       ??_C@_0BB@MLMLHIGE@MACROAREA_SEARCH@ 10004cac     flags.obj
 0001:00003cc0       ??_C@_0BA@KKMKOLIK@MACROAREA_DISKS@ 10004cc0     flags.obj
 0001:00003cd0       ??_C@_0BD@IGOOIJP@MACROAREA_MAINMENU@ 10004cd0     flags.obj
 0001:00003ce4       ??_C@_0P@LFLMAHBF@MACROAREA_MENU@ 10004ce4     flags.obj
 0001:00003cf4       ??_C@_0P@DKPKIEO@MACROAREA_HELP@ 10004cf4     flags.obj
 0001:00003d04       ??_C@_0BE@MDJPICHC@MACROAREA_INFOPANEL@ 10004d04     flags.obj
 0001:00003d18       ??_C@_0BF@NLJMHMPP@MACROAREA_QVIEWPANEL@ 10004d18     flags.obj
 0001:00003d30       ??_C@_0BE@HBMEGBOC@MACROAREA_TREEPANEL@ 10004d30     flags.obj
 0001:00003d44       ??_C@_0BF@FCHKCGLL@MACROAREA_FINDFOLDER@ 10004d44     flags.obj
 0001:00003d5c       ??_C@_0BD@JCFMJGDE@MACROAREA_USERMENU@ 10004d5c     flags.obj
 0001:00003d70       ??_C@_0BO@OMLEPJPM@MACROAREA_SHELLAUTOCOMPLETION@ 10004d70     flags.obj
 0001:00003d90       ??_C@_0BP@OIHAIGBK@MACROAREA_DIALOGAUTOCOMPLETION@ 10004d90     flags.obj
 0001:00003db0       ??_C@_0BC@EIJFKPMK@MACROAREA_GRABBER@ 10004db0     flags.obj
 0001:00003dc4       ??_C@_0BC@GNLOCEJP@MACROAREA_DESKTOP@ 10004dc4     flags.obj
 0001:00003dd8       ??_C@_0BB@JPEEDDOG@MACROAREA_COMMON@ 10004dd8     flags.obj
 0001:00003dec       ??_C@_0BD@DIKEKAIJ@MACROSTATE_NOMACRO@ 10004dec     flags.obj
 0001:00003e00       ??_C@_0BF@PCDEFEGP@MACROSTATE_EXECUTING@ 10004e00     flags.obj
 0001:00003e18       ??_C@_0BM@EJOFDENO@MACROSTATE_EXECUTING_COMMON@ 10004e18     flags.obj
 0001:00003e34       ??_C@_0BF@BGODKPBB@MACROSTATE_RECORDING@ 10004e34     flags.obj
 0001:00003e4c       ??_C@_0BM@OICPADFE@MACROSTATE_RECORDING_COMMON@ 10004e4c     flags.obj
 0001:00003e68       ??_C@_0N@CGFFMLBC@MPEC_SUCCESS@ 10004e68     flags.obj
 0001:00003e78       ??_C@_0L@FJDDLDNN@MPEC_ERROR@ 10004e78     flags.obj
 0001:00003e84       ??_C@_0N@IBOAADDD@FMVT_UNKNOWN@ 10004e84     flags.obj
 0001:00003e94       ??_C@_0N@BDMFKEKE@FMVT_INTEGER@ 10004e94     flags.obj
 0001:00003ea4       ??_C@_0M@LFMLDDKI@FMVT_STRING@ 10004ea4     flags.obj
 0001:00003eb0       ??_C@_0M@CKDAIOEN@FMVT_DOUBLE@ 10004eb0     flags.obj
 0001:00003ebc       ??_C@_0N@MHKOBOGF@FMVT_BOOLEAN@ 10004ebc     flags.obj
 0001:00003ecc       ??_C@_0M@GKPDICDA@FMVT_BINARY@ 10004ecc     flags.obj
 0001:00003ed8       ??_C@_0N@FMHCFNDF@FMVT_POINTER@ 10004ed8     flags.obj
 0001:00003ee8       ??_C@_08DDPDBBNO@FMVT_NIL@ 10004ee8     flags.obj
 0001:00003ef4       ??_C@_0L@DJIKMOJA@FMVT_ARRAY@ 10004ef4     flags.obj
 0001:00003f00       ??_C@_0L@PMDDFEBD@FMVT_PANEL@ 10004f00     flags.obj
 0001:00003f0c       ??_C@_0L@ELHBHIEH@FMVT_ERROR@ 10004f0c     flags.obj
 0001:00003f18       ??_C@_0O@OGHFLIKM@WTYPE_UNKNOWN@ 10004f18     flags.obj
 0001:00003f28       ??_C@_0O@DCGKMPOM@WTYPE_DESKTOP@ 10004f28     flags.obj
 0001:00003f38       ??_C@_0N@FNCFCPIG@WTYPE_PANELS@ 10004f38     flags.obj
 0001:00003f48       ??_C@_0N@EJKMDMBK@WTYPE_VIEWER@ 10004f48     flags.obj
 0001:00003f58       ??_C@_0N@HJNGGOKO@WTYPE_EDITOR@ 10004f58     flags.obj
 0001:00003f68       ??_C@_0N@PBFHKEGB@WTYPE_DIALOG@ 10004f68     flags.obj
 0001:00003f78       ??_C@_0M@OMKLELFA@WTYPE_VMENU@ 10004f78     flags.obj
 0001:00003f84       ??_C@_0L@BCEMNGOG@WTYPE_HELP@ 10004f84     flags.obj
 0001:00003f90       ??_C@_0P@MMIDEOJJ@WTYPE_COMBOBOX@ 10004f90     flags.obj
 0001:00003fa0       ??_C@_0O@BHEBEELJ@WTYPE_GRABBER@ 10004fa0     flags.obj
 0001:00003fb0       ??_C@_0M@NFHHCILL@WTYPE_HMENU@ 10004fb0     flags.obj
 0001:00003fbc       ??_C@_0BA@IPEAOBGN@TBPS_NOPROGRESS@ 10004fbc     flags.obj
 0001:00003fcc       ??_C@_0BD@HMEHMDAL@TBPS_INDETERMINATE@ 10004fcc     flags.obj
 0001:00003fe0       ??_C@_0M@KHLNKPHE@TBPS_NORMAL@ 10004fe0     flags.obj
 0001:00003fec       ??_C@_0L@DFDPCOFD@TBPS_ERROR@ 10004fec     flags.obj
 0001:00003ff8       ??_C@_0M@GHGAPHPP@TBPS_PAUSED@ 10004ff8     flags.obj
 0001:00004004       ??_C@_0O@MCNCFBLF@VSMT_VIEWMODE@ 10005004     flags.obj
 0001:00004014       ??_C@_09FLKONCNO@VSMT_WRAP@ 10005014     flags.obj
 0001:00004020       ??_C@_0O@INKALKJK@VSMT_WORDWRAP@ 10005020     flags.obj
 0001:00004030       ??_C@_08FNEFFFEL@VMT_TEXT@ 10005030     flags.obj
 0001:0000403c       ??_C@_07FLIHDEDA@VMT_HEX@  1000503c     flags.obj
 0001:00004044       ??_C@_08BDDNDBMJ@VMT_DUMP@ 10005044     flags.obj
 0001:00004050       ??_C@_07OJCLGDHJ@VE_READ@  10005050     flags.obj
 0001:00004058       ??_C@_08JIBCCIDC@VE_CLOSE@ 10005058     flags.obj
 0001:00004064       ??_C@_0M@FEFKOOMJ@VE_GOTFOCUS@ 10005064     flags.obj
 0001:00004070       ??_C@_0N@ICHCAKIB@VE_KILLFOCUS@ 10005070     flags.obj
 0001:00004080       ??_C@_07BLBPFFLB@EE_READ@  10005080     flags.obj
 0001:00004088       ??_C@_07KJGPGPOC@EE_SAVE@  10005088     flags.obj
 0001:00004090       ??_C@_09NPOPIKMK@EE_REDRAW@ 10005090     flags.obj
 0001:0000409c       ??_C@_08NFPFGIG@EE_CLOSE@  1000509c     flags.obj
 0001:000040a8       ??_C@_0M@CPNMNBMF@EE_GOTFOCUS@ 100050a8     flags.obj
 0001:000040b4       ??_C@_0N@ILLPMAJF@EE_KILLFOCUS@ 100050b4     flags.obj
 0001:000040c4       ??_C@_09MIOGFFI@EE_CHANGE@ 100050c4     flags.obj
 0001:000040d0       ??_C@_0P@MBHAHBBG@DE_DLGPROCINIT@ 100050d0     flags.obj
 0001:000040e0       ??_C@_0BC@BMFEJAMO@DE_DEFDLGPROCINIT@ 100050e0     flags.obj
 0001:000040f4       ??_C@_0O@ICBCOJCG@DE_DLGPROCEND@ 100050f4     flags.obj
 0001:00004104       ??_C@_0BB@MNODJNPE@SE_COMMONSYNCHRO@ 10005104     flags.obj
 0001:00004118       ??_C@_0N@HKGMPMJE@ESPT_TABSIZE@ 10005118     flags.obj
 0001:00004128       ??_C@_0BA@GOKHPFCK@ESPT_EXPANDTABS@ 10005128     flags.obj
 0001:00004138       ??_C@_0BA@KOADDMLI@ESPT_AUTOINDENT@ 10005138     flags.obj
 0001:00004148       ??_C@_0BF@LPNONOMF@ESPT_CURSORBEYONDEOL@ 10005148     flags.obj
 0001:00004160       ??_C@_0BC@OECOCGLJ@ESPT_CHARCODEBASE@ 10005160     flags.obj
 0001:00004174       ??_C@_0O@PIAOJINE@ESPT_CODEPAGE@ 10005174     flags.obj
 0001:00004184       ??_C@_0BG@HAPABMJH@ESPT_SAVEFILEPOSITION@ 10005184     flags.obj
 0001:0000419c       ??_C@_0O@KCPDJCKC@ESPT_LOCKMODE@ 1000519c     flags.obj
 0001:000041ac       ??_C@_0BA@EIGIAOHM@ESPT_SETWORDDIV@ 100051ac     flags.obj
 0001:000041bc       ??_C@_0BA@FGEHLJDF@ESPT_GETWORDDIV@ 100051bc     flags.obj
 0001:000041cc       ??_C@_0BE@MACJBCFP@ESPT_SHOWWHITESPACE@ 100051cc     flags.obj
 0001:000041e0       ??_C@_0M@FICNFPPA@ESPT_SETBOM@ 100051e0     flags.obj
 0001:000041ec       ??_C@_09FLEMPKKP@EUR_BEGIN@ 100051ec     flags.obj
 0001:000041f8       ??_C@_07DDJDFJCN@EUR_END@  100051f8     flags.obj
 0001:00004200       ??_C@_08FCONALGE@EUR_UNDO@ 10005200     flags.obj
 0001:0000420c       ??_C@_08DHMMFAHF@EUR_REDO@ 1000520c     flags.obj
 0001:00004218       ??_C@_0O@PKOIFEBO@EXPAND_NOTABS@ 10005218     flags.obj
 0001:00004228       ??_C@_0P@MLHPCNDM@EXPAND_ALLTABS@ 10005228     flags.obj
 0001:00004238       ??_C@_0P@OONGIIBL@EXPAND_NEWTABS@ 10005238     flags.obj
 0001:00004248       ??_C@_0BD@DKHPEOHH@EOPT_EXPANDALLTABS@ 10005248     flags.obj
 0001:0000425c       ??_C@_0BG@BOINMDEK@EOPT_PERSISTENTBLOCKS@ 1000525c     flags.obj
 0001:00004274       ??_C@_0BG@PIIHHCAN@EOPT_DELREMOVESBLOCKS@ 10005274     flags.obj
 0001:0000428c       ??_C@_0BA@KPJEAKBD@EOPT_AUTOINDENT@ 1000528c     flags.obj
 0001:0000429c       ??_C@_0BG@MBPADLG@EOPT_SAVEFILEPOSITION@ 1000529c     flags.obj
 0001:000042b4       ??_C@_0BI@PFHCGCAI@EOPT_AUTODETECTCODEPAGE@ 100052b4     flags.obj
 0001:000042cc       ??_C@_0BF@IMCOEIAL@EOPT_CURSORBEYONDEOL@ 100052cc     flags.obj
 0001:000042e4       ??_C@_0BH@CJPAGGLC@EOPT_EXPANDONLYNEWTABS@ 100052e4     flags.obj
 0001:000042fc       ??_C@_0BE@DDKCDJDC@EOPT_SHOWWHITESPACE@ 100052fc     flags.obj
 0001:00004310       ??_C@_08HMMLONBH@EOPT_BOM@ 10005310     flags.obj
 0001:0000431c       ??_C@_0BD@CLLAKGOA@EOPT_SHOWLINEBREAK@ 1000531c     flags.obj
 0001:00004330       ??_C@_0BC@JCJEPKEC@EOPT_SHOWTITLEBAR@ 10005330     flags.obj
 0001:00004344       ??_C@_0BA@KPGMOBKI@EOPT_SHOWKEYBAR@ 10005344     flags.obj
 0001:00004354       ??_C@_0BD@EFCFEAD@EOPT_SHOWSCROLLBAR@ 10005354     flags.obj
 0001:00004368       ??_C@_0L@BJCBJJNB@BTYPE_NONE@ 10005368     flags.obj
 0001:00004374       ??_C@_0N@OPHHGFPF@BTYPE_STREAM@ 10005374     flags.obj
 0001:00004384       ??_C@_0N@EMEGNPLI@BTYPE_COLUMN@ 10005384     flags.obj
 0001:00004394       ??_C@_0BB@BNPDAPGB@ECSTATE_MODIFIED@ 10005394     flags.obj
 0001:000043a8       ??_C@_0O@GBBGHDFM@ECSTATE_SAVED@ 100053a8     flags.obj
 0001:000043b8       ??_C@_0P@BECIAJAM@ECSTATE_LOCKED@ 100053b8     flags.obj
 0001:000043c8       ??_C@_0P@DOBJCNIG@ECTYPE_CHANGED@ 100053c8     flags.obj
 0001:000043d8       ??_C@_0N@MDEFMEEA@ECTYPE_ADDED@ 100053d8     flags.obj
 0001:000043e8       ??_C@_0P@NMOJJPOB@ECTYPE_DELETED@ 100053e8     flags.obj
 0001:000043f8       ??_C@_08HHHKLJPB@PLT_PATH@ 100053f8     flags.obj
 0001:00004404       ??_C@_08KBAMIIFB@PFM_GUID@ 10005404     flags.obj
 0001:00004410       ??_C@_0P@KKEMMPNI@PFM_MODULENAME@ 10005410     flags.obj
 0001:00004420       ??_C@_09BOODOHKD@FFT_PANEL@ 10005420     flags.obj
 0001:0000442c       ??_C@_0N@GMEDAGNH@FFT_FINDFILE@ 1000542c     flags.obj
 0001:0000443c       ??_C@_08KKCPIPGP@FFT_COPY@ 1000543c     flags.obj
 0001:00004448       ??_C@_0L@EKPDMFDD@FFT_SELECT@ 10005448     flags.obj
 0001:00004454       ??_C@_0L@LGPEDLLD@FFT_CUSTOM@ 10005454     flags.obj
 0001:00004460       ??_C@_0M@OIOMMFOE@FST_UNKNOWN@ 10005460     flags.obj
 0001:0000446c       ??_C@_0L@GGGOEGKJ@FST_SUBKEY@ 1000546c     flags.obj
 0001:00004478       ??_C@_09LFEEAJIC@FST_QWORD@ 10005478     flags.obj
 0001:00004484       ??_C@_0L@LPMPBKDL@FST_STRING@ 10005484     flags.obj
 0001:00004490       ??_C@_08EJJJCLIG@FST_DATA@ 10005490     flags.obj
 0001:0000449c       ??_C@_09OBBBBFPE@FSSF_ROOT@ 1000549c     flags.obj
 0001:000044a8       ??_C@_0BB@HDKCPBIO@FSSF_HISTORY_CMD@ 100054a8     flags.obj
 0001:000044bc       ??_C@_0BE@BLPOFODL@FSSF_HISTORY_FOLDER@ 100054bc     flags.obj
 0001:000044d0       ??_C@_0BC@NJCJCCNH@FSSF_HISTORY_VIEW@ 100054d0     flags.obj
 0001:000044e4       ??_C@_0BC@CODELNPP@FSSF_HISTORY_EDIT@ 100054e4     flags.obj
 0001:000044f8       ??_C@_0BG@IFGEMJIF@FSSF_HISTORY_EXTERNAL@ 100054f8     flags.obj
 0001:00004510       ??_C@_0BG@DGAKDKFK@FSSF_FOLDERSHORTCUT_0@ 10005510     flags.obj
 0001:00004528       ??_C@_0BG@CPBBALBL@FSSF_FOLDERSHORTCUT_1@ 10005528     flags.obj
 0001:00004540       ??_C@_0BG@EDMFINI@FSSF_FOLDERSHORTCUT_2@ 10005540     flags.obj
 0001:00004558       ??_C@_0BG@BNCHGJJJ@FSSF_FOLDERSHORTCUT_3@ 10005558     flags.obj
 0001:00004570       ??_C@_0BG@FCGGPPFO@FSSF_FOLDERSHORTCUT_4@ 10005570     flags.obj
 0001:00004588       ??_C@_0BG@ELHNMOBP@FSSF_FOLDERSHORTCUT_5@ 10005588     flags.obj
 0001:000045a0       ??_C@_0BG@GAFAJNNM@FSSF_FOLDERSHORTCUT_6@ 100055a0     flags.obj
 0001:000045b8       ??_C@_0BG@HJELKMJN@FSSF_FOLDERSHORTCUT_7@ 100055b8     flags.obj
 0001:000045d0       ??_C@_0BG@PONDLAFC@FSSF_FOLDERSHORTCUT_8@ 100055d0     flags.obj
 0001:000045e8       ??_C@_0BG@OHMIIBBD@FSSF_FOLDERSHORTCUT_9@ 100055e8     flags.obj
 0001:00004600       ??_C@_0BD@PBIEGEHP@FSSF_CONFIRMATIONS@ 10005600     flags.obj
 0001:00004614       ??_C@_0M@PIGDMPJB@FSSF_SYSTEM@ 10005614     flags.obj
 0001:00004620       ??_C@_0L@LBFNJGFB@FSSF_PANEL@ 10005620     flags.obj
 0001:0000462c       ??_C@_0M@KJLIHDEL@FSSF_EDITOR@ 1000562c     flags.obj
 0001:00004638       ??_C@_0M@KEMGKEOF@FSSF_SCREEN@ 10005638     flags.obj
 0001:00004644       ??_C@_0M@CBDJLJIE@FSSF_DIALOG@ 10005644     flags.obj
 0001:00004650       ??_C@_0P@OCDADNBF@FSSF_INTERFACE@ 10005650     flags.obj
 0001:00004660       ??_C@_0BB@GBBEBNKE@FSSF_PANELLAYOUT@ 10005660     flags.obj
 0001:00004674       ??_C@_0M@JCGHGLJF@PSL_ROAMING@ 10005674     flags.obj
 0001:00004680       ??_C@_09EDBNDHCM@PSL_LOCAL@ 10005680     flags.obj
 0001:0000468c       ??_C@_07BPEFOPGM@FCT_ANY@  1000568c     flags.obj
 0001:00004694       ??_C@_0L@CDAEILNM@FCT_STREAM@ 10005694     flags.obj
 0001:000046a0       ??_C@_0L@IADFDBJB@FCT_COLUMN@ 100056a0     flags.obj
 0001:000046ac       ??_C@_0O@KJFMBLFE@LINK_HARDLINK@ 100056ac     flags.obj
 0001:000046bc       ??_C@_0O@OOAFIIDA@LINK_JUNCTION@ 100056bc     flags.obj
 0001:000046cc       ??_C@_0O@FIAPLKLH@LINK_VOLMOUNT@ 100056cc     flags.obj
 0001:000046dc       ??_C@_0BB@JDBEPJDK@LINK_SYMLINKFILE@ 100056dc     flags.obj
 0001:000046f0       ??_C@_0BA@GFPIOFMG@LINK_SYMLINKDIR@ 100056f0     flags.obj
 0001:00004700       ??_C@_0N@PJENIJFN@LINK_SYMLINK@ 10005700     flags.obj
 0001:00004710       ??_C@_08HNOHKPBK@CPM_FULL@ 10005710     flags.obj
 0001:0000471c       ??_C@_08LAEGFKJE@CPM_REAL@ 1000571c     flags.obj
 0001:00004728       ??_C@_0L@NPJNPCJM@CPM_NATIVE@ 10005728     flags.obj
 0001:00004734       ??_C@_0L@NCFOENCC@VS_RELEASE@ 10005734     flags.obj
 0001:00004740       ??_C@_08BDGLHPMJ@VS_ALPHA@ 10005740     flags.obj
 0001:0000474c       ??_C@_07OKFPMINB@VS_BETA@  1000574c     flags.obj
 0001:00004754       ??_C@_05MMFLPJEB@VS_RC@    10005754     flags.obj
 0001:0000475c       ??_C@_0L@IIIJLOAF@VS_SPECIAL@ 1000575c     flags.obj
 0001:00004768       ??_C@_0L@EAMAICHL@VS_PRIVATE@ 10005768     flags.obj
 0001:00004774       ??_C@_0BC@OOKLINPG@OPEN_LEFTDISKMENU@ 10005774     flags.obj
 0001:00004788       ??_C@_0BB@CEFDHHLF@OPEN_PLUGINSMENU@ 10005788     flags.obj
 0001:0000479c       ??_C@_0O@IEJHJCNB@OPEN_FINDLIST@ 1000579c     flags.obj
 0001:000047ac       ??_C@_0O@OGDCDPNG@OPEN_SHORTCUT@ 100057ac     flags.obj
 0001:000047bc       ??_C@_0BB@JHCCMIPF@OPEN_COMMANDLINE@ 100057bc     flags.obj
 0001:000047d0       ??_C@_0M@DMJLHMGM@OPEN_EDITOR@ 100057d0     flags.obj
 0001:000047dc       ??_C@_0M@MOBCONI@OPEN_VIEWER@ 100057dc     flags.obj
 0001:000047e8       ??_C@_0P@LCDNLGDE@OPEN_FILEPANEL@ 100057e8     flags.obj
 0001:000047f8       ??_C@_0M@LEBKLGKD@OPEN_DIALOG@ 100057f8     flags.obj
 0001:00004804       ??_C@_0N@CBHPGAKB@OPEN_ANALYSE@ 10005804     flags.obj
 0001:00004814       ??_C@_0BD@NFNGGFHI@OPEN_RIGHTDISKMENU@ 10005814     flags.obj
 0001:00004828       ??_C@_0P@FOKOAMLC@OPEN_FROMMACRO@ 10005828     flags.obj
 0001:00004838       ??_C@_0O@NEDDJIHC@OPEN_LUAMACRO@ 10005838     flags.obj
 0001:00004848       ??_C@_0P@GBMLNMMI@MCT_MACROPARSE@ 10005848     flags.obj
 0001:00004858       ??_C@_0P@GNPFPCF@MCT_LOADMACROS@ 10005858     flags.obj
 0001:00004868       ??_C@_0P@HMDDACMI@MCT_ENUMMACROS@ 10005868     flags.obj
 0001:00004878       ??_C@_0BA@MOCJHMJK@MCT_WRITEMACROS@ 10005878     flags.obj
 0001:00004888       ??_C@_0N@IGJGAHKE@MCT_GETMACRO@ 10005888     flags.obj
 0001:00004898       ??_C@_0BC@NFGGBILF@MCT_RECORDEDMACRO@ 10005898     flags.obj
 0001:000048ac       ??_C@_0N@OLCKOJMI@MCT_DELMACRO@ 100058ac     flags.obj
 0001:000048bc       ??_C@_0BC@NALHIHJ@MCT_RUNSTARTMACRO@ 100058bc     flags.obj
 0001:000048d0       ??_C@_0P@HOMHAEFB@MCT_EXECSTRING@ 100058d0     flags.obj
 0001:000048e0       ??_C@_0O@CDBDPKIC@MCT_PANELSORT@ 100058e0     flags.obj
 0001:000048f0       ??_C@_0BH@PKKJIOHM@MCT_GETCUSTOMSORTMODES@ 100058f0     flags.obj
 0001:00004908       ??_C@_0N@FOPIOCHO@MCT_ADDMACRO@ 10005908     flags.obj
 0001:00004918       ??_C@_0N@BHFJFHA@MCT_KEYMACRO@ 10005918     flags.obj
 0001:00004928       ??_C@_0BB@LPDAOGB@MCT_CANPANELSORT@ 10005928     flags.obj
 0001:0000493c       ??_C@_0BC@IOECJI@MPRT_NORMALFINISH@ 1000593c     flags.obj
 0001:00004950       ??_C@_0BB@PMCBIGCA@MPRT_ERRORFINISH@ 10005950     flags.obj
 0001:00004964       ??_C@_0BA@BCBAEEOI@MPRT_ERRORPARSE@ 10005964     flags.obj
 0001:00004974       ??_C@_09EJDAADCN@MPRT_KEYS@ 10005974     flags.obj
 0001:00004980       ??_C@_0L@GEHHCKFA@MPRT_PRINT@ 10005980     flags.obj
 0001:0000498c       ??_C@_0BA@OBIDLEIM@MPRT_PLUGINCALL@ 1000598c     flags.obj
 0001:0000499c       ??_C@_0BA@EJFFOAMM@MPRT_PLUGINMENU@ 1000599c     flags.obj
 0001:000049ac       ??_C@_0BC@LEDOPMKI@MPRT_PLUGINCONFIG@ 100059ac     flags.obj
 0001:000049c0       ??_C@_0BD@HHINMPPI@MPRT_PLUGINCOMMAND@ 100059c0     flags.obj
 0001:000049d4       ??_C@_0O@IEMNLPAB@MPRT_USERMENU@ 100059d4     flags.obj
 0001:000049e4       ??_C@_0BA@GEAFHJNF@MPRT_HASNOMACRO@ 100059e4     flags.obj
 0001:000049f4       ??_C@_0BC@PNCKAHJO@FE_CHANGEVIEWMODE@ 100059f4     flags.obj
 0001:00004a08       ??_C@_09DENIDBMJ@FE_REDRAW@ 10005a08     flags.obj
 0001:00004a14       ??_C@_07CLNPDBLG@FE_IDLE@  10005a14     flags.obj
 0001:00004a1c       ??_C@_08DENCGKED@FE_CLOSE@ 10005a1c     flags.obj
 0001:00004a28       ??_C@_08MOMCCKPB@FE_BREAK@ 10005a28     flags.obj
 0001:00004a34       ??_C@_0L@LELAIPLL@FE_COMMAND@ 10005a34     flags.obj
 0001:00004a40       ??_C@_0M@FIECADDF@FE_GOTFOCUS@ 10005a40     flags.obj
 0001:00004a4c       ??_C@_0N@DGHFKMFL@FE_KILLFOCUS@ 10005a4c     flags.obj
 0001:00004a5c       ??_C@_0BE@PONEECEM@FE_CHANGESORTPARAMS@ 10005a5c     flags.obj
 0001:00004a70       ??_C@_0M@HNDHDHHO@FCF_FG_4BIT@ 10005a70     flags.obj
 0001:00004a7c       ??_C@_0M@PJHNDJIE@FCF_BG_4BIT@ 10005a7c     flags.obj
 0001:00004a88       ??_C@_0N@HMKJBHOA@FCF_4BITMASK@ 10005a88     flags.obj
 0001:00004a98       ??_C@_0BB@CKGAEFBD@FCF_IGNORE_STYLE@ 10005a98     flags.obj
 0001:00004aac       ??_C@_0BB@PJFLJJLD@FCF_RAWATTR_MASK@ 10005aac     flags.obj
 0001:00004ac0       ??_C@_0M@LFMGCKHG@FCF_FG_BOLD@ 10005ac0     flags.obj
 0001:00004acc       ??_C@_0O@FAPDECBF@FCF_FG_ITALIC@ 10005acc     flags.obj
 0001:00004adc       ??_C@_0BB@NPEFGEGA@FCF_FG_UNDERLINE@ 10005adc     flags.obj
 0001:00004af0       ??_C@_0BC@KABNHAEN@FCF_FG_UNDERLINE2@ 10005af0     flags.obj
 0001:00004b04       ??_C@_0BA@DJMNLMK@FCF_FG_OVERLINE@ 10005b04     flags.obj
 0001:00004b14       ??_C@_0BB@NJMJIPGP@FCF_FG_STRIKEOUT@ 10005b14     flags.obj
 0001:00004b28       ??_C@_0N@HJOMADOA@FCF_FG_FAINT@ 10005b28     flags.obj
 0001:00004b38       ??_C@_0N@NHLHILNJ@FCF_FG_BLINK@ 10005b38     flags.obj
 0001:00004b48       ??_C@_0O@LGBGBIGB@FCF_STYLEMASK@ 10005b48     flags.obj
 0001:00004b58       ??_C@_08BKNBBLHK@FCF_NONE@ 10005b58     flags.obj
 0001:00004b64       ??_C@_08FKIDFHCM@CDF_NONE@ 10005b64     flags.obj
 0001:00004b70       ??_C@_0N@ELMEMNDH@FMSG_WARNING@ 10005b70     flags.obj
 0001:00004b80       ??_C@_0P@HHIGLJAP@FMSG_ERRORTYPE@ 10005b80     flags.obj
 0001:00004b90       ??_C@_0BE@FHOOILPH@FMSG_KEEPBACKGROUND@ 10005b90     flags.obj
 0001:00004ba4       ??_C@_0P@KBEMNNEP@FMSG_LEFTALIGN@ 10005ba4     flags.obj
 0001:00004bb4       ??_C@_0O@FOIOKDHJ@FMSG_ALLINONE@ 10005bb4     flags.obj
 0001:00004bc4       ??_C@_0L@BGALGPOK@FMSG_MB_OK@ 10005bc4     flags.obj
 0001:00004bd0       ??_C@_0BB@JGAPGIEP@FMSG_MB_OKCANCEL@ 10005bd0     flags.obj
 0001:00004be4       ??_C@_0BJ@BKJADAHA@FMSG_MB_ABORTRETRYIGNORE@ 10005be4     flags.obj
 0001:00004c00       ??_C@_0O@GPCAPHCL@FMSG_MB_YESNO@ 10005c00     flags.obj
 0001:00004c10       ??_C@_0BE@IBNOLCGP@FMSG_MB_YESNOCANCEL@ 10005c10     flags.obj
 0001:00004c24       ??_C@_0BE@OCLAIENB@FMSG_MB_RETRYCANCEL@ 10005c24     flags.obj
 0001:00004c38       ??_C@_09NEGPLEAH@FMSG_NONE@ 10005c38     flags.obj
 0001:00004c44       ??_C@_0N@DHJCDIKM@DIF_BOXCOLOR@ 10005c44     flags.obj
 0001:00004c54       ??_C@_09IAEPIICA@DIF_GROUP@ 10005c54     flags.obj
 0001:00004c60       ??_C@_0N@GCKJNBCM@DIF_LEFTTEXT@ 10005c60     flags.obj
 0001:00004c70       ??_C@_0P@BGPBEDHH@DIF_MOVESELECT@ 10005c70     flags.obj
 0001:00004c80       ??_C@_0BC@PDKFKKEI@DIF_SHOWAMPERSAND@ 10005c80     flags.obj
 0001:00004c94       ??_C@_0BA@BLCOKAAO@DIF_CENTERGROUP@ 10005c94     flags.obj
 0001:00004ca4       ??_C@_0P@MKFBJPOB@DIF_NOBRACKETS@ 10005ca4     flags.obj
 0001:00004cb4       ??_C@_0BF@JBCDBJCL@DIF_MANUALADDHISTORY@ 10005cb4     flags.obj
 0001:00004ccc       ??_C@_0O@JKNMBNLA@DIF_SEPARATOR@ 10005ccc     flags.obj
 0001:00004cdc       ??_C@_0P@CGILDLOA@DIF_SEPARATOR2@ 10005cdc     flags.obj
 0001:00004cec       ??_C@_0L@NBPFNGLB@DIF_EDITOR@ 10005cec     flags.obj
 0001:00004cf8       ??_C@_0BE@PFICAGJF@DIF_LISTNOAMPERSAND@ 10005cf8     flags.obj
 0001:00004d0c       ??_C@_0O@FFJNBMAD@DIF_LISTNOBOX@ 10005d0c     flags.obj
 0001:00004d1c       ??_C@_0M@IPFBMFDN@DIF_HISTORY@ 10005d1c     flags.obj
 0001:00004d28       ??_C@_0P@EGFAEEDC@DIF_BTNNOCLOSE@ 10005d28     flags.obj
 0001:00004d38       ??_C@_0P@KOJCCCGB@DIF_CENTERTEXT@ 10005d38     flags.obj
 0001:00004d48       ??_C@_0BC@ODEMBOPK@DIF_SEPARATORUSER@ 10005d48     flags.obj
 0001:00004d5c       ??_C@_0O@IKJBMPOF@DIF_SETSHIELD@ 10005d5c     flags.obj
 0001:00004d6c       ??_C@_0P@EEJEDBLH@DIF_EDITEXPAND@ 10005d6c     flags.obj
 0001:00004d7c       ??_C@_0BB@EIMEKEFP@DIF_DROPDOWNLIST@ 10005d7c     flags.obj
 0001:00004d90       ??_C@_0BD@MNGIOLFF@DIF_USELASTHISTORY@ 10005d90     flags.obj
 0001:00004da4       ??_C@_0N@MOCGNIKC@DIF_MASKEDIT@ 10005da4     flags.obj
 0001:00004db4       ??_C@_0BD@LPDHCLJI@DIF_LISTTRACKMOUSE@ 10005db4     flags.obj
 0001:00004dc8       ??_C@_0BK@LEFIBDOA@DIF_LISTTRACKMOUSEINFOCUS@ 10005dc8     flags.obj
 0001:00004de4       ??_C@_0BC@JNLDMGBD@DIF_SELECTONENTRY@ 10005de4     flags.obj
 0001:00004df8       ??_C@_0L@KKNJDNBK@DIF_3STATE@ 10005df8     flags.obj
 0001:00004e04       ??_C@_0N@GBGHICKO@DIF_EDITPATH@ 10005e04     flags.obj
 0001:00004e14       ??_C@_0BB@NPNALIGO@DIF_LISTWRAPMODE@ 10005e14     flags.obj
 0001:00004e28       ??_C@_0BD@MFOKKGGF@DIF_NOAUTOCOMPLETE@ 10005e28     flags.obj
 0001:00004e3c       ??_C@_0BG@MONEJILE@DIF_LISTAUTOHIGHLIGHT@ 10005e3c     flags.obj
 0001:00004e54       ??_C@_0BA@JNOKLHOL@DIF_LISTNOCLOSE@ 10005e54     flags.obj
 0001:00004e64       ??_C@_0BB@GMKDKOOP@DIF_EDITPATHEXEC@ 10005e64     flags.obj
 0001:00004e78       ??_C@_0L@EPNFOPAK@DIF_HIDDEN@ 10005e78     flags.obj
 0001:00004e84       ??_C@_0N@KOGKCAKJ@DIF_READONLY@ 10005e84     flags.obj
 0001:00004e94       ??_C@_0M@NLLDINIM@DIF_NOFOCUS@ 10005e94     flags.obj
 0001:00004ea0       ??_C@_0M@HCFLMDHK@DIF_DISABLE@ 10005ea0     flags.obj
 0001:00004eac       ??_C@_0BC@CHAAKEJO@DIF_DEFAULTBUTTON@ 10005eac     flags.obj
 0001:00004ec0       ??_C@_09LCJIOEMN@DIF_FOCUS@ 10005ec0     flags.obj
 0001:00004ecc       ??_C@_0O@KJADCBBN@DIF_RIGHTTEXT@ 10005ecc     flags.obj
 0001:00004edc       ??_C@_0N@LAEOODAD@DIF_WORDWRAP@ 10005edc     flags.obj
 0001:00004eec       ??_C@_08KFOHCPDE@DIF_NONE@ 10005eec     flags.obj
 0001:00004ef8       ??_C@_0N@EDHAFIIL@LIF_SELECTED@ 10005ef8     flags.obj
 0001:00004f08       ??_C@_0M@BMGIEAIL@LIF_CHECKED@ 10005f08     flags.obj
 0001:00004f14       ??_C@_0O@KJIFADIG@LIF_SEPARATOR@ 10005f14     flags.obj
 0001:00004f24       ??_C@_0M@HEFHLFIE@LIF_DISABLE@ 10005f24     flags.obj
 0001:00004f30       ??_C@_0L@PKDDGEEG@LIF_GRAYED@ 10005f30     flags.obj
 0001:00004f3c       ??_C@_0L@PFBGAOEP@LIF_HIDDEN@ 10005f3c     flags.obj
 0001:00004f48       ??_C@_0BD@HEPCOIEH@LIF_DELETEUSERDATA@ 10005f48     flags.obj
 0001:00004f5c       ??_C@_08BODPINCM@LIF_NONE@ 10005f5c     flags.obj
 0001:00004f68       ??_C@_0BC@BGAENNBJ@LIFIND_EXACTMATCH@ 10005f68     flags.obj
 0001:00004f7c       ??_C@_0M@FPOGKIGO@LIFIND_NONE@ 10005f7c     flags.obj
 0001:00004f88       ??_C@_0BA@OOIEKCFB@LINFO_SHOWNOBOX@ 10005f88     flags.obj
 0001:00004f98       ??_C@_0BE@DECCEGNO@LINFO_AUTOHIGHLIGHT@ 10005f98     flags.obj
 0001:00004fac       ??_C@_0BH@BADLEILJ@LINFO_REVERSEHIGHLIGHT@ 10005fac     flags.obj
 0001:00004fc4       ??_C@_0P@KLBMHNCG@LINFO_WRAPMODE@ 10005fc4     flags.obj
 0001:00004fd4       ??_C@_0BE@OHJCOKAE@LINFO_SHOWAMPERSAND@ 10005fd4     flags.obj
 0001:00004fe8       ??_C@_0L@EPACPANF@LINFO_NONE@ 10005fe8     flags.obj
 0001:00004ff4       ??_C@_0N@OLGDMHKL@FDLG_WARNING@ 10005ff4     flags.obj
 0001:00005004       ??_C@_0BB@DKMEBDJJ@FDLG_SMALLDIALOG@ 10006004     flags.obj
 0001:00005018       ??_C@_0BC@ONGLDAJN@FDLG_NODRAWSHADOW@ 10006018     flags.obj
 0001:0000502c       ??_C@_0BB@NPLEEAKK@FDLG_NODRAWPANEL@ 1000602c     flags.obj
 0001:00005040       ??_C@_0BG@GHNOOENB@FDLG_KEEPCONSOLETITLE@ 10006040     flags.obj
 0001:00005058       ??_C@_0O@MKFABCNE@FDLG_NONMODAL@ 10006058     flags.obj
 0001:00005068       ??_C@_09NNFHCBNL@FDLG_NONE@ 10006068     flags.obj
 0001:00005074       ??_C@_0N@JOOGIBAO@MIF_SELECTED@ 10006074     flags.obj
 0001:00005084       ??_C@_0M@IHMNAMOE@MIF_CHECKED@ 10006084     flags.obj
 0001:00005090       ??_C@_0O@DEIKOCPA@MIF_SEPARATOR@ 10006090     flags.obj
 0001:000050a0       ??_C@_0M@OPPCPJOL@MIF_DISABLE@ 100060a0     flags.obj
 0001:000050ac       ??_C@_0L@DLLNLLIG@MIF_GRAYED@ 100060ac     flags.obj
 0001:000050b8       ??_C@_0L@DEJINBIP@MIF_HIDDEN@ 100060b8     flags.obj
 0001:000050c4       ??_C@_08JEEJJGP@MIF_NONE@  100060c4     flags.obj
 0001:000050d0       ??_C@_0BE@FALMPPJK@FMENU_SHOWAMPERSAND@ 100060d0     flags.obj
 0001:000050e4       ??_C@_0P@HICDNKDJ@FMENU_WRAPMODE@ 100060e4     flags.obj
 0001:000050f4       ??_C@_0BE@IDAMFDEA@FMENU_AUTOHIGHLIGHT@ 100060f4     flags.obj
 0001:00005108       ??_C@_0BL@OKAIKPMN@FMENU_REVERSEAUTOHIGHLIGHT@ 10006108     flags.obj
 0001:00005124       ??_C@_0BJ@FCEONOJC@FMENU_CHANGECONSOLETITLE@ 10006124     flags.obj
 0001:00005140       ??_C@_0BA@GDFPJAAD@FMENU_SHOWNOBOX@ 10006140     flags.obj
 0001:00005150       ??_C@_0BD@PMEPMEOJ@FMENU_SHOWSHORTBOX@ 10006150     flags.obj
 0001:00005164       ??_C@_0BE@PDNJFEDO@FMENU_SHOWSINGLEBOX@ 10006164     flags.obj
 0001:00005178       ??_C@_0BD@JBJJGCBE@FMENU_NODRAWSHADOW@ 10006178     flags.obj
 0001:0000518c       ??_C@_0L@DGFIEOMD@FMENU_NONE@ 1000618c     flags.obj
 0001:00005198       ??_C@_0O@JEAJLDHC@PPIF_SELECTED@ 10006198     flags.obj
 0001:000051a8       ??_C@_0BC@LPBDBIOM@PPIF_PROCESSDESCR@ 100061a8     flags.obj
 0001:000051bc       ??_C@_09OIFMMGNJ@PPIF_NONE@ 100061bc     flags.obj
 0001:000051c8       ??_C@_0BC@BONLDOOD@PFLAGS_SHOWHIDDEN@ 100061c8     flags.obj
 0001:000051dc       ??_C@_0BB@BCAJEJEH@PFLAGS_HIGHLIGHT@ 100061dc     flags.obj
 0001:000051f0       ??_C@_0BI@BFAFODJ@PFLAGS_REVERSESORTORDER@ 100061f0     flags.obj
 0001:00005208       ??_C@_0BF@KJNCJPKN@PFLAGS_USESORTGROUPS@ 10006208     flags.obj
 0001:00005220       ??_C@_0BF@LBBAIOCD@PFLAGS_SELECTEDFIRST@ 10006220     flags.obj
 0001:00005238       ??_C@_0BB@KDANIJNM@PFLAGS_REALNAMES@ 10006238     flags.obj
 0001:0000524c       ??_C@_0BB@ILEHDKFJ@PFLAGS_PANELLEFT@ 1000624c     flags.obj
 0001:00005260       ??_C@_0BI@EHHAJLOH@PFLAGS_DIRECTORIESFIRST@ 10006260     flags.obj
 0001:00005278       ??_C@_0BA@KJEPHDOM@PFLAGS_USECRC32@ 10006278     flags.obj
 0001:00005288       ??_C@_0O@DBPJGING@PFLAGS_PLUGIN@ 10006288     flags.obj
 0001:00005298       ??_C@_0P@MLDEBNPK@PFLAGS_VISIBLE@ 10006298     flags.obj
 0001:000052a8       ??_C@_0N@EOFAELOJ@PFLAGS_FOCUS@ 100062a8     flags.obj
 0001:000052b8       ??_C@_0BI@EOCCAHFA@PFLAGS_ALTERNATIVENAMES@ 100062b8     flags.obj
 0001:000052d0       ??_C@_0BA@GHMDCHHI@PFLAGS_SHORTCUT@ 100062d0     flags.obj
 0001:000052e0       ??_C@_0M@NEMAHHGP@PFLAGS_NONE@ 100062e0     flags.obj
 0001:000052ec       ??_C@_0M@IDNADAFL@VF_NONMODAL@ 100062ec     flags.obj
 0001:000052f8       ??_C@_0BB@OCDDPIKL@VF_DELETEONCLOSE@ 100062f8     flags.obj
 0001:0000530c       ??_C@_0N@LDHALKKM@VF_ENABLE_F6@ 1000630c     flags.obj
 0001:0000531c       ??_C@_0BC@DLGKMECC@VF_DISABLEHISTORY@ 1000631c     flags.obj
 0001:00005330       ??_C@_0BD@DHJCMLFI@VF_IMMEDIATERETURN@ 10006330     flags.obj
 0001:00005344       ??_C@_0BJ@OGNFHEJG@VF_DELETEONLYFILEONCLOSE@ 10006344     flags.obj
 0001:00005360       ??_C@_07CJJFHP@VF_NONE@    10006360     flags.obj
 0001:00005368       ??_C@_0M@PIFGAPFH@EF_NONMODAL@ 10006368     flags.obj
 0001:00005374       ??_C@_0N@DBHFPBEO@EF_CREATENEW@ 10006374     flags.obj
 0001:00005384       ??_C@_0N@LKLNHALI@EF_ENABLE_F6@ 10006384     flags.obj
 0001:00005394       ??_C@_0BC@PPEPEFFI@EF_DISABLEHISTORY@ 10006394     flags.obj
 0001:000053a8       ??_C@_0BB@KGPIDKFC@EF_DELETEONCLOSE@ 100063a8     flags.obj
 0001:000053bc       ??_C@_0BD@IHIGHGPL@EF_IMMEDIATERETURN@ 100063bc     flags.obj
 0001:000053d0       ??_C@_0BJ@ILCPOFKL@EF_DELETEONLYFILEONCLOSE@ 100063d0     flags.obj
 0001:000053ec       ??_C@_09IJMPFPLB@EF_LOCKED@ 100063ec     flags.obj
 0001:000053f8       ??_C@_0BC@GFHJGKD@EF_DISABLESAVEPOS@ 100063f8     flags.obj
 0001:0000540c       ??_C@_0BB@NILAHAFO@EF_OPENMODE_MASK@ 1000640c     flags.obj
 0001:00005420       ??_C@_0BC@GAIDEJIA@EF_OPENMODE_QUERY@ 10006420     flags.obj
 0001:00005434       ??_C@_0BG@BFKJJBAG@EF_OPENMODE_NEWIFOPEN@ 10006434     flags.obj
 0001:0000544c       ??_C@_0BI@KGOKGPEI@EF_OPENMODE_USEEXISTING@ 1000644c     flags.obj
 0001:00005464       ??_C@_0BI@EJBKKDJ@EF_OPENMODE_BREAKIFOPEN@ 10006464     flags.obj
 0001:0000547c       ??_C@_0BJ@MOLGCBMH@EF_OPENMODE_RELOADIFOPEN@ 1000647c     flags.obj
 0001:00005498       ??_C@_07MBPCONNA@EN_NONE@  10006498     flags.obj
 0001:000054a0       ??_C@_0BC@HHNGCBAM@FHELP_NOSHOWERROR@ 100064a0     flags.obj
 0001:000054b4       ??_C@_0P@GANNLHEJ@FHELP_SELFHELP@ 100064b4     flags.obj
 0001:000054c4       ??_C@_0O@FLGGLFLC@FHELP_FARHELP@ 100064c4     flags.obj
 0001:000054d4       ??_C@_0BB@KNKDPNI@FHELP_CUSTOMFILE@ 100064d4     flags.obj
 0001:000054e8       ??_C@_0BB@IHFFPJJA@FHELP_CUSTOMPATH@ 100064e8     flags.obj
 0001:000054fc       ??_C@_0L@OOIMFPBD@FHELP_GUID@ 100064fc     flags.obj
 0001:00005508       ??_C@_0BC@PNPOIHMG@FHELP_USECONTENTS@ 10006508     flags.obj
 0001:0000551c       ??_C@_0L@MAGMKNFN@FHELP_NONE@ 1000651c     flags.obj
 0001:00005528       ??_C@_0BE@GEGKIINM@KMFLAGS_SILENTCHECK@ 10006528     flags.obj
 0001:0000553c       ??_C@_0BM@BBOPLPKC@KMFLAGS_NOSENDKEYSTOPLUGINS@ 1000653c     flags.obj
 0001:00005558       ??_C@_0BF@PHHPAAOK@KMFLAGS_ENABLEOUTPUT@ 10006558     flags.obj
 0001:00005570       ??_C@_0BB@NCECNBPK@KMFLAGS_LANGMASK@ 10006570     flags.obj
 0001:00005584       ??_C@_0M@HFBACHCP@KMFLAGS_LUA@ 10006584     flags.obj
 0001:00005590       ??_C@_0BD@JHNPMIGP@KMFLAGS_MOONSCRIPT@ 10006590     flags.obj
 0001:000055a4       ??_C@_0N@GIJCDFJI@KMFLAGS_NONE@ 100065a4     flags.obj
 0001:000055b4       ??_C@_0O@GKOLBMFK@AKMFLAGS_NONE@ 100065b4     flags.obj
 0001:000055c4       ??_C@_0P@LMBMJIMF@FSETCLR_REDRAW@ 100065c4     flags.obj
 0001:000055d4       ??_C@_0N@LCOHPDHN@FSETCLR_NONE@ 100065d4     flags.obj
 0001:000055e4       ??_C@_0N@MLMCEKPH@WIF_MODIFIED@ 100065e4     flags.obj
 0001:000055f4       ??_C@_0M@ICPAPCOF@WIF_CURRENT@ 100065f4     flags.obj
 0001:00005600       ??_C@_09FPGEBDGO@WIF_MODAL@ 10006600     flags.obj
 0001:0000560c       ??_C@_08DAKKFBIA@WIF_NONE@ 1000660c     flags.obj
 0001:00005618       ??_C@_0BG@JMJAOELH@VOPT_SAVEFILEPOSITION@ 10006618     flags.obj
 0001:00005630       ??_C@_0BI@NCAHLEBN@VOPT_AUTODETECTCODEPAGE@ 10006630     flags.obj
 0001:00005648       ??_C@_0BC@FGLBHLDI@VOPT_SHOWTITLEBAR@ 10006648     flags.obj
 0001:0000565c       ??_C@_0BA@GAIDGLME@VOPT_SHOWKEYBAR@ 1000665c     flags.obj
 0001:0000566c       ??_C@_0BD@LEEGOJKA@VOPT_SHOWSCROLLBAR@ 1000666c     flags.obj
 0001:00005680       ??_C@_0P@NEIKPMJJ@VOPT_QUICKVIEW@ 10006680     flags.obj
 0001:00005690       ??_C@_09FIOJMNJ@VOPT_NONE@ 10006690     flags.obj
 0001:0000569c       ??_C@_0N@ILNDJNNO@VSMFL_REDRAW@ 1000669c     flags.obj
 0001:000056ac       ??_C@_0L@DLLCFLOD@VSMFL_NONE@ 100066ac     flags.obj
 0001:000056b8       ??_C@_0N@GHEHKHJN@VSP_NOREDRAW@ 100066b8     flags.obj
 0001:000056c8       ??_C@_0M@LHNGMHFO@VSP_PERCENT@ 100066c8     flags.obj
 0001:000056d4       ??_C@_0N@JGGGCNIP@VSP_RELATIVE@ 100066d4     flags.obj
 0001:000056e4       ??_C@_0BA@JKDMJLJG@VSP_NORETNEWPOS@ 100066e4     flags.obj
 0001:000056f4       ??_C@_08MOKEMBNE@VSP_NONE@ 100066f4     flags.obj
 0001:00005700       ??_C@_08FAPBJAKB@VMF_WRAP@ 10006700     flags.obj
 0001:0000570c       ??_C@_0N@GHBDMLON@VMF_WORDWRAP@ 1000670c     flags.obj
 0001:0000571c       ??_C@_08KDJLELDJ@VMF_NONE@ 1000671c     flags.obj
 0001:00005728       ??_C@_0BB@EDGIEBDF@ECF_TABMARKFIRST@ 10006728     flags.obj
 0001:0000573c       ??_C@_0BD@DKGCCJNG@ECF_TABMARKCURRENT@ 1000673c     flags.obj
 0001:00005750       ??_C@_0P@BAFEMBAJ@ECF_AUTODELETE@ 10006750     flags.obj
 0001:00005760       ??_C@_08CDFMCHLP@ECF_NONE@ 10006760     flags.obj
 0001:0000576c       ??_C@_0BA@KNNLMGCA@FIB_ENABLEEMPTY@ 1000676c     flags.obj
 0001:0000577c       ??_C@_0N@DLDJCGJI@FIB_PASSWORD@ 1000677c     flags.obj
 0001:0000578c       ??_C@_0O@DOHEGELC@FIB_EXPANDENV@ 1000678c     flags.obj
 0001:0000579c       ??_C@_0BF@CEMIHIOK@FIB_NOUSELASTHISTORY@ 1000679c     flags.obj
 0001:000057b4       ??_C@_0M@KJOJJDIM@FIB_BUTTONS@ 100067b4     flags.obj
 0001:000057c0       ??_C@_0BA@COBBDHNL@FIB_NOAMPERSAND@ 100067c0     flags.obj
 0001:000057d0       ??_C@_0N@LBOCEEGH@FIB_EDITPATH@ 100067d0     flags.obj
 0001:000057e0       ??_C@_0BB@DCODFLEL@FIB_EDITPATHEXEC@ 100067e0     flags.obj
 0001:000057f4       ??_C@_08HPFOCDKB@FIB_NONE@ 100067f4     flags.obj
 0001:00005800       ??_C@_0L@NMBLFMBN@FPF_LOADED@ 10006800     flags.obj
 0001:0000580c       ??_C@_08GKECKCCJ@FPF_ANSI@ 1000680c     flags.obj
 0001:00005818       ??_C@_08OIOFCNLC@FPF_NONE@ 10006818     flags.obj
 0001:00005824       ??_C@_0L@HODJIPGA@PN_CMPNAME@ 10006824     flags.obj
 0001:00005830       ??_C@_0P@KDEENAHJ@PN_CMPNAMELIST@ 10006830     flags.obj
 0001:00005840       ??_C@_0BA@BJCCEIOI@PN_GENERATENAME@ 10006840     flags.obj
 0001:00005850       ??_C@_0N@FEGPCCPJ@PN_CHECKMASK@ 10006850     flags.obj
 0001:00005860       ??_C@_0M@NOOLKEBH@PN_SKIPPATH@ 10006860     flags.obj
 0001:0000586c       ??_C@_0BE@OPDBOAAE@PN_SHOWERRORMESSAGE@ 1000686c     flags.obj
 0001:00005880       ??_C@_07PFKJNCJP@PN_NONE@  10006880     flags.obj
 0001:00005888       ??_C@_0BG@GOMJDMCK@XLAT_SWITCHKEYBLAYOUT@ 10006888     flags.obj
 0001:000058a0       ??_C@_0BE@KOIJDNLA@XLAT_SWITCHKEYBBEEP@ 100068a0     flags.obj
 0001:000058b4       ??_C@_0BH@KBFAFPNA@XLAT_USEKEYBLAYOUTNAME@ 100068b4     flags.obj
 0001:000058cc       ??_C@_0BH@IANKLOAC@XLAT_CONVERTALLCMDLINE@ 100068cc     flags.obj
 0001:000058e4       ??_C@_09JCNLKBBK@XLAT_NONE@ 100068e4     flags.obj
 0001:000058f0       ??_C@_0N@PJEDCNNJ@FRS_RETUPDIR@ 100068f0     flags.obj
 0001:00005900       ??_C@_09GHEPLOHO@FRS_RECUR@ 10006900     flags.obj
 0001:0000590c       ??_C@_0BA@JCPHOEAE@FRS_SCANSYMLINK@ 1000690c     flags.obj
 0001:0000591c       ??_C@_08JPCGJJKG@FRS_NONE@ 1000691c     flags.obj
 0001:00005928       ??_C@_0P@LJPBHEIE@MLF_SHOWERRMSG@ 10006928     flags.obj
 0001:00005938       ??_C@_0BF@LMAGFLHF@MLF_DONOTUPDATEPANEL@ 10006938     flags.obj
 0001:00005950       ??_C@_0P@EPFBLPAE@MLF_HOLDTARGET@ 10006950     flags.obj
 0001:00005960       ??_C@_08EBKEJHAL@MLF_NONE@ 10006960     flags.obj
 0001:0000596c       ??_C@_0M@JDMKDBDH@FFFS_COMMAS@ 1000696c     flags.obj
 0001:00005978       ??_C@_0P@JPMLNBKL@FFFS_FLOATSIZE@ 10006978     flags.obj
 0001:00005988       ??_C@_0BE@NPKCCEJ@FFFS_SHOWBYTESINDEX@ 10006988     flags.obj
 0001:0000599c       ??_C@_0O@FPIOAIMC@FFFS_ECONOMIC@ 1000699c     flags.obj
 0001:000059ac       ??_C@_0O@HFIGPFIH@FFFS_THOUSAND@ 100069ac     flags.obj
 0001:000059bc       ??_C@_0BC@LLLANJJO@FFFS_MINSIZEINDEX@ 100069bc     flags.obj
 0001:000059d0       ??_C@_0BH@PEGBPJKE@FFFS_MINSIZEINDEX_MASK@ 100069d0     flags.obj
 0001:000059e8       ??_C@_09PBPAKNEI@FFFS_NONE@ 100069e8     flags.obj
 0001:000059f4       ??_C@_0L@NHEJGKCF@PF_PRELOAD@ 100069f4     flags.obj
 0001:00005a00       ??_C@_0BB@GCINAIGN@PF_DISABLEPANELS@ 10006a00     flags.obj
 0001:00005a14       ??_C@_09OENCMPGE@PF_EDITOR@ 10006a14     flags.obj
 0001:00005a20       ??_C@_09NEKIJNNA@PF_VIEWER@ 10006a20     flags.obj
 0001:00005a2c       ??_C@_0P@MBLBBCNK@PF_FULLCMDLINE@ 10006a2c     flags.obj
 0001:00005a3c       ??_C@_09GMFDAFKL@PF_DIALOG@ 10006a3c     flags.obj
 0001:00005a48       ??_C@_07MGEGJMPI@PF_NONE@  10006a48     flags.obj
 0001:00005a50       ??_C@_0BD@EGELEIIG@IPLFLAGS_SEPARATOR@ 10006a50     flags.obj
 0001:00005a64       ??_C@_0O@JBNJFHHK@IPLFLAGS_NONE@ 10006a64     flags.obj
 0001:00005a74       ??_C@_0BD@KGHJOBGM@PMFLAGS_FULLSCREEN@ 10006a74     flags.obj
 0001:00005a88       ??_C@_0BH@GDAAKEMH@PMFLAGS_DETAILEDSTATUS@ 10006a88     flags.obj
 0001:00005aa0       ??_C@_0BI@BMHIBDMH@PMFLAGS_ALIGNEXTENSIONS@ 10006aa0     flags.obj
 0001:00005ab8       ??_C@_0BH@KOFCBJBO@PMFLAGS_CASECONVERSION@ 10006ab8     flags.obj
 0001:00005ad0       ??_C@_0N@DLFMCMOB@PMFLAGS_NONE@ 10006ad0     flags.obj
 0001:00005ae0       ??_C@_0BD@PBMGDJEM@OPIF_DISABLEFILTER@ 10006ae0     flags.obj
 0001:00005af4       ??_C@_0BH@FHBKALPD@OPIF_DISABLESORTGROUPS@ 10006af4     flags.obj
 0001:00005b0c       ??_C@_0BJ@NGLIANCL@OPIF_DISABLEHIGHLIGHTING@ 10006b0c     flags.obj
 0001:00005b28       ??_C@_0N@JANKJMLP@OPIF_ADDDOTS@ 10006b28     flags.obj
 0001:00005b38       ??_C@_0BC@HOFHNJIG@OPIF_RAWSELECTION@ 10006b38     flags.obj
 0001:00005b4c       ??_C@_0P@OFEDJCO@OPIF_REALNAMES@ 10006b4c     flags.obj
 0001:00005b5c       ??_C@_0BD@FPGMNAPD@OPIF_SHOWNAMESONLY@ 10006b5c     flags.obj
 0001:00005b70       ??_C@_0BJ@NMIFAPJD@OPIF_SHOWRIGHTALIGNNAMES@ 10006b70     flags.obj
 0001:00005b8c       ??_C@_0BG@HGPMKHIE@OPIF_SHOWPRESERVECASE@ 10006b8c     flags.obj
 0001:00005ba4       ??_C@_0BE@GJEJHNKJ@OPIF_COMPAREFATTIME@ 10006ba4     flags.obj
 0001:00005bb8       ??_C@_0BB@PELHBPAM@OPIF_EXTERNALGET@ 10006bb8     flags.obj
 0001:00005bcc       ??_C@_0BB@CFFPNDFK@OPIF_EXTERNALPUT@ 10006bcc     flags.obj
 0001:00005be0       ??_C@_0BE@LKEMICNM@OPIF_EXTERNALDELETE@ 10006be0     flags.obj
 0001:00005bf4       ??_C@_0BD@JIMJPFEP@OPIF_EXTERNALMKDIR@ 10006bf4     flags.obj
 0001:00005c08       ??_C@_0BJ@CALDMPLF@OPIF_USEATTRHIGHLIGHTING@ 10006c08     flags.obj
 0001:00005c24       ??_C@_0O@JHHHMHIG@OPIF_USECRC32@ 10006c24     flags.obj
 0001:00005c34       ??_C@_0BB@PFDFAFHG@OPIF_USEFREESIZE@ 10006c34     flags.obj
 0001:00005c48       ??_C@_0O@FJPLJDBC@OPIF_SHORTCUT@ 10006c48     flags.obj
 0001:00005c58       ??_C@_09DOPJBMLM@OPIF_NONE@ 10006c58     flags.obj
 0001:00005c64       ??_C@_0L@GEHHKNBL@OPM_SILENT@ 10006c64     flags.obj
 0001:00005c70       ??_C@_08EKEBOKEP@OPM_FIND@ 10006c70     flags.obj
 0001:00005c7c       ??_C@_08EHBLNDLO@OPM_VIEW@ 10006c7c     flags.obj
 0001:00005c88       ??_C@_08LAAGEMJG@OPM_EDIT@ 10006c88     flags.obj
 0001:00005c94       ??_C@_0N@NDGKAFDM@OPM_TOPLEVEL@ 10006c94     flags.obj
 0001:00005ca4       ??_C@_09EBKAPHPA@OPM_DESCR@ 10006ca4     flags.obj
 0001:00005cb0       ??_C@_0O@OPDAGBBE@OPM_QUICKVIEW@ 10006cb0     flags.obj
 0001:00005cc0       ??_C@_08LCEGJCAC@OPM_PGDN@ 10006cc0     flags.obj
 0001:00005ccc       ??_C@_0N@HKCLLJDG@OPM_COMMANDS@ 10006ccc     flags.obj
 0001:00005cdc       ??_C@_08EGEBMPBD@OPM_NONE@ 10006cdc     flags.obj
 0001:00005ce8       ??_C@_0M@MIGJPBPE@FOSF_ACTIVE@ 10006ce8     flags.obj
 0001:00005cf4       ??_C@_09FMOOJHDF@FOSF_NONE@ 10006cf4     flags.obj
 0001:00005d00       ??_C@_09HNBBLIGN@PCIF_NONE@ 10006d00     flags.obj
 0001:00005d0c       ??_C@_0BA@MAEBFMHC@FOREGROUND_BLUE@ 10006d0c     flags.obj
 0001:00005d1c       ??_C@_0BB@PDFNMAI@FOREGROUND_GREEN@ 10006d1c     flags.obj
 0001:00005d30       ??_C@_0P@PBJHCFGA@FOREGROUND_RED@ 10006d30     flags.obj
 0001:00005d40       ??_C@_0BF@OOGEJCC@FOREGROUND_INTENSITY@ 10006d40     flags.obj
 0001:00005d58       ??_C@_0BA@PIFINJCK@BACKGROUND_BLUE@ 10006d58     flags.obj
 0001:00005d68       ??_C@_0BB@GKLNBMEL@BACKGROUND_GREEN@ 10006d68     flags.obj
 0001:00005d7c       ??_C@_0P@DANALJMC@BACKGROUND_RED@ 10006d7c     flags.obj
 0001:00005d8c       ??_C@_0BF@NIGKKPCF@BACKGROUND_INTENSITY@ 10006d8c     flags.obj
 0001:00005da4       ??_C@_0N@FEFOEFHG@CTRL_C_EVENT@ 10006da4     flags.obj
 0001:00005db4       ??_C@_0BB@ELEIIFAE@CTRL_BREAK_EVENT@ 10006db4     flags.obj
 0001:00005dc8       ??_C@_0BB@KMPDMOKK@CTRL_CLOSE_EVENT@ 10006dc8     flags.obj
 0001:00005ddc       ??_C@_0BC@MCKCEPAL@CTRL_LOGOFF_EVENT@ 10006ddc     flags.obj
 0001:00005df0       ??_C@_0BE@BCNEFGKM@CTRL_SHUTDOWN_EVENT@ 10006df0     flags.obj
 0001:00005e04       ??_C@_0BC@BBOPHMOM@ENABLE_LINE_INPUT@ 10006e04     flags.obj
 0001:00005e18       ??_C@_0BC@JPFKLHOC@ENABLE_ECHO_INPUT@ 10006e18     flags.obj
 0001:00005e2c       ??_C@_0BH@EHINFMOF@ENABLE_PROCESSED_INPUT@ 10006e2c     flags.obj
 0001:00005e44       ??_C@_0BE@BLAHACNB@ENABLE_WINDOW_INPUT@ 10006e44     flags.obj
 0001:00005e58       ??_C@_0BD@BJECBJPO@ENABLE_MOUSE_INPUT@ 10006e58     flags.obj
 0001:00005e6c       ??_C@_0BD@KJBPOMPN@ENABLE_INSERT_MODE@ 10006e6c     flags.obj
 0001:00005e80       ??_C@_0BH@BJKMFKAO@ENABLE_QUICK_EDIT_MODE@ 10006e80     flags.obj
 0001:00005e98       ??_C@_0BG@CBCHHIEH@ENABLE_EXTENDED_FLAGS@ 10006e98     flags.obj
 0001:00005eb0       ??_C@_0BF@PEBFEBKN@ENABLE_AUTO_POSITION@ 10006eb0     flags.obj
 0001:00005ec8       ??_C@_0BI@MHKNPIFM@ENABLE_PROCESSED_OUTPUT@ 10006ec8     flags.obj
 0001:00005ee0       ??_C@_0BK@CDKLKCHJ@ENABLE_WRAP_AT_EOL_OUTPUT@ 10006ee0     flags.obj
 0001:00005efc       ??_C@_09JBABGNAE@KEY_EVENT@ 10006efc     flags.obj
 0001:00005f08       ??_C@_0M@CPILDGOO@MOUSE_EVENT@ 10006f08     flags.obj
 0001:00005f14       ??_C@_0BJ@OHDOHJKG@WINDOW_BUFFER_SIZE_EVENT@ 10006f14     flags.obj
 0001:00005f30       ??_C@_0L@MPODFLFH@MENU_EVENT@ 10006f30     flags.obj
 0001:00005f3c       ??_C@_0M@LNGHCCGJ@FOCUS_EVENT@ 10006f3c     flags.obj
 0001:00005f48       ??_C@_0M@MKBGBFGO@CAPSLOCK_ON@ 10006f48     flags.obj
 0001:00005f54       ??_C@_0N@EMEOEKDA@ENHANCED_KEY@ 10006f54     flags.obj
 0001:00005f64       ??_C@_0BC@GDHABBAP@RIGHT_ALT_PRESSED@ 10006f64     flags.obj
 0001:00005f78       ??_C@_0BB@MCADLJJO@LEFT_ALT_PRESSED@ 10006f78     flags.obj
 0001:00005f8c       ??_C@_0BD@NEHHNAHO@RIGHT_CTRL_PRESSED@ 10006f8c     flags.obj
 0001:00005fa0       ??_C@_0BC@FDNOAAAE@LEFT_CTRL_PRESSED@ 10006fa0     flags.obj
 0001:00005fb4       ??_C@_0O@OGDFJMBK@SHIFT_PRESSED@ 10006fb4     flags.obj
 0001:00005fc4       ??_C@_0L@IMGKKBIM@NUMLOCK_ON@ 10006fc4     flags.obj
 0001:00005fd0       ??_C@_0O@LAHFNPLG@SCROLLLOCK_ON@ 10006fd0     flags.obj
 0001:00005fe0       ??_C@_0BN@HACKHGAB@FROM_LEFT_1ST_BUTTON_PRESSED@ 10006fe0     flags.obj
 0001:00006000       ??_C@_0BJ@JECFAJNJ@RIGHTMOST_BUTTON_PRESSED@ 10007000     flags.obj
 0001:0000601c       ??_C@_0BN@BJCFPKCG@FROM_LEFT_2ND_BUTTON_PRESSED@ 1000701c     flags.obj
 0001:0000603c       ??_C@_0BN@PMJNFPGM@FROM_LEFT_3RD_BUTTON_PRESSED@ 1000703c     flags.obj
 0001:0000605c       ??_C@_0BN@CNMHAAPD@FROM_LEFT_4TH_BUTTON_PRESSED@ 1000705c     flags.obj
 0001:0000607c       ??_C@_0M@KKBDEELB@MOUSE_MOVED@ 1000707c     flags.obj
 0001:00006088       ??_C@_0N@EDCKBGJE@DOUBLE_CLICK@ 10007088     flags.obj
 0001:00006098       ??_C@_0O@GABDOPO@MOUSE_WHEELED@ 10007098     flags.obj
 0001:000060a8       ??_C@_0BA@OOKCCMHH@KEY_WOW64_32KEY@ 100070a8     flags.obj
 0001:000060b8       ??_C@_0BA@DBCPEIGE@KEY_WOW64_64KEY@ 100070b8     flags.obj
 0001:00008444       ??_C@_06ICDCBJPI@Colors@   10009444     keysandcolors.obj
 0001:0000844c       ??_C@_05GALAPKHH@Guids@    1000944c     keysandcolors.obj
 0001:00008d30       ??_C@_01EEMJAFIK@?6@       10009d30     lflua.obj
 0001:00008d34       ??_C@_0BB@BJDGDOHH@cannot?5?$CFs?5?$CFs?3?5?$CFs@ 10009d34     lflua.obj
 0001:00008d48       ??_C@_03PKPBNCAL@?o?$LL?$LP@ 10009d48     lflua.obj
 0001:00008d4c       ??_C@_06CCPPALKB@?$DNstdin@ 10009d4c     lflua.obj
 0001:00008d54       ??_C@_01EOFPKCAF@?$EA@     10009d54     lflua.obj
 0001:00008d58       ??_C@_04PMOCAHAA@open@     10009d58     lflua.obj
 0001:00008d60       ??_C@_15JJPIMNBO@?$AAr?$AAb@ 10009d60     lflua.obj
 0001:00008d68       ??_C@_06IEGCHAII@reopen@   10009d68     lflua.obj
 0001:00008d70       ??_C@_04POLDLDMI@read@     10009d70     lflua.obj
 0001:00008d78       ??_C@_02LOCGON@?$AA?$AA@   10009d78     lflua.obj
 0001:00008d90       _regex_methods             10009d90     lregex.obj
 0001:00008df0       _regex_functions           10009df0     lregex.obj
 0001:00009718       ??_C@_04CKFJHKAP@find@     1000a718     lregex.obj
 0001:00009720       ??_C@_04GOLEAPFD@gsub@     1000a720     lregex.obj
 0001:00009728       ??_C@_05FNONLPDI@match@    1000a728     lregex.obj
 0001:00009730       ??_C@_04MGEIEJAD@exec@     1000a730     lregex.obj
 0001:00009738       ??_C@_05GFGPIPHI@findW@    1000a738     lregex.obj
 0001:00009740       ??_C@_05HPGHPNC@gsubW@     1000a740     lregex.obj
 0001:00009748       ??_C@_06NNKFJOLC@matchW@   1000a748     lregex.obj
 0001:00009750       ??_C@_05GMDFNCGA@execW@    1000a750     lregex.obj
 0001:00009758       ??_C@_0O@OJAOCNID@bracketscount@ 1000a758     lregex.obj
 0001:00009768       ??_C@_04BDLIKKMN@__gc@     1000a768     lregex.obj
 0001:00009770       ??_C@_06DPFCLDIO@gmatch@   1000a770     lregex.obj
 0001:00009778       ??_C@_07PPMFDHAH@gmatchW@  1000a778     lregex.obj
 0001:00009780       ??_C@_09KIEPBIJC@far_regex@ 1000a780     lregex.obj
 0001:0000978c       ??_C@_0BO@PBOFMCLL@attempt?5to?5access?5freed?5regex@ 1000a78c     lregex.obj
 0001:000097ac       ??_C@_07IHINEPFG@?$CFs?5?$CI?$CFp?$CJ@ 1000a7ac     lregex.obj
 0001:000097b4       ??_C@_01KMDKNFGN@?1@       1000a7b4     lregex.obj
 0001:000097b8       ??_C@_0BE@BBBEAHLK@RECTL_CREATE?5failed@ 1000a7b8     lregex.obj
 0001:000097cc       ??_C@_0BL@HEFMPIBG@invalid?5regular?5expression@ 1000a7cc     lregex.obj
 0001:000097e8       ??_C@_0BK@JCLHPPNA@cannot?5add?5?$CFd?5stack?5slots@ 1000a7e8     lregex.obj
 0001:00009804       ??_C@_0BM@MOHHGMBK@string?5or?5table?5or?5function@ 1000a804     lregex.obj
 0001:00009820       ??_C@_0CG@IDFLGMFM@replace?5string?3?5invalid?5capture@ 1000a820     lregex.obj
 0001:00009848       ??_C@_0BJ@IMAIDFKH@invalid?5replacement?5type@ 1000a848     lregex.obj
 0001:00009864       ??_C@_0BE@KPDOHKBE@invalid?5return?5type@ 1000a864     lregex.obj
 0001:00009878       ??_C@_05FGAODPCE@regex@    1000a878     lregex.obj
 0001:0000a168       ??_C@_0BC@PMGNICBE@MacroPluginReturn@ 1000b168     luamacro.obj
 0001:0000a17c       ??_C@_02JIEIHMJD@wl@       1000b17c     luamacro.obj
 0001:0000a180       ??_C@_15PMCGDJNJ@?$AAO?$AAK@ 1000b180     luamacro.obj
 0001:0000a188       ??_C@_1BC@GBFPAMBP@?$AAL?$AAu?$AAa?$AAM?$AAa?$AAc?$AAr?$AAo@ 1000b188     luamacro.obj
 0001:0000a1a0       ??_C@_1FA@DAFHIDEP@?$AAt?$AAo?$AAo?$AA?5?$AAm?$AAa?$AAn?$AAy?$AA?5?$AAv?$AAa?$AAl?$AAu?$AAe?$AAs@ 1000b1a0     luamacro.obj
 0001:0000a1f0       ??_C@_0BN@ICDOMFBB@invalid?5argument?5?$CD?$CFd?5to?5?8?$CFs?8@ 1000b1f0     luamacro.obj
 0001:0000a210       ??_C@_0BB@FCMFBGOM@invalid?5argument@ 1000b210     luamacro.obj
 0001:0000a4e8       _usercontrol_methods       1000b4e8     lusercontrol.obj
 0001:0000a510       _usercontrol_functions     1000b510     lusercontrol.obj
 0001:0000ab28       ??_C@_05MNDELLDN@__len@    1000bb28     lusercontrol.obj
 0001:0000ab30       ??_C@_0L@GADKNKH@__newindex@ 1000bb30     lusercontrol.obj
 0001:0000ab3c       ??_C@_0BC@KFJDHEIC@CreateUserControl@ 1000bb3c     lusercontrol.obj
 0001:0000ab50       ??_C@_0BA@MDNLMOMP@far_usercontrol@ 1000bb50     lusercontrol.obj
 0001:0000ab60       ??_C@_0BH@DOPNHMGD@bounds?5checking?5failed@ 1000bb60     lusercontrol.obj
 0001:0000ab78       ??_C@_09LDLEBFOB@rawhandle@ 1000bb78     lusercontrol.obj
 0001:0000ab84       ??_C@_04IMAAEPPE@Char@     1000bb84     lusercontrol.obj
 0001:0000ab8c       ??_C@_0L@PLFFHFAH@Attributes@ 1000bb8c     lusercontrol.obj
 0001:0000ab98       ??_C@_0BD@BPIMECDH@X?5must?5be?5positive@ 1000bb98     lusercontrol.obj
 0001:0000abac       ??_C@_0BD@MIGOMCGP@Y?5must?5be?5positive@ 1000bbac     lusercontrol.obj
 0001:0000abcc       _FarFileFilterType         1000bbcc     service.obj
 0001:0000abdc       _FarTimerType              1000bbdc     service.obj
 0001:0000abe8       _FarTimerQueueKey          1000bbe8     service.obj
 0001:0000abf8       _FarDialogType             1000bbf8     service.obj
 0001:0000ac04       _SettingsType              1000bc04     service.obj
 0001:0000ac10       _SettingsHandles           1000bc10     service.obj
 0001:0000ac24       _PluginHandleType          1000bc24     service.obj
 0001:0000ac34       _AddMacroDataType          1000bc34     service.obj
 0001:0000ac44       _SavedScreenType           1000bc44     service.obj
 0001:0000ac54       _FAR_VIRTUALKEYS           1000bc54     service.obj
 0001:0000ac64       _FAR_FLAGSTABLE            1000bc64     service.obj
 0001:0000ac70       _FAR_DN_STORAGE            1000bc70     service.obj
 0001:0000ac80       _FAKE_PLUGIN_DATA_KEY      1000bc80     service.obj
 0001:0000b588       _timer_methods             1000c588     service.obj
 0001:0000b5b0       _filefilter_methods        1000c5b0     service.obj
 0001:0000b5e8       _dialog_methods            1000c5e8     service.obj
 0001:0000b610       _Settings_methods          1000c610     service.obj
[...]
 0001:00054bb8       __sehtable$??$?RV<lambda_38edbb1296d33220d7e4dd0ed76b244a>@@AAV<lambda_5ce1d447e08cb34b2473517608e21441>@@V<lambda_fb385d3da700c9147fc39e65dd577a8c>@@@?$__crt_seh_guarded_call@X@@QAEX$$QAV<lambda_38edbb1296d33220d7e4dd0ed76b244a>@@AAV<lambda_5ce1d447e08cb34b2473517608e21441>@@$$QAV<lambda_fb385d3da700c9147fc39e65dd577a8c>@@@Z 10055bb8     libucrt:per_thread_data.obj
 0001:00054bd8       __sehtable$??$?RV<lambda_6affb1475c98b40b75cdec977db92e3c>@@AAV<lambda_b8d4b9c228a6ecc3f80208dbb4b4a104>@@V<lambda_608742c3c92a14382c1684fc64f96c88>@@@?$__crt_seh_guarded_call@X@@QAEX$$QAV<lambda_6affb1475c98b40b75cdec977db92e3c>@@AAV<lambda_b8d4b9c228a6ecc3f80208dbb4b4a104>@@$$QAV<lambda_608742c3c92a14382c1684fc64f96c88>@@@Z 10055bd8     libucrt:per_thread_data.obj
 0001:00054bf8       __sehtable$??$?RV<lambda_e5124f882df8998aaf41531e079ba474>@@AAV<lambda_3e16ef9562a7dcce91392c22ab16ea36>@@V<lambda_e25ca0880e6ef98be67edffd8c599615>@@@?$__crt_seh_guarded_call@X@@QAEX$$QAV<lambda_e5124f882df8998aaf41531e079ba474>@@AAV<lambda_3e16ef9562a7dcce91392c22ab16ea36>@@$$QAV<lambda_e25ca0880e6ef98be67edffd8c599615>@@@Z 10055bf8     libucrt:wsetlocale.obj
 0001:00054c18       __sehtable$___acrt_initialize_lowio 10055c18     libucrt:ioinit.obj
 0001:00054c38       __sehtable$?__acrt_stdio_allocate_stream@@YA?AV__crt_stdio_stream@@XZ 10055c38     libucrt:stream.obj
 0001:00054c58       __sehtable$??$?RV<lambda_218ce3db14220d0be481dae8ef3383b6>@@AAV<lambda_628dfdc04ba53c8bfc02c9951375f3f5>@@V<lambda_57dc472bd5c9d5f3b2cbca59b8a843ae>@@@?$__crt_seh_guarded_call@H@@QAEH$$QAV<lambda_218ce3db14220d0be481dae8ef3383b6>@@AAV<lambda_628dfdc04ba53c8bfc02c9951375f3f5>@@$$QAV<lambda_57dc472bd5c9d5f3b2cbca59b8a843ae>@@@Z 10055c58     libucrt:close.obj
 0001:00054c78       __sehtable$_raise          10055c78     libucrt:signal.obj
 0001:00054c98       __sehtable$??$?RV<lambda_cbab9ec6f41b0180b23cc171c22676b0>@@AAV<lambda_44731a7d0e6d81c3e6aa82d741081786>@@V<lambda_4b292cb8dd18144e164572427af410ab>@@@?$__crt_seh_guarded_call@P6AXH@Z@@QAEP6AXH@Z$$QAV<lambda_cbab9ec6f41b0180b23cc171c22676b0>@@AAV<lambda_44731a7d0e6d81c3e6aa82d741081786>@@$$QAV<lambda_4b292cb8dd18144e164572427af410ab>@@@Z 10055c98     libucrt:signal.obj
 0001:00054cb8       __sehtable$___set_fpsr_sse2 10055cb8     libucrt:fpctrl.obj
 0001:00054cd8       __sehtable$__fcloseall     10055cd8     libucrt:closeall.obj
 0001:00054cf8       __sehtable$__read          10055cf8     libucrt:read.obj
 0001:00054d18       __sehtable$??$common_lseek@J@@YAJHJH@Z 10055d18     libucrt:lseek.obj
 0001:00054d38       __sehtable$??$common_lseek@_J@@YA_JH_JH@Z 10055d38     libucrt:lseek.obj
 0001:00054d58       __sehtable$__pipe          10055d58     libucrt:pipe.obj
 0001:00054d80       __sehtable$??$common_fdopen@_W@@YAPAU_iobuf@@HQB_W@Z 10055d80     libucrt:fdopen.obj
 0001:00054da0       __sehtable$??$?RV<lambda_9e9de3de5fa147e2223d7db92bc10aa6>@@AAV<lambda_38ce7e780aa69e748d6df282ebc68efe>@@V<lambda_8ca6da459f0f6780f1cff60fdc3d00e5>@@@?$__crt_seh_guarded_call@H@@QAEH$$QAV<lambda_9e9de3de5fa147e2223d7db92bc10aa6>@@AAV<lambda_38ce7e780aa69e748d6df282ebc68efe>@@$$QAV<lambda_8ca6da459f0f6780f1cff60fdc3d00e5>@@@Z 10055da0     libucrt:commit.obj
 0001:00054dc0       __sehtable$__write         10055dc0     libucrt:write.obj
 0001:00054de0       __sehtable$??$common_sopen_dispatch@D@@YAHQBDHHHQAHH@Z 10055de0     libucrt:open.obj
 0001:00054e00       __sehtable$??$common_sopen_dispatch@_W@@YAHQB_WHHHQAHH@Z 10055e00     libucrt:open.obj
 0001:00054e20       __sehtable$__rmtmp         10055e20     libucrt:rmtmp.obj
 0001:00054e48       __sehtable$??$?RV<lambda_1f7e3ac85ca3635646511ad93ac0febe>@@AAV<lambda_555255fdfb9471e5fa7bfca50021c162>@@V<lambda_24f51f8b0c33fe186c624e6675644b7a>@@@?$__crt_seh_guarded_call@_N@@QAE_N$$QAV<lambda_1f7e3ac85ca3635646511ad93ac0febe>@@AAV<lambda_555255fdfb9471e5fa7bfca50021c162>@@$$QAV<lambda_24f51f8b0c33fe186c624e6675644b7a>@@@Z 10055e48     libucrt:spawnv.obj
 0001:00054e68       __sehtable$?update_thread_multibyte_data_internal@@YAPAU__crt_multibyte_data@@QAU__acrt_ptd@@QAPAU1@@Z 10055e68     libucrt:mbctype.obj
 0001:00054e88       __sehtable$??$?RV<lambda_ceb1ee4838e85a9d631eb091e2fbe199>@@AAV<lambda_ae742caa10f662c28703da3d2ea5e57e>@@V<lambda_cd08b5d6af4937fe54fc07d0c9bf6b37>@@@?$__crt_seh_guarded_call@X@@QAEX$$QAV<lambda_ceb1ee4838e85a9d631eb091e2fbe199>@@AAV<lambda_ae742caa10f662c28703da3d2ea5e57e>@@$$QAV<lambda_cd08b5d6af4937fe54fc07d0c9bf6b37>@@@Z 10055e88     libucrt:mbctype.obj
 0001:00054ea8       __sehtable$__query_new_handler 10055ea8     libucrt:new_handler.obj
 0001:00054ec8       __sehtable$___acrt_update_thread_locale_data 10055ec8     libucrt:locale_refcounting.obj
 0001:00054ee8       __sehtable$__alloc_osfhnd  10055ee8     libucrt:osfinfo.obj
 0001:00054f08       __sehtable$___acrt_lowio_ensure_fh_exists 10055f08     libucrt:osfinfo.obj
 0001:00054f28       __sehtable$__IsNonwritableInCurrentImage 10055f28     LIBCMT:pesect.obj
 0001:00054f50       .edata                     10055f50     luafar3.exp
 0001:00054f78       rgpv                       10055f78     luafar3.exp
 0001:00055024       rgszName                   10056024     luafar3.exp
 0001:000550d0       rgwOrd                     100560d0     luafar3.exp
 0001:00055126       szName                     10056126     luafar3.exp
 0001:00055132       $N00001                    10056132     luafar3.exp
 0001:0005513d       $N00002                    1005613d     luafar3.exp
 0001:0005514d       $N00003                    1005614d     luafar3.exp
 0001:0005515b       $N00004                    1005615b     luafar3.exp
 0001:00055166       $N00005                    10056166     luafar3.exp
 0001:00055173       $N00006                    10056173     luafar3.exp
 0001:00055182       $N00007                    10056182     luafar3.exp
 0001:0005518d       $N00008                    1005618d     luafar3.exp
 0001:00055197       $N00009                    10056197     luafar3.exp
 0001:000551a2       $N00010                    100561a2     luafar3.exp
 0001:000551b5       $N00011                    100561b5     luafar3.exp
 0001:000551c5       $N00012                    100561c5     luafar3.exp
 0001:000551d7       $N00013                    100561d7     luafar3.exp
 0001:000551eb       $N00014                    100561eb     luafar3.exp
 0001:000551f7       $N00015                    100561f7     luafar3.exp
 0001:00055206       $N00016                    10056206     luafar3.exp
 0001:00055217       $N00017                    10056217     luafar3.exp
 0001:00055227       $N00018                    10056227     luafar3.exp
 0001:0005523b       $N00019                    1005623b     luafar3.exp
 0001:0005524c       $N00020                    1005624c     luafar3.exp
 0001:00055254       $N00021                    10056254     luafar3.exp
 0001:00055265       $N00022                    10056265     luafar3.exp
 0001:00055276       $N00023                    10056276     luafar3.exp
 0001:00055282       $N00024                    10056282     luafar3.exp
 0001:00055293       $N00025                    10056293     luafar3.exp
 0001:000552a4       $N00026                    100562a4     luafar3.exp
 0001:000552af       $N00027                    100562af     luafar3.exp
 0001:000552b7       $N00028                    100562b7     luafar3.exp
 0001:000552ce       $N00029                    100562ce     luafar3.exp
 0001:000552e4       $N00030                    100562e4     luafar3.exp
 0001:000552fa       $N00031                    100562fa     luafar3.exp
 0001:00055310       $N00032                    10056310     luafar3.exp
 0001:00055322       $N00033                    10056322     luafar3.exp
 0001:00055335       $N00034                    10056335     luafar3.exp
 0001:0005534a       $N00035                    1005634a     luafar3.exp
 0001:0005535f       $N00036                    1005635f     luafar3.exp
 0001:00055376       $N00037                    10056376     luafar3.exp
 0001:0005538c       $N00038                    1005638c     luafar3.exp
 0001:00055398       $N00039                    10056398     luafar3.exp
 0001:000553ac       $N00040                    100563ac     luafar3.exp
 0001:000553bd       $N00041                    100563bd     luafar3.exp
 0001:000553cd       $N00042                    100563cd     luafar3.exp
 0001:000553dc       $N00043                    100563dc     luafar3.exp
 0002:00000f68       _alpha_table               10057f68     lutf8lib.obj
 0002:00002e80       _lower_table               10059e80     lutf8lib.obj
 0002:00003628       _upper_table               1005a628     lutf8lib.obj
 0002:00003d30       _xdigit_table              1005ad30     lutf8lib.obj
 0002:00003d78       _space_table               1005ad78     lutf8lib.obj
 0002:00003dd0       _unprintable_table         1005add0     lutf8lib.obj
 0002:00003e88       _graph_table               1005ae88     lutf8lib.obj
 0002:00006408       _compose_table             1005d408     lutf8lib.obj
 0002:00007240       _cntrl_table               1005e240     lutf8lib.obj
 0002:00007370       _digit_table               1005e370     lutf8lib.obj
 0002:00007650       _alnum_extend_table        1005e650     lutf8lib.obj
 0002:00007c78       _punct_table               1005ec78     lutf8lib.obj
 0002:00008630       _tolower_table             1005f630     lutf8lib.obj
 0002:00009110       _toupper_table             10060110     lutf8lib.obj
 0002:00009cd0       _totitle_table             10060cd0     lutf8lib.obj
 0002:0000a8b0       _tofold_table              100618b0     lutf8lib.obj
 0002:0000b4d0       _doublewidth_table         100624d0     lutf8lib.obj
 0002:0000b9c0       _ambiwidth_table           100629c0     lutf8lib.obj
 0002:0000c080       ?__vcrt_flsindex@@3KA      10063080     libvcruntime:per_thread_data.obj
 0002:0000c0a0       ?errno_no_memory@@3HA      100630a0     libucrt:errno.obj
 0002:0000c0a4       ?doserrno_no_memory@@3KA   100630a4     libucrt:errno.obj
 0002:0000c154       ?__acrt_flsindex@@3KA      10063154     libucrt:per_thread_data.obj
 0002:0000c258       ?__DAZ_ENABLED@?1??__set_fpsr_sse2@@9@9 10063258     libucrt:fpctrl.obj
 0002:0000c588       __mbctypes                 10063588     libucrt:mbctype.obj
 0002:0000c690       __mbcasemaps               10063690     libucrt:mbctype.obj
 0002:0000c790       ?__rgctypeflag@@3PADA      10063790     libucrt:mbctype.obj
 0002:0000c798       ?__rgcode_page_info@@3PAUcode_page_info@@A 10063798     libucrt:mbctype.obj
 0002:0000c8f0       ?__dcrt_lowio_console_output_handle@@3PAXA 100638f0     libucrt:initcon.obj
 0002:0000c900       _luaopen_bit               10063900     service.obj
 0002:0000c904       _luaopen_ffi               10063904     service.obj
 0002:0000c908       _luaopen_jit               10063908     service.obj
 0002:0000c910       ?Cookie@?1??XorPointer@@YAPAXPAX@Z@4IB 10063910     vc_crt_fix_impl.obj
 0002:0000c914       ?$S1@?1??XorPointer@@YAPAXPAX@Z@4IA 10063914     vc_crt_fix_impl.obj
 0002:0000c918       ?Function@?1??EncodePointerWrapper@@9@4@4Q6GPAXPAX@ZA 10063918     vc_crt_fix_impl.obj
 0002:0000c91c       ?$S2@?1??EncodePointerWrapper@@9@4@4IA 1006391c     vc_crt_fix_impl.obj
 0002:0000c920       ?Function@?1??DecodePointerWrapper@@9@4@4Q6GPAXPAX@ZA 10063920     vc_crt_fix_impl.obj
 0002:0000c924       ?$S3@?1??DecodePointerWrapper@@9@4@4IA 10063924     vc_crt_fix_impl.obj
 0002:0000c928       ?Function@?1??GetModuleHandleExWWrapper@@9@12@4Q6GHKPB_WPAPAUHINSTANCE__@@@ZA 10063928     vc_crt_fix_impl.obj
 0002:0000c92c       ?$S4@?1??GetModuleHandleExWWrapper@@9@12@4IA 1006392c     vc_crt_fix_impl.obj
 0002:0000c930       ?Deleter@?1??InitializeSListHead@implementation@slist@@YGXPAT_SLIST_HEADER@@@Z@4Vservice_deleter@23@A 10063930     vc_crt_fix_impl.obj
 0002:0000c950       ?$S5@?1??InitializeSListHead@implementation@slist@@YGXPAT_SLIST_HEADER@@@Z@4IA 10063950     vc_crt_fix_impl.obj
 0002:0000c954       ?Function@?1??InitializeSListHeadWrapper@@9@4@4Q6GXPAT_SLIST_HEADER@@@ZA 10063954     vc_crt_fix_impl.obj
 0002:0000c958       ?$S6@?1??InitializeSListHeadWrapper@@9@4@4IA 10063958     vc_crt_fix_impl.obj
 0002:0000c95c       ?Function@?1??InterlockedFlushSListWrapper@@9@4@4Q6GPAU_SINGLE_LIST_ENTRY@@PAT_SLIST_HEADER@@@ZA 1006395c     vc_crt_fix_impl.obj
 0002:0000c960       ?$S7@?1??InterlockedFlushSListWrapper@@9@4@4IA 10063960     vc_crt_fix_impl.obj
 0002:0000c964       ?Function@?1??InterlockedPopEntrySListWrapper@@9@4@4Q6GPAU_SINGLE_LIST_ENTRY@@PAT_SLIST_HEADER@@@ZA 10063964     vc_crt_fix_impl.obj
 0002:0000c968       ?$S8@?1??InterlockedPopEntrySListWrapper@@9@4@4IA 10063968     vc_crt_fix_impl.obj
 0002:0000c96c       ?Function@?1??InterlockedPushEntrySListWrapper@@9@8@4Q6GPAU_SINGLE_LIST_ENTRY@@PAT_SLIST_HEADER@@PAU2@@ZA 1006396c     vc_crt_fix_impl.obj
 0002:0000c970       ?$S9@?1??InterlockedPushEntrySListWrapper@@9@8@4IA 10063970     vc_crt_fix_impl.obj
 0002:0000c974       ?Function@?1??InterlockedPushListSListExWrapper@@9@16@4Q6GPAU_SINGLE_LIST_ENTRY@@PAT_SLIST_HEADER@@PAU2@1K@ZA 10063974     vc_crt_fix_impl.obj
 0002:0000c978       ?$S10@?1??InterlockedPushListSListExWrapper@@9@16@4IA 10063978     vc_crt_fix_impl.obj
 0002:0000c97c       ?Function@?1??RtlFirstEntrySListWrapper@@9@4@4Q6GPAU_SINGLE_LIST_ENTRY@@PAT_SLIST_HEADER@@@ZA 1006397c     vc_crt_fix_impl.obj
 0002:0000c980       ?$S11@?1??RtlFirstEntrySListWrapper@@9@4@4IA 10063980     vc_crt_fix_impl.obj
 0002:0000c984       ?Function@?1??QueryDepthSListWrapper@@9@4@4Q6GGPAT_SLIST_HEADER@@@ZA 10063984     vc_crt_fix_impl.obj
 0002:0000c988       ?$S12@?1??QueryDepthSListWrapper@@9@4@4IA 10063988     vc_crt_fix_impl.obj
 0002:0000c98c       ?Function@?1??GetNumaHighestNodeNumberWrapper@@9@4@4Q6GHPAK@ZA 1006398c     vc_crt_fix_impl.obj
 0002:0000c990       ?$S13@?1??GetNumaHighestNodeNumberWrapper@@9@4@4IA 10063990     vc_crt_fix_impl.obj
 0002:0000c994       ?Function@?1??GetLogicalProcessorInformationWrapper@@9@8@4Q6GHPAU_SYSTEM_LOGICAL_PROCESSOR_INFORMATION@@PAK@ZA 10063994     vc_crt_fix_impl.obj
 0002:0000c998       ?$S14@?1??GetLogicalProcessorInformationWrapper@@9@8@4IA 10063998     vc_crt_fix_impl.obj
 0002:0000c99c       ?Function@?1??SetThreadStackGuaranteeWrapper@@9@4@4Q6GHPAK@ZA 1006399c     vc_crt_fix_impl.obj
 0002:0000c9a0       ?$S15@?1??SetThreadStackGuaranteeWrapper@@9@4@4IA 100639a0     vc_crt_fix_impl.obj
 0002:0000c9a4       ?Function@?1??InitializeCriticalSectionExWrapper@@9@12@4Q6GHPAU_RTL_CRITICAL_SECTION@@KK@ZA 100639a4     vc_crt_fix_impl.obj
 0002:0000c9a8       ?$S16@?1??InitializeCriticalSectionExWrapper@@9@12@4IA 100639a8     vc_crt_fix_impl.obj
 0002:0000c9ac       ?Function@?1??CompareStringExWrapper@@9@36@4Q6GHPB_WK0H0HPAU_nlsversioninfo@@PAXJ@ZA 100639ac     vc_crt_fix_impl.obj
 0002:0000c9b0       ?$S17@?1??CompareStringExWrapper@@9@36@4IA 100639b0     vc_crt_fix_impl.obj
 0002:0000c9b4       ?Function@?1??LCMapStringExWrapper@@9@36@4Q6GHPB_WK0HPA_WHPAU_nlsversioninfo@@PAXJ@ZA 100639b4     vc_crt_fix_impl.obj
 0002:0000c9b8       ?$S18@?1??LCMapStringExWrapper@@9@36@4IA 100639b8     vc_crt_fix_impl.obj
 0002:0000c9c4       ?is_initialized_as_dll@@3_NA 100639c4     LIBCMT:utility.obj
 0002:0000c9c5       ?module_local_atexit_table_initialized@@3_NA 100639c5     LIBCMT:utility.obj
 0002:0000c9c8       ?module_local_atexit_table@@3U_onexit_table_t@@A 100639c8     LIBCMT:utility.obj
 0002:0000c9d4       ?module_local_at_quick_exit_table@@3U_onexit_table_t@@A 100639d4     LIBCMT:utility.obj
 0002:0000c9e0       ?__proc_attached@@3HA      100639e0     LIBCMT:dll_dllmain.obj
 0002:0000c9f8       _GS_ExceptionRecord        100639f8     LIBCMT:gs_report.obj
 0002:0000ca48       _GS_ContextRecord          10063a48     LIBCMT:gs_report.obj
 0002:0000cd18       ?__vcrt_startup_thread_ptd@@3U__vcrt_ptd@@A 10063d18     libvcruntime:per_thread_data.obj
 0002:0000cd40       ___vcrt_lock_table         10063d40     libvcruntime:locks.obj
 0002:0000cd58       ___vcrt_locks_initialized  10063d58     libvcruntime:locks.obj
 0002:0000cd84       ?heap@@3V_HeapManager@@A   10063d84     libvcruntime:undname.obj
 0002:0000cd98       ?module_handles@@3PAPAUHINSTANCE__@@A 10063d98     libvcruntime:winapi_downlevel.obj
 0002:0000cda4       ?function_pointers@@3PAPAXA 10063da4     libvcruntime:winapi_downlevel.obj
 0002:0000cdc8       ?__idtabsiz@@3IA           10063dc8     libucrt:popen.obj
 0002:0000cdcc       ?__idpairs@@3PAUprocess_handle_pair@?A0xe43b7539@@A 10063dcc     libucrt:popen.obj
 0002:0000cdd0       ?narrow_tmpfile_buffer_pointers@@3PAPADA 10063dd0     libucrt:tmpfile.obj
 0002:0000cddc       ?wide_tmpfile_buffer_pointers@@3PAPA_WA 10063ddc     libucrt:tmpfile.obj
 0002:0000cde8       ?c_termination_complete@@3JA 10063de8     libucrt:exit.obj
 0002:0000cdec       ?thread_local_exit_callback_func@@3P6GXPAXK0@ZA 10063dec     libucrt:exit.obj
 0002:0000cdf8       ?program_name@?1???$common_configure_argv@D@@YAHW4_crt_argv_mode@@@Z@4PADA 10063df8     libucrt:argv_parsing.obj
 0002:0000cf28       ?__acrt_invalid_parameter_handler@@3V?$dual_state_global@P6AXPB_W00II@Z@__crt_state_management@@A 10063f28     libucrt:invalid_parameter.obj
 0002:0000cf2c       ?internal_state@?1??_mbtowc_l@@9@4U_Mbstatet@@A 10063f2c     libucrt:mbtowc.obj
 0002:0000cf34       ?enable_percent_n@@3IA     10063f34     libucrt:printf_count_output.obj
 0002:0000d14c       ?ctrlc_action@@3V?$dual_state_global@P6AXH@Z@__crt_state_management@@A 1006414c     libucrt:signal.obj
 0002:0000d150       ?ctrlbreak_action@@3V?$dual_state_global@P6AXH@Z@__crt_state_management@@A 10064150     libucrt:signal.obj
 0002:0000d154       ?abort_action@@3V?$dual_state_global@P6AXH@Z@__crt_state_management@@A 10064154     libucrt:signal.obj
 0002:0000d158       ?term_action@@3V?$dual_state_global@P6AXH@Z@__crt_state_management@@A 10064158     libucrt:signal.obj
 0002:0000d160       ?module_handles@@3PAPAUHINSTANCE__@@A 10064160     libucrt:winapi_thunks.obj
 0002:0000d1b0       ?encoded_function_pointers@@3PAPAXA 100641b0     libucrt:winapi_thunks.obj
 0002:0000d238       ?__acrt_lock_table@@3PAU_RTL_CRITICAL_SECTION@@A 10064238     libucrt:locks.obj
 0002:0000d388       ?__acrt_locks_initialized@@3IA 10064388     libucrt:locks.obj
 0002:0000d39c       ?fSystemSet@@3HA           1006439c     libucrt:mbctype.obj
 0002:0000d3a0       ?initialized@?1??__acrt_initialize_multibyte@@9@4_NA 100643a0     libucrt:mbctype.obj
 0002:0000d3c0       ?__acrt_new_handler@@3V?$dual_state_global@P6AHI@Z@__crt_state_management@@A 100643c0     libucrt:new_handler.obj
 0002:0000d3c4       ?user_matherr@@3V?$dual_state_global@P6AHPAU_exception@@@Z@__crt_state_management@@A 100643c4     libucrt:matherr.obj
 0002:0000d3c8       ?__acrt_global_new_mode@@3V?$dual_state_global@J@__crt_state_management@@A 100643c8     libucrt:new_mode.obj
 0002:0000d3d8       ?internal_pst@?1??__mbrtoc32_utf8@__crt_mbstring@@YAIPA_UPBDIPAU_Mbstatet@@@Z@4U3@A 100643d8     libucrt:mbrtoc32.obj
 0002:0000d3e0       ?__acrt_app_type@@3W4_crt_app_type@@A 100643e0     libucrt:report_runtime_error.obj
 0002:0000d3ec       __pmatherr_set             100643ec     libucrt:libm_error.obj
 0003:00000cce       .idata$6                   10065cce     kernel32:KERNEL32.dll
 0003:00000cea       .idata$6                   10065cea     user32:USER32.dll
 0003:00000d8e       .idata$6                   10065d8e     advapi32:ADVAPI32.dll
 0003:00000dc0       .idata$6                   10065dc0     shell32:SHELL32.dll
 0003:00001368       .idata$6                   10066368     lua51:lua51.dll
 0003:000013b4       .idata$6                   100663b4     rpcrt4:RPCRT4.dll
 0004:00000060       $R000000                   10067060     luafar3.res
