 EMenu

 Timestamp is 60a544b3 (Wed May 19 18:02:43 2021)

 Preferred load address is 10000000

 Start         Length     Name                   Class
 0001:00000000 00000004H .CRT$XCA                CODE
 0001:00000004 00000004H .CRT$XCZ                CODE
 0001:00000008 00000004H .CRT$XIA                CODE
 0001:0000000c 0000000cH .CRT$XIC                CODE
 0001:00000018 00000004H .CRT$XIZ                CODE
 0001:0000001c 00000004H .CRT$XPA                CODE
 0001:00000020 00000008H .CRT$XPX                CODE
 0001:00000028 00000004H .CRT$XPXA               CODE
 0001:0000002c 00000004H .CRT$XPZ                CODE
 0001:00000030 00000004H .CRT$XTA                CODE
 0001:00000034 0000000cH .CRT$XTZ                CODE
 0001:00000038 00000000H .gfids$y                CODE
 0001:00000040 00005184H .rdata                  CODE
 0001:000051c4 0000012cH .rdata$r                CODE
 0001:000052f0 00000010H .rdata$sxdata           CODE
 0001:00005300 0000029cH .rdata$zzzdbg           CODE
 0001:0000559c 00000004H .rtc$IAA                CODE
 0001:000055a0 00000004H .rtc$IZZ                CODE
 0001:000055a4 00000004H .rtc$TAA                CODE
 0001:000055a8 00000008H .rtc$TZZ                CODE
 0001:000055b0 00011c40H .text$mn                CODE
 0001:000171ef 00000000H .text$x                 CODE
 0001:000171f0 00000040H .text$yd                CODE
 0001:00017230 000004e0H .xdata$x                CODE
 0001:00017710 000000b6H .edata                  CODE
 0002:00000000 000008a0H .data                   DATA
 0002:000008a0 00000098H .data$r                 DATA
 0002:00000938 000013a8H .bss                    DATA
 0003:00000000 000001d0H .idata$5                DATA
 0003:000001d0 00000004H .00cfg                  DATA
 0003:000001d4 00000050H .idata$2                DATA
 0003:00000224 00000014H .idata$3                DATA
 0003:00000238 000001d0H .idata$4                DATA
 0003:00000408 0000080aH .idata$6                DATA
 0004:00000000 000000a0H .rsrc$01                DATA
 0004:000000a0 000003a0H .rsrc$02                DATA

  Address         Publics by Value              Rva+Base       Lib:Object

 0000:00000000       ___guard_longjmp_count     00000000     <absolute>
 0000:00000000       __except_list              00000000     <absolute>
 0000:00000000       ___guard_iat_count         00000000     <absolute>
 0000:00000000       ___guard_fids_count        00000000     <absolute>
 0000:00000000       ___guard_longjmp_table     00000000     <absolute>
 0000:00000000       ___hybrid_code_map_count   00000000     <absolute>
 0000:00000000       ___hybrid_auxiliary_iat    00000000     <absolute>
 0000:00000000       ___dynamic_value_reloc_table 00000000     <absolute>
 0000:00000000       ___guard_fids_table        00000000     <absolute>
 0000:00000000       ___volatile_metadata       00000000     <absolute>
 0000:00000000       ___guard_iat_table         00000000     <absolute>
 0000:00000000       ___AbsoluteZero            00000000     <absolute>
 0000:00000000       ___enclave_config          00000000     <absolute>
 0000:00000000       ___hybrid_code_map         00000000     <absolute>
 0000:00000004       ___safe_se_handler_count   00000004     <absolute>
 0000:00000100       ___guard_flags             00000100     <absolute>
 0000:00000000       ___ImageBase               10000000     <linker-defined>
 0001:00000000       ___xc_a                    10001000     LIBCMT:initializers.obj
 0001:00000004       ___xc_z                    10001004     LIBCMT:initializers.obj
 0001:00000008       ___xi_a                    10001008     LIBCMT:initializers.obj
 0001:0000000c       ___acrt_multibyte_initializer 1000100c     libucrt:multibyte_initializer.obj
 0001:00000010       ___acrt_stdio_initializer  10001010     libucrt:stdio_initializer.obj
 0001:00000014       ___acrt_tran_sse2_initializer 10001014     libucrt:sse2_initializer.obj
 0001:00000018       ___xi_z                    10001018     LIBCMT:initializers.obj
 0001:0000001c       ___xp_a                    1000101c     LIBCMT:initializers.obj
 0001:00000020       ___acrt_locale_terminator  10001020     libucrt:locale_initializer.obj
 0001:00000024       ___dcrt_console_output_terminator 10001024     libucrt:console_output_initializer.obj
 0001:00000028       ___acrt_stdio_terminator   10001028     libucrt:stdio_initializer.obj
 0001:0000002c       ___xp_z                    1000102c     LIBCMT:initializers.obj
 0001:00000030       ___xt_a                    10001030     LIBCMT:initializers.obj
 0001:00000034       ___xt_z                    10001034     LIBCMT:initializers.obj
 0001:00000040       _MainGuid                  10001040     EMenu.obj
 0001:00000050       _MenuGuid                  10001050     EMenu.obj
 0001:00000060       _DialogGuid                10001060     EMenu.obj
 0001:00000070       _GuiTextMenuGuid           10001070     EMenu.obj
 0001:00000080       ??_C@_1M@LBLKOFDL@?$AAE?$AAM?$AAe?$AAn?$AAu@ 10001080     EMenu.obj
 0001:0000008c       ??_C@_1DK@JMMNGKID@?$AAE?$AAM?$AAe?$AAn?$AAu?$AA?5?$AAP?$AAl?$AAu?$AAg?$AAi?$AAn?$AA?5?$AAf?$AAo@ 1000108c     EMenu.obj
 0001:000000c8       ??_C@_1DE@BGKMIKPD@?$AAE?$AAu?$AAg?$AAe?$AAn?$AAe?$AA?5?$AAR?$AAo?$AAs?$AAh?$AAa?$AAl?$AA?5?$AA?$CG@ 100010c8     EMenu.obj
 0001:00000100       ??_C@_17CIEOGNAD@?$AA?5?$AA?5?$PP?$LK@ 10001100     FarMenu.obj
 0001:00000108       ??_C@_13HOIJIPNN@?$AA?5@   10001108     FarMenu.obj
 0001:0000010c       ??_C@_19JPHCGFBO@?$AAM?$AAa?$AAi?$AAn@ 1000110c     Plugin.obj
 0001:00000118       ??_C@_1O@BJPKKLLM@?$AAC?$AAo?$AAn?$AAf?$AAi?$AAg@ 10001118     Plugin.obj
 0001:00000128       ??_C@_1BO@CLHFIDDE@?$AAC?$AAh?$AAo?$AAo?$AAs?$AAe?$AAM?$AAe?$AAn?$AAu?$AAT?$AAy?$AAp?$AAe@ 10001128     Plugin.obj
 0001:00000148       ??_C@_1BI@GILJGMBA@?$AAC?$AAo?$AAn?$AAt?$AAe?$AAx?$AAt?$AAM?$AAe?$AAn?$AAu@ 10001148     Plugin.obj
 0001:00000160       ??_C@_1O@MCPHAIFL@?$AAM?$AAy?$AAC?$AAo?$AAm?$AAp@ 10001160     Plugin.obj
 0001:00000170       ??_C@_1O@GOJJLDBG@?$AAE?$AAr?$AAr?$AAo?$AAr?$AA0@ 10001170     Plugin.obj
 0001:00000180       ??_C@_1O@NGCFNEHD@?$AAE?$AAr?$AAr?$AAo?$AAr?$AA1@ 10001180     Plugin.obj
 0001:00000190       ??_C@_1O@MEJAHLJN@?$AAE?$AAr?$AAr?$AAo?$AAr?$AA2@ 10001190     Plugin.obj
 0001:000001a0       ??_C@_1M@IAIJHCCH@?$AAC?$AAl?$AAo?$AAs?$AAe@ 100011a0     Plugin.obj
 0001:000001ac       ??_7PluginCheckBoxBinding@@6B@ 100011ac     Plugin.obj
 0001:000001b4       ??_7PluginRadioButtonBinding@@6B@ 100011b4     Plugin.obj
 0001:000001bc       ??_C@_11LOCGONAA@@         100011bc     Plugin.obj
 0001:000001c0       __GUID_000214f4_0000_0000_c000_000000000046 100011c0     Plugin.obj
 0001:000001d0       __GUID_bcfce0a0_ec17_11d0_8d10_00a0c90f2719 100011d0     Plugin.obj
 0001:000001e0       ??_C@_17HFKDEGNG@?$AAn?$AAu?$AAl@ 100011e0     Plugin.obj
 0001:000001e8       ??_C@_1BO@BLHAFJIH@?$AAW?$AAa?$AAi?$AAt?$AAT?$AAo?$AAC?$AAo?$AAn?$AAt?$AAi?$AAn?$AAu?$AAe@ 100011e8     Plugin.obj
 0001:00000208       ??_C@_1O@HAPBPKPP@?$AAU?$AAs?$AAe?$AAG?$AAU?$AAI@ 10001208     Plugin.obj
 0001:00000218       ??_C@_1BI@FNELDPIH@?$AAD?$AAe?$AAl?$AAU?$AAs?$AAi?$AAn?$AAg?$AAF?$AAa?$AAr@ 10001218     Plugin.obj
 0001:00000230       ??_C@_1BO@ELNGBDOB@?$AAC?$AAl?$AAe?$AAa?$AAr?$AAS?$AAe?$AAl?$AAe?$AAc?$AAt?$AAi?$AAo?$AAn@ 10001230     Plugin.obj
 0001:00000250       ??_C@_1O@EFKGCNCH@?$AAS?$AAi?$AAl?$AAe?$AAn?$AAt@ 10001250     Plugin.obj
 0001:00000260       ??_C@_1BC@JAMHBCOF@?$AAH?$AAe?$AAl?$AAp?$AAt?$AAe?$AAx?$AAt@ 10001260     Plugin.obj
 0001:00000274       ??_C@_1BM@JNPKPLGJ@?$AAD?$AAi?$AAf?$AAf?$AAe?$AAr?$AAe?$AAn?$AAt?$AAO?$AAn?$AAl?$AAy@ 10001274     Plugin.obj
 0001:00000290       ??_C@_1O@EOCFEDGM@?$AAG?$AAu?$AAi?$AAP?$AAo?$AAs@ 10001290     Plugin.obj
 0001:000002a0       ??_C@_1FE@DFGJMLLI@?$AAr?$AAc?$AAl?$AAk?$AA?3?$AAr?$AAc?$AAl?$AAk?$AA_?$AAt?$AAx?$AAt?$AA?3?$AAr@ 100012a0     Plugin.obj
 0001:000002f4       ??_C@_1M@MGKMLCA@?$AAr?$AAc?$AAl?$AAk?$AA?3@ 100012f4     Plugin.obj
 0001:00000300       ??_C@_1BE@GEDAILNH@?$AAr?$AAc?$AAl?$AAk?$AA_?$AAt?$AAx?$AAt?$AA?3@ 10001300     Plugin.obj
 0001:00000314       ??_C@_1BE@IMOELFKI@?$AAr?$AAc?$AAl?$AAk?$AA_?$AAg?$AAu?$AAi?$AA?3@ 10001314     Plugin.obj
 0001:00000328       ??_C@_1BE@JGMPCMJC@?$AAr?$AAc?$AAl?$AAk?$AA_?$AAc?$AAm?$AAd?$AA?3@ 10001328     Plugin.obj
 0001:0000033c       ??_C@_1BG@CJEHAOD@?$AAr?$AAc?$AAl?$AAk?$AA_?$AAi?$AAt?$AAe?$AAm?$AA?3@ 1000133c     Plugin.obj
 0001:00000354       ??_C@_13FPGAJAPJ@?$AA?2@   10001354     Plugin.obj
 0001:00000358       ??_C@_15DDHGOCBH@?$AA?4?$AA?4@ 10001358     Plugin.obj
 0001:00000360       ??_C@_1M@MDEFCCAF@?$AA?$CF?$AAu?$AA?5?$AA?$CF?$AAs@ 10001360     Plugin.obj
 0001:0000036c       ??_C@_15JOGBDECP@?$AA?0?$AA?5@ 1000136c     Plugin.obj
 0001:00000374       ??_C@_06LMEAOBLB@rename@   10001374     Plugin.obj
 0001:0000037c       ??_C@_1BC@CGPONMNI@?$AAK?$AAe?$AAy?$AAs?$AA?8?$AAF?$AA6?$AA?8@ 1000137c     Plugin.obj
 0001:00000390       ??_C@_06FOBLBEIN@delete@   10001390     Plugin.obj
 0001:00000398       ??_C@_1BC@BMPELNKI@?$AAK?$AAe?$AAy?$AAs?$AA?8?$AAF?$AA8?$AA?8@ 10001398     Plugin.obj
 0001:000003ac       ??_C@_1BO@PGPCBEEA@?$AAK?$AAe?$AAy?$AAs?$AA?8?$AAS?$AAh?$AAi?$AAf?$AAt?$AAD?$AAe?$AAl?$AA?8@ 100013ac     Plugin.obj
 0001:000003cc       ??_C@_1BK@NGCLJGHJ@?$AAK?$AAe?$AAy?$AAs?$AA?8?$AAA?$AAl?$AAt?$AAD?$AAe?$AAl?$AA?8@ 100013cc     Plugin.obj
 0001:000003e8       ??_C@_13GCIFAHHO@?$AA?$HL@ 100013e8     Plugin.obj
 0001:000003ec       ??_C@_1BI@BNFKGMFK@?$AAs?$AAh?$AAe?$AAl?$AAl?$AA3?$AA2?$AA?4?$AAd?$AAl?$AAl@ 100013ec     Plugin.obj
 0001:00000404       ??_C@_13EHOOFIKC@?$AA?$HN@ 10001404     Plugin.obj
 0001:00000408       ??_C@_15CMBHNMLL@?$AA?5?$AA?$CI@ 10001408     Plugin.obj
 0001:00000410       ??_C@_13DIBMAFH@?$AA?$CJ@  10001410     Plugin.obj
 0001:00000420       __imp__EncodePointer@4     10001420     vc_crt_fix.obj
 0001:00000424       __imp__DecodePointer@4     10001424     vc_crt_fix.obj
 0001:00000428       __imp__GetModuleHandleExW@12 10001428     vc_crt_fix.obj
 0001:0000042c       __imp__InitializeSListHead@4 1000142c     vc_crt_fix.obj
 0001:00000430       __imp__InterlockedFlushSList@4 10001430     vc_crt_fix.obj
 0001:00000434       __imp__InterlockedPopEntrySList@4 10001434     vc_crt_fix.obj
 0001:00000438       __imp__InterlockedPushEntrySList@8 10001438     vc_crt_fix.obj
 0001:0000043c       __imp__InterlockedPushListSListEx@16 1000143c     vc_crt_fix.obj
 0001:00000440       __imp__RtlFirstEntrySList@4 10001440     vc_crt_fix.obj
 0001:00000444       __imp__QueryDepthSList@4   10001444     vc_crt_fix.obj
 0001:00000448       __imp__GetNumaHighestNodeNumber@4 10001448     vc_crt_fix.obj
 0001:0000044c       __imp__GetLogicalProcessorInformation@8 1000144c     vc_crt_fix.obj
 0001:00000450       __imp__SetThreadStackGuarantee@4 10001450     vc_crt_fix.obj
 0001:00000454       __imp__InitializeCriticalSectionEx@12 10001454     vc_crt_fix.obj
 0001:00000458       __imp__CompareStringEx@36  10001458     vc_crt_fix.obj
 0001:0000045c       __imp__LCMapStringEx@36    1000145c     vc_crt_fix.obj
 0001:00000480       ??_C@_0O@NLDKAIKN@EncodePointer@ 10001480     vc_crt_fix_impl.obj
 0001:00000490       ??_C@_0O@KBPMFGHI@DecodePointer@ 10001490     vc_crt_fix_impl.obj
 0001:000004a0       ??_C@_0BD@GIGEJCNH@GetModuleHandleExW@ 100014a0     vc_crt_fix_impl.obj
 0001:000004b4       ??_C@_0BE@NBEJPEJA@InitializeSListHead@ 100014b4     vc_crt_fix_impl.obj
 0001:000004c8       ??_C@_0BG@PLLPFLHB@InterlockedFlushSList@ 100014c8     vc_crt_fix_impl.obj
 0001:000004e0       ??_C@_0BJ@PNEEKDOK@InterlockedPopEntrySList@ 100014e0     vc_crt_fix_impl.obj
 0001:000004fc       ??_C@_0BK@JFGGAIOA@InterlockedPushEntrySList@ 100014fc     vc_crt_fix_impl.obj
 0001:00000518       ??_C@_0BL@FOECAEGO@InterlockedPushListSListEx@ 10001518     vc_crt_fix_impl.obj
 0001:00000534       ??_C@_0BD@FHMMIGCI@RtlFirstEntrySList@ 10001534     vc_crt_fix_impl.obj
 0001:00000548       ??_C@_0BA@FGPHPMJB@QueryDepthSList@ 10001548     vc_crt_fix_impl.obj
 0001:00000558       ??_C@_0BJ@NLNFLAMA@GetNumaHighestNodeNumber@ 10001558     vc_crt_fix_impl.obj
 0001:00000574       ??_C@_0BP@KHGALBC@GetLogicalProcessorInformation@ 10001574     vc_crt_fix_impl.obj
 0001:00000594       ??_C@_0BI@BKLFFAPO@SetThreadStackGuarantee@ 10001594     vc_crt_fix_impl.obj
 0001:000005ac       ??_C@_0BM@HCFOFFN@InitializeCriticalSectionEx@ 100015ac     vc_crt_fix_impl.obj
 0001:000005c8       ??_C@_0BA@IHGNDAEB@CompareStringEx@ 100015c8     vc_crt_fix_impl.obj
 0001:000005d8       _IID_IContextMenu          100015d8     shell32:shguid.obj
 0001:000005e8       _IID_IShellFolder          100015e8     shell32:shguid.obj
 0001:000005f8       _IID_IDataObject           100015f8     uuid:objidl_i.obj
 0001:00000608       _IID_IDropTarget           10001608     uuid:oleidl_i.obj
 0001:00000618       __pDefaultRawDllMain       10001618     LIBCMT:dll_dllmain.obj
 0001:00000618       __pRawDllMain              10001618     LIBCMT:dll_dllmain.obj
 0001:00000620       ??_7exception@std@@6B@     10001620     LIBCMT:throw_bad_alloc.obj
 0001:00000628       ??_C@_0BC@EOODALEL@Unknown?5exception@ 10001628     LIBCMT:throw_bad_alloc.obj
 0001:00000640       ??_7bad_alloc@std@@6B@     10001640     LIBCMT:throw_bad_alloc.obj
 0001:00000648       ??_C@_0P@GHFPNOJB@bad?5allocation@ 10001648     LIBCMT:throw_bad_alloc.obj
 0001:0000065c       ??_7bad_array_new_length@std@@6B@ 1000165c     LIBCMT:throw_bad_alloc.obj
 0001:00000664       ??_C@_0BF@KINCDENJ@bad?5array?5new?5length@ 10001664     LIBCMT:throw_bad_alloc.obj
 0001:00000680       ??_7type_info@@6B@         10001680     LIBCMT:std_type_info_static.obj
 0001:0000068c       ??_7_com_error@@6B@        1000168c     comsuppw:comraise.obj
 0001:00000690       __pDestructExceptionObject 10001690     libvcruntime:ehhelpers.obj
 0001:00000a18       ??_C@_08EHJDFFNH@__based?$CI@ 10001a18     libvcruntime:undname.obj
 0001:00000a24       ??_C@_07KOLFKCDI@__cdecl@  10001a24     libvcruntime:undname.obj
 0001:00000a2c       ??_C@_08GHMPAG@__pascal@   10001a2c     libvcruntime:undname.obj
 0001:00000a38       ??_C@_09IFJBGAPI@__stdcall@ 10001a38     libvcruntime:undname.obj
 0001:00000a44       ??_C@_0L@NPHFGOKO@__thiscall@ 10001a44     libvcruntime:undname.obj
 0001:00000a50       ??_C@_0L@JMKHOMEK@__fastcall@ 10001a50     libvcruntime:undname.obj
 0001:00000a5c       ??_C@_0N@BCKKPABJ@__vectorcall@ 10001a5c     libvcruntime:undname.obj
 0001:00000a6c       ??_C@_09HIJEGCPM@__clrcall@ 10001a6c     libvcruntime:undname.obj
 0001:00000a78       ??_C@_06GHPCKEAG@__eabi@   10001a78     libvcruntime:undname.obj
 0001:00000a80       ??_C@_09IOPIDJLG@__swift_1@ 10001a80     libvcruntime:undname.obj
 0001:00000a8c       ??_C@_09KFNFGKHF@__swift_2@ 10001a8c     libvcruntime:undname.obj
 0001:00000a98       ??_C@_07JOMMBBKO@__ptr64@  10001a98     libvcruntime:undname.obj
 0001:00000aa0       ??_C@_0L@PILCLIHE@__restrict@ 10001aa0     libvcruntime:undname.obj
 0001:00000aac       ??_C@_0M@GFIIJFMG@__unaligned@ 10001aac     libvcruntime:undname.obj
 0001:00000ab8       ??_C@_09DHDLOLLB@restrict?$CI@ 10001ab8     libvcruntime:undname.obj
 0001:00000ac2       ??_C@_00CNPNBAHC@@         10001ac2     libvcruntime:undname.obj
 0001:00000ac4       ??_C@_04NIHEBCM@?5new@     10001ac4     libvcruntime:undname.obj
 0001:00000acc       ??_C@_07FPCDHGMM@?5delete@ 10001acc     libvcruntime:undname.obj
 0001:00000ad4       ??_C@_01NEMOKFLO@?$DN@     10001ad4     libvcruntime:undname.obj
 0001:00000ad8       ??_C@_02GPIOPFAK@?$DO?$DO@ 10001ad8     libvcruntime:undname.obj
 0001:00000adc       ??_C@_02FODMEDOG@?$DM?$DM@ 10001adc     libvcruntime:undname.obj
 0001:00000ae0       ??_C@_01DCLJPIOD@?$CB@     10001ae0     libvcruntime:undname.obj
 0001:00000ae4       ??_C@_02EGOFBIJA@?$DN?$DN@ 10001ae4     libvcruntime:undname.obj
 0001:00000ae8       ??_C@_02FDNJECIE@?$CB?$DN@ 10001ae8     libvcruntime:undname.obj
 0001:00000aec       ??_C@_02GPECMEKF@?$FL?$FN@ 10001aec     libvcruntime:undname.obj
 0001:00000af0       ??_C@_08LHJFAFGD@operator@ 10001af0     libvcruntime:undname.obj
 0001:00000afc       ??_C@_02HBOOOICD@?9?$DO@   10001afc     libvcruntime:undname.obj
 0001:00000b00       ??_C@_01NBENCBCI@?$CK@     10001b00     libvcruntime:undname.obj
 0001:00000b04       ??_C@_02ECNGHCIF@?$CL?$CL@ 10001b04     libvcruntime:undname.obj
 0001:00000b08       ??_C@_02BAABKJLB@?9?9@     10001b08     libvcruntime:undname.obj
 0001:00000b0c       ??_C@_01JOAMLHOP@?9@       10001b0c     libvcruntime:undname.obj
 0001:00000b10       ??_C@_01MIFGBAGJ@?$CL@     10001b10     libvcruntime:undname.obj
 0001:00000b14       ??_C@_01HNPIGOCE@?$CG@     10001b14     libvcruntime:undname.obj
 0001:00000b18       ??_C@_03MNHNFDLC@?9?$DO?$CK@ 10001b18     libvcruntime:undname.obj
 0001:00000b1c       ??_C@_01KMDKNFGN@?1@       10001b1c     libvcruntime:undname.obj
 0001:00000b20       ??_C@_01FGNFDNOH@?$CF@     10001b20     libvcruntime:undname.obj
 0001:00000b24       ??_C@_01MNNFJEPP@?$DM@     10001b24     libvcruntime:undname.obj
 0001:00000b28       ??_C@_02EHCHHCKH@?$DM?$DN@ 10001b28     libvcruntime:undname.obj
 0001:00000b2c       ??_C@_01PPODPGHN@?$DO@     10001b2c     libvcruntime:undname.obj
 0001:00000b30       ??_C@_02EEKDKGMJ@?$DO?$DN@ 10001b30     libvcruntime:undname.obj
 0001:00000b34       ??_C@_01IHBHIGKO@?0@       10001b34     libvcruntime:undname.obj
 0001:00000b38       ??_C@_02HCKGKOFO@?$CI?$CJ@ 10001b38     libvcruntime:undname.obj
 0001:00000b3c       ??_C@_01PJKLJHI@?$HO@      10001b3c     libvcruntime:undname.obj
 0001:00000b40       ??_C@_01JKBOJNNK@?$FO@     10001b40     libvcruntime:undname.obj
 0001:00000b44       ??_C@_01DNKMNLPK@?$HM@     10001b44     libvcruntime:undname.obj
 0001:00000b48       ??_C@_02PPKAJPJL@?$CG?$CG@ 10001b48     libvcruntime:undname.obj
 0001:00000b4c       ??_C@_02NONPIBCD@?$HM?$HM@ 10001b4c     libvcruntime:undname.obj
 0001:00000b50       ??_C@_02FPIMKNGF@?$CK?$DN@ 10001b50     libvcruntime:undname.obj
 0001:00000b54       ??_C@_02FOEOMHFC@?$CL?$DN@ 10001b54     libvcruntime:undname.obj
 0001:00000b58       ??_C@_02FKMDLLOA@?9?$DN@   10001b58     libvcruntime:undname.obj
 0001:00000b5c       ??_C@_02FJEHGPIO@?1?$DN@   10001b5c     libvcruntime:undname.obj
 0001:00000b60       ??_C@_02FENAOKFI@?$CF?$DN@ 10001b60     libvcruntime:undname.obj
 0001:00000b64       ??_C@_03IKFCCPFF@?$DO?$DO?$DN@ 10001b64     libvcruntime:undname.obj
 0001:00000b68       ??_C@_03CDNPDDLA@?$DM?$DM?$DN@ 10001b68     libvcruntime:undname.obj
 0001:00000b6c       ??_C@_02FGJGFEAB@?$CG?$DN@ 10001b6c     libvcruntime:undname.obj
 0001:00000b70       ??_C@_02DHLNPPGH@?$HM?$DN@ 10001b70     libvcruntime:undname.obj
 0001:00000b74       ??_C@_02MHEGNOJ@?$FO?$DN@  10001b74     libvcruntime:undname.obj
 0001:00000b78       ??_C@_09IFPLHPGF@?$GAvftable?8@ 10001b78     libvcruntime:undname.obj
 0001:00000b84       ??_C@_09BLBHBJP@?$GAvbtable?8@ 10001b84     libvcruntime:undname.obj
 0001:00000b90       ??_C@_07FEEIOKP@?$GAvcall?8@ 10001b90     libvcruntime:undname.obj
 0001:00000b98       ??_C@_08LLFFHHDJ@?$GAtypeof?8@ 10001b98     libvcruntime:undname.obj
 0001:00000ba4       ??_C@_0BF@KDPPACIK@?$GAlocal?5static?5guard?8@ 10001ba4     libvcruntime:undname.obj
 0001:00000bbc       ??_C@_08OBABFOLI@?$GAstring?8@ 10001bbc     libvcruntime:undname.obj
 0001:00000bc8       ??_C@_0BD@JDLKDPAB@?$GAvbase?5destructor?8@ 10001bc8     libvcruntime:undname.obj
 0001:00000bdc       ??_C@_0BN@DEGPLNFK@?$GAvector?5deleting?5destructor?8@ 10001bdc     libvcruntime:undname.obj
 0001:00000bfc       ??_C@_0BO@OBMKPJIG@?$GAdefault?5constructor?5closure?8@ 10001bfc     libvcruntime:undname.obj
 0001:00000c1c       ??_C@_0BN@IMDCHIKM@?$GAscalar?5deleting?5destructor?8@ 10001c1c     libvcruntime:undname.obj
 0001:00000c3c       ??_C@_0BO@PFGOCPJJ@?$GAvector?5constructor?5iterator?8@ 10001c3c     libvcruntime:undname.obj
 0001:00000c5c       ??_C@_0BN@LFPFMEDL@?$GAvector?5destructor?5iterator?8@ 10001c5c     libvcruntime:undname.obj
 0001:00000c7c       ??_C@_0CE@IKBNEHA@?$GAvector?5vbase?5constructor?5itera@ 10001c7c     libvcruntime:undname.obj
 0001:00000ca0       ??_C@_0BL@NILFHHPC@?$GAvirtual?5displacement?5map?8@ 10001ca0     libvcruntime:undname.obj
 0001:00000cbc       ??_C@_0CB@JONCMFFK@?$GAeh?5vector?5constructor?5iterator@ 10001cbc     libvcruntime:undname.obj
 0001:00000ce0       ??_C@_0CA@GCEOPDGL@?$GAeh?5vector?5destructor?5iterator?8@ 10001ce0     libvcruntime:undname.obj
 0001:00000d00       ??_C@_0CH@OOJPLCPH@?$GAeh?5vector?5vbase?5constructor?5it@ 10001d00     libvcruntime:undname.obj
 0001:00000d28       ??_C@_0BL@LLKPOHJI@?$GAcopy?5constructor?5closure?8@ 10001d28     libvcruntime:undname.obj
 0001:00000d44       ??_C@_0BA@KBCDOMBN@?$GAudt?5returning?8@ 10001d44     libvcruntime:undname.obj
 0001:00000d54       ??_C@_03KLGMFNMG@?$GAEH@   10001d54     libvcruntime:undname.obj
 0001:00000d58       ??_C@_05KHLCHHI@?$GARTTI@  10001d58     libvcruntime:undname.obj
 0001:00000d60       ??_C@_0BA@KKLDJDLB@?$GAlocal?5vftable?8@ 10001d60     libvcruntime:undname.obj
 0001:00000d70       ??_C@_0CE@IIHCMGGL@?$GAlocal?5vftable?5constructor?5clos@ 10001d70     libvcruntime:undname.obj
 0001:00000d94       ??_C@_06FHBGPFGH@?5new?$FL?$FN@ 10001d94     libvcruntime:undname.obj
 0001:00000d9c       ??_C@_09LBNFPBCA@?5delete?$FL?$FN@ 10001d9c     libvcruntime:undname.obj
 0001:00000da8       ??_C@_0P@HJKNJFNN@?$GAomni?5callsig?8@ 10001da8     libvcruntime:undname.obj
 0001:00000db8       ??_C@_0BL@CNOONJFP@?$GAplacement?5delete?5closure?8@ 10001db8     libvcruntime:undname.obj
 0001:00000dd4       ??_C@_0BN@CKNJLHMB@?$GAplacement?5delete?$FL?$FN?5closure?8@ 10001dd4     libvcruntime:undname.obj
 0001:00000df4       ??_C@_0CG@CFDHKGGD@?$GAmanaged?5vector?5constructor?5ite@ 10001df4     libvcruntime:undname.obj
 0001:00000e1c       ??_C@_0CF@IMGKMJNO@?$GAmanaged?5vector?5destructor?5iter@ 10001e1c     libvcruntime:undname.obj
 0001:00000e44       ??_C@_0CG@HLDDJMAG@?$GAeh?5vector?5copy?5constructor?5ite@ 10001e44     libvcruntime:undname.obj
 0001:00000e6c       ??_C@_0CM@FCBBDIGB@?$GAeh?5vector?5vbase?5copy?5construct@ 10001e6c     libvcruntime:undname.obj
 0001:00000e98       ??_C@_0BL@CLIPGLGB@?$GAdynamic?5initializer?5for?5?8@ 10001e98     libvcruntime:undname.obj
 0001:00000eb4       ??_C@_0CB@PDBIFEP@?$GAdynamic?5atexit?5destructor?5for?5@ 10001eb4     libvcruntime:undname.obj
 0001:00000ed8       ??_C@_0CD@CGAJBKEJ@?$GAvector?5copy?5constructor?5iterat@ 10001ed8     libvcruntime:undname.obj
 0001:00000efc       ??_C@_0CJ@GJELGAMM@?$GAvector?5vbase?5copy?5constructor?5@ 10001efc     libvcruntime:undname.obj
 0001:00000f28       ??_C@_0CL@FGIJHLCE@?$GAmanaged?5vector?5copy?5constructo@ 10001f28     libvcruntime:undname.obj
 0001:00000f54       ??_C@_0BM@PMGGMLDN@?$GAlocal?5static?5thread?5guard?8@ 10001f54     libvcruntime:undname.obj
 0001:00000f70       ??_C@_0N@BDNMDMOL@operator?5?$CC?$CC?5@ 10001f70     libvcruntime:undname.obj
 0001:00000f80       ??_C@_0BC@GGEBGALA@operator?5co_await@ 10001f80     libvcruntime:undname.obj
 0001:00000f94       ??_C@_0M@GAAIMMOH@operator?$DM?$DN?$DO@ 10001f94     libvcruntime:undname.obj
 0001:00000fa0       ??_C@_0BC@DAFEJGAK@?5Type?5Descriptor?8@ 10001fa0     libvcruntime:undname.obj
 0001:00000fb4       ??_C@_0BM@LDKODKLH@?5Base?5Class?5Descriptor?5at?5?$CI@ 10001fb4     libvcruntime:undname.obj
 0001:00000fd0       ??_C@_0BD@LGICGFMM@?5Base?5Class?5Array?8@ 10001fd0     libvcruntime:undname.obj
 0001:00000fe4       ??_C@_0BN@MECKDCOJ@?5Class?5Hierarchy?5Descriptor?8@ 10001fe4     libvcruntime:undname.obj
 0001:00001004       ??_C@_0BK@CFCOFLF@?5Complete?5Object?5Locator?8@ 10002004     libvcruntime:undname.obj
 0001:00001020       ??_C@_0BG@JNJLAMPM@?$GAanonymous?5namespace?8@ 10002020     libvcruntime:undname.obj
 0001:00001044       ??_C@_1DM@KHCHBNEB@?$AAa?$AAp?$AAi?$AA?9?$AAm?$AAs?$AA?9?$AAw?$AAi?$AAn?$AA?9?$AAc?$AAo?$AAr?$AAe@ 10002044     libvcruntime:winapi_downlevel.obj
 0001:00001080       ??_C@_1DK@LPPGFMPP@?$AAa?$AAp?$AAi?$AA?9?$AAm?$AAs?$AA?9?$AAw?$AAi?$AAn?$AA?9?$AAc?$AAo?$AAr?$AAe@ 10002080     libvcruntime:winapi_downlevel.obj
 0001:000010bc       ??_C@_1BC@GDMECMAK@?$AAk?$AAe?$AAr?$AAn?$AAe?$AAl?$AA3?$AA2@ 100020bc     libvcruntime:winapi_downlevel.obj
 0001:000010d0       ??_C@_1BA@PFFKHIOG@?$AAa?$AAp?$AAi?$AA?9?$AAm?$AAs?$AA?9@ 100020d0     libvcruntime:winapi_downlevel.obj
 0001:000010e8       ??_C@_08KNHFBNJ@FlsAlloc@  100020e8     libvcruntime:winapi_downlevel.obj
 0001:000010fc       ??_C@_07PEJMOBNF@FlsFree@  100020fc     libvcruntime:winapi_downlevel.obj
 0001:0000110c       ??_C@_0M@GDNOONDI@FlsGetValue@ 1000210c     libvcruntime:winapi_downlevel.obj
 0001:00001120       ??_C@_0M@JCPCPOEF@FlsSetValue@ 10002120     libvcruntime:winapi_downlevel.obj
 0001:00001138       ___acrt_exception_action_table 10002138     libucrt:exception_filter.obj
 0001:000011c8       ___acrt_signal_action_table_count 100021c8     libucrt:exception_filter.obj
 0001:000011cc       ___acrt_signal_action_first_fpe_index 100021cc     libucrt:exception_filter.obj
 0001:000011d0       ___acrt_signal_action_fpe_count 100021d0     libucrt:exception_filter.obj
 0001:000011d4       ??_C@_1BI@BGOHAHKC@?$AAm?$AAs?$AAc?$AAo?$AAr?$AAe?$AAe?$AA?4?$AAd?$AAl?$AAl@ 100021d4     libucrt:exit.obj
 0001:000011ec       ??_C@_0P@MIGLKIOC@CorExitProcess@ 100021ec     libucrt:exit.obj
 0001:000013f8       ??_C@_1M@HPNHIDJI@?$AAj?$AAa?$AA?9?$AAJ?$AAP@ 100023f8     libucrt:mbctype.obj
 0001:00001404       ??_C@_1M@BIBDDEMK@?$AAz?$AAh?$AA?9?$AAC?$AAN@ 10002404     libucrt:mbctype.obj
 0001:00001410       ??_C@_1M@JLOOOEGK@?$AAk?$AAo?$AA?9?$AAK?$AAR@ 10002410     libucrt:mbctype.obj
 0001:0000141c       ??_C@_1M@CLNBBOPM@?$AAz?$AAh?$AA?9?$AAT?$AAW@ 1000241c     libucrt:mbctype.obj
 0001:00001478       ??_C@_1EA@JGEFHKEI@?$AAa?$AAp?$AAi?$AA?9?$AAm?$AAs?$AA?9?$AAw?$AAi?$AAn?$AA?9?$AAc?$AAo?$AAr?$AAe@ 10002478     libucrt:winapi_thunks.obj
 0001:000014b8       ??_C@_1DI@IJCEHOCB@?$AAa?$AAp?$AAi?$AA?9?$AAm?$AAs?$AA?9?$AAw?$AAi?$AAn?$AA?9?$AAc?$AAo?$AAr?$AAe@ 100024b8     libucrt:winapi_thunks.obj
 0001:000014f0       ??_C@_1EI@MPIAOHOC@?$AAa?$AAp?$AAi?$AA?9?$AAm?$AAs?$AA?9?$AAw?$AAi?$AAn?$AA?9?$AAc?$AAo?$AAr?$AAe@ 100024f0     libucrt:winapi_thunks.obj
 0001:00001538       ??_C@_1FK@FPHCKFIE@?$AAa?$AAp?$AAi?$AA?9?$AAm?$AAs?$AA?9?$AAw?$AAi?$AAn?$AA?9?$AAc?$AAo?$AAr?$AAe@ 10002538     libucrt:winapi_thunks.obj
 0001:00001598       ??_C@_1EM@DILCGIIO@?$AAa?$AAp?$AAi?$AA?9?$AAm?$AAs?$AA?9?$AAw?$AAi?$AAn?$AA?9?$AAc?$AAo?$AAr?$AAe@ 10002598     libucrt:winapi_thunks.obj
 0001:000015e4       ??_C@_1DM@LNCGDDPN@?$AAa?$AAp?$AAi?$AA?9?$AAm?$AAs?$AA?9?$AAw?$AAi?$AAn?$AA?9?$AAc?$AAo?$AAr?$AAe@ 100025e4     libucrt:winapi_thunks.obj
 0001:00001620       ??_C@_1DO@FPAPJEMD@?$AAa?$AAp?$AAi?$AA?9?$AAm?$AAs?$AA?9?$AAw?$AAi?$AAn?$AA?9?$AAc?$AAo?$AAr?$AAe@ 10002620     libucrt:winapi_thunks.obj
 0001:00001660       ??_C@_1DK@NDHNAHIO@?$AAa?$AAp?$AAi?$AA?9?$AAm?$AAs?$AA?9?$AAw?$AAi?$AAn?$AA?9?$AAc?$AAo?$AAr?$AAe@ 10002660     libucrt:winapi_thunks.obj
 0001:0000169c       ??_C@_1DM@KGHDGBCM@?$AAa?$AAp?$AAi?$AA?9?$AAm?$AAs?$AA?9?$AAw?$AAi?$AAn?$AA?9?$AAc?$AAo?$AAr?$AAe@ 1000269c     libucrt:winapi_thunks.obj
 0001:000016d8       ??_C@_1EO@IJIOEFOH@?$AAa?$AAp?$AAi?$AA?9?$AAm?$AAs?$AA?9?$AAw?$AAi?$AAn?$AA?9?$AAr?$AAt?$AAc?$AAo@ 100026d8     libucrt:winapi_thunks.obj
 0001:00001728       ??_C@_1FG@HHGEKANL@?$AAa?$AAp?$AAi?$AA?9?$AAm?$AAs?$AA?9?$AAw?$AAi?$AAn?$AA?9?$AAs?$AAe?$AAc?$AAu@ 10002728     libucrt:winapi_thunks.obj
 0001:00001780       ??_C@_1EG@DBIOJECG@?$AAe?$AAx?$AAt?$AA?9?$AAm?$AAs?$AA?9?$AAw?$AAi?$AAn?$AA?9?$AAn?$AAt?$AAu?$AAs@ 10002780     libucrt:winapi_thunks.obj
 0001:000017c8       ??_C@_1EO@FIHMJCLF@?$AAe?$AAx?$AAt?$AA?9?$AAm?$AAs?$AA?9?$AAw?$AAi?$AAn?$AA?9?$AAn?$AAt?$AAu?$AAs@ 100027c8     libucrt:winapi_thunks.obj
 0001:00001818       ??_C@_1BC@DNHGCMLG@?$AAa?$AAd?$AAv?$AAa?$AAp?$AAi?$AA3?$AA2@ 10002818     libucrt:winapi_thunks.obj
 0001:0000182c       ??_C@_1M@OAIMIKLP@?$AAn?$AAt?$AAd?$AAl?$AAl@ 1000282c     libucrt:winapi_thunks.obj
 0001:00001838       ??_C@_1EG@DPGNFKGC@?$AAa?$AAp?$AAi?$AA?9?$AAm?$AAs?$AA?9?$AAw?$AAi?$AAn?$AA?9?$AAa?$AAp?$AAp?$AAm@ 10002838     libucrt:winapi_thunks.obj
 0001:00001880       ??_C@_1O@BCCLBEOE@?$AAu?$AAs?$AAe?$AAr?$AA3?$AA2@ 10002880     libucrt:winapi_thunks.obj
 0001:00001890       ??_C@_1BA@IAIFMGEF@?$AAe?$AAx?$AAt?$AA?9?$AAm?$AAs?$AA?9@ 10002890     libucrt:winapi_thunks.obj
 0001:000018a4       ??_C@_0BA@FHFNEAED@AreFileApisANSI@ 100028a4     libucrt:winapi_thunks.obj
 0001:000018e4       ??_C@_0O@KKBNKAPF@LCMapStringEx@ 100028e4     libucrt:winapi_thunks.obj
 0001:000018fc       ??_C@_0BB@HBDEELFH@LocaleNameToLCID@ 100028fc     libucrt:winapi_thunks.obj
 0001:00001914       ??_C@_0CF@OJOFEIGO@AppPolicyGetProcessTerminationM@ 10002914     libucrt:winapi_thunks.obj
 0001:00001940       ___lc_time_c               10002940     libucrt:nlsdata.obj
 0001:00001aa4       ??_C@_03KOEHGMDN@Sun@      10002aa4     libucrt:nlsdata.obj
 0001:00001aa8       ??_C@_03PDAGKDH@Mon@       10002aa8     libucrt:nlsdata.obj
 0001:00001aac       ??_C@_03NAGEINEP@Tue@      10002aac     libucrt:nlsdata.obj
 0001:00001ab0       ??_C@_03MHOMLAJA@Wed@      10002ab0     libucrt:nlsdata.obj
 0001:00001ab4       ??_C@_03IOFIKPDN@Thu@      10002ab4     libucrt:nlsdata.obj
 0001:00001ab8       ??_C@_03IDIOELNC@Fri@      10002ab8     libucrt:nlsdata.obj
 0001:00001abc       ??_C@_03FEFJNEK@Sat@       10002abc     libucrt:nlsdata.obj
 0001:00001ac0       ??_C@_06OOPIFAJ@Sunday@    10002ac0     libucrt:nlsdata.obj
 0001:00001ac8       ??_C@_06JLEDEDGH@Monday@   10002ac8     libucrt:nlsdata.obj
 0001:00001ad0       ??_C@_07BAAGCFCM@Tuesday@  10002ad0     libucrt:nlsdata.obj
 0001:00001ad8       ??_C@_09DLIGFAKA@Wednesday@ 10002ad8     libucrt:nlsdata.obj
 0001:00001ae4       ??_C@_08HACCIKIA@Thursday@ 10002ae4     libucrt:nlsdata.obj
 0001:00001af0       ??_C@_06JECMNKMI@Friday@   10002af0     libucrt:nlsdata.obj
 0001:00001af8       ??_C@_08INBOOONO@Saturday@ 10002af8     libucrt:nlsdata.obj
 0001:00001b04       ??_C@_03JIHJHPIE@Jan@      10002b04     libucrt:nlsdata.obj
 0001:00001b08       ??_C@_03HJBDCHOM@Feb@      10002b08     libucrt:nlsdata.obj
 0001:00001b0c       ??_C@_03ODNJBKGA@Mar@      10002b0c     libucrt:nlsdata.obj
 0001:00001b10       ??_C@_03LEOLGMJP@Apr@      10002b10     libucrt:nlsdata.obj
 0001:00001b14       ??_C@_03CNMDKL@May@        10002b14     libucrt:nlsdata.obj
 0001:00001b18       ??_C@_03IDFGHECI@Jun@      10002b18     libucrt:nlsdata.obj
 0001:00001b1c       ??_C@_03LBGABGKK@Jul@      10002b1c     libucrt:nlsdata.obj
 0001:00001b20       ??_C@_03IFJFEIGA@Aug@      10002b20     libucrt:nlsdata.obj
 0001:00001b24       ??_C@_03GGCAPAJC@Sep@      10002b24     libucrt:nlsdata.obj
 0001:00001b28       ??_C@_03BMAOKBAD@Oct@      10002b28     libucrt:nlsdata.obj
 0001:00001b2c       ??_C@_03JPJOFNIA@Nov@      10002b2c     libucrt:nlsdata.obj
 0001:00001b30       ??_C@_03MKABNOCG@Dec@      10002b30     libucrt:nlsdata.obj
 0001:00001b34       ??_C@_07CGJPFGJA@January@  10002b34     libucrt:nlsdata.obj
 0001:00001b3c       ??_C@_08GNJGEPFN@February@ 10002b3c     libucrt:nlsdata.obj
 0001:00001b48       ??_C@_05HPCKOFNC@March@    10002b48     libucrt:nlsdata.obj
 0001:00001b50       ??_C@_05DMJDNLEJ@April@    10002b50     libucrt:nlsdata.obj
 0001:00001b58       ??_C@_04CNLMGBGM@June@     10002b58     libucrt:nlsdata.obj
 0001:00001b60       ??_C@_04MIEPOIFP@July@     10002b60     libucrt:nlsdata.obj
 0001:00001b68       ??_C@_06LBBHFDDG@August@   10002b68     libucrt:nlsdata.obj
 0001:00001b70       ??_C@_09BHHEALKD@September@ 10002b70     libucrt:nlsdata.obj
 0001:00001b7c       ??_C@_07JJNFCEND@October@  10002b7c     libucrt:nlsdata.obj
 0001:00001b84       ??_C@_08HCHEGEOA@November@ 10002b84     libucrt:nlsdata.obj
 0001:00001b90       ??_C@_08EDHMEBNP@December@ 10002b90     libucrt:nlsdata.obj
 0001:00001b9c       ??_C@_02DEDBPAFC@AM@       10002b9c     libucrt:nlsdata.obj
 0001:00001ba0       ??_C@_02CJNFDJBF@PM@       10002ba0     libucrt:nlsdata.obj
 0001:00001ba4       ??_C@_08BPBNCDIB@MM?1dd?1yy@ 10002ba4     libucrt:nlsdata.obj
 0001:00001bb0       ??_C@_0BE@CKGJFCPC@dddd?0?5MMMM?5dd?0?5yyyy@ 10002bb0     libucrt:nlsdata.obj
 0001:00001bc4       ??_C@_08JCCMCCIL@HH?3mm?3ss@ 10002bc4     libucrt:nlsdata.obj
 0001:00001bd0       ??_C@_17MBGCMIPB@?$AAS?$AAu?$AAn@ 10002bd0     libucrt:nlsdata.obj
 0001:00001bd8       ??_C@_17KBOMKBF@?$AAM?$AAo?$AAn@ 10002bd8     libucrt:nlsdata.obj
 0001:00001be0       ??_C@_17BMKGEGOJ@?$AAT?$AAu?$AAe@ 10002be0     libucrt:nlsdata.obj
 0001:00001be8       ??_C@_17CJEDCEPE@?$AAW?$AAe?$AAd@ 10002be8     libucrt:nlsdata.obj
 0001:00001bf0       ??_C@_17PDPHAADD@?$AAT?$AAh?$AAu@ 10002bf0     libucrt:nlsdata.obj
 0001:00001bf8       ??_C@_17HFOLPPLP@?$AAF?$AAr?$AAi@ 10002bf8     libucrt:nlsdata.obj
 0001:00001c00       ??_C@_17GGIBDPIH@?$AAS?$AAa?$AAt@ 10002c00     libucrt:nlsdata.obj
 0001:00001c08       ??_C@_1O@IHNHDHPB@?$AAS?$AAu?$AAn?$AAd?$AAa?$AAy@ 10002c08     libucrt:nlsdata.obj
 0001:00001c18       ??_C@_1O@MMNBFLIA@?$AAM?$AAo?$AAn?$AAd?$AAa?$AAy@ 10002c18     libucrt:nlsdata.obj
 0001:00001c28       ??_C@_1BA@ENFBFFEK@?$AAT?$AAu?$AAe?$AAs?$AAd?$AAa?$AAy@ 10002c28     libucrt:nlsdata.obj
 0001:00001c38       ??_C@_1BE@EBOGMDOH@?$AAW?$AAe?$AAd?$AAn?$AAe?$AAs?$AAd?$AAa?$AAy@ 10002c38     libucrt:nlsdata.obj
 0001:00001c4c       ??_C@_1BC@HHMNLIHE@?$AAT?$AAh?$AAu?$AAr?$AAs?$AAd?$AAa?$AAy@ 10002c4c     libucrt:nlsdata.obj
 0001:00001c60       ??_C@_1O@PDICJHAG@?$AAF?$AAr?$AAi?$AAd?$AAa?$AAy@ 10002c60     libucrt:nlsdata.obj
 0001:00001c70       ??_C@_1BC@ENMNNPAJ@?$AAS?$AAa?$AAt?$AAu?$AAr?$AAd?$AAa?$AAy@ 10002c70     libucrt:nlsdata.obj
 0001:00001c84       ??_C@_17DKNBKCHM@?$AAJ?$AAa?$AAn@ 10002c84     libucrt:nlsdata.obj
 0001:00001c8c       ??_C@_17LMDJEKJN@?$AAF?$AAe?$AAb@ 10002c8c     libucrt:nlsdata.obj
 0001:00001c94       ??_C@_17CKNLEDEC@?$AAM?$AAa?$AAr@ 10002c94     libucrt:nlsdata.obj
 0001:00001c9c       ??_C@_17LFPOIHDD@?$AAA?$AAp?$AAr@ 10002c9c     libucrt:nlsdata.obj
 0001:00001ca4       ??_C@_17PNNKMEED@?$AAM?$AAa?$AAy@ 10002ca4     libucrt:nlsdata.obj
 0001:00001cac       ??_C@_17KCJGOCPB@?$AAJ?$AAu?$AAn@ 10002cac     libucrt:nlsdata.obj
 0001:00001cb4       ??_C@_17IJPCKHK@?$AAJ?$AAu?$AAl@ 10002cb4     libucrt:nlsdata.obj
 0001:00001cbc       ??_C@_17ICPELBCN@?$AAA?$AAu?$AAg@ 10002cbc     libucrt:nlsdata.obj
 0001:00001cc4       ??_C@_17HCHCOKMG@?$AAS?$AAe?$AAp@ 10002cc4     libucrt:nlsdata.obj
 0001:00001ccc       ??_C@_17FNLKOI@?$AAO?$AAc?$AAt@ 10002ccc     libucrt:nlsdata.obj
 0001:00001cd4       ??_C@_17BBDMLCIG@?$AAN?$AAo?$AAv@ 10002cd4     libucrt:nlsdata.obj
 0001:00001cdc       ??_C@_17EGKACKIF@?$AAD?$AAe?$AAc@ 10002cdc     libucrt:nlsdata.obj
 0001:00001ce4       ??_C@_1BA@EFMEIEBA@?$AAJ?$AAa?$AAn?$AAu?$AAa?$AAr?$AAy@ 10002ce4     libucrt:nlsdata.obj
 0001:00001cf4       ??_C@_1BC@JGDDFFAM@?$AAF?$AAe?$AAb?$AAr?$AAu?$AAa?$AAr?$AAy@ 10002cf4     libucrt:nlsdata.obj
 0001:00001d08       ??_C@_1M@IKEENEDF@?$AAM?$AAa?$AAr?$AAc?$AAh@ 10002d08     libucrt:nlsdata.obj
 0001:00001d14       ??_C@_1M@GJNLMHFD@?$AAA?$AAp?$AAr?$AAi?$AAl@ 10002d14     libucrt:nlsdata.obj
 0001:00001d20       ??_C@_19EPFLPGAP@?$AAJ?$AAu?$AAn?$AAe@ 10002d20     libucrt:nlsdata.obj
 0001:00001d2c       ??_C@_19BIFMLPCD@?$AAJ?$AAu?$AAl?$AAy@ 10002d2c     libucrt:nlsdata.obj
 0001:00001d38       ??_C@_1O@PAHLKOAC@?$AAA?$AAu?$AAg?$AAu?$AAs?$AAt@ 10002d38     libucrt:nlsdata.obj
 0001:00001d48       ??_C@_1BE@DKAAMBJL@?$AAS?$AAe?$AAp?$AAt?$AAe?$AAm?$AAb?$AAe?$AAr@ 10002d48     libucrt:nlsdata.obj
 0001:00001d5c       ??_C@_1BA@EPANDLNG@?$AAO?$AAc?$AAt?$AAo?$AAb?$AAe?$AAr@ 10002d5c     libucrt:nlsdata.obj
 0001:00001d6c       ??_C@_1BC@BGLIFPF@?$AAN?$AAo?$AAv?$AAe?$AAm?$AAb?$AAe?$AAr@ 10002d6c     libucrt:nlsdata.obj
 0001:00001d80       ??_C@_1BC@FEMKIFH@?$AAD?$AAe?$AAc?$AAe?$AAm?$AAb?$AAe?$AAr@ 10002d80     libucrt:nlsdata.obj
 0001:00001d94       ??_C@_15ODEHAHHF@?$AAA?$AAM@ 10002d94     libucrt:nlsdata.obj
 0001:00001d9c       ??_C@_15CLMNNGEL@?$AAP?$AAM@ 10002d9c     libucrt:nlsdata.obj
 0001:00001da4       ??_C@_1BC@IEBCMHCM@?$AAM?$AAM?$AA?1?$AAd?$AAd?$AA?1?$AAy?$AAy@ 10002da4     libucrt:nlsdata.obj
 0001:00001db8       ??_C@_1CI@KNAKOEBC@?$AAd?$AAd?$AAd?$AAd?$AA?0?$AA?5?$AAM?$AAM?$AAM?$AAM?$AA?5?$AAd?$AAd?$AA?0?$AA?5@ 10002db8     libucrt:nlsdata.obj
 0001:00001de0       ??_C@_1BC@GDGBMEMK@?$AAH?$AAH?$AA?3?$AAm?$AAm?$AA?3?$AAs?$AAs@ 10002de0     libucrt:nlsdata.obj
 0001:00001df4       ??_C@_1M@BMHNFIME@?$AAe?$AAn?$AA?9?$AAU?$AAS@ 10002df4     libucrt:nlsdata.obj
 0001:00001e00       ___newctype                10002e00     libucrt:ctype.obj
 0001:00002100       ___newclmap                10003100     libucrt:ctype.obj
 0001:00002280       ___newcumap                10003280     libucrt:ctype.obj
 0001:00002b20       ??_C@_15EMKDOKLE@?$AAa?$AAr@ 10003b20     libucrt:lcidtoname_downlevel.obj
 0001:00002b28       ??_C@_15KNPADPLH@?$AAb?$AAg@ 10003b28     libucrt:lcidtoname_downlevel.obj
 0001:00002b30       ??_C@_15EDMHLDMO@?$AAc?$AAa@ 10003b30     libucrt:lcidtoname_downlevel.obj
 0001:00002b38       ??_C@_1O@BPEAJADD@?$AAz?$AAh?$AA?9?$AAC?$AAH?$AAS@ 10003b38     libucrt:lcidtoname_downlevel.obj
 0001:00002b48       ??_C@_15LJNHCMNK@?$AAc?$AAs@ 10003b48     libucrt:lcidtoname_downlevel.obj
 0001:00002b50       ??_C@_15FOMCIDHG@?$AAd?$AAa@ 10003b50     libucrt:lcidtoname_downlevel.obj
 0001:00002b58       ??_C@_15NBKABECB@?$AAd?$AAe@ 10003b58     libucrt:lcidtoname_downlevel.obj
 0001:00002b60       ??_C@_15GHPEIIAO@?$AAe?$AAl@ 10003b60     libucrt:lcidtoname_downlevel.obj
 0001:00002b68       ??_C@_15MNPNEAIF@?$AAe?$AAn@ 10003b68     libucrt:lcidtoname_downlevel.obj
 0001:00002b70       ??_C@_15GPIOMPMH@?$AAe?$AAs@ 10003b70     libucrt:lcidtoname_downlevel.obj
 0001:00002b78       ??_C@_15NGLOAKJC@?$AAf?$AAi@ 10003b78     libucrt:lcidtoname_downlevel.obj
 0001:00002b80       ??_C@_15FBKGNKAM@?$AAf?$AAr@ 10003b80     libucrt:lcidtoname_downlevel.obj
 0001:00002b88       ??_C@_15KGGCNEFK@?$AAh?$AAe@ 10003b88     libucrt:lcidtoname_downlevel.obj
 0001:00002b90       ??_C@_15PGHLIDMF@?$AAh?$AAu@ 10003b90     libucrt:lcidtoname_downlevel.obj
 0001:00002b98       ??_C@_15BIEMAPLM@?$AAi?$AAs@ 10003b98     libucrt:lcidtoname_downlevel.obj
 0001:00002ba0       ??_C@_15IFJLDHAF@?$AAi?$AAt@ 10003ba0     libucrt:lcidtoname_downlevel.obj
 0001:00002ba8       ??_C@_15GEMIOCAG@?$AAj?$AAa@ 10003ba8     libucrt:lcidtoname_downlevel.obj
 0001:00002bb0       ??_C@_15EPELEGJA@?$AAk?$AAo@ 10003bb0     libucrt:lcidtoname_downlevel.obj
 0001:00002bb8       ??_C@_15NDDHIMN@?$AAn?$AAl@ 10003bb8     libucrt:lcidtoname_downlevel.obj
 0001:00002bc0       ??_C@_15BPIGNHCD@?$AAn?$AAo@ 10003bc0     libucrt:lcidtoname_downlevel.obj
 0001:00002bc8       ??_C@_15DEOPBLCG@?$AAp?$AAl@ 10003bc8     libucrt:lcidtoname_downlevel.obj
 0001:00002bd0       ??_C@_15KBECGEFG@?$AAp?$AAt@ 10003bd0     libucrt:lcidtoname_downlevel.obj
 0001:00002bd8       ??_C@_15GLJCBFMD@?$AAr?$AAo@ 10003bd8     libucrt:lcidtoname_downlevel.obj
 0001:00002be0       ??_C@_15FEDGKCDI@?$AAr?$AAu@ 10003be0     libucrt:lcidtoname_downlevel.obj
 0001:00002be8       ??_C@_15GLKMLLHM@?$AAh?$AAr@ 10003be8     libucrt:lcidtoname_downlevel.obj
 0001:00002bf0       ??_C@_15CPKMFBDB@?$AAs?$AAk@ 10003bf0     libucrt:lcidtoname_downlevel.obj
 0001:00002bf8       ??_C@_15BAAIOGMK@?$AAs?$AAq@ 10003bf8     libucrt:lcidtoname_downlevel.obj
 0001:00002c00       ??_C@_15INNPNOHD@?$AAs?$AAv@ 10003c00     libucrt:lcidtoname_downlevel.obj
 0001:00002c08       ??_C@_15CABMMOGH@?$AAt?$AAh@ 10003c08     libucrt:lcidtoname_downlevel.obj
 0001:00002c10       ??_C@_15BPLIHJJM@?$AAt?$AAr@ 10003c10     libucrt:lcidtoname_downlevel.obj
 0001:00002c18       ??_C@_15NEOEKKDJ@?$AAu?$AAr@ 10003c18     libucrt:lcidtoname_downlevel.obj
 0001:00002c20       ??_C@_15NFICGAJK@?$AAi?$AAd@ 10003c20     libucrt:lcidtoname_downlevel.obj
 0001:00002c28       ??_C@_15PJPFLCCM@?$AAu?$AAk@ 10003c28     libucrt:lcidtoname_downlevel.obj
 0001:00002c30       ??_C@_15HPJPHDM@?$AAb?$AAe@ 10003c30     libucrt:lcidtoname_downlevel.obj
 0001:00002c38       ??_C@_15LCHLGJII@?$AAs?$AAl@ 10003c38     libucrt:lcidtoname_downlevel.obj
 0001:00002c40       ??_C@_15PCFJPHHO@?$AAe?$AAt@ 10003c40     libucrt:lcidtoname_downlevel.obj
 0001:00002c48       ??_C@_15HPFPGODN@?$AAl?$AAv@ 10003c48     libucrt:lcidtoname_downlevel.obj
 0001:00002c50       ??_C@_15NFFGKGLG@?$AAl?$AAt@ 10003c50     libucrt:lcidtoname_downlevel.obj
 0001:00002c58       ??_C@_15BDAKCCHN@?$AAf?$AAa@ 10003c58     libucrt:lcidtoname_downlevel.obj
 0001:00002c60       ??_C@_15NFGIAIAJ@?$AAv?$AAi@ 10003c60     libucrt:lcidtoname_downlevel.obj
 0001:00002c68       ??_C@_15LMKNDMHN@?$AAh?$AAy@ 10003c68     libucrt:lcidtoname_downlevel.obj
 0001:00002c70       ??_C@_15IJBHMCFL@?$AAa?$AAz@ 10003c70     libucrt:lcidtoname_downlevel.obj
 0001:00002c78       ??_C@_15EKOFJABL@?$AAe?$AAu@ 10003c78     libucrt:lcidtoname_downlevel.obj
 0001:00002c80       ??_C@_15BGHADCNK@?$AAm?$AAk@ 10003c80     libucrt:lcidtoname_downlevel.obj
 0001:00002c88       ??_C@_15JDNICKHM@?$AAa?$AAf@ 10003c88     libucrt:lcidtoname_downlevel.obj
 0001:00002c90       ??_C@_15KPJEDBKD@?$AAk?$AAa@ 10003c90     libucrt:lcidtoname_downlevel.obj
 0001:00002c98       ??_C@_15PDNFFFEO@?$AAf?$AAo@ 10003c98     libucrt:lcidtoname_downlevel.obj
 0001:00002ca0       ??_C@_15OMLEGLOC@?$AAh?$AAi@ 10003ca0     libucrt:lcidtoname_downlevel.obj
 0001:00002ca8       ??_C@_15IDNNENKK@?$AAm?$AAs@ 10003ca8     libucrt:lcidtoname_downlevel.obj
 0001:00002cb0       ??_C@_15MACJNBMH@?$AAk?$AAk@ 10003cb0     libucrt:lcidtoname_downlevel.obj
 0001:00002cb8       ??_C@_15DKDJEOND@?$AAk?$AAy@ 10003cb8     libucrt:lcidtoname_downlevel.obj
 0001:00002cc0       ??_C@_15DFGDLJBG@?$AAs?$AAw@ 10003cc0     libucrt:lcidtoname_downlevel.obj
 0001:00002cc8       ??_C@_15BBFAICNG@?$AAu?$AAz@ 10003cc8     libucrt:lcidtoname_downlevel.obj
 0001:00002cd0       ??_C@_15DKNDCGEA@?$AAt?$AAt@ 10003cd0     libucrt:lcidtoname_downlevel.obj
 0001:00002cd8       ??_C@_15MGIFMDPL@?$AAp?$AAa@ 10003cd8     libucrt:lcidtoname_downlevel.obj
 0001:00002ce0       ??_C@_15HCNDBBA@?$AAg?$AAu@ 10003ce0     libucrt:lcidtoname_downlevel.obj
 0001:00002ce8       ??_C@_15FNBEIBON@?$AAt?$AAa@ 10003ce8     libucrt:lcidtoname_downlevel.obj
 0001:00002cf0       ??_C@_15NCHGBGLK@?$AAt?$AAe@ 10003cf0     libucrt:lcidtoname_downlevel.obj
 0001:00002cf8       ??_C@_15PHPHCBPF@?$AAk?$AAn@ 10003cf8     libucrt:lcidtoname_downlevel.obj
 0001:00002d00       ??_C@_15DLGBCKMP@?$AAm?$AAr@ 10003d00     libucrt:lcidtoname_downlevel.obj
 0001:00002d08       ??_C@_15EABBLBFF@?$AAs?$AAa@ 10003d08     libucrt:lcidtoname_downlevel.obj
 0001:00002d10       ??_C@_15CBKOMCOI@?$AAm?$AAn@ 10003d10     libucrt:lcidtoname_downlevel.obj
 0001:00002d18       ??_C@_15CKDMCJAF@?$AAg?$AAl@ 10003d18     libucrt:lcidtoname_downlevel.obj
 0001:00002d20       ??_C@_17CNJFBPG@?$AAk?$AAo?$AAk@ 10003d20     libucrt:lcidtoname_downlevel.obj
 0001:00002d28       ??_C@_17FFBJICPL@?$AAs?$AAy?$AAr@ 10003d28     libucrt:lcidtoname_downlevel.obj
 0001:00002d30       ??_C@_17KPNDCPAF@?$AAd?$AAi?$AAv@ 10003d30     libucrt:lcidtoname_downlevel.obj
 0001:00002d38       ??_C@_1M@OKAHONE@?$AAa?$AAr?$AA?9?$AAS?$AAA@ 10003d38     libucrt:lcidtoname_downlevel.obj
 0001:00002d44       ??_C@_1M@FFFIGIGK@?$AAb?$AAg?$AA?9?$AAB?$AAG@ 10003d44     libucrt:lcidtoname_downlevel.obj
 0001:00002d50       ??_C@_1M@BJNKEDC@?$AAc?$AAa?$AA?9?$AAE?$AAS@ 10003d50     libucrt:lcidtoname_downlevel.obj
 0001:00002d5c       ??_C@_1M@IJJHFJHA@?$AAc?$AAs?$AA?9?$AAC?$AAZ@ 10003d5c     libucrt:lcidtoname_downlevel.obj
 0001:00002d68       ??_C@_1M@CLPEOBGI@?$AAd?$AAa?$AA?9?$AAD?$AAK@ 10003d68     libucrt:lcidtoname_downlevel.obj
 0001:00002d74       ??_C@_1M@MCMADGCB@?$AAd?$AAe?$AA?9?$AAD?$AAE@ 10003d74     libucrt:lcidtoname_downlevel.obj
 0001:00002d80       ??_C@_1M@OOCKEMAM@?$AAe?$AAl?$AA?9?$AAG?$AAR@ 10003d80     libucrt:lcidtoname_downlevel.obj
 0001:00002d8c       ??_C@_1M@DDNJFGID@?$AAf?$AAi?$AA?9?$AAF?$AAI@ 10003d8c     libucrt:lcidtoname_downlevel.obj
 0001:00002d98       ??_C@_1M@GLIPPMAC@?$AAf?$AAr?$AA?9?$AAF?$AAR@ 10003d98     libucrt:lcidtoname_downlevel.obj
 0001:00002da4       ??_C@_1M@GFMCHPE@?$AAh?$AAe?$AA?9?$AAI?$AAL@ 10003da4     libucrt:lcidtoname_downlevel.obj
 0001:00002db0       ??_C@_1M@MHLPGNKM@?$AAh?$AAu?$AA?9?$AAH?$AAU@ 10003db0     libucrt:lcidtoname_downlevel.obj
 0001:00002dbc       ??_C@_1M@LPDDNNPN@?$AAi?$AAs?$AA?9?$AAI?$AAS@ 10003dbc     libucrt:lcidtoname_downlevel.obj
 0001:00002dc8       ??_C@_1M@MADIPODN@?$AAi?$AAt?$AA?9?$AAI?$AAT@ 10003dc8     libucrt:lcidtoname_downlevel.obj
 0001:00002dd4       ??_C@_1M@IHBJJGG@?$AAn?$AAl?$AA?9?$AAN?$AAL@ 10003dd4     libucrt:lcidtoname_downlevel.obj
 0001:00002de0       ??_C@_1M@EANAGDL@?$AAn?$AAb?$AA?9?$AAN?$AAO@ 10003de0     libucrt:lcidtoname_downlevel.obj
 0001:00002dec       ??_C@_1M@NEIEMEGP@?$AAp?$AAl?$AA?9?$AAP?$AAL@ 10003dec     libucrt:lcidtoname_downlevel.obj
 0001:00002df8       ??_C@_1M@BOCFIGEP@?$AAp?$AAt?$AA?9?$AAB?$AAR@ 10003df8     libucrt:lcidtoname_downlevel.obj
 0001:00002e04       ??_C@_1M@IMPFOPBG@?$AAr?$AAo?$AA?9?$AAR?$AAO@ 10003e04     libucrt:lcidtoname_downlevel.obj
 0001:00002e10       ??_C@_1M@IDNNEJMM@?$AAr?$AAu?$AA?9?$AAR?$AAU@ 10003e10     libucrt:lcidtoname_downlevel.obj
 0001:00002e1c       ??_C@_1M@LILEEOGM@?$AAh?$AAr?$AA?9?$AAH?$AAR@ 10003e1c     libucrt:lcidtoname_downlevel.obj
 0001:00002e28       ??_C@_1M@FKIFEHPB@?$AAs?$AAk?$AA?9?$AAS?$AAK@ 10003e28     libucrt:lcidtoname_downlevel.obj
 0001:00002e34       ??_C@_1M@LJMAMNPJ@?$AAs?$AAq?$AA?9?$AAA?$AAL@ 10003e34     libucrt:lcidtoname_downlevel.obj
 0001:00002e40       ??_C@_1M@GIAKDKJK@?$AAs?$AAv?$AA?9?$AAS?$AAE@ 10003e40     libucrt:lcidtoname_downlevel.obj
 0001:00002e4c       ??_C@_1M@MKJKIKCL@?$AAt?$AAh?$AA?9?$AAT?$AAH@ 10003e4c     libucrt:lcidtoname_downlevel.obj
 0001:00002e58       ??_C@_1M@MFLCCMPB@?$AAt?$AAr?$AA?9?$AAT?$AAR@ 10003e58     libucrt:lcidtoname_downlevel.obj
 0001:00002e64       ??_C@_1M@OIJHDKJN@?$AAu?$AAr?$AA?9?$AAP?$AAK@ 10003e64     libucrt:lcidtoname_downlevel.obj
 0001:00002e70       ??_C@_1M@LHIPCIEK@?$AAi?$AAd?$AA?9?$AAI?$AAD@ 10003e70     libucrt:lcidtoname_downlevel.obj
 0001:00002e7c       ??_C@_1M@MFMOBGI@?$AAu?$AAk?$AA?9?$AAU?$AAA@ 10003e7c     libucrt:lcidtoname_downlevel.obj
 0001:00002e88       ??_C@_1M@OBGLJIPL@?$AAb?$AAe?$AA?9?$AAB?$AAY@ 10003e88     libucrt:lcidtoname_downlevel.obj
 0001:00002e94       ??_C@_1M@BCFAJEAD@?$AAs?$AAl?$AA?9?$AAS?$AAI@ 10003e94     libucrt:lcidtoname_downlevel.obj
 0001:00002ea0       ??_C@_1M@FKFFEDDN@?$AAe?$AAt?$AA?9?$AAE?$AAE@ 10003ea0     libucrt:lcidtoname_downlevel.obj
 0001:00002eac       ??_C@_1M@KGKKAACI@?$AAl?$AAv?$AA?9?$AAL?$AAV@ 10003eac     libucrt:lcidtoname_downlevel.obj
 0001:00002eb8       ??_C@_1M@IFGBIJO@?$AAl?$AAt?$AA?9?$AAL?$AAT@ 10003eb8     libucrt:lcidtoname_downlevel.obj
 0001:00002ec4       ??_C@_1M@FGEAHEDM@?$AAf?$AAa?$AA?9?$AAI?$AAR@ 10003ec4     libucrt:lcidtoname_downlevel.obj
 0001:00002ed0       ??_C@_1M@KBMAIBFN@?$AAv?$AAi?$AA?9?$AAV?$AAN@ 10003ed0     libucrt:lcidtoname_downlevel.obj
 0001:00002edc       ??_C@_1M@GPCBKDJK@?$AAh?$AAy?$AA?9?$AAA?$AAM@ 10003edc     libucrt:lcidtoname_downlevel.obj
 0001:00002ee8       ??_C@_1BG@BECMDDJB@?$AAa?$AAz?$AA?9?$AAA?$AAZ?$AA?9?$AAL?$AAa?$AAt?$AAn@ 10003ee8     libucrt:lcidtoname_downlevel.obj
 0001:00002f00       ??_C@_1M@MAOFCAEA@?$AAe?$AAu?$AA?9?$AAE?$AAS@ 10003f00     libucrt:lcidtoname_downlevel.obj
 0001:00002f0c       ??_C@_1M@IGHABKPI@?$AAm?$AAk?$AA?9?$AAM?$AAK@ 10003f0c     libucrt:lcidtoname_downlevel.obj
 0001:00002f18       ??_C@_1M@IAIGNEJG@?$AAt?$AAn?$AA?9?$AAZ?$AAA@ 10003f18     libucrt:lcidtoname_downlevel.obj
 0001:00002f24       ??_C@_1M@IIJCOJFA@?$AAx?$AAh?$AA?9?$AAZ?$AAA@ 10003f24     libucrt:lcidtoname_downlevel.obj
 0001:00002f30       ??_C@_1M@LGPJHNJH@?$AAz?$AAu?$AA?9?$AAZ?$AAA@ 10003f30     libucrt:lcidtoname_downlevel.obj
 0001:00002f3c       ??_C@_1M@HOKAOIO@?$AAa?$AAf?$AA?9?$AAZ?$AAA@ 10003f3c     libucrt:lcidtoname_downlevel.obj
 0001:00002f48       ??_C@_1M@DPCLHLIE@?$AAk?$AAa?$AA?9?$AAG?$AAE@ 10003f48     libucrt:lcidtoname_downlevel.obj
 0001:00002f54       ??_C@_1M@BLKMHJBI@?$AAf?$AAo?$AA?9?$AAF?$AAO@ 10003f54     libucrt:lcidtoname_downlevel.obj
 0001:00002f60       ??_C@_1M@LGGJAPPB@?$AAh?$AAi?$AA?9?$AAI?$AAN@ 10003f60     libucrt:lcidtoname_downlevel.obj
 0001:00002f6c       ??_C@_1M@FIKPIHFE@?$AAm?$AAt?$AA?9?$AAM?$AAT@ 10003f6c     libucrt:lcidtoname_downlevel.obj
 0001:00002f78       ??_C@_1M@HEGGPBFA@?$AAs?$AAe?$AA?9?$AAN?$AAO@ 10003f78     libucrt:lcidtoname_downlevel.obj
 0001:00002f84       ??_C@_1M@EIBJEEPA@?$AAm?$AAs?$AA?9?$AAM?$AAY@ 10003f84     libucrt:lcidtoname_downlevel.obj
 0001:00002f90       ??_C@_1M@FHLBGMPP@?$AAk?$AAk?$AA?9?$AAK?$AAZ@ 10003f90     libucrt:lcidtoname_downlevel.obj
 0001:00002f9c       ??_C@_1M@NGJJLCGI@?$AAk?$AAy?$AA?9?$AAK?$AAG@ 10003f9c     libucrt:lcidtoname_downlevel.obj
 0001:00002fa8       ??_C@_1M@GIENNBFC@?$AAs?$AAw?$AA?9?$AAK?$AAE@ 10003fa8     libucrt:lcidtoname_downlevel.obj
 0001:00002fb4       ??_C@_1BG@NDGMJIMJ@?$AAu?$AAz?$AA?9?$AAU?$AAZ?$AA?9?$AAL?$AAa?$AAt?$AAn@ 10003fb4     libucrt:lcidtoname_downlevel.obj
 0001:00002fcc       ??_C@_1M@IDCCIHBC@?$AAt?$AAt?$AA?9?$AAR?$AAU@ 10003fcc     libucrt:lcidtoname_downlevel.obj
 0001:00002fd8       ??_C@_1M@LOICPMOJ@?$AAb?$AAn?$AA?9?$AAI?$AAN@ 10003fd8     libucrt:lcidtoname_downlevel.obj
 0001:00002fe4       ??_C@_1M@KPKKNEAH@?$AAp?$AAa?$AA?9?$AAI?$AAN@ 10003fe4     libucrt:lcidtoname_downlevel.obj
 0001:00002ff0       ??_C@_1M@PJGPPBOG@?$AAg?$AAu?$AA?9?$AAI?$AAN@ 10003ff0     libucrt:lcidtoname_downlevel.obj
 0001:00002ffc       ??_C@_1M@KMKMOPHI@?$AAt?$AAa?$AA?9?$AAI?$AAN@ 10003ffc     libucrt:lcidtoname_downlevel.obj
 0001:00003008       ??_C@_1M@KFEHEPAC@?$AAt?$AAe?$AA?9?$AAI?$AAN@ 10004008     libucrt:lcidtoname_downlevel.obj
 0001:00003014       ??_C@_1M@CDCLMGHI@?$AAk?$AAn?$AA?9?$AAI?$AAN@ 10004014     libucrt:lcidtoname_downlevel.obj
 0001:00003020       ??_C@_1M@MIODLDKF@?$AAm?$AAl?$AA?9?$AAI?$AAN@ 10004020     libucrt:lcidtoname_downlevel.obj
 0001:0000302c       ??_C@_1M@PBIEACPO@?$AAm?$AAr?$AA?9?$AAI?$AAN@ 1000402c     libucrt:lcidtoname_downlevel.obj
 0001:00003038       ??_C@_1M@NIDEAGPH@?$AAs?$AAa?$AA?9?$AAI?$AAN@ 10004038     libucrt:lcidtoname_downlevel.obj
 0001:00003044       ??_C@_1M@FHIHCBIO@?$AAm?$AAn?$AA?9?$AAM?$AAN@ 10004044     libucrt:lcidtoname_downlevel.obj
 0001:00003050       ??_C@_1M@JAIJPENP@?$AAc?$AAy?$AA?9?$AAG?$AAB@ 10004050     libucrt:lcidtoname_downlevel.obj
 0001:0000305c       ??_C@_1M@PHGFBEPN@?$AAg?$AAl?$AA?9?$AAE?$AAS@ 1000405c     libucrt:lcidtoname_downlevel.obj
 0001:00003068       ??_C@_1O@KPIPDNCP@?$AAk?$AAo?$AAk?$AA?9?$AAI?$AAN@ 10004068     libucrt:lcidtoname_downlevel.obj
 0001:00003078       ??_C@_1O@KNHJLDJA@?$AAs?$AAy?$AAr?$AA?9?$AAS?$AAY@ 10004078     libucrt:lcidtoname_downlevel.obj
 0001:00003088       ??_C@_1O@MKEKBLAH@?$AAd?$AAi?$AAv?$AA?9?$AAM?$AAV@ 10004088     libucrt:lcidtoname_downlevel.obj
 0001:00003098       ??_C@_1O@OHDCKDDF@?$AAq?$AAu?$AAz?$AA?9?$AAB?$AAO@ 10004098     libucrt:lcidtoname_downlevel.obj
 0001:000030a8       ??_C@_1M@LEPJNLFD@?$AAn?$AAs?$AA?9?$AAZ?$AAA@ 100040a8     libucrt:lcidtoname_downlevel.obj
 0001:000030b4       ??_C@_1M@OMLEIIJB@?$AAm?$AAi?$AA?9?$AAN?$AAZ@ 100040b4     libucrt:lcidtoname_downlevel.obj
 0001:000030c0       ??_C@_1M@PMPEAILG@?$AAa?$AAr?$AA?9?$AAI?$AAQ@ 100040c0     libucrt:lcidtoname_downlevel.obj
 0001:000030cc       ??_C@_1M@CNKPNOEE@?$AAd?$AAe?$AA?9?$AAC?$AAH@ 100040cc     libucrt:lcidtoname_downlevel.obj
 0001:000030d8       ??_C@_1M@LKMGMLKO@?$AAe?$AAn?$AA?9?$AAG?$AAB@ 100040d8     libucrt:lcidtoname_downlevel.obj
 0001:000030e4       ??_C@_1M@PGKJFFGL@?$AAe?$AAs?$AA?9?$AAM?$AAX@ 100040e4     libucrt:lcidtoname_downlevel.obj
 0001:000030f0       ??_C@_1M@DNNANBDC@?$AAf?$AAr?$AA?9?$AAB?$AAE@ 100040f0     libucrt:lcidtoname_downlevel.obj
 0001:000030fc       ??_C@_1M@HLGMDFHM@?$AAi?$AAt?$AA?9?$AAC?$AAH@ 100040fc     libucrt:lcidtoname_downlevel.obj
 0001:00003108       ??_C@_1M@CLLBGJH@?$AAn?$AAl?$AA?9?$AAB?$AAE@ 10004108     libucrt:lcidtoname_downlevel.obj
 0001:00003114       ??_C@_1M@BODBOGLF@?$AAn?$AAn?$AA?9?$AAN?$AAO@ 10004114     libucrt:lcidtoname_downlevel.obj
 0001:00003120       ??_C@_1M@HFFAHKAD@?$AAp?$AAt?$AA?9?$AAP?$AAT@ 10004120     libucrt:lcidtoname_downlevel.obj
 0001:0000312c       ??_C@_1BG@LNOAKHIE@?$AAs?$AAr?$AA?9?$AAS?$AAP?$AA?9?$AAL?$AAa?$AAt?$AAn@ 1000412c     libucrt:lcidtoname_downlevel.obj
 0001:00003144       ??_C@_1M@HBMHBGAK@?$AAs?$AAv?$AA?9?$AAF?$AAI@ 10004144     libucrt:lcidtoname_downlevel.obj
 0001:00003150       ??_C@_1BG@DGCJGJBE@?$AAa?$AAz?$AA?9?$AAA?$AAZ?$AA?9?$AAC?$AAy?$AAr?$AAl@ 10004150     libucrt:lcidtoname_downlevel.obj
 0001:00003168       ??_C@_1M@KEJDAAHB@?$AAs?$AAe?$AA?9?$AAS?$AAE@ 10004168     libucrt:lcidtoname_downlevel.obj
 0001:00003174       ??_C@_1M@HEIBJJAD@?$AAm?$AAs?$AA?9?$AAB?$AAN@ 10004174     libucrt:lcidtoname_downlevel.obj
 0001:00003180       ??_C@_1BG@PBGJMCEM@?$AAu?$AAz?$AA?9?$AAU?$AAZ?$AA?9?$AAC?$AAy?$AAr?$AAl@ 10004180     libucrt:lcidtoname_downlevel.obj
 0001:00003198       ??_C@_1O@LAOBCMDF@?$AAq?$AAu?$AAz?$AA?9?$AAE?$AAC@ 10004198     libucrt:lcidtoname_downlevel.obj
 0001:000031a8       ??_C@_1M@POEEMAIO@?$AAa?$AAr?$AA?9?$AAE?$AAG@ 100041a8     libucrt:lcidtoname_downlevel.obj
 0001:000031b4       ??_C@_1M@EFAKDEDL@?$AAz?$AAh?$AA?9?$AAH?$AAK@ 100041b4     libucrt:lcidtoname_downlevel.obj
 0001:000031c0       ??_C@_1M@HKKIJHGI@?$AAd?$AAe?$AA?9?$AAA?$AAT@ 100041c0     libucrt:lcidtoname_downlevel.obj
 0001:000031cc       ??_C@_1M@KBFBEHJF@?$AAe?$AAn?$AA?9?$AAA?$AAU@ 100041cc     libucrt:lcidtoname_downlevel.obj
 0001:000031d8       ??_C@_1M@MNPLFAAH@?$AAe?$AAs?$AA?9?$AAE?$AAS@ 100041d8     libucrt:lcidtoname_downlevel.obj
 0001:000031e4       ??_C@_1M@HJOOJFMA@?$AAf?$AAr?$AA?9?$AAC?$AAA@ 100041e4     libucrt:lcidtoname_downlevel.obj
 0001:000031f0       ??_C@_1BG@JPOFPNAB@?$AAs?$AAr?$AA?9?$AAS?$AAP?$AA?9?$AAC?$AAy?$AAr?$AAl@ 100041f0     libucrt:lcidtoname_downlevel.obj
 0001:00003208       ??_C@_1M@LNFOCMOB@?$AAs?$AAe?$AA?9?$AAF?$AAI@ 10004208     libucrt:lcidtoname_downlevel.obj
 0001:00003214       ??_C@_1O@MGJBOAMB@?$AAq?$AAu?$AAz?$AA?9?$AAP?$AAE@ 10004214     libucrt:lcidtoname_downlevel.obj
 0001:00003224       ??_C@_1M@GJINLBOK@?$AAa?$AAr?$AA?9?$AAL?$AAY@ 10004224     libucrt:lcidtoname_downlevel.obj
 0001:00003230       ??_C@_1M@GGMNHJNL@?$AAz?$AAh?$AA?9?$AAS?$AAG@ 10004230     libucrt:lcidtoname_downlevel.obj
 0001:0000323c       ??_C@_1M@HOIKODND@?$AAd?$AAe?$AA?9?$AAL?$AAU@ 1000423c     libucrt:lcidtoname_downlevel.obj
 0001:00003248       ??_C@_1M@DDOCCGFG@?$AAe?$AAn?$AA?9?$AAC?$AAA@ 10004248     libucrt:lcidtoname_downlevel.obj
 0001:00003254       ??_C@_1M@BNOEMJLF@?$AAe?$AAs?$AA?9?$AAG?$AAT@ 10004254     libucrt:lcidtoname_downlevel.obj
 0001:00003260       ??_C@_1M@EOGNKEK@?$AAf?$AAr?$AA?9?$AAC?$AAH@ 10004260     libucrt:lcidtoname_downlevel.obj
 0001:0000326c       ??_C@_1M@FLIDJFHL@?$AAh?$AAr?$AA?9?$AAB?$AAA@ 1000426c     libucrt:lcidtoname_downlevel.obj
 0001:00003278       ??_C@_1O@FMCELNAJ@?$AAs?$AAm?$AAj?$AA?9?$AAN?$AAO@ 10004278     libucrt:lcidtoname_downlevel.obj
 0001:00003288       ??_C@_1M@JHGLJMGJ@?$AAa?$AAr?$AA?9?$AAD?$AAZ@ 10004288     libucrt:lcidtoname_downlevel.obj
 0001:00003294       ??_C@_1M@JKKFDCNP@?$AAz?$AAh?$AA?9?$AAM?$AAO@ 10004294     libucrt:lcidtoname_downlevel.obj
 0001:000032a0       ??_C@_1M@GEEFALPE@?$AAd?$AAe?$AA?9?$AAL?$AAI@ 100042a0     libucrt:lcidtoname_downlevel.obj
 0001:000032ac       ??_C@_1M@IGEOFBG@?$AAe?$AAn?$AA?9?$AAN?$AAZ@ 100042ac     libucrt:lcidtoname_downlevel.obj
 0001:000032b8       ??_C@_1M@KDBONEHP@?$AAe?$AAs?$AA?9?$AAC?$AAR@ 100042b8     libucrt:lcidtoname_downlevel.obj
 0001:000032c4       ??_C@_1M@FHMDOHNN@?$AAf?$AAr?$AA?9?$AAL?$AAU@ 100042c4     libucrt:lcidtoname_downlevel.obj
 0001:000032d0       ??_C@_1BG@NFKKMAFG@?$AAb?$AAs?$AA?9?$AAB?$AAA?$AA?9?$AAL?$AAa?$AAt?$AAn@ 100042d0     libucrt:lcidtoname_downlevel.obj
 0001:000032e8       ??_C@_1O@IMNBEMCI@?$AAs?$AAm?$AAj?$AA?9?$AAS?$AAE@ 100042e8     libucrt:lcidtoname_downlevel.obj
 0001:000032f8       ??_C@_1M@DHHMBNDP@?$AAa?$AAr?$AA?9?$AAM?$AAA@ 100042f8     libucrt:lcidtoname_downlevel.obj
 0001:00003304       ??_C@_1M@BNBLJCGH@?$AAe?$AAn?$AA?9?$AAI?$AAE@ 10004304     libucrt:lcidtoname_downlevel.obj
 0001:00003310       ??_C@_1M@GEPAFMDL@?$AAe?$AAs?$AA?9?$AAP?$AAA@ 10004310     libucrt:lcidtoname_downlevel.obj
 0001:0000331c       ??_C@_1M@OJONDMDL@?$AAf?$AAr?$AA?9?$AAM?$AAC@ 1000431c     libucrt:lcidtoname_downlevel.obj
 0001:00003328       ??_C@_1BG@OBCNFJB@?$AAs?$AAr?$AA?9?$AAB?$AAA?$AA?9?$AAL?$AAa?$AAt?$AAn@ 10004328     libucrt:lcidtoname_downlevel.obj
 0001:00003340       ??_C@_1O@KEMEEGPO@?$AAs?$AAm?$AAa?$AA?9?$AAN?$AAO@ 10004340     libucrt:lcidtoname_downlevel.obj
 0001:00003350       ??_C@_1M@ELMGFODK@?$AAa?$AAr?$AA?9?$AAT?$AAN@ 10004350     libucrt:lcidtoname_downlevel.obj
 0001:0000335c       ??_C@_1M@BHDLHFAF@?$AAe?$AAn?$AA?9?$AAZ?$AAA@ 1000435c     libucrt:lcidtoname_downlevel.obj
 0001:00003368       ??_C@_1M@BMGIGLIF@?$AAe?$AAs?$AA?9?$AAD?$AAO@ 10004368     libucrt:lcidtoname_downlevel.obj
 0001:00003374       ??_C@_1BG@CMBHIPBE@?$AAs?$AAr?$AA?9?$AAB?$AAA?$AA?9?$AAC?$AAy?$AAr?$AAl@ 10004374     libucrt:lcidtoname_downlevel.obj
 0001:0000338c       ??_C@_1O@HEDBLHNP@?$AAs?$AAm?$AAa?$AA?9?$AAS?$AAE@ 1000438c     libucrt:lcidtoname_downlevel.obj
 0001:0000339c       ??_C@_1M@DAGCADIM@?$AAa?$AAr?$AA?9?$AAO?$AAM@ 1000439c     libucrt:lcidtoname_downlevel.obj
 0001:000033a8       ??_C@_1M@FODLMICG@?$AAe?$AAn?$AA?9?$AAJ?$AAM@ 100043a8     libucrt:lcidtoname_downlevel.obj
 0001:000033b4       ??_C@_1M@DNMLCIHB@?$AAe?$AAs?$AA?9?$AAV?$AAE@ 100043b4     libucrt:lcidtoname_downlevel.obj
 0001:000033c0       ??_C@_1O@EOKHMKJK@?$AAs?$AAm?$AAs?$AA?9?$AAF?$AAI@ 100043c0     libucrt:lcidtoname_downlevel.obj
 0001:000033d0       ??_C@_1M@CAFJMKOF@?$AAa?$AAr?$AA?9?$AAY?$AAE@ 100043d0     libucrt:lcidtoname_downlevel.obj
 0001:000033dc       ??_C@_1M@CBFHIJLI@?$AAe?$AAn?$AA?9?$AAC?$AAB@ 100043dc     libucrt:lcidtoname_downlevel.obj
 0001:000033e8       ??_C@_1M@BGNFLDN@?$AAe?$AAs?$AA?9?$AAC?$AAO@ 100043e8     libucrt:lcidtoname_downlevel.obj
 0001:000033f4       ??_C@_1O@JMPHMAMC@?$AAs?$AAm?$AAn?$AA?9?$AAF?$AAI@ 100043f4     libucrt:lcidtoname_downlevel.obj
 0001:00003404       ??_C@_1M@JLANABKE@?$AAa?$AAr?$AA?9?$AAS?$AAY@ 10004404     libucrt:lcidtoname_downlevel.obj
 0001:00003410       ??_C@_1M@HPKGCFGN@?$AAe?$AAn?$AA?9?$AAB?$AAZ@ 10004410     libucrt:lcidtoname_downlevel.obj
 0001:0000341c       ??_C@_1M@OLJCMLGM@?$AAe?$AAs?$AA?9?$AAP?$AAE@ 1000441c     libucrt:lcidtoname_downlevel.obj
 0001:00003428       ??_C@_1M@MKKGFKLE@?$AAa?$AAr?$AA?9?$AAJ?$AAO@ 10004428     libucrt:lcidtoname_downlevel.obj
 0001:00003434       ??_C@_1M@EKPGLDNI@?$AAe?$AAn?$AA?9?$AAT?$AAT@ 10004434     libucrt:lcidtoname_downlevel.obj
 0001:00003440       ??_C@_1M@OONGHFHE@?$AAe?$AAs?$AA?9?$AAA?$AAR@ 10004440     libucrt:lcidtoname_downlevel.obj
 0001:0000344c       ??_C@_1M@OOJFGBHE@?$AAa?$AAr?$AA?9?$AAL?$AAB@ 1000444c     libucrt:lcidtoname_downlevel.obj
 0001:00003458       ??_C@_1M@GCEJHNEG@?$AAe?$AAn?$AA?9?$AAZ?$AAW@ 10004458     libucrt:lcidtoname_downlevel.obj
 0001:00003464       ??_C@_1M@JNOCAHJI@?$AAe?$AAs?$AA?9?$AAE?$AAC@ 10004464     libucrt:lcidtoname_downlevel.obj
 0001:00003470       ??_C@_1M@JEFHPGGB@?$AAa?$AAr?$AA?9?$AAK?$AAW@ 10004470     libucrt:lcidtoname_downlevel.obj
 0001:0000347c       ??_C@_1M@MLKIBJOJ@?$AAe?$AAn?$AA?9?$AAP?$AAH@ 1000447c     libucrt:lcidtoname_downlevel.obj
 0001:00003488       ??_C@_1M@BDNIPEND@?$AAe?$AAs?$AA?9?$AAC?$AAL@ 10004488     libucrt:lcidtoname_downlevel.obj
 0001:00003494       ??_C@_1M@MPNMEKBD@?$AAa?$AAr?$AA?9?$AAA?$AAE@ 10004494     libucrt:lcidtoname_downlevel.obj
 0001:000034a0       ??_C@_1M@KBJALCPI@?$AAe?$AAs?$AA?9?$AAU?$AAY@ 100044a0     libucrt:lcidtoname_downlevel.obj
 0001:000034ac       ??_C@_1M@LLCCOAGA@?$AAa?$AAr?$AA?9?$AAB?$AAH@ 100044ac     libucrt:lcidtoname_downlevel.obj
 0001:000034b8       ??_C@_1M@PBFNCDEL@?$AAe?$AAs?$AA?9?$AAP?$AAY@ 100044b8     libucrt:lcidtoname_downlevel.obj
 0001:000034c4       ??_C@_1M@EDGINPNP@?$AAa?$AAr?$AA?9?$AAQ?$AAA@ 100044c4     libucrt:lcidtoname_downlevel.obj
 0001:000034d0       ??_C@_1M@MKDBIIJI@?$AAe?$AAs?$AA?9?$AAB?$AAO@ 100044d0     libucrt:lcidtoname_downlevel.obj
 0001:000034dc       ??_C@_1M@CPKKEBLD@?$AAe?$AAs?$AA?9?$AAS?$AAV@ 100044dc     libucrt:lcidtoname_downlevel.obj
 0001:000034e8       ??_C@_1M@NDBGMMJL@?$AAe?$AAs?$AA?9?$AAH?$AAN@ 100044e8     libucrt:lcidtoname_downlevel.obj
 0001:000034f4       ??_C@_1M@JIJIBHDP@?$AAe?$AAs?$AA?9?$AAN?$AAI@ 100044f4     libucrt:lcidtoname_downlevel.obj
 0001:00003500       ??_C@_1M@CGFMKEEK@?$AAe?$AAs?$AA?9?$AAP?$AAR@ 10004500     libucrt:lcidtoname_downlevel.obj
 0001:0000350c       ??_C@_1O@ICJHKIIK@?$AAz?$AAh?$AA?9?$AAC?$AAH?$AAT@ 1000450c     libucrt:lcidtoname_downlevel.obj
 0001:0000351c       ??_C@_15CLNEJCE@?$AAs?$AAr@ 1000451c     libucrt:lcidtoname_downlevel.obj
 0001:00003c48       ??_C@_1M@KAHEKEIG@?$AAa?$AAf?$AA?9?$AAz?$AAa@ 10004c48     libucrt:lcidtoname_downlevel.obj
 0001:00003c54       ??_C@_1M@GIECOABL@?$AAa?$AAr?$AA?9?$AAa?$AAe@ 10004c54     libucrt:lcidtoname_downlevel.obj
 0001:00003c60       ??_C@_1M@BMLMEKGI@?$AAa?$AAr?$AA?9?$AAb?$AAh@ 10004c60     libucrt:lcidtoname_downlevel.obj
 0001:00003c6c       ??_C@_1M@DAPFDGGB@?$AAa?$AAr?$AA?9?$AAd?$AAz@ 10004c6c     libucrt:lcidtoname_downlevel.obj
 0001:00003c78       ??_C@_1M@FJNKGKIG@?$AAa?$AAr?$AA?9?$AAe?$AAg@ 10004c78     libucrt:lcidtoname_downlevel.obj
 0001:00003c84       ??_C@_1M@FLGKKCLO@?$AAa?$AAr?$AA?9?$AAi?$AAq@ 10004c84     libucrt:lcidtoname_downlevel.obj
 0001:00003c90       ??_C@_1M@GNDIPALM@?$AAa?$AAr?$AA?9?$AAj?$AAo@ 10004c90     libucrt:lcidtoname_downlevel.obj
 0001:00003c9c       ??_C@_1M@DDMJFMGJ@?$AAa?$AAr?$AA?9?$AAk?$AAw@ 10004c9c     libucrt:lcidtoname_downlevel.obj
 0001:00003ca8       ??_C@_1M@EJALMLHM@?$AAa?$AAr?$AA?9?$AAl?$AAb@ 10004ca8     libucrt:lcidtoname_downlevel.obj
 0001:00003cb4       ??_C@_1M@MOBDBLOC@?$AAa?$AAr?$AA?9?$AAl?$AAy@ 10004cb4     libucrt:lcidtoname_downlevel.obj
 0001:00003cc0       ??_C@_1M@JAOCLHDH@?$AAa?$AAr?$AA?9?$AAm?$AAa@ 10004cc0     libucrt:lcidtoname_downlevel.obj
 0001:00003ccc       ??_C@_1M@JHPMKJIE@?$AAa?$AAr?$AA?9?$AAo?$AAm@ 10004ccc     libucrt:lcidtoname_downlevel.obj
 0001:00003cd8       ??_C@_1M@OEPGHFNH@?$AAa?$AAr?$AA?9?$AAq?$AAa@ 10004cd8     libucrt:lcidtoname_downlevel.obj
 0001:00003ce4       ??_C@_1M@KJDONENM@?$AAa?$AAr?$AA?9?$AAs?$AAa@ 10004ce4     libucrt:lcidtoname_downlevel.obj
 0001:00003cf0       ??_C@_1M@DMJDKLKM@?$AAa?$AAr?$AA?9?$AAs?$AAy@ 10004cf0     libucrt:lcidtoname_downlevel.obj
 0001:00003cfc       ??_C@_1M@OMFIPEDC@?$AAa?$AAr?$AA?9?$AAt?$AAn@ 10004cfc     libucrt:lcidtoname_downlevel.obj
 0001:00003d08       ??_C@_1M@IHMHGAON@?$AAa?$AAr?$AA?9?$AAy?$AAe@ 10004d08     libucrt:lcidtoname_downlevel.obj
 0001:00003d14       ??_C@_1BG@KDCPGJGB@?$AAa?$AAz?$AA?9?$AAa?$AAz?$AA?9?$AAc?$AAy?$AAr?$AAl@ 10004d14     libucrt:lcidtoname_downlevel.obj
 0001:00003d2c       ??_C@_1BG@IBCKDDOE@?$AAa?$AAz?$AA?9?$AAa?$AAz?$AA?9?$AAl?$AAa?$AAt?$AAn@ 10004d2c     libucrt:lcidtoname_downlevel.obj
 0001:00003d44       ??_C@_1M@EGPFDCPD@?$AAb?$AAe?$AA?9?$AAb?$AAy@ 10004d44     libucrt:lcidtoname_downlevel.obj
 0001:00003d50       ??_C@_1M@PCMGMCGC@?$AAb?$AAg?$AA?9?$AAb?$AAg@ 10004d50     libucrt:lcidtoname_downlevel.obj
 0001:00003d5c       ??_C@_1M@BJBMFGOB@?$AAb?$AAn?$AA?9?$AAi?$AAn@ 10004d5c     libucrt:lcidtoname_downlevel.obj
 0001:00003d68       ??_C@_1BG@EAKMMACD@?$AAb?$AAs?$AA?9?$AAb?$AAa?$AA?9?$AAl?$AAa?$AAt?$AAn@ 10004d68     libucrt:lcidtoname_downlevel.obj
 0001:00003d80       ??_C@_1M@KGADAODK@?$AAc?$AAa?$AA?9?$AAe?$AAs@ 10004d80     libucrt:lcidtoname_downlevel.obj
 0001:00003d8c       ??_C@_1M@COAJPDHI@?$AAc?$AAs?$AA?9?$AAc?$AAz@ 10004d8c     libucrt:lcidtoname_downlevel.obj
 0001:00003d98       ??_C@_1M@DHBHFONH@?$AAc?$AAy?$AA?9?$AAg?$AAb@ 10004d98     libucrt:lcidtoname_downlevel.obj
 0001:00003da4       ??_C@_1M@IMGKELGA@?$AAd?$AAa?$AA?9?$AAd?$AAk@ 10004da4     libucrt:lcidtoname_downlevel.obj
 0001:00003db0       ??_C@_1M@NNDGDNGA@?$AAd?$AAe?$AA?9?$AAa?$AAt@ 10004db0     libucrt:lcidtoname_downlevel.obj
 0001:00003dbc       ??_C@_1M@IKDBHEEM@?$AAd?$AAe?$AA?9?$AAc?$AAh@ 10004dbc     libucrt:lcidtoname_downlevel.obj
 0001:00003dc8       ??_C@_1M@GFFOJMCJ@?$AAd?$AAe?$AA?9?$AAd?$AAe@ 10004dc8     libucrt:lcidtoname_downlevel.obj
 0001:00003dd4       ??_C@_1M@MDNLKBPM@?$AAd?$AAe?$AA?9?$AAl?$AAi@ 10004dd4     libucrt:lcidtoname_downlevel.obj
 0001:00003de0       ??_C@_1M@NJBEEJNL@?$AAd?$AAe?$AA?9?$AAl?$AAu@ 10004de0     libucrt:lcidtoname_downlevel.obj
 0001:00003dec       ??_C@_1O@GNNELBAP@?$AAd?$AAi?$AAv?$AA?9?$AAm?$AAv@ 10004dec     libucrt:lcidtoname_downlevel.obj
 0001:00003dfc       ??_C@_1M@EJLEOGAE@?$AAe?$AAl?$AA?9?$AAg?$AAr@ 10004dfc     libucrt:lcidtoname_downlevel.obj
 0001:00003e08       ??_C@_1M@GMPONJN@?$AAe?$AAn?$AA?9?$AAa?$AAu@ 10004e08     libucrt:lcidtoname_downlevel.obj
 0001:00003e14       ??_C@_1M@NIDIIPGF@?$AAe?$AAn?$AA?9?$AAb?$AAz@ 10004e14     libucrt:lcidtoname_downlevel.obj
 0001:00003e20       ??_C@_1M@JEHMIMFO@?$AAe?$AAn?$AA?9?$AAc?$AAa@ 10004e20     libucrt:lcidtoname_downlevel.obj
 0001:00003e2c       ??_C@_1M@IGMJCDLA@?$AAe?$AAn?$AA?9?$AAc?$AAb@ 10004e2c     libucrt:lcidtoname_downlevel.obj
 0001:00003e38       ??_C@_1M@BNFIGBKG@?$AAe?$AAn?$AA?9?$AAg?$AAb@ 10004e38     libucrt:lcidtoname_downlevel.obj
 0001:00003e44       ??_C@_1M@LKIFDIGP@?$AAe?$AAn?$AA?9?$AAi?$AAe@ 10004e44     libucrt:lcidtoname_downlevel.obj
 0001:00003e50       ??_C@_1M@PJKFGCCO@?$AAe?$AAn?$AA?9?$AAj?$AAm@ 10004e50     libucrt:lcidtoname_downlevel.obj
 0001:00003e5c       ??_C@_1M@KPPKEPBO@?$AAe?$AAn?$AA?9?$AAn?$AAz@ 10004e5c     libucrt:lcidtoname_downlevel.obj
 0001:00003e68       ??_C@_1M@GMDGLDOB@?$AAe?$AAn?$AA?9?$AAp?$AAh@ 10004e68     libucrt:lcidtoname_downlevel.obj
 0001:00003e74       ??_C@_1M@ONGIBJNA@?$AAe?$AAn?$AA?9?$AAt?$AAt@ 10004e74     libucrt:lcidtoname_downlevel.obj
 0001:00003e80       ??_C@_1M@LLODPCMM@?$AAe?$AAn?$AA?9?$AAu?$AAs@ 10004e80     libucrt:lcidtoname_downlevel.obj
 0001:00003e8c       ??_C@_1M@LAKFNPAN@?$AAe?$AAn?$AA?9?$AAz?$AAa@ 10004e8c     libucrt:lcidtoname_downlevel.obj
 0001:00003e98       ??_C@_1M@MFNHNHEO@?$AAe?$AAn?$AA?9?$AAz?$AAw@ 10004e98     libucrt:lcidtoname_downlevel.obj
 0001:00003ea4       ??_C@_1M@EJEINPHM@?$AAe?$AAs?$AA?9?$AAa?$AAr@ 10004ea4     libucrt:lcidtoname_downlevel.obj
 0001:00003eb0       ??_C@_1M@GNKPCCJA@?$AAe?$AAs?$AA?9?$AAb?$AAo@ 10004eb0     libucrt:lcidtoname_downlevel.obj
 0001:00003ebc       ??_C@_1M@LEEGFONL@?$AAe?$AAs?$AA?9?$AAc?$AAl@ 10004ebc     libucrt:lcidtoname_downlevel.obj
 0001:00003ec8       ??_C@_1M@KGPDPBDF@?$AAe?$AAs?$AA?9?$AAc?$AAo@ 10004ec8     libucrt:lcidtoname_downlevel.obj
 0001:00003ed4       ??_C@_1M@EIAHOHH@?$AAe?$AAs?$AA?9?$AAc?$AAr@ 10004ed4     libucrt:lcidtoname_downlevel.obj
 0001:00003ee0       ??_C@_1M@LLPGMBIN@?$AAe?$AAs?$AA?9?$AAd?$AAo@ 10004ee0     libucrt:lcidtoname_downlevel.obj
 0001:00003eec       ??_C@_1M@DKHMKNJA@?$AAe?$AAs?$AA?9?$AAe?$AAc@ 10004eec     libucrt:lcidtoname_downlevel.obj
 0001:00003ef8       ??_C@_1M@GKGFPKAP@?$AAe?$AAs?$AA?9?$AAe?$AAs@ 10004ef8     libucrt:lcidtoname_downlevel.obj
 0001:00003f04       ??_C@_1M@LKHKGDLN@?$AAe?$AAs?$AA?9?$AAg?$AAt@ 10004f04     libucrt:lcidtoname_downlevel.obj
 0001:00003f10       ??_C@_1M@HEIIGGJD@?$AAe?$AAs?$AA?9?$AAh?$AAn@ 10004f10     libucrt:lcidtoname_downlevel.obj
 0001:00003f1c       ??_C@_1M@FBDHPPGD@?$AAe?$AAs?$AA?9?$AAm?$AAx@ 10004f1c     libucrt:lcidtoname_downlevel.obj
 0001:00003f28       ??_C@_1M@DPAGLNDH@?$AAe?$AAs?$AA?9?$AAn?$AAi@ 10004f28     libucrt:lcidtoname_downlevel.obj
 0001:00003f34       ??_C@_1M@MDGOPGDD@?$AAe?$AAs?$AA?9?$AAp?$AAa@ 10004f34     libucrt:lcidtoname_downlevel.obj
 0001:00003f40       ??_C@_1M@EMAMGBGE@?$AAe?$AAs?$AA?9?$AAp?$AAe@ 10004f40     libucrt:lcidtoname_downlevel.obj
 0001:00003f4c       ??_C@_1M@IBMCAOEC@?$AAe?$AAs?$AA?9?$AAp?$AAr@ 10004f4c     libucrt:lcidtoname_downlevel.obj
 0001:00003f58       ??_C@_1M@FGMDIJED@?$AAe?$AAs?$AA?9?$AAp?$AAy@ 10004f58     libucrt:lcidtoname_downlevel.obj
 0001:00003f64       ??_C@_1M@IIDEOLLL@?$AAe?$AAs?$AA?9?$AAs?$AAv@ 10004f64     libucrt:lcidtoname_downlevel.obj
 0001:00003f70       ??_C@_1M@GAOBIPA@?$AAe?$AAs?$AA?9?$AAu?$AAy@ 10004f70     libucrt:lcidtoname_downlevel.obj
 0001:00003f7c       ??_C@_1M@JKFFICHJ@?$AAe?$AAs?$AA?9?$AAv?$AAe@ 10004f7c     libucrt:lcidtoname_downlevel.obj
 0001:00003f88       ??_C@_1M@PNMLOJDF@?$AAe?$AAt?$AA?9?$AAe?$AAe@ 10004f88     libucrt:lcidtoname_downlevel.obj
 0001:00003f94       ??_C@_1M@GHHLIKEI@?$AAe?$AAu?$AA?9?$AAe?$AAs@ 10004f94     libucrt:lcidtoname_downlevel.obj
 0001:00003fa0       ??_C@_1M@PBNONODE@?$AAf?$AAa?$AA?9?$AAi?$AAr@ 10004fa0     libucrt:lcidtoname_downlevel.obj
 0001:00003fac       ??_C@_1M@JEEHPMIL@?$AAf?$AAi?$AA?9?$AAf?$AAi@ 10004fac     libucrt:lcidtoname_downlevel.obj
 0001:00003fb8       ??_C@_1M@LMDCNDBA@?$AAf?$AAo?$AA?9?$AAf?$AAo@ 10004fb8     libucrt:lcidtoname_downlevel.obj
 0001:00003fc4       ??_C@_1M@JKEOHLDK@?$AAf?$AAr?$AA?9?$AAb?$AAe@ 10004fc4     libucrt:lcidtoname_downlevel.obj
 0001:00003fd0       ??_C@_1M@NOHADPMI@?$AAf?$AAr?$AA?9?$AAc?$AAa@ 10004fd0     libucrt:lcidtoname_downlevel.obj
 0001:00003fdc       ??_C@_1M@KDHIHAEC@?$AAf?$AAr?$AA?9?$AAc?$AAh@ 10004fdc     libucrt:lcidtoname_downlevel.obj
 0001:00003fe8       ??_C@_1M@MMBBFGAK@?$AAf?$AAr?$AA?9?$AAf?$AAr@ 10004fe8     libucrt:lcidtoname_downlevel.obj
 0001:00003ff4       ??_C@_1M@PAFNENNF@?$AAf?$AAr?$AA?9?$AAl?$AAu@ 10004ff4     libucrt:lcidtoname_downlevel.obj
 0001:00004000       ??_C@_1M@EOHDJGDD@?$AAf?$AAr?$AA?9?$AAm?$AAc@ 10005000     libucrt:lcidtoname_downlevel.obj
 0001:0000400c       ??_C@_1M@FAPLLOPF@?$AAg?$AAl?$AA?9?$AAe?$AAs@ 1000500c     libucrt:lcidtoname_downlevel.obj
 0001:00004018       ??_C@_1M@FOPBFLOO@?$AAg?$AAu?$AA?9?$AAi?$AAn@ 10005018     libucrt:lcidtoname_downlevel.obj
 0001:00004024       ??_C@_1M@KBMCINPM@?$AAh?$AAe?$AA?9?$AAi?$AAl@ 10005024     libucrt:lcidtoname_downlevel.obj
 0001:00004030       ??_C@_1M@BBPHKFPJ@?$AAh?$AAi?$AA?9?$AAi?$AAn@ 10005030     libucrt:lcidtoname_downlevel.obj
 0001:0000403c       ??_C@_1M@PMBNDPHD@?$AAh?$AAr?$AA?9?$AAb?$AAa@ 1000503c     libucrt:lcidtoname_downlevel.obj
 0001:00004048       ??_C@_1M@BPCKOEGE@?$AAh?$AAr?$AA?9?$AAh?$AAr@ 10005048     libucrt:lcidtoname_downlevel.obj
 0001:00004054       ??_C@_1M@GACBMHKE@?$AAh?$AAu?$AA?9?$AAh?$AAu@ 10005054     libucrt:lcidtoname_downlevel.obj
 0001:00004060       ??_C@_1M@MILPAJJC@?$AAh?$AAy?$AA?9?$AAa?$AAm@ 10005060     libucrt:lcidtoname_downlevel.obj
 0001:0000406c       ??_C@_1M@BABBICEC@?$AAi?$AAd?$AA?9?$AAi?$AAd@ 1000506c     libucrt:lcidtoname_downlevel.obj
 0001:00004078       ??_C@_1M@BIKNHHPF@?$AAi?$AAs?$AA?9?$AAi?$AAs@ 10005078     libucrt:lcidtoname_downlevel.obj
 0001:00004084       ??_C@_1M@NMPCJPHE@?$AAi?$AAt?$AA?9?$AAc?$AAh@ 10005084     libucrt:lcidtoname_downlevel.obj
 0001:00004090       ??_C@_1M@GHKGFEDF@?$AAi?$AAt?$AA?9?$AAi?$AAt@ 10005090     libucrt:lcidtoname_downlevel.obj
 0001:0000409c       ??_C@_1M@NIEJCJJA@?$AAj?$AAa?$AA?9?$AAj?$AAp@ 1000509c     libucrt:lcidtoname_downlevel.obj
 0001:000040a8       ??_C@_1M@JILFNBIM@?$AAk?$AAa?$AA?9?$AAg?$AAe@ 100050a8     libucrt:lcidtoname_downlevel.obj
 0001:000040b4       ??_C@_1M@PACPMGPH@?$AAk?$AAk?$AA?9?$AAk?$AAz@ 100050b4     libucrt:lcidtoname_downlevel.obj
 0001:000040c0       ??_C@_1M@IELFGMHA@?$AAk?$AAn?$AA?9?$AAi?$AAn@ 100050c0     libucrt:lcidtoname_downlevel.obj
 0001:000040cc       ??_C@_1O@IBBJHCH@?$AAk?$AAo?$AAk?$AA?9?$AAi?$AAn@ 100050cc     libucrt:lcidtoname_downlevel.obj
 0001:000040dc       ??_C@_1M@DMHAEOGC@?$AAk?$AAo?$AA?9?$AAk?$AAr@ 100050dc     libucrt:lcidtoname_downlevel.obj
 0001:000040e8       ??_C@_1M@HBAHBIGA@?$AAk?$AAy?$AA?9?$AAk?$AAg@ 100050e8     libucrt:lcidtoname_downlevel.obj
 0001:000040f4       ??_C@_1M@KPMILCJG@?$AAl?$AAt?$AA?9?$AAl?$AAt@ 100050f4     libucrt:lcidtoname_downlevel.obj
 0001:00004100       ??_C@_1M@BDEKKCA@?$AAl?$AAv?$AA?9?$AAl?$AAv@ 10005100     libucrt:lcidtoname_downlevel.obj
 0001:0000410c       ??_C@_1M@ELCKCCJJ@?$AAm?$AAi?$AA?9?$AAn?$AAz@ 1000510c     libucrt:lcidtoname_downlevel.obj
 0001:00004118       ??_C@_1M@CBOOLAPA@?$AAm?$AAk?$AA?9?$AAm?$AAk@ 10005118     libucrt:lcidtoname_downlevel.obj
 0001:00004124       ??_C@_1M@GPHNBJKN@?$AAm?$AAl?$AA?9?$AAi?$AAn@ 10005124     libucrt:lcidtoname_downlevel.obj
 0001:00004130       ??_C@_1M@PABJILIG@?$AAm?$AAn?$AA?9?$AAm?$AAn@ 10005130     libucrt:lcidtoname_downlevel.obj
 0001:0000413c       ??_C@_1M@FGBKKIPG@?$AAm?$AAr?$AA?9?$AAi?$AAn@ 1000513c     libucrt:lcidtoname_downlevel.obj
 0001:00004148       ??_C@_1M@NDBPDDAL@?$AAm?$AAs?$AA?9?$AAb?$AAn@ 10005148     libucrt:lcidtoname_downlevel.obj
 0001:00004154       ??_C@_1M@OPIHOOPI@?$AAm?$AAs?$AA?9?$AAm?$AAy@ 10005154     libucrt:lcidtoname_downlevel.obj
 0001:00004160       ??_C@_1M@PPDBCNFM@?$AAm?$AAt?$AA?9?$AAm?$AAt@ 10005160     libucrt:lcidtoname_downlevel.obj
 0001:0000416c       ??_C@_1M@KDJDKMDD@?$AAn?$AAb?$AA?9?$AAn?$AAo@ 1000516c     libucrt:lcidtoname_downlevel.obj
 0001:00004178       ??_C@_1M@KFCFLMJP@?$AAn?$AAl?$AA?9?$AAb?$AAe@ 10005178     libucrt:lcidtoname_downlevel.obj
 0001:00004184       ??_C@_1M@KPOPDDGO@?$AAn?$AAl?$AA?9?$AAn?$AAl@ 10005184     libucrt:lcidtoname_downlevel.obj
 0001:00004190       ??_C@_1M@LJKPEMLN@?$AAn?$AAn?$AA?9?$AAn?$AAo@ 10005190     libucrt:lcidtoname_downlevel.obj
 0001:0000419c       ??_C@_1M@BDGHHBFL@?$AAn?$AAs?$AA?9?$AAz?$AAa@ 1000519c     libucrt:lcidtoname_downlevel.obj
 0001:000041a8       ??_C@_1M@IDEHOAP@?$AAp?$AAa?$AA?9?$AAi?$AAn@ 100051a8     libucrt:lcidtoname_downlevel.obj
 0001:000041b4       ??_C@_1M@HDBKGOGH@?$AAp?$AAl?$AA?9?$AAp?$AAl@ 100051b4     libucrt:lcidtoname_downlevel.obj
 0001:000041c0       ??_C@_1M@LJLLCMEH@?$AAp?$AAt?$AA?9?$AAb?$AAr@ 100051c0     libucrt:lcidtoname_downlevel.obj
 0001:000041cc       ??_C@_1M@NCMONAAL@?$AAp?$AAt?$AA?9?$AAp?$AAt@ 100051cc     libucrt:lcidtoname_downlevel.obj
 0001:000041d8       ??_C@_1O@EAKMAJDN@?$AAq?$AAu?$AAz?$AA?9?$AAb?$AAo@ 100051d8     libucrt:lcidtoname_downlevel.obj
 0001:000041e8       ??_C@_1O@BHHPIGDN@?$AAq?$AAu?$AAz?$AA?9?$AAe?$AAc@ 100051e8     libucrt:lcidtoname_downlevel.obj
 0001:000041f8       ??_C@_1O@GBAPEKMJ@?$AAq?$AAu?$AAz?$AA?9?$AAp?$AAe@ 100051f8     libucrt:lcidtoname_downlevel.obj
 0001:00004208       ??_C@_1M@CLGLEFBO@?$AAr?$AAo?$AA?9?$AAr?$AAo@ 10005208     libucrt:lcidtoname_downlevel.obj
 0001:00004214       ??_C@_1M@CEEDODME@?$AAr?$AAu?$AA?9?$AAr?$AAu@ 10005214     libucrt:lcidtoname_downlevel.obj
 0001:00004220       ??_C@_1M@HPKKKMPP@?$AAs?$AAa?$AA?9?$AAi?$AAn@ 10005220     libucrt:lcidtoname_downlevel.obj
 0001:0000422c       ??_C@_1M@BKMAIGOJ@?$AAs?$AAe?$AA?9?$AAf?$AAi@ 1000522c     libucrt:lcidtoname_downlevel.obj
 0001:00004238       ??_C@_1M@NDPIFLFI@?$AAs?$AAe?$AA?9?$AAn?$AAo@ 10005238     libucrt:lcidtoname_downlevel.obj
 0001:00004244       ??_C@_1M@DANKKHJ@?$AAs?$AAe?$AA?9?$AAs?$AAe@ 10005244     libucrt:lcidtoname_downlevel.obj
 0001:00004250       ??_C@_1M@PNBLONPJ@?$AAs?$AAk?$AA?9?$AAs?$AAk@ 10005250     libucrt:lcidtoname_downlevel.obj
 0001:0000425c       ??_C@_1M@LFMODOAL@?$AAs?$AAl?$AA?9?$AAs?$AAi@ 1000525c     libucrt:lcidtoname_downlevel.obj
 0001:00004268       ??_C@_1O@DFKOMPG@?$AAs?$AAm?$AAa?$AA?9?$AAn?$AAo@ 10005268     libucrt:lcidtoname_downlevel.obj
 0001:00004278       ??_C@_1O@NDKPBNNH@?$AAs?$AAm?$AAa?$AA?9?$AAs?$AAe@ 10005278     libucrt:lcidtoname_downlevel.obj
 0001:00004288       ??_C@_1O@PLLKBHAB@?$AAs?$AAm?$AAj?$AA?9?$AAn?$AAo@ 10005288     libucrt:lcidtoname_downlevel.obj
 0001:00004298       ??_C@_1O@CLEPOGCA@?$AAs?$AAm?$AAj?$AA?9?$AAs?$AAe@ 10005298     libucrt:lcidtoname_downlevel.obj
 0001:000042a8       ??_C@_1O@DLGJGKMK@?$AAs?$AAm?$AAn?$AA?9?$AAf?$AAi@ 100052a8     libucrt:lcidtoname_downlevel.obj
 0001:000042b8       ??_C@_1O@OJDJGAJC@?$AAs?$AAm?$AAs?$AA?9?$AAf?$AAi@ 100052b8     libucrt:lcidtoname_downlevel.obj
 0001:000042c8       ??_C@_1M@BOFOGHPB@?$AAs?$AAq?$AA?9?$AAa?$AAl@ 100052c8     libucrt:lcidtoname_downlevel.obj
 0001:000042d4       ??_C@_1BG@LJBBIPGB@?$AAs?$AAr?$AA?9?$AAb?$AAa?$AA?9?$AAc?$AAy?$AAr?$AAl@ 100052d4     libucrt:lcidtoname_downlevel.obj
 0001:000042ec       ??_C@_1BG@JLBENFOE@?$AAs?$AAr?$AA?9?$AAb?$AAa?$AA?9?$AAl?$AAa?$AAt?$AAn@ 100052ec     libucrt:lcidtoname_downlevel.obj
 0001:00004304       ??_C@_1BG@KODPNHE@?$AAs?$AAr?$AA?9?$AAs?$AAp?$AA?9?$AAc?$AAy?$AAr?$AAl@ 10005304     libucrt:lcidtoname_downlevel.obj
 0001:0000431c       ??_C@_1BG@CIOGKHPB@?$AAs?$AAr?$AA?9?$AAs?$AAp?$AA?9?$AAl?$AAa?$AAt?$AAn@ 1000531c     libucrt:lcidtoname_downlevel.obj
 0001:00004334       ??_C@_1M@NGFJLMAC@?$AAs?$AAv?$AA?9?$AAf?$AAi@ 10005334     libucrt:lcidtoname_downlevel.obj
 0001:00004340       ??_C@_1M@MPJEJAJC@?$AAs?$AAv?$AA?9?$AAs?$AAe@ 10005340     libucrt:lcidtoname_downlevel.obj
 0001:0000434c       ??_C@_1M@MPNDHLFK@?$AAs?$AAw?$AA?9?$AAk?$AAe@ 1000534c     libucrt:lcidtoname_downlevel.obj
 0001:00004358       ??_C@_1O@KOHBJJI@?$AAs?$AAy?$AAr?$AA?9?$AAs?$AAy@ 10005358     libucrt:lcidtoname_downlevel.obj
 0001:00004368       ??_C@_1M@LDCEFHA@?$AAt?$AAa?$AA?9?$AAi?$AAn@ 10005368     libucrt:lcidtoname_downlevel.obj
 0001:00004374       ??_C@_1M@CNJOFAK@?$AAt?$AAe?$AA?9?$AAi?$AAn@ 10005374     libucrt:lcidtoname_downlevel.obj
 0001:00004380       ??_C@_1M@GNAECACD@?$AAt?$AAh?$AA?9?$AAt?$AAh@ 10005380     libucrt:lcidtoname_downlevel.obj
 0001:0000438c       ??_C@_1M@CHBIHOJO@?$AAt?$AAn?$AA?9?$AAz?$AAa@ 1000538c     libucrt:lcidtoname_downlevel.obj
 0001:00004398       ??_C@_1M@GCCMIGPJ@?$AAt?$AAr?$AA?9?$AAt?$AAr@ 10005398     libucrt:lcidtoname_downlevel.obj
 0001:000043a4       ??_C@_1M@CELMCNBK@?$AAt?$AAt?$AA?9?$AAr?$AAu@ 100053a4     libucrt:lcidtoname_downlevel.obj
 0001:000043b0       ??_C@_1M@KLMCELGA@?$AAu?$AAk?$AA?9?$AAu?$AAa@ 100053b0     libucrt:lcidtoname_downlevel.obj
 0001:000043bc       ??_C@_1M@EPAJJAJF@?$AAu?$AAr?$AA?9?$AAp?$AAk@ 100053bc     libucrt:lcidtoname_downlevel.obj
 0001:000043c8       ??_C@_1BG@GEGPMCDJ@?$AAu?$AAz?$AA?9?$AAu?$AAz?$AA?9?$AAc?$AAy?$AAr?$AAl@ 100053c8     libucrt:lcidtoname_downlevel.obj
 0001:000043e0       ??_C@_1BG@EGGKJILM@?$AAu?$AAz?$AA?9?$AAu?$AAz?$AA?9?$AAl?$AAa?$AAt?$AAn@ 100053e0     libucrt:lcidtoname_downlevel.obj
 0001:000043f8       ??_C@_1M@GFOCLFF@?$AAv?$AAi?$AA?9?$AAv?$AAn@ 100053f8     libucrt:lcidtoname_downlevel.obj
 0001:00004404       ??_C@_1M@CPAMEDFI@?$AAx?$AAh?$AA?9?$AAz?$AAa@ 10005404     libucrt:lcidtoname_downlevel.obj
 0001:00004410       ??_C@_1O@EBKIFIGN@?$AAz?$AAh?$AA?9?$AAc?$AAh?$AAs@ 10005410     libucrt:lcidtoname_downlevel.obj
 0001:00004420       ??_C@_1O@NMHPGANE@?$AAz?$AAh?$AA?9?$AAc?$AAh?$AAt@ 10005420     libucrt:lcidtoname_downlevel.obj
 0001:00004430       ??_C@_1M@LPINJOMC@?$AAz?$AAh?$AA?9?$AAc?$AAn@ 10005430     libucrt:lcidtoname_downlevel.obj
 0001:0000443c       ??_C@_1M@OCJEJODD@?$AAz?$AAh?$AA?9?$AAh?$AAk@ 1000543c     libucrt:lcidtoname_downlevel.obj
 0001:00004448       ??_C@_1M@DNDLJINH@?$AAz?$AAh?$AA?9?$AAm?$AAo@ 10005448     libucrt:lcidtoname_downlevel.obj
 0001:00004454       ??_C@_1M@MBFDNDND@?$AAz?$AAh?$AA?9?$AAs?$AAg@ 10005454     libucrt:lcidtoname_downlevel.obj
 0001:00004460       ??_C@_1M@IMEPLEPE@?$AAz?$AAh?$AA?9?$AAt?$AAw@ 10005460     libucrt:lcidtoname_downlevel.obj
 0001:0000446c       ??_C@_1M@BBGHNHJP@?$AAz?$AAu?$AA?9?$AAz?$AAa@ 1000546c     libucrt:lcidtoname_downlevel.obj
 0001:000044d8       ??_C@_1BA@BALFACEM@?$AAC?$AAO?$AAN?$AAO?$AAU?$AAT?$AA$@ 100054d8     libucrt:initcon.obj
 0001:000045f0       __infinity                 100055f0     libucrt:87tran.obj
 0001:000045fa       __minfinity                100055fa     libucrt:87tran.obj
[...]
 0001:00017040       $$000000                   10018040     libvcruntime:strrchr.obj
 0001:000171f0       ??__FDeleter@?1??InitializeSListHead@implementation@slist@@YGXPAT_SLIST_HEADER@@@Z@YAXXZ 100181f0 f   vc_crt_fix_impl.obj
 0001:00017230       __sehtable$?invoke_GetCommandString@@YAJPAUIContextMenu@@IIPADI@Z 10018230     Plugin.obj
 0001:00017240       __sehtable$___scrt_is_nonwritable_in_current_image 10018240     LIBCMT:utility.obj
 0001:00017260       __sehtable$?dllmain_crt_process_attach@@YAHQAUHINSTANCE__@@QAX@Z 10018260     LIBCMT:dll_dllmain.obj
 0001:00017280       __sehtable$?dllmain_crt_process_detach@@YAH_N@Z 10018280     LIBCMT:dll_dllmain.obj
 0001:000172a8       __sehtable$?dllmain_dispatch@@YAHQAUHINSTANCE__@@KQAX@Z 100182a8     LIBCMT:dll_dllmain.obj
 0001:00017388       __sehtable$___DestructExceptionObject 10018388     libvcruntime:ehhelpers.obj
 0001:000173a8       __sehtable$__ValidateEH3RN 100183a8     libvcruntime:eh3valid.obj
 0001:000173c8       __sehtable$__query_new_handler 100183c8     libucrt:new_handler.obj
 0001:000173e8       __sehtable$??R<lambda_6e4b09c48022b2350581041d5f6b0c4c>@@QBE@XZ 100183e8     libucrt:exit.obj
 0001:00017408       __sehtable$??$?RV<lambda_03b1d95aef87969028cfba75ccab2455>@@AAV<lambda_6e4b09c48022b2350581041d5f6b0c4c>@@V<lambda_22bdf7517842c4b3e53723af5aa32b9e>@@@?$__crt_seh_guarded_call@X@@QAEX$$QAV<lambda_03b1d95aef87969028cfba75ccab2455>@@AAV<lambda_6e4b09c48022b2350581041d5f6b0c4c>@@$$QAV<lambda_22bdf7517842c4b3e53723af5aa32b9e>@@@Z 10018408     libucrt:exit.obj
 0001:00017428       __sehtable$??$?RV<lambda_8e746cf0007f6ed984d6f78af1fec997>@@AAV<lambda_22ebabd17bc4fa466a2aca6d8deb888d>@@V<lambda_18ed0c0b38a6dc0daf1e7ac6d6adf05e>@@@?$__crt_seh_guarded_call@H@@QAEH$$QAV<lambda_8e746cf0007f6ed984d6f78af1fec997>@@AAV<lambda_22ebabd17bc4fa466a2aca6d8deb888d>@@$$QAV<lambda_18ed0c0b38a6dc0daf1e7ac6d6adf05e>@@@Z 10018428     libucrt:onexit.obj
 0001:00017448       __sehtable$??$?RV<lambda_69a2805e680e0e292e8ba93315fe43a8>@@AAV<lambda_f03950bc5685219e0bcd2087efbe011e>@@V<lambda_03fcd07e894ec930e3f35da366ca99d6>@@@?$__crt_seh_guarded_call@H@@QAEH$$QAV<lambda_69a2805e680e0e292e8ba93315fe43a8>@@AAV<lambda_f03950bc5685219e0bcd2087efbe011e>@@$$QAV<lambda_03fcd07e894ec930e3f35da366ca99d6>@@@Z 10018448     libucrt:onexit.obj
 0001:00017468       __sehtable$_terminate      10018468     libucrt:terminate.obj
 0001:00017488       __sehtable$??$?RV<lambda_15ade71b0218206bbe3333a0c9b79046>@@AAV<lambda_da44e0f8b0f19ba52fefafb335991732>@@V<lambda_207f2d024fc103971653565357d6cd41>@@@?$__crt_seh_guarded_call@X@@QAEX$$QAV<lambda_15ade71b0218206bbe3333a0c9b79046>@@AAV<lambda_da44e0f8b0f19ba52fefafb335991732>@@$$QAV<lambda_207f2d024fc103971653565357d6cd41>@@@Z 10018488     libucrt:per_thread_data.obj
 0001:000174a8       __sehtable$??$?RV<lambda_a7e850c220f1c8d1e6efeecdedd162c6>@@AAV<lambda_46720907175c18b6c9d2717bc0d2d362>@@V<lambda_9048902d66e8d99359bc9897bbb930a8>@@@?$__crt_seh_guarded_call@X@@QAEX$$QAV<lambda_a7e850c220f1c8d1e6efeecdedd162c6>@@AAV<lambda_46720907175c18b6c9d2717bc0d2d362>@@$$QAV<lambda_9048902d66e8d99359bc9897bbb930a8>@@@Z 100184a8     libucrt:per_thread_data.obj
 0001:000174c8       __sehtable$??$?RV<lambda_38edbb1296d33220d7e4dd0ed76b244a>@@AAV<lambda_5ce1d447e08cb34b2473517608e21441>@@V<lambda_fb385d3da700c9147fc39e65dd577a8c>@@@?$__crt_seh_guarded_call@X@@QAEX$$QAV<lambda_38edbb1296d33220d7e4dd0ed76b244a>@@AAV<lambda_5ce1d447e08cb34b2473517608e21441>@@$$QAV<lambda_fb385d3da700c9147fc39e65dd577a8c>@@@Z 100184c8     libucrt:per_thread_data.obj
 0001:000174e8       __sehtable$??$?RV<lambda_6affb1475c98b40b75cdec977db92e3c>@@AAV<lambda_b8d4b9c228a6ecc3f80208dbb4b4a104>@@V<lambda_608742c3c92a14382c1684fc64f96c88>@@@?$__crt_seh_guarded_call@X@@QAEX$$QAV<lambda_6affb1475c98b40b75cdec977db92e3c>@@AAV<lambda_b8d4b9c228a6ecc3f80208dbb4b4a104>@@$$QAV<lambda_608742c3c92a14382c1684fc64f96c88>@@@Z 100184e8     libucrt:per_thread_data.obj
 0001:00017508       __sehtable$?update_thread_multibyte_data_internal@@YAPAU__crt_multibyte_data@@QAU__acrt_ptd@@QAPAU1@@Z 10018508     libucrt:mbctype.obj
 0001:00017528       __sehtable$??$?RV<lambda_ceb1ee4838e85a9d631eb091e2fbe199>@@AAV<lambda_ae742caa10f662c28703da3d2ea5e57e>@@V<lambda_cd08b5d6af4937fe54fc07d0c9bf6b37>@@@?$__crt_seh_guarded_call@X@@QAEX$$QAV<lambda_ceb1ee4838e85a9d631eb091e2fbe199>@@AAV<lambda_ae742caa10f662c28703da3d2ea5e57e>@@$$QAV<lambda_cd08b5d6af4937fe54fc07d0c9bf6b37>@@@Z 10018528     libucrt:mbctype.obj
 0001:00017548       __sehtable$___acrt_initialize_lowio 10018548     libucrt:ioinit.obj
 0001:00017568       __sehtable$_raise          10018568     libucrt:signal.obj
 0001:00017588       __sehtable$??$?RV<lambda_cbab9ec6f41b0180b23cc171c22676b0>@@AAV<lambda_44731a7d0e6d81c3e6aa82d741081786>@@V<lambda_4b292cb8dd18144e164572427af410ab>@@@?$__crt_seh_guarded_call@P6AXH@Z@@QAEP6AXH@Z$$QAV<lambda_cbab9ec6f41b0180b23cc171c22676b0>@@AAV<lambda_44731a7d0e6d81c3e6aa82d741081786>@@$$QAV<lambda_4b292cb8dd18144e164572427af410ab>@@@Z 10018588     libucrt:signal.obj
 0001:000175a8       __sehtable$??$?RV<lambda_2866be3712abc81a800a822484c830d8>@@AAV<lambda_39ca0ed439415581b5b15c265174cece>@@V<lambda_2b24c74d71094a6cd0cb82e44167d71b>@@@?$__crt_seh_guarded_call@X@@QAEX$$QAV<lambda_2866be3712abc81a800a822484c830d8>@@AAV<lambda_39ca0ed439415581b5b15c265174cece>@@$$QAV<lambda_2b24c74d71094a6cd0cb82e44167d71b>@@@Z 100185a8     libucrt:fflush.obj
 0001:000175c8       __sehtable$??$?RV<lambda_2cc53f568c5a2bb6f192f930a45d44ea>@@AAV<lambda_ab61a845afdef5b7c387490eaf3616ee>@@V<lambda_c2ffc0b7726aa6be21d5f0026187e748>@@@?$__crt_seh_guarded_call@X@@QAEX$$QAV<lambda_2cc53f568c5a2bb6f192f930a45d44ea>@@AAV<lambda_ab61a845afdef5b7c387490eaf3616ee>@@$$QAV<lambda_c2ffc0b7726aa6be21d5f0026187e748>@@@Z 100185c8     libucrt:fflush.obj
 0001:000175e8       __sehtable$??$?RV<lambda_e5124f882df8998aaf41531e079ba474>@@AAV<lambda_3e16ef9562a7dcce91392c22ab16ea36>@@V<lambda_e25ca0880e6ef98be67edffd8c599615>@@@?$__crt_seh_guarded_call@X@@QAEX$$QAV<lambda_e5124f882df8998aaf41531e079ba474>@@AAV<lambda_3e16ef9562a7dcce91392c22ab16ea36>@@$$QAV<lambda_e25ca0880e6ef98be67edffd8c599615>@@@Z 100185e8     libucrt:wsetlocale.obj
 0001:00017608       __sehtable$___acrt_update_thread_locale_data 10018608     libucrt:locale_refcounting.obj
 0001:00017628       __sehtable$___acrt_lowio_ensure_fh_exists 10018628     libucrt:osfinfo.obj
 0001:00017648       __sehtable$??$?RV<lambda_9e9de3de5fa147e2223d7db92bc10aa6>@@AAV<lambda_38ce7e780aa69e748d6df282ebc68efe>@@V<lambda_8ca6da459f0f6780f1cff60fdc3d00e5>@@@?$__crt_seh_guarded_call@H@@QAEH$$QAV<lambda_9e9de3de5fa147e2223d7db92bc10aa6>@@AAV<lambda_38ce7e780aa69e748d6df282ebc68efe>@@$$QAV<lambda_8ca6da459f0f6780f1cff60fdc3d00e5>@@@Z 10018648     libucrt:commit.obj
 0001:00017668       __sehtable$__write         10018668     libucrt:write.obj
 0001:00017688       __sehtable$__fcloseall     10018688     libucrt:closeall.obj
 0001:000176a8       __sehtable$_fclose         100186a8     libucrt:fclose.obj
 0001:000176c8       __sehtable$??$?RV<lambda_218ce3db14220d0be481dae8ef3383b6>@@AAV<lambda_628dfdc04ba53c8bfc02c9951375f3f5>@@V<lambda_57dc472bd5c9d5f3b2cbca59b8a843ae>@@@?$__crt_seh_guarded_call@H@@QAEH$$QAV<lambda_218ce3db14220d0be481dae8ef3383b6>@@AAV<lambda_628dfdc04ba53c8bfc02c9951375f3f5>@@$$QAV<lambda_57dc472bd5c9d5f3b2cbca59b8a843ae>@@@Z 100186c8     libucrt:close.obj
 0001:000176e8       __sehtable$__IsNonwritableInCurrentImage 100186e8     LIBCMT:pesect.obj
 0001:00017710       .edata                     10018710     EMenu.exp
 0001:00017738       rgpv                       10018738     EMenu.exp
 0001:00017750       rgszName                   10018750     EMenu.exp
 0001:00017768       rgwOrd                     10018768     EMenu.exp
 0001:00017774       szName                     10018774     EMenu.exp
 0001:0001777e       $N00001                    1001877e     EMenu.exp
 0001:00017789       $N00002                    10018789     EMenu.exp
 0001:00017792       $N00003                    10018792     EMenu.exp
 0001:000177a1       $N00004                    100187a1     EMenu.exp
 0001:000177b0       $N00005                    100187b0     EMenu.exp
 0001:000177b6       $N00006                    100187b6     EMenu.exp
 0002:00000000       ?g_szTopicMain@@3PB_WB     10019000     Plugin.obj
 0002:00000004       ?g_szTopicConfig@@3PB_WB   10019004     Plugin.obj
 0002:00000008       ?g_szTopicChooseMenuType@@3PB_WB 10019008     Plugin.obj
 0002:0000000c       ?g_szTopicContextMenu@@3PB_WB 1001900c     Plugin.obj
 0002:00000010       ?g_szTopicMyComp@@3PB_WB   10019010     Plugin.obj
 0002:00000014       ?g_szTopicError0@@3PB_WB   10019014     Plugin.obj
 0002:00000018       ?g_szTopicError1@@3PB_WB   10019018     Plugin.obj
 0002:0000001c       ?g_szTopicError2@@3PB_WB   1001901c     Plugin.obj
 0002:00000020       ?g_szTopicClose@@3PB_WB    10019020     Plugin.obj
 0002:00000060       ?__vcrt_flsindex@@3KA      10019060     libvcruntime:per_thread_data.obj
 0002:00000080       ?__acrt_flsindex@@3KA      10019080     libucrt:per_thread_data.obj
 0002:00000084       ?errno_no_memory@@3HA      10019084     libucrt:errno.obj
 0002:00000088       ?doserrno_no_memory@@3KA   10019088     libucrt:errno.obj
 0002:000002b0       __mbctypes                 100192b0     libucrt:mbctype.obj
 0002:000003b8       __mbcasemaps               100193b8     libucrt:mbctype.obj
 0002:000004b8       ?__rgctypeflag@@3PADA      100194b8     libucrt:mbctype.obj
 0002:000004c0       ?__rgcode_page_info@@3PAUcode_page_info@@A 100194c0     libucrt:mbctype.obj
 0002:00000880       ?__dcrt_lowio_console_output_handle@@3PAXA 10019880     libucrt:initcon.obj
 0002:0000093c       ?hNeedInvoke@OleThread@@3PAVCHandle@@A 1001993c     OleThread.obj
 0002:00000940       ?hInvokeDone@OleThread@@3PAVCHandle@@A 10019940     OleThread.obj
 0002:00000944       ?hStop@OleThread@@3PAVCHandle@@A 10019944     OleThread.obj
 0002:00000948       ?hShowMenu@OleThread@@3PAVCHandle@@A 10019948     OleThread.obj
 0002:0000094c       ?hMenuDone@OleThread@@3PAVCHandle@@A 1001994c     OleThread.obj
 0002:00000950       ?hTerminator@OleThread@@3PAVCThreadTerminator@1@A 10019950     OleThread.obj
 0002:00000954       ?nOpenFrom@OpenPluginArgs@OleThread@@3HA 10019954     OleThread.obj
 0002:00000958       ?nItem@OpenPluginArgs@OleThread@@3HA 10019958     OleThread.obj
 0002:0000095c       ?enRes@OpenPluginArgs@OleThread@@3W4EDoMenu@CPlugin@@A 1001995c     OleThread.obj
 0002:00000960       ?Menu@ShowMenuArgs@OleThread@@3PAVCFarMenu@@A 10019960     OleThread.obj
 0002:00000964       ?szTitle@ShowMenuArgs@OleThread@@3PB_WB 10019964     OleThread.obj
 0002:00000968       ?nSelItem@ShowMenuArgs@OleThread@@3HA 10019968     OleThread.obj
 0002:0000096c       ?bAtCursorPos@ShowMenuArgs@OleThread@@3_NA 1001996c     OleThread.obj
 0002:00000970       ?Res@ShowMenuArgs@OleThread@@3HA 10019970     OleThread.obj
 0002:00000974       ?hThread@OleThread@@3PAXA  10019974     OleThread.obj
 0002:00000978       ?PluginMenuStrings@?1??GetPluginInfo@CPlugin@@QAEXPAUPluginInfo@@@Z@4PAPB_WA 10019978     Plugin.obj
 0002:0000097c       ?pThis@?1??CfgDlgProcStatic@CPlugin@@KGHPAXHH0@Z@4PAV2@A 1001997c     Plugin.obj
 0002:00000980       ?szFNameTmp@?BI@??GetFilesFromPanel@CPlugin@@IAE_NPAPAPB_WPAI1PAVauto_sz@@@Z@4PA_WA 10019980     Plugin.obj
 0002:00001184       ?Cookie@?1??XorPointer@@YAPAXPAX@Z@4IB 1001a184     vc_crt_fix_impl.obj
 0002:00001188       ?$S1@?1??XorPointer@@YAPAXPAX@Z@4IA 1001a188     vc_crt_fix_impl.obj
 0002:0000118c       ?Function@?1??EncodePointerWrapper@@9@4@4Q6GPAXPAX@ZA 1001a18c     vc_crt_fix_impl.obj
 0002:00001190       ?$S2@?1??EncodePointerWrapper@@9@4@4IA 1001a190     vc_crt_fix_impl.obj
 0002:00001194       ?Function@?1??DecodePointerWrapper@@9@4@4Q6GPAXPAX@ZA 1001a194     vc_crt_fix_impl.obj
 0002:00001198       ?$S3@?1??DecodePointerWrapper@@9@4@4IA 1001a198     vc_crt_fix_impl.obj
 0002:0000119c       ?Function@?1??GetModuleHandleExWWrapper@@9@12@4Q6GHKPB_WPAPAUHINSTANCE__@@@ZA 1001a19c     vc_crt_fix_impl.obj
 0002:000011a0       ?$S4@?1??GetModuleHandleExWWrapper@@9@12@4IA 1001a1a0     vc_crt_fix_impl.obj
 0002:000011a4       ?Deleter@?1??InitializeSListHead@implementation@slist@@YGXPAT_SLIST_HEADER@@@Z@4Vservice_deleter@23@A 1001a1a4     vc_crt_fix_impl.obj
 0002:000011c4       ?$S5@?1??InitializeSListHead@implementation@slist@@YGXPAT_SLIST_HEADER@@@Z@4IA 1001a1c4     vc_crt_fix_impl.obj
 0002:000011c8       ?Function@?1??InitializeSListHeadWrapper@@9@4@4Q6GXPAT_SLIST_HEADER@@@ZA 1001a1c8     vc_crt_fix_impl.obj
 0002:000011cc       ?$S6@?1??InitializeSListHeadWrapper@@9@4@4IA 1001a1cc     vc_crt_fix_impl.obj
 0002:000011d0       ?Function@?1??InterlockedFlushSListWrapper@@9@4@4Q6GPAU_SINGLE_LIST_ENTRY@@PAT_SLIST_HEADER@@@ZA 1001a1d0     vc_crt_fix_impl.obj
 0002:000011d4       ?$S7@?1??InterlockedFlushSListWrapper@@9@4@4IA 1001a1d4     vc_crt_fix_impl.obj
 0002:000011d8       ?Function@?1??InterlockedPopEntrySListWrapper@@9@4@4Q6GPAU_SINGLE_LIST_ENTRY@@PAT_SLIST_HEADER@@@ZA 1001a1d8     vc_crt_fix_impl.obj
 0002:000011dc       ?$S8@?1??InterlockedPopEntrySListWrapper@@9@4@4IA 1001a1dc     vc_crt_fix_impl.obj
 0002:000011e0       ?Function@?1??InterlockedPushEntrySListWrapper@@9@8@4Q6GPAU_SINGLE_LIST_ENTRY@@PAT_SLIST_HEADER@@PAU2@@ZA 1001a1e0     vc_crt_fix_impl.obj
 0002:000011e4       ?$S9@?1??InterlockedPushEntrySListWrapper@@9@8@4IA 1001a1e4     vc_crt_fix_impl.obj
 0002:000011e8       ?Function@?1??InterlockedPushListSListExWrapper@@9@16@4Q6GPAU_SINGLE_LIST_ENTRY@@PAT_SLIST_HEADER@@PAU2@1K@ZA 1001a1e8     vc_crt_fix_impl.obj
 0002:000011ec       ?$S10@?1??InterlockedPushListSListExWrapper@@9@16@4IA 1001a1ec     vc_crt_fix_impl.obj
 0002:000011f0       ?Function@?1??RtlFirstEntrySListWrapper@@9@4@4Q6GPAU_SINGLE_LIST_ENTRY@@PAT_SLIST_HEADER@@@ZA 1001a1f0     vc_crt_fix_impl.obj
 0002:000011f4       ?$S11@?1??RtlFirstEntrySListWrapper@@9@4@4IA 1001a1f4     vc_crt_fix_impl.obj
 0002:000011f8       ?Function@?1??QueryDepthSListWrapper@@9@4@4Q6GGPAT_SLIST_HEADER@@@ZA 1001a1f8     vc_crt_fix_impl.obj
 0002:000011fc       ?$S12@?1??QueryDepthSListWrapper@@9@4@4IA 1001a1fc     vc_crt_fix_impl.obj
 0002:00001200       ?Function@?1??GetNumaHighestNodeNumberWrapper@@9@4@4Q6GHPAK@ZA 1001a200     vc_crt_fix_impl.obj
 0002:00001204       ?$S13@?1??GetNumaHighestNodeNumberWrapper@@9@4@4IA 1001a204     vc_crt_fix_impl.obj
 0002:00001208       ?Function@?1??GetLogicalProcessorInformationWrapper@@9@8@4Q6GHPAU_SYSTEM_LOGICAL_PROCESSOR_INFORMATION@@PAK@ZA 1001a208     vc_crt_fix_impl.obj
 0002:0000120c       ?$S14@?1??GetLogicalProcessorInformationWrapper@@9@8@4IA 1001a20c     vc_crt_fix_impl.obj
 0002:00001210       ?Function@?1??SetThreadStackGuaranteeWrapper@@9@4@4Q6GHPAK@ZA 1001a210     vc_crt_fix_impl.obj
 0002:00001214       ?$S15@?1??SetThreadStackGuaranteeWrapper@@9@4@4IA 1001a214     vc_crt_fix_impl.obj
 0002:00001218       ?Function@?1??InitializeCriticalSectionExWrapper@@9@12@4Q6GHPAU_RTL_CRITICAL_SECTION@@KK@ZA 1001a218     vc_crt_fix_impl.obj
 0002:0000121c       ?$S16@?1??InitializeCriticalSectionExWrapper@@9@12@4IA 1001a21c     vc_crt_fix_impl.obj
 0002:00001220       ?Function@?1??CompareStringExWrapper@@9@36@4Q6GHPB_WK0H0HPAU_nlsversioninfo@@PAXJ@ZA 1001a220     vc_crt_fix_impl.obj
 0002:00001224       ?$S17@?1??CompareStringExWrapper@@9@36@4IA 1001a224     vc_crt_fix_impl.obj
 0002:00001228       ?Function@?1??LCMapStringExWrapper@@9@36@4Q6GHPB_WK0HPA_WHPAU_nlsversioninfo@@PAXJ@ZA 1001a228     vc_crt_fix_impl.obj
 0002:0000122c       ?$S18@?1??LCMapStringExWrapper@@9@36@4IA 1001a22c     vc_crt_fix_impl.obj
 0002:00001238       ?is_initialized_as_dll@@3_NA 1001a238     LIBCMT:utility.obj
 0002:00001239       ?module_local_atexit_table_initialized@@3_NA 1001a239     LIBCMT:utility.obj
 0002:0000123c       ?module_local_atexit_table@@3U_onexit_table_t@@A 1001a23c     LIBCMT:utility.obj
 0002:00001248       ?module_local_at_quick_exit_table@@3U_onexit_table_t@@A 1001a248     LIBCMT:utility.obj
 0002:00001254       ?__proc_attached@@3HA      1001a254     LIBCMT:dll_dllmain.obj
 0002:00001280       _GS_ExceptionRecord        1001a280     LIBCMT:gs_report.obj
 0002:000012d0       _GS_ContextRecord          1001a2d0     LIBCMT:gs_report.obj
 0002:000015a8       _rgValidPages              1001a5a8     libvcruntime:eh3valid.obj
 0002:00001628       _nValidPages               1001a628     libvcruntime:eh3valid.obj
 0002:0000162c       _lModifying                1001a62c     libvcruntime:eh3valid.obj
 0002:00001630       ?__vcrt_startup_thread_ptd@@3U__vcrt_ptd@@A 1001a630     libvcruntime:per_thread_data.obj
 0002:00001658       ___vcrt_lock_table         1001a658     libvcruntime:locks.obj
 0002:00001670       ___vcrt_locks_initialized  1001a670     libvcruntime:locks.obj
 0002:0000169c       ?heap@@3V_HeapManager@@A   1001a69c     libvcruntime:undname.obj
 0002:000016b0       ?module_handles@@3PAPAUHINSTANCE__@@A 1001a6b0     libvcruntime:winapi_downlevel.obj
 0002:000016bc       ?function_pointers@@3PAPAXA 1001a6bc     libvcruntime:winapi_downlevel.obj
 0002:000016d0       ?__acrt_new_handler@@3V?$dual_state_global@P6AHI@Z@__crt_state_management@@A 1001a6d0     libucrt:new_handler.obj
 0002:000016d4       ?c_termination_complete@@3JA 1001a6d4     libucrt:exit.obj
 0002:000016d8       ?thread_local_exit_callback_func@@3P6GXPAXK0@ZA 1001a6d8     libucrt:exit.obj
 0002:000016e0       ?program_name@?1???$common_configure_argv@D@@YAHW4_crt_argv_mode@@@Z@4PADA 1001a6e0     libucrt:argv_parsing.obj
 0002:00001810       ?__acrt_lock_table@@3PAU_RTL_CRITICAL_SECTION@@A 1001a810     libucrt:locks.obj
 0002:00001960       ?__acrt_locks_initialized@@3IA 1001a960     libucrt:locks.obj
 0002:00001964       ?__acrt_invalid_parameter_handler@@3V?$dual_state_global@P6AXPB_W00II@Z@__crt_state_management@@A 1001a964     libucrt:invalid_parameter.obj
 0002:00001974       ?fSystemSet@@3HA           1001a974     libucrt:mbctype.obj
 0002:00001978       ?initialized@?1??__acrt_initialize_multibyte@@9@4_NA 1001a978     libucrt:mbctype.obj
 0002:00001998       ?module_handles@@3PAPAUHINSTANCE__@@A 1001a998     libucrt:winapi_thunks.obj
 0002:000019e8       ?encoded_function_pointers@@3PAPAXA 1001a9e8     libucrt:winapi_thunks.obj
 0002:00001c7c       ?ctrlc_action@@3V?$dual_state_global@P6AXH@Z@__crt_state_management@@A 1001ac7c     libucrt:signal.obj
 0002:00001c80       ?ctrlbreak_action@@3V?$dual_state_global@P6AXH@Z@__crt_state_management@@A 1001ac80     libucrt:signal.obj
 0002:00001c84       ?abort_action@@3V?$dual_state_global@P6AXH@Z@__crt_state_management@@A 1001ac84     libucrt:signal.obj
 0002:00001c88       ?term_action@@3V?$dual_state_global@P6AXH@Z@__crt_state_management@@A 1001ac88     libucrt:signal.obj
 0002:00001c8c       ?user_matherr@@3V?$dual_state_global@P6AHPAU_exception@@@Z@__crt_state_management@@A 1001ac8c     libucrt:matherr.obj
 0002:00001ca4       ?internal_state@?1??_mbtowc_l@@9@4U_Mbstatet@@A 1001aca4     libucrt:mbtowc.obj
 0002:00001cb0       ?__acrt_global_new_mode@@3V?$dual_state_global@J@__crt_state_management@@A 1001acb0     libucrt:new_mode.obj
 0002:00001cbc       ?__acrt_app_type@@3W4_crt_app_type@@A 1001acbc     libucrt:report_runtime_error.obj
 0002:00001cc0       ?internal_pst@?1??__mbrtoc32_utf8@__crt_mbstring@@YAIPA_UPBDIPAU_Mbstatet@@@Z@4U3@A 1001acc0     libucrt:mbrtoc32.obj
 0002:00001ccc       __pmatherr_set             1001accc     libucrt:libm_error.obj
 0003:000006a6       .idata$6                   1001b6a6     kernel32:KERNEL32.dll
 0003:00000826       .idata$6                   1001b826     user32:USER32.dll
 0003:00000866       .idata$6                   1001b866     shell32:SHELL32.dll
 0003:000008a6       .idata$6                   1001b8a6     ole32:ole32.dll
 0004:000000a0       $R000000                   1001c0a0     EMenu.res
 0004:00000408       $R000368                   1001c408     EMenu.res
