 AutoWrap

 Timestamp is 60a54484 (Wed May 19 18:01:56 2021)

 Preferred load address is 10000000

 Start         Length     Name                   Class
 0001:00000000 00000004H .CRT$XCA                CODE
 0001:00000004 00000004H .CRT$XCZ                CODE
 0001:00000008 00000004H .CRT$XIA                CODE
 0001:0000000c 0000000cH .CRT$XIC                CODE
 0001:00000018 00000004H .CRT$XIZ                CODE
 0001:0000001c 00000004H .CRT$XPA                CODE
 0001:00000020 00000008H .CRT$XPX                CODE
 0001:00000028 00000004H .CRT$XPXA               CODE
 0001:0000002c 00000004H .CRT$XPZ                CODE
 0001:00000030 00000004H .CRT$XTA                CODE
 0001:00000034 0000000cH .CRT$XTZ                CODE
 0001:00000038 00000000H .gfids$y                CODE
 0001:00000040 000050a4H .rdata                  CODE
 0001:000050e4 0000012cH .rdata$r                CODE
 0001:00005210 0000000cH .rdata$sxdata           CODE
 0001:0000521c 0000029cH .rdata$zzzdbg           CODE
 0001:000054b8 00000004H .rtc$IAA                CODE
 0001:000054bc 00000004H .rtc$IZZ                CODE
 0001:000054c0 00000004H .rtc$TAA                CODE
 0001:000054c4 0000000cH .rtc$TZZ                CODE
 0001:000054d0 0000d260H .text$mn                CODE
 0001:0001272f 00000000H .text$x                 CODE
 0001:00012730 00000040H .text$yd                CODE
 0001:00012770 00000480H .xdata$x                CODE
 0001:00012bf0 000000afH .edata                  CODE
 0002:00000000 00000870H .data                   DATA
 0002:00000870 00000078H .data$r                 DATA
 0002:000008e8 00001440H .bss                    DATA
 0003:00000000 00000114H .idata$5                DATA
 0003:00000114 00000004H .00cfg                  DATA
 0003:00000118 00000014H .idata$2                DATA
 0003:0000012c 00000014H .idata$3                DATA
 0003:00000140 00000114H .idata$4                DATA
 0003:00000254 000004e6H .idata$6                DATA
 0004:00000000 00000060H .rsrc$01                DATA
 0004:00000060 00000370H .rsrc$02                DATA

  Address         Publics by Value              Rva+Base       Lib:Object

 0000:00000000       ___dynamic_value_reloc_table 00000000     <absolute>
 0000:00000000       ___guard_iat_count         00000000     <absolute>
 0000:00000000       __except_list              00000000     <absolute>
 0000:00000000       ___guard_fids_count        00000000     <absolute>
 0000:00000000       ___guard_longjmp_table     00000000     <absolute>
 0000:00000000       ___hybrid_code_map_count   00000000     <absolute>
 0000:00000000       ___hybrid_auxiliary_iat    00000000     <absolute>
 0000:00000000       ___guard_longjmp_count     00000000     <absolute>
 0000:00000000       ___guard_fids_table        00000000     <absolute>
 0000:00000000       ___guard_iat_table         00000000     <absolute>
 0000:00000000       ___volatile_metadata       00000000     <absolute>
 0000:00000000       ___AbsoluteZero            00000000     <absolute>
 0000:00000000       ___enclave_config          00000000     <absolute>
 0000:00000000       ___hybrid_code_map         00000000     <absolute>
 0000:00000003       ___safe_se_handler_count   00000003     <absolute>
 0000:00000100       ___guard_flags             00000100     <absolute>
 0000:00000000       ___ImageBase               10000000     <linker-defined>
 0001:00000000       ___xc_a                    10001000     LIBCMT:initializers.obj
 0001:00000004       ___xc_z                    10001004     LIBCMT:initializers.obj
 0001:00000008       ___xi_a                    10001008     LIBCMT:initializers.obj
 0001:0000000c       ___acrt_multibyte_initializer 1000100c     libucrt:multibyte_initializer.obj
 0001:00000010       ___acrt_stdio_initializer  10001010     libucrt:stdio_initializer.obj
 0001:00000014       ___acrt_tran_sse2_initializer 10001014     libucrt:sse2_initializer.obj
 0001:00000018       ___xi_z                    10001018     LIBCMT:initializers.obj
 0001:0000001c       ___xp_a                    1000101c     LIBCMT:initializers.obj
 0001:00000020       ___acrt_locale_terminator  10001020     libucrt:locale_initializer.obj
 0001:00000024       ___dcrt_console_output_terminator 10001024     libucrt:console_output_initializer.obj
 0001:00000028       ___acrt_stdio_terminator   10001028     libucrt:stdio_initializer.obj
 0001:0000002c       ___xp_z                    1000102c     LIBCMT:initializers.obj
 0001:00000030       ___xt_a                    10001030     LIBCMT:initializers.obj
 0001:00000034       ___xt_z                    10001034     LIBCMT:initializers.obj
 0001:00000040       _MainGuid                  10001040     AutoWrap.obj
 0001:00000050       _MenuGuid                  10001050     AutoWrap.obj
 0001:00000060       _DialogGuid                10001060     AutoWrap.obj
 0001:00000070       ??_7PluginCheckBoxBinding@@6B@ 10001070     AutoWrap.obj
 0001:00000078       ??_7PluginEditFieldBinding@@6B@ 10001078     AutoWrap.obj
 0001:00000080       ??_7PluginIntEditFieldBinding@@6B@ 10001080     AutoWrap.obj
 0001:00000088       ??_C@_15EFLNJKHH@?$AA?$CF?$AAu@ 10001088     AutoWrap.obj
 0001:00000090       ??_C@_11LOCGONAA@@         10001090     AutoWrap.obj
 0001:00000094       ??_C@_1BC@NMCLCAKE@?$AAA?$AAu?$AAt?$AAo?$AAW?$AAr?$AAa?$AAp@ 10001094     AutoWrap.obj
 0001:000000a8       ??_C@_1DE@LDAHMEKD@?$AAA?$AAu?$AAt?$AAo?$AA?5?$AAw?$AAr?$AAa?$AAp?$AA?5?$AAf?$AAo?$AAr?$AA?5?$AAF@ 100010a8     AutoWrap.obj
 0001:000000dc       ??_C@_1DE@BGKMIKPD@?$AAE?$AAu?$AAg?$AAe?$AAn?$AAe?$AA?5?$AAR?$AAo?$AAs?$AAh?$AAa?$AAl?$AA?5?$AA?$CG@ 100010dc     AutoWrap.obj
 0001:00000110       ??_C@_19BFPOADG@?$AAW?$AAr?$AAa?$AAp@ 10001110     AutoWrap.obj
 0001:0000011c       ??_C@_1BI@JMKBMFLI@?$AAR?$AAi?$AAg?$AAh?$AAt?$AAM?$AAa?$AAr?$AAg?$AAi?$AAn@ 1000111c     AutoWrap.obj
 0001:00000134       ??_C@_17ECHFBE@?$AA?$CK?$AA?4?$AA?$CK@ 10001134     AutoWrap.obj
 0001:0000013c       ??_C@_1BE@GBKLIJMP@?$AAF?$AAi?$AAl?$AAe?$AAM?$AAa?$AAs?$AAk?$AAs@ 1000113c     AutoWrap.obj
 0001:00000150       ??_C@_1CC@MHEGACBP@?$AAE?$AAx?$AAc?$AAl?$AAu?$AAd?$AAe?$AAF?$AAi?$AAl?$AAe?$AAM?$AAa?$AAs?$AAk@ 10001150     AutoWrap.obj
 0001:00000180       __imp__EncodePointer@4     10001180     vc_crt_fix.obj
 0001:00000184       __imp__DecodePointer@4     10001184     vc_crt_fix.obj
 0001:00000188       __imp__GetModuleHandleExW@12 10001188     vc_crt_fix.obj
 0001:0000018c       __imp__InitializeSListHead@4 1000118c     vc_crt_fix.obj
 0001:00000190       __imp__InterlockedFlushSList@4 10001190     vc_crt_fix.obj
 0001:00000194       __imp__InterlockedPopEntrySList@4 10001194     vc_crt_fix.obj
 0001:00000198       __imp__InterlockedPushEntrySList@8 10001198     vc_crt_fix.obj
 0001:0000019c       __imp__InterlockedPushListSListEx@16 1000119c     vc_crt_fix.obj
 0001:000001a0       __imp__RtlFirstEntrySList@4 100011a0     vc_crt_fix.obj
 0001:000001a4       __imp__QueryDepthSList@4   100011a4     vc_crt_fix.obj
 0001:000001a8       __imp__GetNumaHighestNodeNumber@4 100011a8     vc_crt_fix.obj
 0001:000001ac       __imp__GetLogicalProcessorInformation@8 100011ac     vc_crt_fix.obj
 0001:000001b0       __imp__SetThreadStackGuarantee@4 100011b0     vc_crt_fix.obj
 0001:000001b4       __imp__InitializeCriticalSectionEx@12 100011b4     vc_crt_fix.obj
 0001:000001b8       __imp__CompareStringEx@36  100011b8     vc_crt_fix.obj
 0001:000001bc       __imp__LCMapStringEx@36    100011bc     vc_crt_fix.obj
 0001:000001e0       ??_C@_0O@NLDKAIKN@EncodePointer@ 100011e0     vc_crt_fix_impl.obj
 0001:000001f0       ??_C@_0O@KBPMFGHI@DecodePointer@ 100011f0     vc_crt_fix_impl.obj
 0001:00000200       ??_C@_0BD@GIGEJCNH@GetModuleHandleExW@ 10001200     vc_crt_fix_impl.obj
 0001:00000214       ??_C@_0BE@NBEJPEJA@InitializeSListHead@ 10001214     vc_crt_fix_impl.obj
 0001:00000228       ??_C@_0BG@PLLPFLHB@InterlockedFlushSList@ 10001228     vc_crt_fix_impl.obj
 0001:00000240       ??_C@_0BJ@PNEEKDOK@InterlockedPopEntrySList@ 10001240     vc_crt_fix_impl.obj
 0001:0000025c       ??_C@_0BK@JFGGAIOA@InterlockedPushEntrySList@ 1000125c     vc_crt_fix_impl.obj
 0001:00000278       ??_C@_0BL@FOECAEGO@InterlockedPushListSListEx@ 10001278     vc_crt_fix_impl.obj
 0001:00000294       ??_C@_0BD@FHMMIGCI@RtlFirstEntrySList@ 10001294     vc_crt_fix_impl.obj
 0001:000002a8       ??_C@_0BA@FGPHPMJB@QueryDepthSList@ 100012a8     vc_crt_fix_impl.obj
 0001:000002b8       ??_C@_0BJ@NLNFLAMA@GetNumaHighestNodeNumber@ 100012b8     vc_crt_fix_impl.obj
 0001:000002d4       ??_C@_0BP@KHGALBC@GetLogicalProcessorInformation@ 100012d4     vc_crt_fix_impl.obj
 0001:000002f4       ??_C@_0BI@BKLFFAPO@SetThreadStackGuarantee@ 100012f4     vc_crt_fix_impl.obj
 0001:0000030c       ??_C@_0BM@HCFOFFN@InitializeCriticalSectionEx@ 1000130c     vc_crt_fix_impl.obj
 0001:00000328       ??_C@_0BA@IHGNDAEB@CompareStringEx@ 10001328     vc_crt_fix_impl.obj
 0001:00000338       __pRawDllMain              10001338     LIBCMT:dll_dllmain.obj
 0001:00000338       __pDefaultRawDllMain       10001338     LIBCMT:dll_dllmain.obj
 0001:00000340       ??_7exception@std@@6B@     10001340     LIBCMT:throw_bad_alloc.obj
 0001:00000348       ??_C@_0BC@EOODALEL@Unknown?5exception@ 10001348     LIBCMT:throw_bad_alloc.obj
 0001:00000360       ??_7bad_alloc@std@@6B@     10001360     LIBCMT:throw_bad_alloc.obj
 0001:00000368       ??_C@_0P@GHFPNOJB@bad?5allocation@ 10001368     LIBCMT:throw_bad_alloc.obj
 0001:0000037c       ??_7bad_array_new_length@std@@6B@ 1000137c     LIBCMT:throw_bad_alloc.obj
 0001:00000384       ??_C@_0BF@KINCDENJ@bad?5array?5new?5length@ 10001384     LIBCMT:throw_bad_alloc.obj
 0001:000003a0       ??_7type_info@@6B@         100013a0     LIBCMT:std_type_info_static.obj
 0001:000003ac       __pDestructExceptionObject 100013ac     libvcruntime:ehhelpers.obj
 0001:00000730       ??_C@_08EHJDFFNH@__based?$CI@ 10001730     libvcruntime:undname.obj
 0001:0000073c       ??_C@_07KOLFKCDI@__cdecl@  1000173c     libvcruntime:undname.obj
 0001:00000744       ??_C@_08GHMPAG@__pascal@   10001744     libvcruntime:undname.obj
 0001:00000750       ??_C@_09IFJBGAPI@__stdcall@ 10001750     libvcruntime:undname.obj
 0001:0000075c       ??_C@_0L@NPHFGOKO@__thiscall@ 1000175c     libvcruntime:undname.obj
 0001:00000768       ??_C@_0L@JMKHOMEK@__fastcall@ 10001768     libvcruntime:undname.obj
 0001:00000774       ??_C@_0N@BCKKPABJ@__vectorcall@ 10001774     libvcruntime:undname.obj
 0001:00000784       ??_C@_09HIJEGCPM@__clrcall@ 10001784     libvcruntime:undname.obj
 0001:00000790       ??_C@_06GHPCKEAG@__eabi@   10001790     libvcruntime:undname.obj
 0001:00000798       ??_C@_09IOPIDJLG@__swift_1@ 10001798     libvcruntime:undname.obj
 0001:000007a4       ??_C@_09KFNFGKHF@__swift_2@ 100017a4     libvcruntime:undname.obj
 0001:000007b0       ??_C@_07JOMMBBKO@__ptr64@  100017b0     libvcruntime:undname.obj
 0001:000007b8       ??_C@_0L@PILCLIHE@__restrict@ 100017b8     libvcruntime:undname.obj
 0001:000007c4       ??_C@_0M@GFIIJFMG@__unaligned@ 100017c4     libvcruntime:undname.obj
 0001:000007d0       ??_C@_09DHDLOLLB@restrict?$CI@ 100017d0     libvcruntime:undname.obj
 0001:000007da       ??_C@_00CNPNBAHC@@         100017da     libvcruntime:undname.obj
 0001:000007dc       ??_C@_04NIHEBCM@?5new@     100017dc     libvcruntime:undname.obj
 0001:000007e4       ??_C@_07FPCDHGMM@?5delete@ 100017e4     libvcruntime:undname.obj
 0001:000007ec       ??_C@_01NEMOKFLO@?$DN@     100017ec     libvcruntime:undname.obj
 0001:000007f0       ??_C@_02GPIOPFAK@?$DO?$DO@ 100017f0     libvcruntime:undname.obj
 0001:000007f4       ??_C@_02FODMEDOG@?$DM?$DM@ 100017f4     libvcruntime:undname.obj
 0001:000007f8       ??_C@_01DCLJPIOD@?$CB@     100017f8     libvcruntime:undname.obj
 0001:000007fc       ??_C@_02EGOFBIJA@?$DN?$DN@ 100017fc     libvcruntime:undname.obj
 0001:00000800       ??_C@_02FDNJECIE@?$CB?$DN@ 10001800     libvcruntime:undname.obj
 0001:00000804       ??_C@_02GPECMEKF@?$FL?$FN@ 10001804     libvcruntime:undname.obj
 0001:00000808       ??_C@_08LHJFAFGD@operator@ 10001808     libvcruntime:undname.obj
 0001:00000814       ??_C@_02HBOOOICD@?9?$DO@   10001814     libvcruntime:undname.obj
 0001:00000818       ??_C@_01NBENCBCI@?$CK@     10001818     libvcruntime:undname.obj
 0001:0000081c       ??_C@_02ECNGHCIF@?$CL?$CL@ 1000181c     libvcruntime:undname.obj
 0001:00000820       ??_C@_02BAABKJLB@?9?9@     10001820     libvcruntime:undname.obj
 0001:00000824       ??_C@_01JOAMLHOP@?9@       10001824     libvcruntime:undname.obj
 0001:00000828       ??_C@_01MIFGBAGJ@?$CL@     10001828     libvcruntime:undname.obj
 0001:0000082c       ??_C@_01HNPIGOCE@?$CG@     1000182c     libvcruntime:undname.obj
 0001:00000830       ??_C@_03MNHNFDLC@?9?$DO?$CK@ 10001830     libvcruntime:undname.obj
 0001:00000834       ??_C@_01KMDKNFGN@?1@       10001834     libvcruntime:undname.obj
 0001:00000838       ??_C@_01FGNFDNOH@?$CF@     10001838     libvcruntime:undname.obj
 0001:0000083c       ??_C@_01MNNFJEPP@?$DM@     1000183c     libvcruntime:undname.obj
 0001:00000840       ??_C@_02EHCHHCKH@?$DM?$DN@ 10001840     libvcruntime:undname.obj
 0001:00000844       ??_C@_01PPODPGHN@?$DO@     10001844     libvcruntime:undname.obj
 0001:00000848       ??_C@_02EEKDKGMJ@?$DO?$DN@ 10001848     libvcruntime:undname.obj
 0001:0000084c       ??_C@_01IHBHIGKO@?0@       1000184c     libvcruntime:undname.obj
 0001:00000850       ??_C@_02HCKGKOFO@?$CI?$CJ@ 10001850     libvcruntime:undname.obj
 0001:00000854       ??_C@_01PJKLJHI@?$HO@      10001854     libvcruntime:undname.obj
 0001:00000858       ??_C@_01JKBOJNNK@?$FO@     10001858     libvcruntime:undname.obj
 0001:0000085c       ??_C@_01DNKMNLPK@?$HM@     1000185c     libvcruntime:undname.obj
 0001:00000860       ??_C@_02PPKAJPJL@?$CG?$CG@ 10001860     libvcruntime:undname.obj
 0001:00000864       ??_C@_02NONPIBCD@?$HM?$HM@ 10001864     libvcruntime:undname.obj
 0001:00000868       ??_C@_02FPIMKNGF@?$CK?$DN@ 10001868     libvcruntime:undname.obj
 0001:0000086c       ??_C@_02FOEOMHFC@?$CL?$DN@ 1000186c     libvcruntime:undname.obj
 0001:00000870       ??_C@_02FKMDLLOA@?9?$DN@   10001870     libvcruntime:undname.obj
 0001:00000874       ??_C@_02FJEHGPIO@?1?$DN@   10001874     libvcruntime:undname.obj
 0001:00000878       ??_C@_02FENAOKFI@?$CF?$DN@ 10001878     libvcruntime:undname.obj
 0001:0000087c       ??_C@_03IKFCCPFF@?$DO?$DO?$DN@ 1000187c     libvcruntime:undname.obj
 0001:00000880       ??_C@_03CDNPDDLA@?$DM?$DM?$DN@ 10001880     libvcruntime:undname.obj
 0001:00000884       ??_C@_02FGJGFEAB@?$CG?$DN@ 10001884     libvcruntime:undname.obj
 0001:00000888       ??_C@_02DHLNPPGH@?$HM?$DN@ 10001888     libvcruntime:undname.obj
 0001:0000088c       ??_C@_02MHEGNOJ@?$FO?$DN@  1000188c     libvcruntime:undname.obj
 0001:00000890       ??_C@_09IFPLHPGF@?$GAvftable?8@ 10001890     libvcruntime:undname.obj
 0001:0000089c       ??_C@_09BLBHBJP@?$GAvbtable?8@ 1000189c     libvcruntime:undname.obj
 0001:000008a8       ??_C@_07FEEIOKP@?$GAvcall?8@ 100018a8     libvcruntime:undname.obj
 0001:000008b0       ??_C@_08LLFFHHDJ@?$GAtypeof?8@ 100018b0     libvcruntime:undname.obj
 0001:000008bc       ??_C@_0BF@KDPPACIK@?$GAlocal?5static?5guard?8@ 100018bc     libvcruntime:undname.obj
 0001:000008d4       ??_C@_08OBABFOLI@?$GAstring?8@ 100018d4     libvcruntime:undname.obj
 0001:000008e0       ??_C@_0BD@JDLKDPAB@?$GAvbase?5destructor?8@ 100018e0     libvcruntime:undname.obj
 0001:000008f4       ??_C@_0BN@DEGPLNFK@?$GAvector?5deleting?5destructor?8@ 100018f4     libvcruntime:undname.obj
 0001:00000914       ??_C@_0BO@OBMKPJIG@?$GAdefault?5constructor?5closure?8@ 10001914     libvcruntime:undname.obj
 0001:00000934       ??_C@_0BN@IMDCHIKM@?$GAscalar?5deleting?5destructor?8@ 10001934     libvcruntime:undname.obj
 0001:00000954       ??_C@_0BO@PFGOCPJJ@?$GAvector?5constructor?5iterator?8@ 10001954     libvcruntime:undname.obj
 0001:00000974       ??_C@_0BN@LFPFMEDL@?$GAvector?5destructor?5iterator?8@ 10001974     libvcruntime:undname.obj
 0001:00000994       ??_C@_0CE@IKBNEHA@?$GAvector?5vbase?5constructor?5itera@ 10001994     libvcruntime:undname.obj
 0001:000009b8       ??_C@_0BL@NILFHHPC@?$GAvirtual?5displacement?5map?8@ 100019b8     libvcruntime:undname.obj
 0001:000009d4       ??_C@_0CB@JONCMFFK@?$GAeh?5vector?5constructor?5iterator@ 100019d4     libvcruntime:undname.obj
 0001:000009f8       ??_C@_0CA@GCEOPDGL@?$GAeh?5vector?5destructor?5iterator?8@ 100019f8     libvcruntime:undname.obj
 0001:00000a18       ??_C@_0CH@OOJPLCPH@?$GAeh?5vector?5vbase?5constructor?5it@ 10001a18     libvcruntime:undname.obj
 0001:00000a40       ??_C@_0BL@LLKPOHJI@?$GAcopy?5constructor?5closure?8@ 10001a40     libvcruntime:undname.obj
 0001:00000a5c       ??_C@_0BA@KBCDOMBN@?$GAudt?5returning?8@ 10001a5c     libvcruntime:undname.obj
 0001:00000a6c       ??_C@_03KLGMFNMG@?$GAEH@   10001a6c     libvcruntime:undname.obj
 0001:00000a70       ??_C@_05KHLCHHI@?$GARTTI@  10001a70     libvcruntime:undname.obj
 0001:00000a78       ??_C@_0BA@KKLDJDLB@?$GAlocal?5vftable?8@ 10001a78     libvcruntime:undname.obj
 0001:00000a88       ??_C@_0CE@IIHCMGGL@?$GAlocal?5vftable?5constructor?5clos@ 10001a88     libvcruntime:undname.obj
 0001:00000aac       ??_C@_06FHBGPFGH@?5new?$FL?$FN@ 10001aac     libvcruntime:undname.obj
 0001:00000ab4       ??_C@_09LBNFPBCA@?5delete?$FL?$FN@ 10001ab4     libvcruntime:undname.obj
 0001:00000ac0       ??_C@_0P@HJKNJFNN@?$GAomni?5callsig?8@ 10001ac0     libvcruntime:undname.obj
 0001:00000ad0       ??_C@_0BL@CNOONJFP@?$GAplacement?5delete?5closure?8@ 10001ad0     libvcruntime:undname.obj
 0001:00000aec       ??_C@_0BN@CKNJLHMB@?$GAplacement?5delete?$FL?$FN?5closure?8@ 10001aec     libvcruntime:undname.obj
 0001:00000b0c       ??_C@_0CG@CFDHKGGD@?$GAmanaged?5vector?5constructor?5ite@ 10001b0c     libvcruntime:undname.obj
 0001:00000b34       ??_C@_0CF@IMGKMJNO@?$GAmanaged?5vector?5destructor?5iter@ 10001b34     libvcruntime:undname.obj
 0001:00000b5c       ??_C@_0CG@HLDDJMAG@?$GAeh?5vector?5copy?5constructor?5ite@ 10001b5c     libvcruntime:undname.obj
 0001:00000b84       ??_C@_0CM@FCBBDIGB@?$GAeh?5vector?5vbase?5copy?5construct@ 10001b84     libvcruntime:undname.obj
 0001:00000bb0       ??_C@_0BL@CLIPGLGB@?$GAdynamic?5initializer?5for?5?8@ 10001bb0     libvcruntime:undname.obj
 0001:00000bcc       ??_C@_0CB@PDBIFEP@?$GAdynamic?5atexit?5destructor?5for?5@ 10001bcc     libvcruntime:undname.obj
 0001:00000bf0       ??_C@_0CD@CGAJBKEJ@?$GAvector?5copy?5constructor?5iterat@ 10001bf0     libvcruntime:undname.obj
 0001:00000c14       ??_C@_0CJ@GJELGAMM@?$GAvector?5vbase?5copy?5constructor?5@ 10001c14     libvcruntime:undname.obj
 0001:00000c40       ??_C@_0CL@FGIJHLCE@?$GAmanaged?5vector?5copy?5constructo@ 10001c40     libvcruntime:undname.obj
 0001:00000c6c       ??_C@_0BM@PMGGMLDN@?$GAlocal?5static?5thread?5guard?8@ 10001c6c     libvcruntime:undname.obj
 0001:00000c88       ??_C@_0N@BDNMDMOL@operator?5?$CC?$CC?5@ 10001c88     libvcruntime:undname.obj
 0001:00000c98       ??_C@_0BC@GGEBGALA@operator?5co_await@ 10001c98     libvcruntime:undname.obj
 0001:00000cac       ??_C@_0M@GAAIMMOH@operator?$DM?$DN?$DO@ 10001cac     libvcruntime:undname.obj
 0001:00000cb8       ??_C@_0BC@DAFEJGAK@?5Type?5Descriptor?8@ 10001cb8     libvcruntime:undname.obj
 0001:00000ccc       ??_C@_0BM@LDKODKLH@?5Base?5Class?5Descriptor?5at?5?$CI@ 10001ccc     libvcruntime:undname.obj
 0001:00000ce8       ??_C@_0BD@LGICGFMM@?5Base?5Class?5Array?8@ 10001ce8     libvcruntime:undname.obj
 0001:00000cfc       ??_C@_0BN@MECKDCOJ@?5Class?5Hierarchy?5Descriptor?8@ 10001cfc     libvcruntime:undname.obj
 0001:00000d1c       ??_C@_0BK@CFCOFLF@?5Complete?5Object?5Locator?8@ 10001d1c     libvcruntime:undname.obj
 0001:00000d38       ??_C@_0BG@JNJLAMPM@?$GAanonymous?5namespace?8@ 10001d38     libvcruntime:undname.obj
 0001:00000d5c       ??_C@_1DM@KHCHBNEB@?$AAa?$AAp?$AAi?$AA?9?$AAm?$AAs?$AA?9?$AAw?$AAi?$AAn?$AA?9?$AAc?$AAo?$AAr?$AAe@ 10001d5c     libvcruntime:winapi_downlevel.obj
 0001:00000d98       ??_C@_1DK@LPPGFMPP@?$AAa?$AAp?$AAi?$AA?9?$AAm?$AAs?$AA?9?$AAw?$AAi?$AAn?$AA?9?$AAc?$AAo?$AAr?$AAe@ 10001d98     libvcruntime:winapi_downlevel.obj
 0001:00000dd4       ??_C@_1BC@GDMECMAK@?$AAk?$AAe?$AAr?$AAn?$AAe?$AAl?$AA3?$AA2@ 10001dd4     libvcruntime:winapi_downlevel.obj
 0001:00000de8       ??_C@_1BA@PFFKHIOG@?$AAa?$AAp?$AAi?$AA?9?$AAm?$AAs?$AA?9@ 10001de8     libvcruntime:winapi_downlevel.obj
 0001:00000e00       ??_C@_08KNHFBNJ@FlsAlloc@  10001e00     libvcruntime:winapi_downlevel.obj
 0001:00000e14       ??_C@_07PEJMOBNF@FlsFree@  10001e14     libvcruntime:winapi_downlevel.obj
 0001:00000e24       ??_C@_0M@GDNOONDI@FlsGetValue@ 10001e24     libvcruntime:winapi_downlevel.obj
 0001:00000e38       ??_C@_0M@JCPCPOEF@FlsSetValue@ 10001e38     libvcruntime:winapi_downlevel.obj
 0001:00000e50       ___acrt_exception_action_table 10001e50     libucrt:exception_filter.obj
 0001:00000ee0       ___acrt_signal_action_table_count 10001ee0     libucrt:exception_filter.obj
 0001:00000ee4       ___acrt_signal_action_first_fpe_index 10001ee4     libucrt:exception_filter.obj
 0001:00000ee8       ___acrt_signal_action_fpe_count 10001ee8     libucrt:exception_filter.obj
 0001:00000eec       ??_C@_1BI@BGOHAHKC@?$AAm?$AAs?$AAc?$AAo?$AAr?$AAe?$AAe?$AA?4?$AAd?$AAl?$AAl@ 10001eec     libucrt:exit.obj
 0001:00000f04       ??_C@_0P@MIGLKIOC@CorExitProcess@ 10001f04     libucrt:exit.obj
 0001:00000f98       ___lc_time_c               10001f98     libucrt:nlsdata.obj
 0001:000010fc       ??_C@_03KOEHGMDN@Sun@      100020fc     libucrt:nlsdata.obj
 0001:00001100       ??_C@_03PDAGKDH@Mon@       10002100     libucrt:nlsdata.obj
 0001:00001104       ??_C@_03NAGEINEP@Tue@      10002104     libucrt:nlsdata.obj
 0001:00001108       ??_C@_03MHOMLAJA@Wed@      10002108     libucrt:nlsdata.obj
 0001:0000110c       ??_C@_03IOFIKPDN@Thu@      1000210c     libucrt:nlsdata.obj
 0001:00001110       ??_C@_03IDIOELNC@Fri@      10002110     libucrt:nlsdata.obj
 0001:00001114       ??_C@_03FEFJNEK@Sat@       10002114     libucrt:nlsdata.obj
 0001:00001118       ??_C@_06OOPIFAJ@Sunday@    10002118     libucrt:nlsdata.obj
 0001:00001120       ??_C@_06JLEDEDGH@Monday@   10002120     libucrt:nlsdata.obj
 0001:00001128       ??_C@_07BAAGCFCM@Tuesday@  10002128     libucrt:nlsdata.obj
 0001:00001130       ??_C@_09DLIGFAKA@Wednesday@ 10002130     libucrt:nlsdata.obj
 0001:0000113c       ??_C@_08HACCIKIA@Thursday@ 1000213c     libucrt:nlsdata.obj
 0001:00001148       ??_C@_06JECMNKMI@Friday@   10002148     libucrt:nlsdata.obj
 0001:00001150       ??_C@_08INBOOONO@Saturday@ 10002150     libucrt:nlsdata.obj
 0001:0000115c       ??_C@_03JIHJHPIE@Jan@      1000215c     libucrt:nlsdata.obj
 0001:00001160       ??_C@_03HJBDCHOM@Feb@      10002160     libucrt:nlsdata.obj
 0001:00001164       ??_C@_03ODNJBKGA@Mar@      10002164     libucrt:nlsdata.obj
 0001:00001168       ??_C@_03LEOLGMJP@Apr@      10002168     libucrt:nlsdata.obj
 0001:0000116c       ??_C@_03CNMDKL@May@        1000216c     libucrt:nlsdata.obj
 0001:00001170       ??_C@_03IDFGHECI@Jun@      10002170     libucrt:nlsdata.obj
 0001:00001174       ??_C@_03LBGABGKK@Jul@      10002174     libucrt:nlsdata.obj
 0001:00001178       ??_C@_03IFJFEIGA@Aug@      10002178     libucrt:nlsdata.obj
 0001:0000117c       ??_C@_03GGCAPAJC@Sep@      1000217c     libucrt:nlsdata.obj
 0001:00001180       ??_C@_03BMAOKBAD@Oct@      10002180     libucrt:nlsdata.obj
 0001:00001184       ??_C@_03JPJOFNIA@Nov@      10002184     libucrt:nlsdata.obj
 0001:00001188       ??_C@_03MKABNOCG@Dec@      10002188     libucrt:nlsdata.obj
 0001:0000118c       ??_C@_07CGJPFGJA@January@  1000218c     libucrt:nlsdata.obj
 0001:00001194       ??_C@_08GNJGEPFN@February@ 10002194     libucrt:nlsdata.obj
 0001:000011a0       ??_C@_05HPCKOFNC@March@    100021a0     libucrt:nlsdata.obj
 0001:000011a8       ??_C@_05DMJDNLEJ@April@    100021a8     libucrt:nlsdata.obj
 0001:000011b0       ??_C@_04CNLMGBGM@June@     100021b0     libucrt:nlsdata.obj
 0001:000011b8       ??_C@_04MIEPOIFP@July@     100021b8     libucrt:nlsdata.obj
 0001:000011c0       ??_C@_06LBBHFDDG@August@   100021c0     libucrt:nlsdata.obj
 0001:000011c8       ??_C@_09BHHEALKD@September@ 100021c8     libucrt:nlsdata.obj
 0001:000011d4       ??_C@_07JJNFCEND@October@  100021d4     libucrt:nlsdata.obj
 0001:000011dc       ??_C@_08HCHEGEOA@November@ 100021dc     libucrt:nlsdata.obj
 0001:000011e8       ??_C@_08EDHMEBNP@December@ 100021e8     libucrt:nlsdata.obj
 0001:000011f4       ??_C@_02DEDBPAFC@AM@       100021f4     libucrt:nlsdata.obj
 0001:000011f8       ??_C@_02CJNFDJBF@PM@       100021f8     libucrt:nlsdata.obj
 0001:000011fc       ??_C@_08BPBNCDIB@MM?1dd?1yy@ 100021fc     libucrt:nlsdata.obj
 0001:00001208       ??_C@_0BE@CKGJFCPC@dddd?0?5MMMM?5dd?0?5yyyy@ 10002208     libucrt:nlsdata.obj
 0001:0000121c       ??_C@_08JCCMCCIL@HH?3mm?3ss@ 1000221c     libucrt:nlsdata.obj
 0001:00001228       ??_C@_17MBGCMIPB@?$AAS?$AAu?$AAn@ 10002228     libucrt:nlsdata.obj
 0001:00001230       ??_C@_17KBOMKBF@?$AAM?$AAo?$AAn@ 10002230     libucrt:nlsdata.obj
 0001:00001238       ??_C@_17BMKGEGOJ@?$AAT?$AAu?$AAe@ 10002238     libucrt:nlsdata.obj
 0001:00001240       ??_C@_17CJEDCEPE@?$AAW?$AAe?$AAd@ 10002240     libucrt:nlsdata.obj
 0001:00001248       ??_C@_17PDPHAADD@?$AAT?$AAh?$AAu@ 10002248     libucrt:nlsdata.obj
 0001:00001250       ??_C@_17HFOLPPLP@?$AAF?$AAr?$AAi@ 10002250     libucrt:nlsdata.obj
 0001:00001258       ??_C@_17GGIBDPIH@?$AAS?$AAa?$AAt@ 10002258     libucrt:nlsdata.obj
 0001:00001260       ??_C@_1O@IHNHDHPB@?$AAS?$AAu?$AAn?$AAd?$AAa?$AAy@ 10002260     libucrt:nlsdata.obj
 0001:00001270       ??_C@_1O@MMNBFLIA@?$AAM?$AAo?$AAn?$AAd?$AAa?$AAy@ 10002270     libucrt:nlsdata.obj
 0001:00001280       ??_C@_1BA@ENFBFFEK@?$AAT?$AAu?$AAe?$AAs?$AAd?$AAa?$AAy@ 10002280     libucrt:nlsdata.obj
 0001:00001290       ??_C@_1BE@EBOGMDOH@?$AAW?$AAe?$AAd?$AAn?$AAe?$AAs?$AAd?$AAa?$AAy@ 10002290     libucrt:nlsdata.obj
 0001:000012a4       ??_C@_1BC@HHMNLIHE@?$AAT?$AAh?$AAu?$AAr?$AAs?$AAd?$AAa?$AAy@ 100022a4     libucrt:nlsdata.obj
 0001:000012b8       ??_C@_1O@PDICJHAG@?$AAF?$AAr?$AAi?$AAd?$AAa?$AAy@ 100022b8     libucrt:nlsdata.obj
 0001:000012c8       ??_C@_1BC@ENMNNPAJ@?$AAS?$AAa?$AAt?$AAu?$AAr?$AAd?$AAa?$AAy@ 100022c8     libucrt:nlsdata.obj
 0001:000012dc       ??_C@_17DKNBKCHM@?$AAJ?$AAa?$AAn@ 100022dc     libucrt:nlsdata.obj
 0001:000012e4       ??_C@_17LMDJEKJN@?$AAF?$AAe?$AAb@ 100022e4     libucrt:nlsdata.obj
 0001:000012ec       ??_C@_17CKNLEDEC@?$AAM?$AAa?$AAr@ 100022ec     libucrt:nlsdata.obj
 0001:000012f4       ??_C@_17LFPOIHDD@?$AAA?$AAp?$AAr@ 100022f4     libucrt:nlsdata.obj
 0001:000012fc       ??_C@_17PNNKMEED@?$AAM?$AAa?$AAy@ 100022fc     libucrt:nlsdata.obj
 0001:00001304       ??_C@_17KCJGOCPB@?$AAJ?$AAu?$AAn@ 10002304     libucrt:nlsdata.obj
 0001:0000130c       ??_C@_17IJPCKHK@?$AAJ?$AAu?$AAl@ 1000230c     libucrt:nlsdata.obj
 0001:00001314       ??_C@_17ICPELBCN@?$AAA?$AAu?$AAg@ 10002314     libucrt:nlsdata.obj
 0001:0000131c       ??_C@_17HCHCOKMG@?$AAS?$AAe?$AAp@ 1000231c     libucrt:nlsdata.obj
 0001:00001324       ??_C@_17FNLKOI@?$AAO?$AAc?$AAt@ 10002324     libucrt:nlsdata.obj
 0001:0000132c       ??_C@_17BBDMLCIG@?$AAN?$AAo?$AAv@ 1000232c     libucrt:nlsdata.obj
 0001:00001334       ??_C@_17EGKACKIF@?$AAD?$AAe?$AAc@ 10002334     libucrt:nlsdata.obj
 0001:0000133c       ??_C@_1BA@EFMEIEBA@?$AAJ?$AAa?$AAn?$AAu?$AAa?$AAr?$AAy@ 1000233c     libucrt:nlsdata.obj
 0001:0000134c       ??_C@_1BC@JGDDFFAM@?$AAF?$AAe?$AAb?$AAr?$AAu?$AAa?$AAr?$AAy@ 1000234c     libucrt:nlsdata.obj
 0001:00001360       ??_C@_1M@IKEENEDF@?$AAM?$AAa?$AAr?$AAc?$AAh@ 10002360     libucrt:nlsdata.obj
 0001:0000136c       ??_C@_1M@GJNLMHFD@?$AAA?$AAp?$AAr?$AAi?$AAl@ 1000236c     libucrt:nlsdata.obj
 0001:00001378       ??_C@_19EPFLPGAP@?$AAJ?$AAu?$AAn?$AAe@ 10002378     libucrt:nlsdata.obj
 0001:00001384       ??_C@_19BIFMLPCD@?$AAJ?$AAu?$AAl?$AAy@ 10002384     libucrt:nlsdata.obj
 0001:00001390       ??_C@_1O@PAHLKOAC@?$AAA?$AAu?$AAg?$AAu?$AAs?$AAt@ 10002390     libucrt:nlsdata.obj
 0001:000013a0       ??_C@_1BE@DKAAMBJL@?$AAS?$AAe?$AAp?$AAt?$AAe?$AAm?$AAb?$AAe?$AAr@ 100023a0     libucrt:nlsdata.obj
 0001:000013b4       ??_C@_1BA@EPANDLNG@?$AAO?$AAc?$AAt?$AAo?$AAb?$AAe?$AAr@ 100023b4     libucrt:nlsdata.obj
 0001:000013c4       ??_C@_1BC@BGLIFPF@?$AAN?$AAo?$AAv?$AAe?$AAm?$AAb?$AAe?$AAr@ 100023c4     libucrt:nlsdata.obj
 0001:000013d8       ??_C@_1BC@FEMKIFH@?$AAD?$AAe?$AAc?$AAe?$AAm?$AAb?$AAe?$AAr@ 100023d8     libucrt:nlsdata.obj
 0001:000013ec       ??_C@_15ODEHAHHF@?$AAA?$AAM@ 100023ec     libucrt:nlsdata.obj
 0001:000013f4       ??_C@_15CLMNNGEL@?$AAP?$AAM@ 100023f4     libucrt:nlsdata.obj
 0001:000013fc       ??_C@_1BC@IEBCMHCM@?$AAM?$AAM?$AA?1?$AAd?$AAd?$AA?1?$AAy?$AAy@ 100023fc     libucrt:nlsdata.obj
 0001:00001410       ??_C@_1CI@KNAKOEBC@?$AAd?$AAd?$AAd?$AAd?$AA?0?$AA?5?$AAM?$AAM?$AAM?$AAM?$AA?5?$AAd?$AAd?$AA?0?$AA?5@ 10002410     libucrt:nlsdata.obj
 0001:00001438       ??_C@_1BC@GDGBMEMK@?$AAH?$AAH?$AA?3?$AAm?$AAm?$AA?3?$AAs?$AAs@ 10002438     libucrt:nlsdata.obj
 0001:0000144c       ??_C@_1M@BMHNFIME@?$AAe?$AAn?$AA?9?$AAU?$AAS@ 1000244c     libucrt:nlsdata.obj
 0001:000015d0       ??_C@_1M@HPNHIDJI@?$AAj?$AAa?$AA?9?$AAJ?$AAP@ 100025d0     libucrt:mbctype.obj
 0001:000015dc       ??_C@_1M@BIBDDEMK@?$AAz?$AAh?$AA?9?$AAC?$AAN@ 100025dc     libucrt:mbctype.obj
 0001:000015e8       ??_C@_1M@JLOOOEGK@?$AAk?$AAo?$AA?9?$AAK?$AAR@ 100025e8     libucrt:mbctype.obj
 0001:000015f4       ??_C@_1M@CLNBBOPM@?$AAz?$AAh?$AA?9?$AAT?$AAW@ 100025f4     libucrt:mbctype.obj
 0001:00001650       ??_C@_1EA@JGEFHKEI@?$AAa?$AAp?$AAi?$AA?9?$AAm?$AAs?$AA?9?$AAw?$AAi?$AAn?$AA?9?$AAc?$AAo?$AAr?$AAe@ 10002650     libucrt:winapi_thunks.obj
 0001:00001690       ??_C@_1DI@IJCEHOCB@?$AAa?$AAp?$AAi?$AA?9?$AAm?$AAs?$AA?9?$AAw?$AAi?$AAn?$AA?9?$AAc?$AAo?$AAr?$AAe@ 10002690     libucrt:winapi_thunks.obj
 0001:000016c8       ??_C@_1EI@MPIAOHOC@?$AAa?$AAp?$AAi?$AA?9?$AAm?$AAs?$AA?9?$AAw?$AAi?$AAn?$AA?9?$AAc?$AAo?$AAr?$AAe@ 100026c8     libucrt:winapi_thunks.obj
 0001:00001710       ??_C@_1FK@FPHCKFIE@?$AAa?$AAp?$AAi?$AA?9?$AAm?$AAs?$AA?9?$AAw?$AAi?$AAn?$AA?9?$AAc?$AAo?$AAr?$AAe@ 10002710     libucrt:winapi_thunks.obj
 0001:00001770       ??_C@_1EM@DILCGIIO@?$AAa?$AAp?$AAi?$AA?9?$AAm?$AAs?$AA?9?$AAw?$AAi?$AAn?$AA?9?$AAc?$AAo?$AAr?$AAe@ 10002770     libucrt:winapi_thunks.obj
 0001:000017bc       ??_C@_1DM@LNCGDDPN@?$AAa?$AAp?$AAi?$AA?9?$AAm?$AAs?$AA?9?$AAw?$AAi?$AAn?$AA?9?$AAc?$AAo?$AAr?$AAe@ 100027bc     libucrt:winapi_thunks.obj
 0001:000017f8       ??_C@_1DO@FPAPJEMD@?$AAa?$AAp?$AAi?$AA?9?$AAm?$AAs?$AA?9?$AAw?$AAi?$AAn?$AA?9?$AAc?$AAo?$AAr?$AAe@ 100027f8     libucrt:winapi_thunks.obj
 0001:00001838       ??_C@_1DK@NDHNAHIO@?$AAa?$AAp?$AAi?$AA?9?$AAm?$AAs?$AA?9?$AAw?$AAi?$AAn?$AA?9?$AAc?$AAo?$AAr?$AAe@ 10002838     libucrt:winapi_thunks.obj
 0001:00001874       ??_C@_1DM@KGHDGBCM@?$AAa?$AAp?$AAi?$AA?9?$AAm?$AAs?$AA?9?$AAw?$AAi?$AAn?$AA?9?$AAc?$AAo?$AAr?$AAe@ 10002874     libucrt:winapi_thunks.obj
 0001:000018b0       ??_C@_1EO@IJIOEFOH@?$AAa?$AAp?$AAi?$AA?9?$AAm?$AAs?$AA?9?$AAw?$AAi?$AAn?$AA?9?$AAr?$AAt?$AAc?$AAo@ 100028b0     libucrt:winapi_thunks.obj
 0001:00001900       ??_C@_1FG@HHGEKANL@?$AAa?$AAp?$AAi?$AA?9?$AAm?$AAs?$AA?9?$AAw?$AAi?$AAn?$AA?9?$AAs?$AAe?$AAc?$AAu@ 10002900     libucrt:winapi_thunks.obj
 0001:00001958       ??_C@_1EG@DBIOJECG@?$AAe?$AAx?$AAt?$AA?9?$AAm?$AAs?$AA?9?$AAw?$AAi?$AAn?$AA?9?$AAn?$AAt?$AAu?$AAs@ 10002958     libucrt:winapi_thunks.obj
 0001:000019a0       ??_C@_1EO@FIHMJCLF@?$AAe?$AAx?$AAt?$AA?9?$AAm?$AAs?$AA?9?$AAw?$AAi?$AAn?$AA?9?$AAn?$AAt?$AAu?$AAs@ 100029a0     libucrt:winapi_thunks.obj
 0001:000019f0       ??_C@_1BC@DNHGCMLG@?$AAa?$AAd?$AAv?$AAa?$AAp?$AAi?$AA3?$AA2@ 100029f0     libucrt:winapi_thunks.obj
 0001:00001a04       ??_C@_1M@OAIMIKLP@?$AAn?$AAt?$AAd?$AAl?$AAl@ 10002a04     libucrt:winapi_thunks.obj
 0001:00001a10       ??_C@_1EG@DPGNFKGC@?$AAa?$AAp?$AAi?$AA?9?$AAm?$AAs?$AA?9?$AAw?$AAi?$AAn?$AA?9?$AAa?$AAp?$AAp?$AAm@ 10002a10     libucrt:winapi_thunks.obj
 0001:00001a58       ??_C@_1O@BCCLBEOE@?$AAu?$AAs?$AAe?$AAr?$AA3?$AA2@ 10002a58     libucrt:winapi_thunks.obj
 0001:00001a68       ??_C@_1BA@IAIFMGEF@?$AAe?$AAx?$AAt?$AA?9?$AAm?$AAs?$AA?9@ 10002a68     libucrt:winapi_thunks.obj
 0001:00001a7c       ??_C@_0BA@FHFNEAED@AreFileApisANSI@ 10002a7c     libucrt:winapi_thunks.obj
 0001:00001abc       ??_C@_0O@KKBNKAPF@LCMapStringEx@ 10002abc     libucrt:winapi_thunks.obj
 0001:00001ad4       ??_C@_0BB@HBDEELFH@LocaleNameToLCID@ 10002ad4     libucrt:winapi_thunks.obj
 0001:00001aec       ??_C@_0CF@OJOFEIGO@AppPolicyGetProcessTerminationM@ 10002aec     libucrt:winapi_thunks.obj
 0001:00001b18       ___newctype                10002b18     libucrt:ctype.obj
 0001:00001e18       ___newclmap                10002e18     libucrt:ctype.obj
 0001:00001f98       ___newcumap                10002f98     libucrt:ctype.obj
 0001:00002118       __wctype                   10003118     libucrt:ctype.obj
 0001:0000231c       ??_C@_15PJPFLCCM@?$AAu?$AAk@ 1000331c     libucrt:get_qualified_locale.obj
 0001:00002a48       ??_C@_15EMKDOKLE@?$AAa?$AAr@ 10003a48     libucrt:lcidtoname_downlevel.obj
 0001:00002a50       ??_C@_15KNPADPLH@?$AAb?$AAg@ 10003a50     libucrt:lcidtoname_downlevel.obj
 0001:00002a58       ??_C@_15EDMHLDMO@?$AAc?$AAa@ 10003a58     libucrt:lcidtoname_downlevel.obj
 0001:00002a60       ??_C@_1O@BPEAJADD@?$AAz?$AAh?$AA?9?$AAC?$AAH?$AAS@ 10003a60     libucrt:lcidtoname_downlevel.obj
 0001:00002a70       ??_C@_15LJNHCMNK@?$AAc?$AAs@ 10003a70     libucrt:lcidtoname_downlevel.obj
 0001:00002a78       ??_C@_15FOMCIDHG@?$AAd?$AAa@ 10003a78     libucrt:lcidtoname_downlevel.obj
 0001:00002a80       ??_C@_15NBKABECB@?$AAd?$AAe@ 10003a80     libucrt:lcidtoname_downlevel.obj
 0001:00002a88       ??_C@_15GHPEIIAO@?$AAe?$AAl@ 10003a88     libucrt:lcidtoname_downlevel.obj
 0001:00002a90       ??_C@_15MNPNEAIF@?$AAe?$AAn@ 10003a90     libucrt:lcidtoname_downlevel.obj
 0001:00002a98       ??_C@_15GPIOMPMH@?$AAe?$AAs@ 10003a98     libucrt:lcidtoname_downlevel.obj
 0001:00002aa0       ??_C@_15NGLOAKJC@?$AAf?$AAi@ 10003aa0     libucrt:lcidtoname_downlevel.obj
 0001:00002aa8       ??_C@_15FBKGNKAM@?$AAf?$AAr@ 10003aa8     libucrt:lcidtoname_downlevel.obj
 0001:00002ab0       ??_C@_15KGGCNEFK@?$AAh?$AAe@ 10003ab0     libucrt:lcidtoname_downlevel.obj
 0001:00002ab8       ??_C@_15PGHLIDMF@?$AAh?$AAu@ 10003ab8     libucrt:lcidtoname_downlevel.obj
 0001:00002ac0       ??_C@_15BIEMAPLM@?$AAi?$AAs@ 10003ac0     libucrt:lcidtoname_downlevel.obj
 0001:00002ac8       ??_C@_15IFJLDHAF@?$AAi?$AAt@ 10003ac8     libucrt:lcidtoname_downlevel.obj
 0001:00002ad0       ??_C@_15GEMIOCAG@?$AAj?$AAa@ 10003ad0     libucrt:lcidtoname_downlevel.obj
 0001:00002ad8       ??_C@_15EPELEGJA@?$AAk?$AAo@ 10003ad8     libucrt:lcidtoname_downlevel.obj
 0001:00002ae0       ??_C@_15NDDHIMN@?$AAn?$AAl@ 10003ae0     libucrt:lcidtoname_downlevel.obj
 0001:00002ae8       ??_C@_15BPIGNHCD@?$AAn?$AAo@ 10003ae8     libucrt:lcidtoname_downlevel.obj
 0001:00002af0       ??_C@_15DEOPBLCG@?$AAp?$AAl@ 10003af0     libucrt:lcidtoname_downlevel.obj
 0001:00002af8       ??_C@_15KBECGEFG@?$AAp?$AAt@ 10003af8     libucrt:lcidtoname_downlevel.obj
 0001:00002b00       ??_C@_15GLJCBFMD@?$AAr?$AAo@ 10003b00     libucrt:lcidtoname_downlevel.obj
 0001:00002b08       ??_C@_15FEDGKCDI@?$AAr?$AAu@ 10003b08     libucrt:lcidtoname_downlevel.obj
 0001:00002b10       ??_C@_15GLKMLLHM@?$AAh?$AAr@ 10003b10     libucrt:lcidtoname_downlevel.obj
 0001:00002b18       ??_C@_15CPKMFBDB@?$AAs?$AAk@ 10003b18     libucrt:lcidtoname_downlevel.obj
 0001:00002b20       ??_C@_15BAAIOGMK@?$AAs?$AAq@ 10003b20     libucrt:lcidtoname_downlevel.obj
 0001:00002b28       ??_C@_15INNPNOHD@?$AAs?$AAv@ 10003b28     libucrt:lcidtoname_downlevel.obj
 0001:00002b30       ??_C@_15CABMMOGH@?$AAt?$AAh@ 10003b30     libucrt:lcidtoname_downlevel.obj
 0001:00002b38       ??_C@_15BPLIHJJM@?$AAt?$AAr@ 10003b38     libucrt:lcidtoname_downlevel.obj
 0001:00002b40       ??_C@_15NEOEKKDJ@?$AAu?$AAr@ 10003b40     libucrt:lcidtoname_downlevel.obj
 0001:00002b48       ??_C@_15NFICGAJK@?$AAi?$AAd@ 10003b48     libucrt:lcidtoname_downlevel.obj
 0001:00002b50       ??_C@_15HPJPHDM@?$AAb?$AAe@ 10003b50     libucrt:lcidtoname_downlevel.obj
 0001:00002b58       ??_C@_15LCHLGJII@?$AAs?$AAl@ 10003b58     libucrt:lcidtoname_downlevel.obj
 0001:00002b60       ??_C@_15PCFJPHHO@?$AAe?$AAt@ 10003b60     libucrt:lcidtoname_downlevel.obj
 0001:00002b68       ??_C@_15HPFPGODN@?$AAl?$AAv@ 10003b68     libucrt:lcidtoname_downlevel.obj
 0001:00002b70       ??_C@_15NFFGKGLG@?$AAl?$AAt@ 10003b70     libucrt:lcidtoname_downlevel.obj
 0001:00002b78       ??_C@_15BDAKCCHN@?$AAf?$AAa@ 10003b78     libucrt:lcidtoname_downlevel.obj
 0001:00002b80       ??_C@_15NFGIAIAJ@?$AAv?$AAi@ 10003b80     libucrt:lcidtoname_downlevel.obj
 0001:00002b88       ??_C@_15LMKNDMHN@?$AAh?$AAy@ 10003b88     libucrt:lcidtoname_downlevel.obj
 0001:00002b90       ??_C@_15IJBHMCFL@?$AAa?$AAz@ 10003b90     libucrt:lcidtoname_downlevel.obj
 0001:00002b98       ??_C@_15EKOFJABL@?$AAe?$AAu@ 10003b98     libucrt:lcidtoname_downlevel.obj
 0001:00002ba0       ??_C@_15BGHADCNK@?$AAm?$AAk@ 10003ba0     libucrt:lcidtoname_downlevel.obj
 0001:00002ba8       ??_C@_15JDNICKHM@?$AAa?$AAf@ 10003ba8     libucrt:lcidtoname_downlevel.obj
 0001:00002bb0       ??_C@_15KPJEDBKD@?$AAk?$AAa@ 10003bb0     libucrt:lcidtoname_downlevel.obj
 0001:00002bb8       ??_C@_15PDNFFFEO@?$AAf?$AAo@ 10003bb8     libucrt:lcidtoname_downlevel.obj
 0001:00002bc0       ??_C@_15OMLEGLOC@?$AAh?$AAi@ 10003bc0     libucrt:lcidtoname_downlevel.obj
 0001:00002bc8       ??_C@_15IDNNENKK@?$AAm?$AAs@ 10003bc8     libucrt:lcidtoname_downlevel.obj
 0001:00002bd0       ??_C@_15MACJNBMH@?$AAk?$AAk@ 10003bd0     libucrt:lcidtoname_downlevel.obj
 0001:00002bd8       ??_C@_15DKDJEOND@?$AAk?$AAy@ 10003bd8     libucrt:lcidtoname_downlevel.obj
 0001:00002be0       ??_C@_15DFGDLJBG@?$AAs?$AAw@ 10003be0     libucrt:lcidtoname_downlevel.obj
 0001:00002be8       ??_C@_15BBFAICNG@?$AAu?$AAz@ 10003be8     libucrt:lcidtoname_downlevel.obj
 0001:00002bf0       ??_C@_15DKNDCGEA@?$AAt?$AAt@ 10003bf0     libucrt:lcidtoname_downlevel.obj
 0001:00002bf8       ??_C@_15MGIFMDPL@?$AAp?$AAa@ 10003bf8     libucrt:lcidtoname_downlevel.obj
 0001:00002c00       ??_C@_15HCNDBBA@?$AAg?$AAu@ 10003c00     libucrt:lcidtoname_downlevel.obj
 0001:00002c08       ??_C@_15FNBEIBON@?$AAt?$AAa@ 10003c08     libucrt:lcidtoname_downlevel.obj
 0001:00002c10       ??_C@_15NCHGBGLK@?$AAt?$AAe@ 10003c10     libucrt:lcidtoname_downlevel.obj
 0001:00002c18       ??_C@_15PHPHCBPF@?$AAk?$AAn@ 10003c18     libucrt:lcidtoname_downlevel.obj
 0001:00002c20       ??_C@_15DLGBCKMP@?$AAm?$AAr@ 10003c20     libucrt:lcidtoname_downlevel.obj
 0001:00002c28       ??_C@_15EABBLBFF@?$AAs?$AAa@ 10003c28     libucrt:lcidtoname_downlevel.obj
 0001:00002c30       ??_C@_15CBKOMCOI@?$AAm?$AAn@ 10003c30     libucrt:lcidtoname_downlevel.obj
 0001:00002c38       ??_C@_15CKDMCJAF@?$AAg?$AAl@ 10003c38     libucrt:lcidtoname_downlevel.obj
 0001:00002c40       ??_C@_17CNJFBPG@?$AAk?$AAo?$AAk@ 10003c40     libucrt:lcidtoname_downlevel.obj
 0001:00002c48       ??_C@_17FFBJICPL@?$AAs?$AAy?$AAr@ 10003c48     libucrt:lcidtoname_downlevel.obj
 0001:00002c50       ??_C@_17KPNDCPAF@?$AAd?$AAi?$AAv@ 10003c50     libucrt:lcidtoname_downlevel.obj
 0001:00002c58       ??_C@_1M@OKAHONE@?$AAa?$AAr?$AA?9?$AAS?$AAA@ 10003c58     libucrt:lcidtoname_downlevel.obj
 0001:00002c64       ??_C@_1M@FFFIGIGK@?$AAb?$AAg?$AA?9?$AAB?$AAG@ 10003c64     libucrt:lcidtoname_downlevel.obj
 0001:00002c70       ??_C@_1M@BJNKEDC@?$AAc?$AAa?$AA?9?$AAE?$AAS@ 10003c70     libucrt:lcidtoname_downlevel.obj
 0001:00002c7c       ??_C@_1M@IJJHFJHA@?$AAc?$AAs?$AA?9?$AAC?$AAZ@ 10003c7c     libucrt:lcidtoname_downlevel.obj
 0001:00002c88       ??_C@_1M@CLPEOBGI@?$AAd?$AAa?$AA?9?$AAD?$AAK@ 10003c88     libucrt:lcidtoname_downlevel.obj
 0001:00002c94       ??_C@_1M@MCMADGCB@?$AAd?$AAe?$AA?9?$AAD?$AAE@ 10003c94     libucrt:lcidtoname_downlevel.obj
 0001:00002ca0       ??_C@_1M@OOCKEMAM@?$AAe?$AAl?$AA?9?$AAG?$AAR@ 10003ca0     libucrt:lcidtoname_downlevel.obj
 0001:00002cac       ??_C@_1M@DDNJFGID@?$AAf?$AAi?$AA?9?$AAF?$AAI@ 10003cac     libucrt:lcidtoname_downlevel.obj
 0001:00002cb8       ??_C@_1M@GLIPPMAC@?$AAf?$AAr?$AA?9?$AAF?$AAR@ 10003cb8     libucrt:lcidtoname_downlevel.obj
 0001:00002cc4       ??_C@_1M@GFMCHPE@?$AAh?$AAe?$AA?9?$AAI?$AAL@ 10003cc4     libucrt:lcidtoname_downlevel.obj
 0001:00002cd0       ??_C@_1M@MHLPGNKM@?$AAh?$AAu?$AA?9?$AAH?$AAU@ 10003cd0     libucrt:lcidtoname_downlevel.obj
 0001:00002cdc       ??_C@_1M@LPDDNNPN@?$AAi?$AAs?$AA?9?$AAI?$AAS@ 10003cdc     libucrt:lcidtoname_downlevel.obj
 0001:00002ce8       ??_C@_1M@MADIPODN@?$AAi?$AAt?$AA?9?$AAI?$AAT@ 10003ce8     libucrt:lcidtoname_downlevel.obj
 0001:00002cf4       ??_C@_1M@IHBJJGG@?$AAn?$AAl?$AA?9?$AAN?$AAL@ 10003cf4     libucrt:lcidtoname_downlevel.obj
 0001:00002d00       ??_C@_1M@EANAGDL@?$AAn?$AAb?$AA?9?$AAN?$AAO@ 10003d00     libucrt:lcidtoname_downlevel.obj
 0001:00002d0c       ??_C@_1M@NEIEMEGP@?$AAp?$AAl?$AA?9?$AAP?$AAL@ 10003d0c     libucrt:lcidtoname_downlevel.obj
 0001:00002d18       ??_C@_1M@BOCFIGEP@?$AAp?$AAt?$AA?9?$AAB?$AAR@ 10003d18     libucrt:lcidtoname_downlevel.obj
 0001:00002d24       ??_C@_1M@IMPFOPBG@?$AAr?$AAo?$AA?9?$AAR?$AAO@ 10003d24     libucrt:lcidtoname_downlevel.obj
 0001:00002d30       ??_C@_1M@IDNNEJMM@?$AAr?$AAu?$AA?9?$AAR?$AAU@ 10003d30     libucrt:lcidtoname_downlevel.obj
 0001:00002d3c       ??_C@_1M@LILEEOGM@?$AAh?$AAr?$AA?9?$AAH?$AAR@ 10003d3c     libucrt:lcidtoname_downlevel.obj
 0001:00002d48       ??_C@_1M@FKIFEHPB@?$AAs?$AAk?$AA?9?$AAS?$AAK@ 10003d48     libucrt:lcidtoname_downlevel.obj
 0001:00002d54       ??_C@_1M@LJMAMNPJ@?$AAs?$AAq?$AA?9?$AAA?$AAL@ 10003d54     libucrt:lcidtoname_downlevel.obj
 0001:00002d60       ??_C@_1M@GIAKDKJK@?$AAs?$AAv?$AA?9?$AAS?$AAE@ 10003d60     libucrt:lcidtoname_downlevel.obj
 0001:00002d6c       ??_C@_1M@MKJKIKCL@?$AAt?$AAh?$AA?9?$AAT?$AAH@ 10003d6c     libucrt:lcidtoname_downlevel.obj
 0001:00002d78       ??_C@_1M@MFLCCMPB@?$AAt?$AAr?$AA?9?$AAT?$AAR@ 10003d78     libucrt:lcidtoname_downlevel.obj
 0001:00002d84       ??_C@_1M@OIJHDKJN@?$AAu?$AAr?$AA?9?$AAP?$AAK@ 10003d84     libucrt:lcidtoname_downlevel.obj
 0001:00002d90       ??_C@_1M@LHIPCIEK@?$AAi?$AAd?$AA?9?$AAI?$AAD@ 10003d90     libucrt:lcidtoname_downlevel.obj
 0001:00002d9c       ??_C@_1M@MFMOBGI@?$AAu?$AAk?$AA?9?$AAU?$AAA@ 10003d9c     libucrt:lcidtoname_downlevel.obj
 0001:00002da8       ??_C@_1M@OBGLJIPL@?$AAb?$AAe?$AA?9?$AAB?$AAY@ 10003da8     libucrt:lcidtoname_downlevel.obj
 0001:00002db4       ??_C@_1M@BCFAJEAD@?$AAs?$AAl?$AA?9?$AAS?$AAI@ 10003db4     libucrt:lcidtoname_downlevel.obj
 0001:00002dc0       ??_C@_1M@FKFFEDDN@?$AAe?$AAt?$AA?9?$AAE?$AAE@ 10003dc0     libucrt:lcidtoname_downlevel.obj
 0001:00002dcc       ??_C@_1M@KGKKAACI@?$AAl?$AAv?$AA?9?$AAL?$AAV@ 10003dcc     libucrt:lcidtoname_downlevel.obj
 0001:00002dd8       ??_C@_1M@IFGBIJO@?$AAl?$AAt?$AA?9?$AAL?$AAT@ 10003dd8     libucrt:lcidtoname_downlevel.obj
 0001:00002de4       ??_C@_1M@FGEAHEDM@?$AAf?$AAa?$AA?9?$AAI?$AAR@ 10003de4     libucrt:lcidtoname_downlevel.obj
 0001:00002df0       ??_C@_1M@KBMAIBFN@?$AAv?$AAi?$AA?9?$AAV?$AAN@ 10003df0     libucrt:lcidtoname_downlevel.obj
 0001:00002dfc       ??_C@_1M@GPCBKDJK@?$AAh?$AAy?$AA?9?$AAA?$AAM@ 10003dfc     libucrt:lcidtoname_downlevel.obj
 0001:00002e08       ??_C@_1BG@BECMDDJB@?$AAa?$AAz?$AA?9?$AAA?$AAZ?$AA?9?$AAL?$AAa?$AAt?$AAn@ 10003e08     libucrt:lcidtoname_downlevel.obj
 0001:00002e20       ??_C@_1M@MAOFCAEA@?$AAe?$AAu?$AA?9?$AAE?$AAS@ 10003e20     libucrt:lcidtoname_downlevel.obj
 0001:00002e2c       ??_C@_1M@IGHABKPI@?$AAm?$AAk?$AA?9?$AAM?$AAK@ 10003e2c     libucrt:lcidtoname_downlevel.obj
 0001:00002e38       ??_C@_1M@IAIGNEJG@?$AAt?$AAn?$AA?9?$AAZ?$AAA@ 10003e38     libucrt:lcidtoname_downlevel.obj
 0001:00002e44       ??_C@_1M@IIJCOJFA@?$AAx?$AAh?$AA?9?$AAZ?$AAA@ 10003e44     libucrt:lcidtoname_downlevel.obj
 0001:00002e50       ??_C@_1M@LGPJHNJH@?$AAz?$AAu?$AA?9?$AAZ?$AAA@ 10003e50     libucrt:lcidtoname_downlevel.obj
 0001:00002e5c       ??_C@_1M@HOKAOIO@?$AAa?$AAf?$AA?9?$AAZ?$AAA@ 10003e5c     libucrt:lcidtoname_downlevel.obj
 0001:00002e68       ??_C@_1M@DPCLHLIE@?$AAk?$AAa?$AA?9?$AAG?$AAE@ 10003e68     libucrt:lcidtoname_downlevel.obj
 0001:00002e74       ??_C@_1M@BLKMHJBI@?$AAf?$AAo?$AA?9?$AAF?$AAO@ 10003e74     libucrt:lcidtoname_downlevel.obj
 0001:00002e80       ??_C@_1M@LGGJAPPB@?$AAh?$AAi?$AA?9?$AAI?$AAN@ 10003e80     libucrt:lcidtoname_downlevel.obj
 0001:00002e8c       ??_C@_1M@FIKPIHFE@?$AAm?$AAt?$AA?9?$AAM?$AAT@ 10003e8c     libucrt:lcidtoname_downlevel.obj
 0001:00002e98       ??_C@_1M@HEGGPBFA@?$AAs?$AAe?$AA?9?$AAN?$AAO@ 10003e98     libucrt:lcidtoname_downlevel.obj
 0001:00002ea4       ??_C@_1M@EIBJEEPA@?$AAm?$AAs?$AA?9?$AAM?$AAY@ 10003ea4     libucrt:lcidtoname_downlevel.obj
 0001:00002eb0       ??_C@_1M@FHLBGMPP@?$AAk?$AAk?$AA?9?$AAK?$AAZ@ 10003eb0     libucrt:lcidtoname_downlevel.obj
 0001:00002ebc       ??_C@_1M@NGJJLCGI@?$AAk?$AAy?$AA?9?$AAK?$AAG@ 10003ebc     libucrt:lcidtoname_downlevel.obj
 0001:00002ec8       ??_C@_1M@GIENNBFC@?$AAs?$AAw?$AA?9?$AAK?$AAE@ 10003ec8     libucrt:lcidtoname_downlevel.obj
 0001:00002ed4       ??_C@_1BG@NDGMJIMJ@?$AAu?$AAz?$AA?9?$AAU?$AAZ?$AA?9?$AAL?$AAa?$AAt?$AAn@ 10003ed4     libucrt:lcidtoname_downlevel.obj
 0001:00002eec       ??_C@_1M@IDCCIHBC@?$AAt?$AAt?$AA?9?$AAR?$AAU@ 10003eec     libucrt:lcidtoname_downlevel.obj
 0001:00002ef8       ??_C@_1M@LOICPMOJ@?$AAb?$AAn?$AA?9?$AAI?$AAN@ 10003ef8     libucrt:lcidtoname_downlevel.obj
 0001:00002f04       ??_C@_1M@KPKKNEAH@?$AAp?$AAa?$AA?9?$AAI?$AAN@ 10003f04     libucrt:lcidtoname_downlevel.obj
 0001:00002f10       ??_C@_1M@PJGPPBOG@?$AAg?$AAu?$AA?9?$AAI?$AAN@ 10003f10     libucrt:lcidtoname_downlevel.obj
 0001:00002f1c       ??_C@_1M@KMKMOPHI@?$AAt?$AAa?$AA?9?$AAI?$AAN@ 10003f1c     libucrt:lcidtoname_downlevel.obj
 0001:00002f28       ??_C@_1M@KFEHEPAC@?$AAt?$AAe?$AA?9?$AAI?$AAN@ 10003f28     libucrt:lcidtoname_downlevel.obj
 0001:00002f34       ??_C@_1M@CDCLMGHI@?$AAk?$AAn?$AA?9?$AAI?$AAN@ 10003f34     libucrt:lcidtoname_downlevel.obj
 0001:00002f40       ??_C@_1M@MIODLDKF@?$AAm?$AAl?$AA?9?$AAI?$AAN@ 10003f40     libucrt:lcidtoname_downlevel.obj
 0001:00002f4c       ??_C@_1M@PBIEACPO@?$AAm?$AAr?$AA?9?$AAI?$AAN@ 10003f4c     libucrt:lcidtoname_downlevel.obj
 0001:00002f58       ??_C@_1M@NIDEAGPH@?$AAs?$AAa?$AA?9?$AAI?$AAN@ 10003f58     libucrt:lcidtoname_downlevel.obj
 0001:00002f64       ??_C@_1M@FHIHCBIO@?$AAm?$AAn?$AA?9?$AAM?$AAN@ 10003f64     libucrt:lcidtoname_downlevel.obj
 0001:00002f70       ??_C@_1M@JAIJPENP@?$AAc?$AAy?$AA?9?$AAG?$AAB@ 10003f70     libucrt:lcidtoname_downlevel.obj
 0001:00002f7c       ??_C@_1M@PHGFBEPN@?$AAg?$AAl?$AA?9?$AAE?$AAS@ 10003f7c     libucrt:lcidtoname_downlevel.obj
 0001:00002f88       ??_C@_1O@KPIPDNCP@?$AAk?$AAo?$AAk?$AA?9?$AAI?$AAN@ 10003f88     libucrt:lcidtoname_downlevel.obj
 0001:00002f98       ??_C@_1O@KNHJLDJA@?$AAs?$AAy?$AAr?$AA?9?$AAS?$AAY@ 10003f98     libucrt:lcidtoname_downlevel.obj
 0001:00002fa8       ??_C@_1O@MKEKBLAH@?$AAd?$AAi?$AAv?$AA?9?$AAM?$AAV@ 10003fa8     libucrt:lcidtoname_downlevel.obj
 0001:00002fb8       ??_C@_1O@OHDCKDDF@?$AAq?$AAu?$AAz?$AA?9?$AAB?$AAO@ 10003fb8     libucrt:lcidtoname_downlevel.obj
 0001:00002fc8       ??_C@_1M@LEPJNLFD@?$AAn?$AAs?$AA?9?$AAZ?$AAA@ 10003fc8     libucrt:lcidtoname_downlevel.obj
 0001:00002fd4       ??_C@_1M@OMLEIIJB@?$AAm?$AAi?$AA?9?$AAN?$AAZ@ 10003fd4     libucrt:lcidtoname_downlevel.obj
 0001:00002fe0       ??_C@_1M@PMPEAILG@?$AAa?$AAr?$AA?9?$AAI?$AAQ@ 10003fe0     libucrt:lcidtoname_downlevel.obj
 0001:00002fec       ??_C@_1M@CNKPNOEE@?$AAd?$AAe?$AA?9?$AAC?$AAH@ 10003fec     libucrt:lcidtoname_downlevel.obj
 0001:00002ff8       ??_C@_1M@LKMGMLKO@?$AAe?$AAn?$AA?9?$AAG?$AAB@ 10003ff8     libucrt:lcidtoname_downlevel.obj
 0001:00003004       ??_C@_1M@PGKJFFGL@?$AAe?$AAs?$AA?9?$AAM?$AAX@ 10004004     libucrt:lcidtoname_downlevel.obj
 0001:00003010       ??_C@_1M@DNNANBDC@?$AAf?$AAr?$AA?9?$AAB?$AAE@ 10004010     libucrt:lcidtoname_downlevel.obj
 0001:0000301c       ??_C@_1M@HLGMDFHM@?$AAi?$AAt?$AA?9?$AAC?$AAH@ 1000401c     libucrt:lcidtoname_downlevel.obj
 0001:00003028       ??_C@_1M@CLLBGJH@?$AAn?$AAl?$AA?9?$AAB?$AAE@ 10004028     libucrt:lcidtoname_downlevel.obj
 0001:00003034       ??_C@_1M@BODBOGLF@?$AAn?$AAn?$AA?9?$AAN?$AAO@ 10004034     libucrt:lcidtoname_downlevel.obj
 0001:00003040       ??_C@_1M@HFFAHKAD@?$AAp?$AAt?$AA?9?$AAP?$AAT@ 10004040     libucrt:lcidtoname_downlevel.obj
 0001:0000304c       ??_C@_1BG@LNOAKHIE@?$AAs?$AAr?$AA?9?$AAS?$AAP?$AA?9?$AAL?$AAa?$AAt?$AAn@ 1000404c     libucrt:lcidtoname_downlevel.obj
 0001:00003064       ??_C@_1M@HBMHBGAK@?$AAs?$AAv?$AA?9?$AAF?$AAI@ 10004064     libucrt:lcidtoname_downlevel.obj
 0001:00003070       ??_C@_1BG@DGCJGJBE@?$AAa?$AAz?$AA?9?$AAA?$AAZ?$AA?9?$AAC?$AAy?$AAr?$AAl@ 10004070     libucrt:lcidtoname_downlevel.obj
 0001:00003088       ??_C@_1M@KEJDAAHB@?$AAs?$AAe?$AA?9?$AAS?$AAE@ 10004088     libucrt:lcidtoname_downlevel.obj
 0001:00003094       ??_C@_1M@HEIBJJAD@?$AAm?$AAs?$AA?9?$AAB?$AAN@ 10004094     libucrt:lcidtoname_downlevel.obj
 0001:000030a0       ??_C@_1BG@PBGJMCEM@?$AAu?$AAz?$AA?9?$AAU?$AAZ?$AA?9?$AAC?$AAy?$AAr?$AAl@ 100040a0     libucrt:lcidtoname_downlevel.obj
 0001:000030b8       ??_C@_1O@LAOBCMDF@?$AAq?$AAu?$AAz?$AA?9?$AAE?$AAC@ 100040b8     libucrt:lcidtoname_downlevel.obj
 0001:000030c8       ??_C@_1M@POEEMAIO@?$AAa?$AAr?$AA?9?$AAE?$AAG@ 100040c8     libucrt:lcidtoname_downlevel.obj
 0001:000030d4       ??_C@_1M@EFAKDEDL@?$AAz?$AAh?$AA?9?$AAH?$AAK@ 100040d4     libucrt:lcidtoname_downlevel.obj
 0001:000030e0       ??_C@_1M@HKKIJHGI@?$AAd?$AAe?$AA?9?$AAA?$AAT@ 100040e0     libucrt:lcidtoname_downlevel.obj
 0001:000030ec       ??_C@_1M@KBFBEHJF@?$AAe?$AAn?$AA?9?$AAA?$AAU@ 100040ec     libucrt:lcidtoname_downlevel.obj
 0001:000030f8       ??_C@_1M@MNPLFAAH@?$AAe?$AAs?$AA?9?$AAE?$AAS@ 100040f8     libucrt:lcidtoname_downlevel.obj
 0001:00003104       ??_C@_1M@HJOOJFMA@?$AAf?$AAr?$AA?9?$AAC?$AAA@ 10004104     libucrt:lcidtoname_downlevel.obj
 0001:00003110       ??_C@_1BG@JPOFPNAB@?$AAs?$AAr?$AA?9?$AAS?$AAP?$AA?9?$AAC?$AAy?$AAr?$AAl@ 10004110     libucrt:lcidtoname_downlevel.obj
 0001:00003128       ??_C@_1M@LNFOCMOB@?$AAs?$AAe?$AA?9?$AAF?$AAI@ 10004128     libucrt:lcidtoname_downlevel.obj
 0001:00003134       ??_C@_1O@MGJBOAMB@?$AAq?$AAu?$AAz?$AA?9?$AAP?$AAE@ 10004134     libucrt:lcidtoname_downlevel.obj
 0001:00003144       ??_C@_1M@GJINLBOK@?$AAa?$AAr?$AA?9?$AAL?$AAY@ 10004144     libucrt:lcidtoname_downlevel.obj
 0001:00003150       ??_C@_1M@GGMNHJNL@?$AAz?$AAh?$AA?9?$AAS?$AAG@ 10004150     libucrt:lcidtoname_downlevel.obj
 0001:0000315c       ??_C@_1M@HOIKODND@?$AAd?$AAe?$AA?9?$AAL?$AAU@ 1000415c     libucrt:lcidtoname_downlevel.obj
 0001:00003168       ??_C@_1M@DDOCCGFG@?$AAe?$AAn?$AA?9?$AAC?$AAA@ 10004168     libucrt:lcidtoname_downlevel.obj
 0001:00003174       ??_C@_1M@BNOEMJLF@?$AAe?$AAs?$AA?9?$AAG?$AAT@ 10004174     libucrt:lcidtoname_downlevel.obj
 0001:00003180       ??_C@_1M@EOGNKEK@?$AAf?$AAr?$AA?9?$AAC?$AAH@ 10004180     libucrt:lcidtoname_downlevel.obj
 0001:0000318c       ??_C@_1M@FLIDJFHL@?$AAh?$AAr?$AA?9?$AAB?$AAA@ 1000418c     libucrt:lcidtoname_downlevel.obj
 0001:00003198       ??_C@_1O@FMCELNAJ@?$AAs?$AAm?$AAj?$AA?9?$AAN?$AAO@ 10004198     libucrt:lcidtoname_downlevel.obj
 0001:000031a8       ??_C@_1M@JHGLJMGJ@?$AAa?$AAr?$AA?9?$AAD?$AAZ@ 100041a8     libucrt:lcidtoname_downlevel.obj
 0001:000031b4       ??_C@_1M@JKKFDCNP@?$AAz?$AAh?$AA?9?$AAM?$AAO@ 100041b4     libucrt:lcidtoname_downlevel.obj
 0001:000031c0       ??_C@_1M@GEEFALPE@?$AAd?$AAe?$AA?9?$AAL?$AAI@ 100041c0     libucrt:lcidtoname_downlevel.obj
 0001:000031cc       ??_C@_1M@IGEOFBG@?$AAe?$AAn?$AA?9?$AAN?$AAZ@ 100041cc     libucrt:lcidtoname_downlevel.obj
 0001:000031d8       ??_C@_1M@KDBONEHP@?$AAe?$AAs?$AA?9?$AAC?$AAR@ 100041d8     libucrt:lcidtoname_downlevel.obj
 0001:000031e4       ??_C@_1M@FHMDOHNN@?$AAf?$AAr?$AA?9?$AAL?$AAU@ 100041e4     libucrt:lcidtoname_downlevel.obj
 0001:000031f0       ??_C@_1BG@NFKKMAFG@?$AAb?$AAs?$AA?9?$AAB?$AAA?$AA?9?$AAL?$AAa?$AAt?$AAn@ 100041f0     libucrt:lcidtoname_downlevel.obj
 0001:00003208       ??_C@_1O@IMNBEMCI@?$AAs?$AAm?$AAj?$AA?9?$AAS?$AAE@ 10004208     libucrt:lcidtoname_downlevel.obj
 0001:00003218       ??_C@_1M@DHHMBNDP@?$AAa?$AAr?$AA?9?$AAM?$AAA@ 10004218     libucrt:lcidtoname_downlevel.obj
 0001:00003224       ??_C@_1M@BNBLJCGH@?$AAe?$AAn?$AA?9?$AAI?$AAE@ 10004224     libucrt:lcidtoname_downlevel.obj
 0001:00003230       ??_C@_1M@GEPAFMDL@?$AAe?$AAs?$AA?9?$AAP?$AAA@ 10004230     libucrt:lcidtoname_downlevel.obj
 0001:0000323c       ??_C@_1M@OJONDMDL@?$AAf?$AAr?$AA?9?$AAM?$AAC@ 1000423c     libucrt:lcidtoname_downlevel.obj
 0001:00003248       ??_C@_1BG@OBCNFJB@?$AAs?$AAr?$AA?9?$AAB?$AAA?$AA?9?$AAL?$AAa?$AAt?$AAn@ 10004248     libucrt:lcidtoname_downlevel.obj
 0001:00003260       ??_C@_1O@KEMEEGPO@?$AAs?$AAm?$AAa?$AA?9?$AAN?$AAO@ 10004260     libucrt:lcidtoname_downlevel.obj
 0001:00003270       ??_C@_1M@ELMGFODK@?$AAa?$AAr?$AA?9?$AAT?$AAN@ 10004270     libucrt:lcidtoname_downlevel.obj
 0001:0000327c       ??_C@_1M@BHDLHFAF@?$AAe?$AAn?$AA?9?$AAZ?$AAA@ 1000427c     libucrt:lcidtoname_downlevel.obj
 0001:00003288       ??_C@_1M@BMGIGLIF@?$AAe?$AAs?$AA?9?$AAD?$AAO@ 10004288     libucrt:lcidtoname_downlevel.obj
 0001:00003294       ??_C@_1BG@CMBHIPBE@?$AAs?$AAr?$AA?9?$AAB?$AAA?$AA?9?$AAC?$AAy?$AAr?$AAl@ 10004294     libucrt:lcidtoname_downlevel.obj
 0001:000032ac       ??_C@_1O@HEDBLHNP@?$AAs?$AAm?$AAa?$AA?9?$AAS?$AAE@ 100042ac     libucrt:lcidtoname_downlevel.obj
 0001:000032bc       ??_C@_1M@DAGCADIM@?$AAa?$AAr?$AA?9?$AAO?$AAM@ 100042bc     libucrt:lcidtoname_downlevel.obj
 0001:000032c8       ??_C@_1M@FODLMICG@?$AAe?$AAn?$AA?9?$AAJ?$AAM@ 100042c8     libucrt:lcidtoname_downlevel.obj
 0001:000032d4       ??_C@_1M@DNMLCIHB@?$AAe?$AAs?$AA?9?$AAV?$AAE@ 100042d4     libucrt:lcidtoname_downlevel.obj
 0001:000032e0       ??_C@_1O@EOKHMKJK@?$AAs?$AAm?$AAs?$AA?9?$AAF?$AAI@ 100042e0     libucrt:lcidtoname_downlevel.obj
 0001:000032f0       ??_C@_1M@CAFJMKOF@?$AAa?$AAr?$AA?9?$AAY?$AAE@ 100042f0     libucrt:lcidtoname_downlevel.obj
 0001:000032fc       ??_C@_1M@CBFHIJLI@?$AAe?$AAn?$AA?9?$AAC?$AAB@ 100042fc     libucrt:lcidtoname_downlevel.obj
 0001:00003308       ??_C@_1M@BGNFLDN@?$AAe?$AAs?$AA?9?$AAC?$AAO@ 10004308     libucrt:lcidtoname_downlevel.obj
 0001:00003314       ??_C@_1O@JMPHMAMC@?$AAs?$AAm?$AAn?$AA?9?$AAF?$AAI@ 10004314     libucrt:lcidtoname_downlevel.obj
 0001:00003324       ??_C@_1M@JLANABKE@?$AAa?$AAr?$AA?9?$AAS?$AAY@ 10004324     libucrt:lcidtoname_downlevel.obj
 0001:00003330       ??_C@_1M@HPKGCFGN@?$AAe?$AAn?$AA?9?$AAB?$AAZ@ 10004330     libucrt:lcidtoname_downlevel.obj
 0001:0000333c       ??_C@_1M@OLJCMLGM@?$AAe?$AAs?$AA?9?$AAP?$AAE@ 1000433c     libucrt:lcidtoname_downlevel.obj
 0001:00003348       ??_C@_1M@MKKGFKLE@?$AAa?$AAr?$AA?9?$AAJ?$AAO@ 10004348     libucrt:lcidtoname_downlevel.obj
 0001:00003354       ??_C@_1M@EKPGLDNI@?$AAe?$AAn?$AA?9?$AAT?$AAT@ 10004354     libucrt:lcidtoname_downlevel.obj
 0001:00003360       ??_C@_1M@OONGHFHE@?$AAe?$AAs?$AA?9?$AAA?$AAR@ 10004360     libucrt:lcidtoname_downlevel.obj
 0001:0000336c       ??_C@_1M@OOJFGBHE@?$AAa?$AAr?$AA?9?$AAL?$AAB@ 1000436c     libucrt:lcidtoname_downlevel.obj
 0001:00003378       ??_C@_1M@GCEJHNEG@?$AAe?$AAn?$AA?9?$AAZ?$AAW@ 10004378     libucrt:lcidtoname_downlevel.obj
 0001:00003384       ??_C@_1M@JNOCAHJI@?$AAe?$AAs?$AA?9?$AAE?$AAC@ 10004384     libucrt:lcidtoname_downlevel.obj
 0001:00003390       ??_C@_1M@JEFHPGGB@?$AAa?$AAr?$AA?9?$AAK?$AAW@ 10004390     libucrt:lcidtoname_downlevel.obj
 0001:0000339c       ??_C@_1M@MLKIBJOJ@?$AAe?$AAn?$AA?9?$AAP?$AAH@ 1000439c     libucrt:lcidtoname_downlevel.obj
 0001:000033a8       ??_C@_1M@BDNIPEND@?$AAe?$AAs?$AA?9?$AAC?$AAL@ 100043a8     libucrt:lcidtoname_downlevel.obj
 0001:000033b4       ??_C@_1M@MPNMEKBD@?$AAa?$AAr?$AA?9?$AAA?$AAE@ 100043b4     libucrt:lcidtoname_downlevel.obj
 0001:000033c0       ??_C@_1M@KBJALCPI@?$AAe?$AAs?$AA?9?$AAU?$AAY@ 100043c0     libucrt:lcidtoname_downlevel.obj
 0001:000033cc       ??_C@_1M@LLCCOAGA@?$AAa?$AAr?$AA?9?$AAB?$AAH@ 100043cc     libucrt:lcidtoname_downlevel.obj
 0001:000033d8       ??_C@_1M@PBFNCDEL@?$AAe?$AAs?$AA?9?$AAP?$AAY@ 100043d8     libucrt:lcidtoname_downlevel.obj
 0001:000033e4       ??_C@_1M@EDGINPNP@?$AAa?$AAr?$AA?9?$AAQ?$AAA@ 100043e4     libucrt:lcidtoname_downlevel.obj
 0001:000033f0       ??_C@_1M@MKDBIIJI@?$AAe?$AAs?$AA?9?$AAB?$AAO@ 100043f0     libucrt:lcidtoname_downlevel.obj
 0001:000033fc       ??_C@_1M@CPKKEBLD@?$AAe?$AAs?$AA?9?$AAS?$AAV@ 100043fc     libucrt:lcidtoname_downlevel.obj
 0001:00003408       ??_C@_1M@NDBGMMJL@?$AAe?$AAs?$AA?9?$AAH?$AAN@ 10004408     libucrt:lcidtoname_downlevel.obj
 0001:00003414       ??_C@_1M@JIJIBHDP@?$AAe?$AAs?$AA?9?$AAN?$AAI@ 10004414     libucrt:lcidtoname_downlevel.obj
 0001:00003420       ??_C@_1M@CGFMKEEK@?$AAe?$AAs?$AA?9?$AAP?$AAR@ 10004420     libucrt:lcidtoname_downlevel.obj
 0001:0000342c       ??_C@_1O@ICJHKIIK@?$AAz?$AAh?$AA?9?$AAC?$AAH?$AAT@ 1000442c     libucrt:lcidtoname_downlevel.obj
 0001:0000343c       ??_C@_15CLNEJCE@?$AAs?$AAr@ 1000443c     libucrt:lcidtoname_downlevel.obj
 0001:00003b68       ??_C@_1M@KAHEKEIG@?$AAa?$AAf?$AA?9?$AAz?$AAa@ 10004b68     libucrt:lcidtoname_downlevel.obj
 0001:00003b74       ??_C@_1M@GIECOABL@?$AAa?$AAr?$AA?9?$AAa?$AAe@ 10004b74     libucrt:lcidtoname_downlevel.obj
 0001:00003b80       ??_C@_1M@BMLMEKGI@?$AAa?$AAr?$AA?9?$AAb?$AAh@ 10004b80     libucrt:lcidtoname_downlevel.obj
 0001:00003b8c       ??_C@_1M@DAPFDGGB@?$AAa?$AAr?$AA?9?$AAd?$AAz@ 10004b8c     libucrt:lcidtoname_downlevel.obj
 0001:00003b98       ??_C@_1M@FJNKGKIG@?$AAa?$AAr?$AA?9?$AAe?$AAg@ 10004b98     libucrt:lcidtoname_downlevel.obj
 0001:00003ba4       ??_C@_1M@FLGKKCLO@?$AAa?$AAr?$AA?9?$AAi?$AAq@ 10004ba4     libucrt:lcidtoname_downlevel.obj
 0001:00003bb0       ??_C@_1M@GNDIPALM@?$AAa?$AAr?$AA?9?$AAj?$AAo@ 10004bb0     libucrt:lcidtoname_downlevel.obj
 0001:00003bbc       ??_C@_1M@DDMJFMGJ@?$AAa?$AAr?$AA?9?$AAk?$AAw@ 10004bbc     libucrt:lcidtoname_downlevel.obj
 0001:00003bc8       ??_C@_1M@EJALMLHM@?$AAa?$AAr?$AA?9?$AAl?$AAb@ 10004bc8     libucrt:lcidtoname_downlevel.obj
 0001:00003bd4       ??_C@_1M@MOBDBLOC@?$AAa?$AAr?$AA?9?$AAl?$AAy@ 10004bd4     libucrt:lcidtoname_downlevel.obj
 0001:00003be0       ??_C@_1M@JAOCLHDH@?$AAa?$AAr?$AA?9?$AAm?$AAa@ 10004be0     libucrt:lcidtoname_downlevel.obj
 0001:00003bec       ??_C@_1M@JHPMKJIE@?$AAa?$AAr?$AA?9?$AAo?$AAm@ 10004bec     libucrt:lcidtoname_downlevel.obj
 0001:00003bf8       ??_C@_1M@OEPGHFNH@?$AAa?$AAr?$AA?9?$AAq?$AAa@ 10004bf8     libucrt:lcidtoname_downlevel.obj
 0001:00003c04       ??_C@_1M@KJDONENM@?$AAa?$AAr?$AA?9?$AAs?$AAa@ 10004c04     libucrt:lcidtoname_downlevel.obj
 0001:00003c10       ??_C@_1M@DMJDKLKM@?$AAa?$AAr?$AA?9?$AAs?$AAy@ 10004c10     libucrt:lcidtoname_downlevel.obj
 0001:00003c1c       ??_C@_1M@OMFIPEDC@?$AAa?$AAr?$AA?9?$AAt?$AAn@ 10004c1c     libucrt:lcidtoname_downlevel.obj
 0001:00003c28       ??_C@_1M@IHMHGAON@?$AAa?$AAr?$AA?9?$AAy?$AAe@ 10004c28     libucrt:lcidtoname_downlevel.obj
 0001:00003c34       ??_C@_1BG@KDCPGJGB@?$AAa?$AAz?$AA?9?$AAa?$AAz?$AA?9?$AAc?$AAy?$AAr?$AAl@ 10004c34     libucrt:lcidtoname_downlevel.obj
 0001:00003c4c       ??_C@_1BG@IBCKDDOE@?$AAa?$AAz?$AA?9?$AAa?$AAz?$AA?9?$AAl?$AAa?$AAt?$AAn@ 10004c4c     libucrt:lcidtoname_downlevel.obj
 0001:00003c64       ??_C@_1M@EGPFDCPD@?$AAb?$AAe?$AA?9?$AAb?$AAy@ 10004c64     libucrt:lcidtoname_downlevel.obj
 0001:00003c70       ??_C@_1M@PCMGMCGC@?$AAb?$AAg?$AA?9?$AAb?$AAg@ 10004c70     libucrt:lcidtoname_downlevel.obj
 0001:00003c7c       ??_C@_1M@BJBMFGOB@?$AAb?$AAn?$AA?9?$AAi?$AAn@ 10004c7c     libucrt:lcidtoname_downlevel.obj
 0001:00003c88       ??_C@_1BG@EAKMMACD@?$AAb?$AAs?$AA?9?$AAb?$AAa?$AA?9?$AAl?$AAa?$AAt?$AAn@ 10004c88     libucrt:lcidtoname_downlevel.obj
 0001:00003ca0       ??_C@_1M@KGADAODK@?$AAc?$AAa?$AA?9?$AAe?$AAs@ 10004ca0     libucrt:lcidtoname_downlevel.obj
 0001:00003cac       ??_C@_1M@COAJPDHI@?$AAc?$AAs?$AA?9?$AAc?$AAz@ 10004cac     libucrt:lcidtoname_downlevel.obj
 0001:00003cb8       ??_C@_1M@DHBHFONH@?$AAc?$AAy?$AA?9?$AAg?$AAb@ 10004cb8     libucrt:lcidtoname_downlevel.obj
 0001:00003cc4       ??_C@_1M@IMGKELGA@?$AAd?$AAa?$AA?9?$AAd?$AAk@ 10004cc4     libucrt:lcidtoname_downlevel.obj
 0001:00003cd0       ??_C@_1M@NNDGDNGA@?$AAd?$AAe?$AA?9?$AAa?$AAt@ 10004cd0     libucrt:lcidtoname_downlevel.obj
 0001:00003cdc       ??_C@_1M@IKDBHEEM@?$AAd?$AAe?$AA?9?$AAc?$AAh@ 10004cdc     libucrt:lcidtoname_downlevel.obj
 0001:00003ce8       ??_C@_1M@GFFOJMCJ@?$AAd?$AAe?$AA?9?$AAd?$AAe@ 10004ce8     libucrt:lcidtoname_downlevel.obj
 0001:00003cf4       ??_C@_1M@MDNLKBPM@?$AAd?$AAe?$AA?9?$AAl?$AAi@ 10004cf4     libucrt:lcidtoname_downlevel.obj
 0001:00003d00       ??_C@_1M@NJBEEJNL@?$AAd?$AAe?$AA?9?$AAl?$AAu@ 10004d00     libucrt:lcidtoname_downlevel.obj
 0001:00003d0c       ??_C@_1O@GNNELBAP@?$AAd?$AAi?$AAv?$AA?9?$AAm?$AAv@ 10004d0c     libucrt:lcidtoname_downlevel.obj
 0001:00003d1c       ??_C@_1M@EJLEOGAE@?$AAe?$AAl?$AA?9?$AAg?$AAr@ 10004d1c     libucrt:lcidtoname_downlevel.obj
 0001:00003d28       ??_C@_1M@GMPONJN@?$AAe?$AAn?$AA?9?$AAa?$AAu@ 10004d28     libucrt:lcidtoname_downlevel.obj
 0001:00003d34       ??_C@_1M@NIDIIPGF@?$AAe?$AAn?$AA?9?$AAb?$AAz@ 10004d34     libucrt:lcidtoname_downlevel.obj
 0001:00003d40       ??_C@_1M@JEHMIMFO@?$AAe?$AAn?$AA?9?$AAc?$AAa@ 10004d40     libucrt:lcidtoname_downlevel.obj
 0001:00003d4c       ??_C@_1M@IGMJCDLA@?$AAe?$AAn?$AA?9?$AAc?$AAb@ 10004d4c     libucrt:lcidtoname_downlevel.obj
 0001:00003d58       ??_C@_1M@BNFIGBKG@?$AAe?$AAn?$AA?9?$AAg?$AAb@ 10004d58     libucrt:lcidtoname_downlevel.obj
 0001:00003d64       ??_C@_1M@LKIFDIGP@?$AAe?$AAn?$AA?9?$AAi?$AAe@ 10004d64     libucrt:lcidtoname_downlevel.obj
 0001:00003d70       ??_C@_1M@PJKFGCCO@?$AAe?$AAn?$AA?9?$AAj?$AAm@ 10004d70     libucrt:lcidtoname_downlevel.obj
 0001:00003d7c       ??_C@_1M@KPPKEPBO@?$AAe?$AAn?$AA?9?$AAn?$AAz@ 10004d7c     libucrt:lcidtoname_downlevel.obj
 0001:00003d88       ??_C@_1M@GMDGLDOB@?$AAe?$AAn?$AA?9?$AAp?$AAh@ 10004d88     libucrt:lcidtoname_downlevel.obj
 0001:00003d94       ??_C@_1M@ONGIBJNA@?$AAe?$AAn?$AA?9?$AAt?$AAt@ 10004d94     libucrt:lcidtoname_downlevel.obj
 0001:00003da0       ??_C@_1M@LLODPCMM@?$AAe?$AAn?$AA?9?$AAu?$AAs@ 10004da0     libucrt:lcidtoname_downlevel.obj
 0001:00003dac       ??_C@_1M@LAKFNPAN@?$AAe?$AAn?$AA?9?$AAz?$AAa@ 10004dac     libucrt:lcidtoname_downlevel.obj
 0001:00003db8       ??_C@_1M@MFNHNHEO@?$AAe?$AAn?$AA?9?$AAz?$AAw@ 10004db8     libucrt:lcidtoname_downlevel.obj
 0001:00003dc4       ??_C@_1M@EJEINPHM@?$AAe?$AAs?$AA?9?$AAa?$AAr@ 10004dc4     libucrt:lcidtoname_downlevel.obj
 0001:00003dd0       ??_C@_1M@GNKPCCJA@?$AAe?$AAs?$AA?9?$AAb?$AAo@ 10004dd0     libucrt:lcidtoname_downlevel.obj
 0001:00003ddc       ??_C@_1M@LEEGFONL@?$AAe?$AAs?$AA?9?$AAc?$AAl@ 10004ddc     libucrt:lcidtoname_downlevel.obj
 0001:00003de8       ??_C@_1M@KGPDPBDF@?$AAe?$AAs?$AA?9?$AAc?$AAo@ 10004de8     libucrt:lcidtoname_downlevel.obj
 0001:00003df4       ??_C@_1M@EIAHOHH@?$AAe?$AAs?$AA?9?$AAc?$AAr@ 10004df4     libucrt:lcidtoname_downlevel.obj
 0001:00003e00       ??_C@_1M@LLPGMBIN@?$AAe?$AAs?$AA?9?$AAd?$AAo@ 10004e00     libucrt:lcidtoname_downlevel.obj
 0001:00003e0c       ??_C@_1M@DKHMKNJA@?$AAe?$AAs?$AA?9?$AAe?$AAc@ 10004e0c     libucrt:lcidtoname_downlevel.obj
 0001:00003e18       ??_C@_1M@GKGFPKAP@?$AAe?$AAs?$AA?9?$AAe?$AAs@ 10004e18     libucrt:lcidtoname_downlevel.obj
 0001:00003e24       ??_C@_1M@LKHKGDLN@?$AAe?$AAs?$AA?9?$AAg?$AAt@ 10004e24     libucrt:lcidtoname_downlevel.obj
 0001:00003e30       ??_C@_1M@HEIIGGJD@?$AAe?$AAs?$AA?9?$AAh?$AAn@ 10004e30     libucrt:lcidtoname_downlevel.obj
 0001:00003e3c       ??_C@_1M@FBDHPPGD@?$AAe?$AAs?$AA?9?$AAm?$AAx@ 10004e3c     libucrt:lcidtoname_downlevel.obj
 0001:00003e48       ??_C@_1M@DPAGLNDH@?$AAe?$AAs?$AA?9?$AAn?$AAi@ 10004e48     libucrt:lcidtoname_downlevel.obj
 0001:00003e54       ??_C@_1M@MDGOPGDD@?$AAe?$AAs?$AA?9?$AAp?$AAa@ 10004e54     libucrt:lcidtoname_downlevel.obj
 0001:00003e60       ??_C@_1M@EMAMGBGE@?$AAe?$AAs?$AA?9?$AAp?$AAe@ 10004e60     libucrt:lcidtoname_downlevel.obj
 0001:00003e6c       ??_C@_1M@IBMCAOEC@?$AAe?$AAs?$AA?9?$AAp?$AAr@ 10004e6c     libucrt:lcidtoname_downlevel.obj
 0001:00003e78       ??_C@_1M@FGMDIJED@?$AAe?$AAs?$AA?9?$AAp?$AAy@ 10004e78     libucrt:lcidtoname_downlevel.obj
 0001:00003e84       ??_C@_1M@IIDEOLLL@?$AAe?$AAs?$AA?9?$AAs?$AAv@ 10004e84     libucrt:lcidtoname_downlevel.obj
 0001:00003e90       ??_C@_1M@GAOBIPA@?$AAe?$AAs?$AA?9?$AAu?$AAy@ 10004e90     libucrt:lcidtoname_downlevel.obj
 0001:00003e9c       ??_C@_1M@JKFFICHJ@?$AAe?$AAs?$AA?9?$AAv?$AAe@ 10004e9c     libucrt:lcidtoname_downlevel.obj
 0001:00003ea8       ??_C@_1M@PNMLOJDF@?$AAe?$AAt?$AA?9?$AAe?$AAe@ 10004ea8     libucrt:lcidtoname_downlevel.obj
 0001:00003eb4       ??_C@_1M@GHHLIKEI@?$AAe?$AAu?$AA?9?$AAe?$AAs@ 10004eb4     libucrt:lcidtoname_downlevel.obj
 0001:00003ec0       ??_C@_1M@PBNONODE@?$AAf?$AAa?$AA?9?$AAi?$AAr@ 10004ec0     libucrt:lcidtoname_downlevel.obj
 0001:00003ecc       ??_C@_1M@JEEHPMIL@?$AAf?$AAi?$AA?9?$AAf?$AAi@ 10004ecc     libucrt:lcidtoname_downlevel.obj
 0001:00003ed8       ??_C@_1M@LMDCNDBA@?$AAf?$AAo?$AA?9?$AAf?$AAo@ 10004ed8     libucrt:lcidtoname_downlevel.obj
 0001:00003ee4       ??_C@_1M@JKEOHLDK@?$AAf?$AAr?$AA?9?$AAb?$AAe@ 10004ee4     libucrt:lcidtoname_downlevel.obj
 0001:00003ef0       ??_C@_1M@NOHADPMI@?$AAf?$AAr?$AA?9?$AAc?$AAa@ 10004ef0     libucrt:lcidtoname_downlevel.obj
 0001:00003efc       ??_C@_1M@KDHIHAEC@?$AAf?$AAr?$AA?9?$AAc?$AAh@ 10004efc     libucrt:lcidtoname_downlevel.obj
 0001:00003f08       ??_C@_1M@MMBBFGAK@?$AAf?$AAr?$AA?9?$AAf?$AAr@ 10004f08     libucrt:lcidtoname_downlevel.obj
 0001:00003f14       ??_C@_1M@PAFNENNF@?$AAf?$AAr?$AA?9?$AAl?$AAu@ 10004f14     libucrt:lcidtoname_downlevel.obj
 0001:00003f20       ??_C@_1M@EOHDJGDD@?$AAf?$AAr?$AA?9?$AAm?$AAc@ 10004f20     libucrt:lcidtoname_downlevel.obj
 0001:00003f2c       ??_C@_1M@FAPLLOPF@?$AAg?$AAl?$AA?9?$AAe?$AAs@ 10004f2c     libucrt:lcidtoname_downlevel.obj
 0001:00003f38       ??_C@_1M@FOPBFLOO@?$AAg?$AAu?$AA?9?$AAi?$AAn@ 10004f38     libucrt:lcidtoname_downlevel.obj
 0001:00003f44       ??_C@_1M@KBMCINPM@?$AAh?$AAe?$AA?9?$AAi?$AAl@ 10004f44     libucrt:lcidtoname_downlevel.obj
 0001:00003f50       ??_C@_1M@BBPHKFPJ@?$AAh?$AAi?$AA?9?$AAi?$AAn@ 10004f50     libucrt:lcidtoname_downlevel.obj
 0001:00003f5c       ??_C@_1M@PMBNDPHD@?$AAh?$AAr?$AA?9?$AAb?$AAa@ 10004f5c     libucrt:lcidtoname_downlevel.obj
 0001:00003f68       ??_C@_1M@BPCKOEGE@?$AAh?$AAr?$AA?9?$AAh?$AAr@ 10004f68     libucrt:lcidtoname_downlevel.obj
 0001:00003f74       ??_C@_1M@GACBMHKE@?$AAh?$AAu?$AA?9?$AAh?$AAu@ 10004f74     libucrt:lcidtoname_downlevel.obj
 0001:00003f80       ??_C@_1M@MILPAJJC@?$AAh?$AAy?$AA?9?$AAa?$AAm@ 10004f80     libucrt:lcidtoname_downlevel.obj
 0001:00003f8c       ??_C@_1M@BABBICEC@?$AAi?$AAd?$AA?9?$AAi?$AAd@ 10004f8c     libucrt:lcidtoname_downlevel.obj
 0001:00003f98       ??_C@_1M@BIKNHHPF@?$AAi?$AAs?$AA?9?$AAi?$AAs@ 10004f98     libucrt:lcidtoname_downlevel.obj
 0001:00003fa4       ??_C@_1M@NMPCJPHE@?$AAi?$AAt?$AA?9?$AAc?$AAh@ 10004fa4     libucrt:lcidtoname_downlevel.obj
 0001:00003fb0       ??_C@_1M@GHKGFEDF@?$AAi?$AAt?$AA?9?$AAi?$AAt@ 10004fb0     libucrt:lcidtoname_downlevel.obj
 0001:00003fbc       ??_C@_1M@NIEJCJJA@?$AAj?$AAa?$AA?9?$AAj?$AAp@ 10004fbc     libucrt:lcidtoname_downlevel.obj
 0001:00003fc8       ??_C@_1M@JILFNBIM@?$AAk?$AAa?$AA?9?$AAg?$AAe@ 10004fc8     libucrt:lcidtoname_downlevel.obj
 0001:00003fd4       ??_C@_1M@PACPMGPH@?$AAk?$AAk?$AA?9?$AAk?$AAz@ 10004fd4     libucrt:lcidtoname_downlevel.obj
 0001:00003fe0       ??_C@_1M@IELFGMHA@?$AAk?$AAn?$AA?9?$AAi?$AAn@ 10004fe0     libucrt:lcidtoname_downlevel.obj
 0001:00003fec       ??_C@_1O@IBBJHCH@?$AAk?$AAo?$AAk?$AA?9?$AAi?$AAn@ 10004fec     libucrt:lcidtoname_downlevel.obj
 0001:00003ffc       ??_C@_1M@DMHAEOGC@?$AAk?$AAo?$AA?9?$AAk?$AAr@ 10004ffc     libucrt:lcidtoname_downlevel.obj
 0001:00004008       ??_C@_1M@HBAHBIGA@?$AAk?$AAy?$AA?9?$AAk?$AAg@ 10005008     libucrt:lcidtoname_downlevel.obj
 0001:00004014       ??_C@_1M@KPMILCJG@?$AAl?$AAt?$AA?9?$AAl?$AAt@ 10005014     libucrt:lcidtoname_downlevel.obj
 0001:00004020       ??_C@_1M@BDEKKCA@?$AAl?$AAv?$AA?9?$AAl?$AAv@ 10005020     libucrt:lcidtoname_downlevel.obj
 0001:0000402c       ??_C@_1M@ELCKCCJJ@?$AAm?$AAi?$AA?9?$AAn?$AAz@ 1000502c     libucrt:lcidtoname_downlevel.obj
 0001:00004038       ??_C@_1M@CBOOLAPA@?$AAm?$AAk?$AA?9?$AAm?$AAk@ 10005038     libucrt:lcidtoname_downlevel.obj
 0001:00004044       ??_C@_1M@GPHNBJKN@?$AAm?$AAl?$AA?9?$AAi?$AAn@ 10005044     libucrt:lcidtoname_downlevel.obj
 0001:00004050       ??_C@_1M@PABJILIG@?$AAm?$AAn?$AA?9?$AAm?$AAn@ 10005050     libucrt:lcidtoname_downlevel.obj
 0001:0000405c       ??_C@_1M@FGBKKIPG@?$AAm?$AAr?$AA?9?$AAi?$AAn@ 1000505c     libucrt:lcidtoname_downlevel.obj
 0001:00004068       ??_C@_1M@NDBPDDAL@?$AAm?$AAs?$AA?9?$AAb?$AAn@ 10005068     libucrt:lcidtoname_downlevel.obj
 0001:00004074       ??_C@_1M@OPIHOOPI@?$AAm?$AAs?$AA?9?$AAm?$AAy@ 10005074     libucrt:lcidtoname_downlevel.obj
 0001:00004080       ??_C@_1M@PPDBCNFM@?$AAm?$AAt?$AA?9?$AAm?$AAt@ 10005080     libucrt:lcidtoname_downlevel.obj
 0001:0000408c       ??_C@_1M@KDJDKMDD@?$AAn?$AAb?$AA?9?$AAn?$AAo@ 1000508c     libucrt:lcidtoname_downlevel.obj
 0001:00004098       ??_C@_1M@KFCFLMJP@?$AAn?$AAl?$AA?9?$AAb?$AAe@ 10005098     libucrt:lcidtoname_downlevel.obj
 0001:000040a4       ??_C@_1M@KPOPDDGO@?$AAn?$AAl?$AA?9?$AAn?$AAl@ 100050a4     libucrt:lcidtoname_downlevel.obj
 0001:000040b0       ??_C@_1M@LJKPEMLN@?$AAn?$AAn?$AA?9?$AAn?$AAo@ 100050b0     libucrt:lcidtoname_downlevel.obj
 0001:000040bc       ??_C@_1M@BDGHHBFL@?$AAn?$AAs?$AA?9?$AAz?$AAa@ 100050bc     libucrt:lcidtoname_downlevel.obj
 0001:000040c8       ??_C@_1M@IDEHOAP@?$AAp?$AAa?$AA?9?$AAi?$AAn@ 100050c8     libucrt:lcidtoname_downlevel.obj
 0001:000040d4       ??_C@_1M@HDBKGOGH@?$AAp?$AAl?$AA?9?$AAp?$AAl@ 100050d4     libucrt:lcidtoname_downlevel.obj
 0001:000040e0       ??_C@_1M@LJLLCMEH@?$AAp?$AAt?$AA?9?$AAb?$AAr@ 100050e0     libucrt:lcidtoname_downlevel.obj
 0001:000040ec       ??_C@_1M@NCMONAAL@?$AAp?$AAt?$AA?9?$AAp?$AAt@ 100050ec     libucrt:lcidtoname_downlevel.obj
 0001:000040f8       ??_C@_1O@EAKMAJDN@?$AAq?$AAu?$AAz?$AA?9?$AAb?$AAo@ 100050f8     libucrt:lcidtoname_downlevel.obj
 0001:00004108       ??_C@_1O@BHHPIGDN@?$AAq?$AAu?$AAz?$AA?9?$AAe?$AAc@ 10005108     libucrt:lcidtoname_downlevel.obj
 0001:00004118       ??_C@_1O@GBAPEKMJ@?$AAq?$AAu?$AAz?$AA?9?$AAp?$AAe@ 10005118     libucrt:lcidtoname_downlevel.obj
 0001:00004128       ??_C@_1M@CLGLEFBO@?$AAr?$AAo?$AA?9?$AAr?$AAo@ 10005128     libucrt:lcidtoname_downlevel.obj
 0001:00004134       ??_C@_1M@CEEDODME@?$AAr?$AAu?$AA?9?$AAr?$AAu@ 10005134     libucrt:lcidtoname_downlevel.obj
 0001:00004140       ??_C@_1M@HPKKKMPP@?$AAs?$AAa?$AA?9?$AAi?$AAn@ 10005140     libucrt:lcidtoname_downlevel.obj
 0001:0000414c       ??_C@_1M@BKMAIGOJ@?$AAs?$AAe?$AA?9?$AAf?$AAi@ 1000514c     libucrt:lcidtoname_downlevel.obj
 0001:00004158       ??_C@_1M@NDPIFLFI@?$AAs?$AAe?$AA?9?$AAn?$AAo@ 10005158     libucrt:lcidtoname_downlevel.obj
 0001:00004164       ??_C@_1M@DANKKHJ@?$AAs?$AAe?$AA?9?$AAs?$AAe@ 10005164     libucrt:lcidtoname_downlevel.obj
 0001:00004170       ??_C@_1M@PNBLONPJ@?$AAs?$AAk?$AA?9?$AAs?$AAk@ 10005170     libucrt:lcidtoname_downlevel.obj
 0001:0000417c       ??_C@_1M@LFMODOAL@?$AAs?$AAl?$AA?9?$AAs?$AAi@ 1000517c     libucrt:lcidtoname_downlevel.obj
 0001:00004188       ??_C@_1O@DFKOMPG@?$AAs?$AAm?$AAa?$AA?9?$AAn?$AAo@ 10005188     libucrt:lcidtoname_downlevel.obj
 0001:00004198       ??_C@_1O@NDKPBNNH@?$AAs?$AAm?$AAa?$AA?9?$AAs?$AAe@ 10005198     libucrt:lcidtoname_downlevel.obj
 0001:000041a8       ??_C@_1O@PLLKBHAB@?$AAs?$AAm?$AAj?$AA?9?$AAn?$AAo@ 100051a8     libucrt:lcidtoname_downlevel.obj
 0001:000041b8       ??_C@_1O@CLEPOGCA@?$AAs?$AAm?$AAj?$AA?9?$AAs?$AAe@ 100051b8     libucrt:lcidtoname_downlevel.obj
 0001:000041c8       ??_C@_1O@DLGJGKMK@?$AAs?$AAm?$AAn?$AA?9?$AAf?$AAi@ 100051c8     libucrt:lcidtoname_downlevel.obj
 0001:000041d8       ??_C@_1O@OJDJGAJC@?$AAs?$AAm?$AAs?$AA?9?$AAf?$AAi@ 100051d8     libucrt:lcidtoname_downlevel.obj
 0001:000041e8       ??_C@_1M@BOFOGHPB@?$AAs?$AAq?$AA?9?$AAa?$AAl@ 100051e8     libucrt:lcidtoname_downlevel.obj
 0001:000041f4       ??_C@_1BG@LJBBIPGB@?$AAs?$AAr?$AA?9?$AAb?$AAa?$AA?9?$AAc?$AAy?$AAr?$AAl@ 100051f4     libucrt:lcidtoname_downlevel.obj
 0001:0000420c       ??_C@_1BG@JLBENFOE@?$AAs?$AAr?$AA?9?$AAb?$AAa?$AA?9?$AAl?$AAa?$AAt?$AAn@ 1000520c     libucrt:lcidtoname_downlevel.obj
 0001:00004224       ??_C@_1BG@KODPNHE@?$AAs?$AAr?$AA?9?$AAs?$AAp?$AA?9?$AAc?$AAy?$AAr?$AAl@ 10005224     libucrt:lcidtoname_downlevel.obj
 0001:0000423c       ??_C@_1BG@CIOGKHPB@?$AAs?$AAr?$AA?9?$AAs?$AAp?$AA?9?$AAl?$AAa?$AAt?$AAn@ 1000523c     libucrt:lcidtoname_downlevel.obj
 0001:00004254       ??_C@_1M@NGFJLMAC@?$AAs?$AAv?$AA?9?$AAf?$AAi@ 10005254     libucrt:lcidtoname_downlevel.obj
 0001:00004260       ??_C@_1M@MPJEJAJC@?$AAs?$AAv?$AA?9?$AAs?$AAe@ 10005260     libucrt:lcidtoname_downlevel.obj
 0001:0000426c       ??_C@_1M@MPNDHLFK@?$AAs?$AAw?$AA?9?$AAk?$AAe@ 1000526c     libucrt:lcidtoname_downlevel.obj
 0001:00004278       ??_C@_1O@KOHBJJI@?$AAs?$AAy?$AAr?$AA?9?$AAs?$AAy@ 10005278     libucrt:lcidtoname_downlevel.obj
 0001:00004288       ??_C@_1M@LDCEFHA@?$AAt?$AAa?$AA?9?$AAi?$AAn@ 10005288     libucrt:lcidtoname_downlevel.obj
 0001:00004294       ??_C@_1M@CNJOFAK@?$AAt?$AAe?$AA?9?$AAi?$AAn@ 10005294     libucrt:lcidtoname_downlevel.obj
 0001:000042a0       ??_C@_1M@GNAECACD@?$AAt?$AAh?$AA?9?$AAt?$AAh@ 100052a0     libucrt:lcidtoname_downlevel.obj
 0001:000042ac       ??_C@_1M@CHBIHOJO@?$AAt?$AAn?$AA?9?$AAz?$AAa@ 100052ac     libucrt:lcidtoname_downlevel.obj
 0001:000042b8       ??_C@_1M@GCCMIGPJ@?$AAt?$AAr?$AA?9?$AAt?$AAr@ 100052b8     libucrt:lcidtoname_downlevel.obj
 0001:000042c4       ??_C@_1M@CELMCNBK@?$AAt?$AAt?$AA?9?$AAr?$AAu@ 100052c4     libucrt:lcidtoname_downlevel.obj
 0001:000042d0       ??_C@_1M@KLMCELGA@?$AAu?$AAk?$AA?9?$AAu?$AAa@ 100052d0     libucrt:lcidtoname_downlevel.obj
 0001:000042dc       ??_C@_1M@EPAJJAJF@?$AAu?$AAr?$AA?9?$AAp?$AAk@ 100052dc     libucrt:lcidtoname_downlevel.obj
 0001:000042e8       ??_C@_1BG@GEGPMCDJ@?$AAu?$AAz?$AA?9?$AAu?$AAz?$AA?9?$AAc?$AAy?$AAr?$AAl@ 100052e8     libucrt:lcidtoname_downlevel.obj
 0001:00004300       ??_C@_1BG@EGGKJILM@?$AAu?$AAz?$AA?9?$AAu?$AAz?$AA?9?$AAl?$AAa?$AAt?$AAn@ 10005300     libucrt:lcidtoname_downlevel.obj
 0001:00004318       ??_C@_1M@GFOCLFF@?$AAv?$AAi?$AA?9?$AAv?$AAn@ 10005318     libucrt:lcidtoname_downlevel.obj
 0001:00004324       ??_C@_1M@CPAMEDFI@?$AAx?$AAh?$AA?9?$AAz?$AAa@ 10005324     libucrt:lcidtoname_downlevel.obj
 0001:00004330       ??_C@_1O@EBKIFIGN@?$AAz?$AAh?$AA?9?$AAc?$AAh?$AAs@ 10005330     libucrt:lcidtoname_downlevel.obj
 0001:00004340       ??_C@_1O@NMHPGANE@?$AAz?$AAh?$AA?9?$AAc?$AAh?$AAt@ 10005340     libucrt:lcidtoname_downlevel.obj
 0001:00004350       ??_C@_1M@LPINJOMC@?$AAz?$AAh?$AA?9?$AAc?$AAn@ 10005350     libucrt:lcidtoname_downlevel.obj
 0001:0000435c       ??_C@_1M@OCJEJODD@?$AAz?$AAh?$AA?9?$AAh?$AAk@ 1000535c     libucrt:lcidtoname_downlevel.obj
 0001:00004368       ??_C@_1M@DNDLJINH@?$AAz?$AAh?$AA?9?$AAm?$AAo@ 10005368     libucrt:lcidtoname_downlevel.obj
 0001:00004374       ??_C@_1M@MBFDNDND@?$AAz?$AAh?$AA?9?$AAs?$AAg@ 10005374     libucrt:lcidtoname_downlevel.obj
 0001:00004380       ??_C@_1M@IMEPLEPE@?$AAz?$AAh?$AA?9?$AAt?$AAw@ 10005380     libucrt:lcidtoname_downlevel.obj
 0001:0000438c       ??_C@_1M@BBGHNHJP@?$AAz?$AAu?$AA?9?$AAz?$AAa@ 1000538c     libucrt:lcidtoname_downlevel.obj
 0001:000043f8       ??_C@_1BA@BALFACEM@?$AAC?$AAO?$AAN?$AAO?$AAU?$AAT?$AA$@ 100053f8     libucrt:initcon.obj
 0001:00004510       __infinity                 10005510     libucrt:87tran.obj
 0001:0000451a       __minfinity                1000551a     libucrt:87tran.obj
 0001:00004524       __logemax                  10005524     libucrt:87tran.obj
 0001:0000454a       __OP_EXPjmptab             1000554a     libucrt:87tran.obj
 0001:00004570       __indefinite               10005570     libucrt:87disp.obj
 0001:0000457a       __piby2                    1000557a     libucrt:87disp.obj
 0001:00004584       __piby4                    10005584     libucrt:87disp.obj
 0001:000045b8       __DEFAULT_CW_in_mem        100055b8     libucrt:common.obj
 0001:000045ba       __pi_by_2_to_61            100055ba     libucrt:common.obj
 0001:000045f4       ??_C@_03MGHMBJCF@log@      100055f4     libucrt:libm_error.obj
 0001:000045f8       ??_C@_05HGHHAHAP@log10@    100055f8     libucrt:libm_error.obj
 0001:00004600       ??_C@_03KHJOGHMM@exp@      10005600     libucrt:libm_error.obj
 0001:00004604       ??_C@_03JGHBODFD@pow@      10005604     libucrt:libm_error.obj
 0001:00004608       ??_C@_04FIHNOPOL@asin@     10005608     libucrt:libm_error.obj
 0001:00004610       ??_C@_04PDIFKINK@acos@     10005610     libucrt:libm_error.obj
 0001:00004618       ??_C@_04EIAKFFMI@sqrt@     10005618     libucrt:libm_error.obj
 0001:00004620       __real@3ff0000000000000    10005620     libucrt:libm_error.obj
 0001:00004640       ___acrt_log10_table_t      10005640     libucrt:log10_tables.obj
 0001:00004a50       ___acrt_log10_table_cb     10005a50     libucrt:log10_tables.obj
 0001:00004e60       __real@3fe0000000000000    10005e60     libucrt:powhlp.obj
 0001:00004f50       ??_C@_04COOMCNPB@sinh@     10005f50     libucrt:fpexcept.obj
 0001:00004f58       ??_C@_04HPJJNFIM@cosh@     10005f58     libucrt:fpexcept.obj
 0001:00004f60       ??_C@_04FJHINJAO@tanh@     10005f60     libucrt:fpexcept.obj
 0001:00004f68       ??_C@_04MLLJIGOK@atan@     10005f68     libucrt:fpexcept.obj
 0001:00004f70       ??_C@_05KNGEOGJB@atan2@    10005f70     libucrt:fpexcept.obj
 0001:00004f78       ??_C@_03BLEJJJBH@sin@      10005f78     libucrt:fpexcept.obj
 0001:00004f7c       ??_C@_03LALBNOCG@cos@      10005f7c     libucrt:fpexcept.obj
 0001:00004f80       ??_C@_03IIINPABG@tan@      10005f80     libucrt:fpexcept.obj
 0001:00004f84       ??_C@_04GFPJNGEK@ceil@     10005f84     libucrt:fpexcept.obj
 0001:00004f8c       ??_C@_05PBJFFIGL@floor@    10005f8c     libucrt:fpexcept.obj
 0001:00004f94       ??_C@_04ODHECPBC@fabs@     10005f94     libucrt:fpexcept.obj
 0001:00004f9c       ??_C@_04EHEDPDJG@modf@     10005f9c     libucrt:fpexcept.obj
 0001:00004fa4       ??_C@_05CEJMAHNP@ldexp@    10005fa4     libucrt:fpexcept.obj
 0001:00004fac       ??_C@_05KBKMEMPO@_cabs@    10005fac     libucrt:fpexcept.obj
 0001:00004fb4       ??_C@_06MEIMCGCF@_hypot@   10005fb4     libucrt:fpexcept.obj
 0001:00004fbc       ??_C@_04KEPJIHGP@fmod@     10005fbc     libucrt:fpexcept.obj
 0001:00004fc4       ??_C@_05GKKHEGJL@frexp@    10005fc4     libucrt:fpexcept.obj
 0001:00004fcc       ??_C@_03MJLDFKDL@_y0@      10005fcc     libucrt:fpexcept.obj
 0001:00004fd0       ??_C@_03NAKIGLHK@_y1@      10005fd0     libucrt:fpexcept.obj
 0001:00004fd4       ??_C@_03ONILCKOB@_yn@      10005fd4     libucrt:fpexcept.obj
 0001:00004fd8       ??_C@_05JGDBENOH@_logb@    10005fd8     libucrt:fpexcept.obj
 0001:00004fe0       ??_C@_0L@KDOEJCKC@_nextafter@ 10005fe0     libucrt:fpexcept.obj
 0001:00004ff0       __d_inf                    10005ff0     libucrt:util.obj
 0001:00004ff8       __d_max                    10005ff8     libucrt:util.obj
 0001:00005000       __d_mzero                  10006000     libucrt:util.obj
 0001:00005040       __load_config_used         10006040     LIBCMT:loadcfg.obj
 0001:000050e4       ??_R4exception@std@@6B@    100060e4     LIBCMT:throw_bad_alloc.obj
 0001:000050f8       ??_R3exception@std@@8      100060f8     LIBCMT:throw_bad_alloc.obj
 0001:00005108       ??_R2exception@std@@8      10006108     LIBCMT:throw_bad_alloc.obj
 0001:00005110       ??_R1A@?0A@EA@exception@std@@8 10006110     LIBCMT:throw_bad_alloc.obj
[...]
 0001:0000f03c       ?write_double_translated_ansi_nolock@@YA?AUwrite_result@?A0x17268360@@HQBDI@Z 1001003c f   libucrt:write.obj
 0001:0000f3e6       ?write_double_translated_unicode_nolock@@YA?AUwrite_result@?A0x17268360@@QBDI@Z 100103e6 f   libucrt:write.obj
 0001:0000f44e       ?write_requires_double_translation_nolock@@YA_NH@Z 1001044e f   libucrt:write.obj
 0001:0000f4bf       ?write_text_ansi_nolock@@YA?AUwrite_result@?A0x17268360@@HQBDI@Z 100104bf f   libucrt:write.obj
 0001:0000f59a       ?write_text_utf16le_nolock@@YA?AUwrite_result@?A0x17268360@@HQBDI@Z 1001059a f   libucrt:write.obj
 0001:0000f683       ?write_text_utf8_nolock@@YA?AUwrite_result@?A0x17268360@@HQBDI@Z 10010683 f   libucrt:write.obj
 0001:0000fbca       ??R<lambda_3d301b9e52f5099be73030e1f0bf487e>@@QBEIPBD@Z 10010bca f   libucrt:mbrtowc.obj
 0001:0000fdc1       ??$common_lseek_nolock@_J@@YA_JH_JH@Z 10010dc1 f   libucrt:lseek.obj
 0001:00010130       $$000000                   10011130     libucrt:log10_impl.obj
 0001:00010240       $$000000                   10011240     libucrt:ceil_pentium4.obj
 0001:00010360       $$000000                   10011360     libucrt:_strnicm.obj
 0001:000103c1       ?__dcrt_lowio_initialize_console_output@@YAXXZ 100113c1 f   libucrt:initcon.obj
 0001:0001046b       ??$?RV<lambda_218ce3db14220d0be481dae8ef3383b6>@@AAV<lambda_628dfdc04ba53c8bfc02c9951375f3f5>@@V<lambda_57dc472bd5c9d5f3b2cbca59b8a843ae>@@@?$__crt_seh_guarded_call@H@@QAEH$$QAV<lambda_218ce3db14220d0be481dae8ef3383b6>@@AAV<lambda_628dfdc04ba53c8bfc02c9951375f3f5>@@$$QAV<lambda_57dc472bd5c9d5f3b2cbca59b8a843ae>@@@Z 1001146b f   libucrt:close.obj
 0001:00010670       $$000000                   10011670     libucrt:log10_pentium4.obj
 0001:00010900       $$000000                   10011900     libucrt:87tran.obj
 0001:00010b10       $$000000                   10011b10     libucrt:87disp.obj
 0001:00010d70       $$000000                   10011d70     libucrt:common.obj
 0001:00010f00       $$000000                   10011f00     libucrt:genexcep.obj
 0001:00011f80       $$000000                   10012f80     LIBCMT:ulldvrm.obj
 0001:00012020       $$000000                   10013020     LIBCMT:llmul.obj
 0001:00012060       $$000000                   10013060     LIBCMT:lldvrm.obj
 0001:00012140       $$000000                   10013140     LIBCMT:ullshr.obj
 0001:00012160       $$000000                   10013160     LIBCMT:alloca16.obj
 0001:00012190       $$000000                   10013190     LIBCMT:llshl.obj
 0001:000121b0       $$000000                   100131b0     LIBCMT:ftol2.obj
 0001:00012450       $$000000                   10013450     libvcruntime:strchr.obj
 0001:00012580       $$000000                   10013580     libvcruntime:strrchr.obj
 0001:00012730       ??__FDeleter@?1??InitializeSListHead@implementation@slist@@YGXPAT_SLIST_HEADER@@@Z@YAXXZ 10013730 f   vc_crt_fix_impl.obj
 0001:00012770       __sehtable$___scrt_is_nonwritable_in_current_image 10013770     LIBCMT:utility.obj
 0001:00012790       __sehtable$?dllmain_crt_process_attach@@YAHQAUHINSTANCE__@@QAX@Z 10013790     LIBCMT:dll_dllmain.obj
 0001:000127b0       __sehtable$?dllmain_crt_process_detach@@YAH_N@Z 100137b0     LIBCMT:dll_dllmain.obj
 0001:000127d8       __sehtable$?dllmain_dispatch@@YAHQAUHINSTANCE__@@KQAX@Z 100137d8     LIBCMT:dll_dllmain.obj
 0001:00012888       __sehtable$___DestructExceptionObject 10013888     libvcruntime:ehhelpers.obj
 0001:000128a8       __sehtable$__query_new_handler 100138a8     libucrt:new_handler.obj
 0001:000128c8       __sehtable$??R<lambda_6e4b09c48022b2350581041d5f6b0c4c>@@QBE@XZ 100138c8     libucrt:exit.obj
 0001:000128e8       __sehtable$??$?RV<lambda_03b1d95aef87969028cfba75ccab2455>@@AAV<lambda_6e4b09c48022b2350581041d5f6b0c4c>@@V<lambda_22bdf7517842c4b3e53723af5aa32b9e>@@@?$__crt_seh_guarded_call@X@@QAEX$$QAV<lambda_03b1d95aef87969028cfba75ccab2455>@@AAV<lambda_6e4b09c48022b2350581041d5f6b0c4c>@@$$QAV<lambda_22bdf7517842c4b3e53723af5aa32b9e>@@@Z 100138e8     libucrt:exit.obj
 0001:00012908       __sehtable$??$?RV<lambda_8e746cf0007f6ed984d6f78af1fec997>@@AAV<lambda_22ebabd17bc4fa466a2aca6d8deb888d>@@V<lambda_18ed0c0b38a6dc0daf1e7ac6d6adf05e>@@@?$__crt_seh_guarded_call@H@@QAEH$$QAV<lambda_8e746cf0007f6ed984d6f78af1fec997>@@AAV<lambda_22ebabd17bc4fa466a2aca6d8deb888d>@@$$QAV<lambda_18ed0c0b38a6dc0daf1e7ac6d6adf05e>@@@Z 10013908     libucrt:onexit.obj
 0001:00012928       __sehtable$??$?RV<lambda_69a2805e680e0e292e8ba93315fe43a8>@@AAV<lambda_f03950bc5685219e0bcd2087efbe011e>@@V<lambda_03fcd07e894ec930e3f35da366ca99d6>@@@?$__crt_seh_guarded_call@H@@QAEH$$QAV<lambda_69a2805e680e0e292e8ba93315fe43a8>@@AAV<lambda_f03950bc5685219e0bcd2087efbe011e>@@$$QAV<lambda_03fcd07e894ec930e3f35da366ca99d6>@@@Z 10013928     libucrt:onexit.obj
 0001:00012948       __sehtable$_terminate      10013948     libucrt:terminate.obj
 0001:00012968       __sehtable$??$?RV<lambda_15ade71b0218206bbe3333a0c9b79046>@@AAV<lambda_da44e0f8b0f19ba52fefafb335991732>@@V<lambda_207f2d024fc103971653565357d6cd41>@@@?$__crt_seh_guarded_call@X@@QAEX$$QAV<lambda_15ade71b0218206bbe3333a0c9b79046>@@AAV<lambda_da44e0f8b0f19ba52fefafb335991732>@@$$QAV<lambda_207f2d024fc103971653565357d6cd41>@@@Z 10013968     libucrt:per_thread_data.obj
 0001:00012988       __sehtable$??$?RV<lambda_a7e850c220f1c8d1e6efeecdedd162c6>@@AAV<lambda_46720907175c18b6c9d2717bc0d2d362>@@V<lambda_9048902d66e8d99359bc9897bbb930a8>@@@?$__crt_seh_guarded_call@X@@QAEX$$QAV<lambda_a7e850c220f1c8d1e6efeecdedd162c6>@@AAV<lambda_46720907175c18b6c9d2717bc0d2d362>@@$$QAV<lambda_9048902d66e8d99359bc9897bbb930a8>@@@Z 10013988     libucrt:per_thread_data.obj
 0001:000129a8       __sehtable$??$?RV<lambda_38edbb1296d33220d7e4dd0ed76b244a>@@AAV<lambda_5ce1d447e08cb34b2473517608e21441>@@V<lambda_fb385d3da700c9147fc39e65dd577a8c>@@@?$__crt_seh_guarded_call@X@@QAEX$$QAV<lambda_38edbb1296d33220d7e4dd0ed76b244a>@@AAV<lambda_5ce1d447e08cb34b2473517608e21441>@@$$QAV<lambda_fb385d3da700c9147fc39e65dd577a8c>@@@Z 100139a8     libucrt:per_thread_data.obj
 0001:000129c8       __sehtable$??$?RV<lambda_6affb1475c98b40b75cdec977db92e3c>@@AAV<lambda_b8d4b9c228a6ecc3f80208dbb4b4a104>@@V<lambda_608742c3c92a14382c1684fc64f96c88>@@@?$__crt_seh_guarded_call@X@@QAEX$$QAV<lambda_6affb1475c98b40b75cdec977db92e3c>@@AAV<lambda_b8d4b9c228a6ecc3f80208dbb4b4a104>@@$$QAV<lambda_608742c3c92a14382c1684fc64f96c88>@@@Z 100139c8     libucrt:per_thread_data.obj
 0001:000129e8       __sehtable$??$?RV<lambda_e5124f882df8998aaf41531e079ba474>@@AAV<lambda_3e16ef9562a7dcce91392c22ab16ea36>@@V<lambda_e25ca0880e6ef98be67edffd8c599615>@@@?$__crt_seh_guarded_call@X@@QAEX$$QAV<lambda_e5124f882df8998aaf41531e079ba474>@@AAV<lambda_3e16ef9562a7dcce91392c22ab16ea36>@@$$QAV<lambda_e25ca0880e6ef98be67edffd8c599615>@@@Z 100139e8     libucrt:wsetlocale.obj
 0001:00012a08       __sehtable$?update_thread_multibyte_data_internal@@YAPAU__crt_multibyte_data@@QAU__acrt_ptd@@QAPAU1@@Z 10013a08     libucrt:mbctype.obj
 0001:00012a28       __sehtable$??$?RV<lambda_ceb1ee4838e85a9d631eb091e2fbe199>@@AAV<lambda_ae742caa10f662c28703da3d2ea5e57e>@@V<lambda_cd08b5d6af4937fe54fc07d0c9bf6b37>@@@?$__crt_seh_guarded_call@X@@QAEX$$QAV<lambda_ceb1ee4838e85a9d631eb091e2fbe199>@@AAV<lambda_ae742caa10f662c28703da3d2ea5e57e>@@$$QAV<lambda_cd08b5d6af4937fe54fc07d0c9bf6b37>@@@Z 10013a28     libucrt:mbctype.obj
 0001:00012a48       __sehtable$___acrt_initialize_lowio 10013a48     libucrt:ioinit.obj
 0001:00012a68       __sehtable$_raise          10013a68     libucrt:signal.obj
 0001:00012a88       __sehtable$??$?RV<lambda_cbab9ec6f41b0180b23cc171c22676b0>@@AAV<lambda_44731a7d0e6d81c3e6aa82d741081786>@@V<lambda_4b292cb8dd18144e164572427af410ab>@@@?$__crt_seh_guarded_call@P6AXH@Z@@QAEP6AXH@Z$$QAV<lambda_cbab9ec6f41b0180b23cc171c22676b0>@@AAV<lambda_44731a7d0e6d81c3e6aa82d741081786>@@$$QAV<lambda_4b292cb8dd18144e164572427af410ab>@@@Z 10013a88     libucrt:signal.obj
 0001:00012aa8       __sehtable$??$?RV<lambda_2866be3712abc81a800a822484c830d8>@@AAV<lambda_39ca0ed439415581b5b15c265174cece>@@V<lambda_2b24c74d71094a6cd0cb82e44167d71b>@@@?$__crt_seh_guarded_call@X@@QAEX$$QAV<lambda_2866be3712abc81a800a822484c830d8>@@AAV<lambda_39ca0ed439415581b5b15c265174cece>@@$$QAV<lambda_2b24c74d71094a6cd0cb82e44167d71b>@@@Z 10013aa8     libucrt:fflush.obj
 0001:00012ac8       __sehtable$??$?RV<lambda_2cc53f568c5a2bb6f192f930a45d44ea>@@AAV<lambda_ab61a845afdef5b7c387490eaf3616ee>@@V<lambda_c2ffc0b7726aa6be21d5f0026187e748>@@@?$__crt_seh_guarded_call@X@@QAEX$$QAV<lambda_2cc53f568c5a2bb6f192f930a45d44ea>@@AAV<lambda_ab61a845afdef5b7c387490eaf3616ee>@@$$QAV<lambda_c2ffc0b7726aa6be21d5f0026187e748>@@@Z 10013ac8     libucrt:fflush.obj
 0001:00012ae8       __sehtable$___acrt_update_thread_locale_data 10013ae8     libucrt:locale_refcounting.obj
 0001:00012b08       __sehtable$___acrt_lowio_ensure_fh_exists 10013b08     libucrt:osfinfo.obj
 0001:00012b28       __sehtable$??$?RV<lambda_9e9de3de5fa147e2223d7db92bc10aa6>@@AAV<lambda_38ce7e780aa69e748d6df282ebc68efe>@@V<lambda_8ca6da459f0f6780f1cff60fdc3d00e5>@@@?$__crt_seh_guarded_call@H@@QAEH$$QAV<lambda_9e9de3de5fa147e2223d7db92bc10aa6>@@AAV<lambda_38ce7e780aa69e748d6df282ebc68efe>@@$$QAV<lambda_8ca6da459f0f6780f1cff60fdc3d00e5>@@@Z 10013b28     libucrt:commit.obj
 0001:00012b48       __sehtable$__write         10013b48     libucrt:write.obj
 0001:00012b68       __sehtable$__fcloseall     10013b68     libucrt:closeall.obj
 0001:00012b88       __sehtable$_fclose         10013b88     libucrt:fclose.obj
 0001:00012ba8       __sehtable$??$?RV<lambda_218ce3db14220d0be481dae8ef3383b6>@@AAV<lambda_628dfdc04ba53c8bfc02c9951375f3f5>@@V<lambda_57dc472bd5c9d5f3b2cbca59b8a843ae>@@@?$__crt_seh_guarded_call@H@@QAEH$$QAV<lambda_218ce3db14220d0be481dae8ef3383b6>@@AAV<lambda_628dfdc04ba53c8bfc02c9951375f3f5>@@$$QAV<lambda_57dc472bd5c9d5f3b2cbca59b8a843ae>@@@Z 10013ba8     libucrt:close.obj
 0001:00012bc8       __sehtable$__IsNonwritableInCurrentImage 10013bc8     LIBCMT:pesect.obj
 0001:00012bf0       .edata                     10013bf0     AutoWrap.exp
 0001:00012c18       rgpv                       10013c18     AutoWrap.exp
 0001:00012c2c       rgszName                   10013c2c     AutoWrap.exp
 0001:00012c40       rgwOrd                     10013c40     AutoWrap.exp
 0001:00012c4a       szName                     10013c4a     AutoWrap.exp
 0001:00012c57       $N00001                    10013c57     AutoWrap.exp
 0001:00012c66       $N00002                    10013c66     AutoWrap.exp
 0001:00012c75       $N00003                    10013c75     AutoWrap.exp
 0001:00012c7b       $N00004                    10013c7b     AutoWrap.exp
 0001:00012c8f       $N00005                    10013c8f     AutoWrap.exp
 0002:00000020       ?__vcrt_flsindex@@3KA      10014020     libvcruntime:per_thread_data.obj
 0002:00000050       ?__acrt_flsindex@@3KA      10014050     libucrt:per_thread_data.obj
 0002:0000011c       ?errno_no_memory@@3HA      1001411c     libucrt:errno.obj
 0002:00000120       ?doserrno_no_memory@@3KA   10014120     libucrt:errno.obj
 0002:00000348       __mbctypes                 10014348     libucrt:mbctype.obj
 0002:00000450       __mbcasemaps               10014450     libucrt:mbctype.obj
 0002:00000550       ?__rgctypeflag@@3PADA      10014550     libucrt:mbctype.obj
 0002:00000558       ?__rgcode_page_info@@3PAUcode_page_info@@A 10014558     libucrt:mbctype.obj
 0002:00000850       ?__dcrt_lowio_console_output_handle@@3PAXA 10014850     libucrt:initcon.obj
 0002:000008e8       ?PsInfo@@3UPluginStartupInfo@@A 100148e8     AutoWrap.obj
 0002:00000978       ?FSF@@3UFarStandardFunctions@@A 10014978     AutoWrap.obj
 0002:00000a40       ?Opt@@3UOptions@@A         10014a40     AutoWrap.obj
 0002:00001248       ?PluginMenuStrings@?1??GetPluginInfoW@@9@4@4PAPB_WA 10015248     AutoWrap.obj
 0002:0000124c       ?Reenter@?1??ProcessEditorInputW@@9@4@4HA 1001524c     AutoWrap.obj
 0002:00001254       ?Cookie@?1??XorPointer@@YAPAXPAX@Z@4IB 10015254     vc_crt_fix_impl.obj
 0002:00001258       ?$S1@?1??XorPointer@@YAPAXPAX@Z@4IA 10015258     vc_crt_fix_impl.obj
 0002:0000125c       ?Function@?1??EncodePointerWrapper@@9@4@4Q6GPAXPAX@ZA 1001525c     vc_crt_fix_impl.obj
 0002:00001260       ?$S2@?1??EncodePointerWrapper@@9@4@4IA 10015260     vc_crt_fix_impl.obj
 0002:00001264       ?Function@?1??DecodePointerWrapper@@9@4@4Q6GPAXPAX@ZA 10015264     vc_crt_fix_impl.obj
 0002:00001268       ?$S3@?1??DecodePointerWrapper@@9@4@4IA 10015268     vc_crt_fix_impl.obj
 0002:0000126c       ?Function@?1??GetModuleHandleExWWrapper@@9@12@4Q6GHKPB_WPAPAUHINSTANCE__@@@ZA 1001526c     vc_crt_fix_impl.obj
 0002:00001270       ?$S4@?1??GetModuleHandleExWWrapper@@9@12@4IA 10015270     vc_crt_fix_impl.obj
 0002:00001274       ?Deleter@?1??InitializeSListHead@implementation@slist@@YGXPAT_SLIST_HEADER@@@Z@4Vservice_deleter@23@A 10015274     vc_crt_fix_impl.obj
 0002:00001294       ?$S5@?1??InitializeSListHead@implementation@slist@@YGXPAT_SLIST_HEADER@@@Z@4IA 10015294     vc_crt_fix_impl.obj
 0002:00001298       ?Function@?1??InitializeSListHeadWrapper@@9@4@4Q6GXPAT_SLIST_HEADER@@@ZA 10015298     vc_crt_fix_impl.obj
 0002:0000129c       ?$S6@?1??InitializeSListHeadWrapper@@9@4@4IA 1001529c     vc_crt_fix_impl.obj
 0002:000012a0       ?Function@?1??InterlockedFlushSListWrapper@@9@4@4Q6GPAU_SINGLE_LIST_ENTRY@@PAT_SLIST_HEADER@@@ZA 100152a0     vc_crt_fix_impl.obj
 0002:000012a4       ?$S7@?1??InterlockedFlushSListWrapper@@9@4@4IA 100152a4     vc_crt_fix_impl.obj
 0002:000012a8       ?Function@?1??InterlockedPopEntrySListWrapper@@9@4@4Q6GPAU_SINGLE_LIST_ENTRY@@PAT_SLIST_HEADER@@@ZA 100152a8     vc_crt_fix_impl.obj
 0002:000012ac       ?$S8@?1??InterlockedPopEntrySListWrapper@@9@4@4IA 100152ac     vc_crt_fix_impl.obj
 0002:000012b0       ?Function@?1??InterlockedPushEntrySListWrapper@@9@8@4Q6GPAU_SINGLE_LIST_ENTRY@@PAT_SLIST_HEADER@@PAU2@@ZA 100152b0     vc_crt_fix_impl.obj
 0002:000012b4       ?$S9@?1??InterlockedPushEntrySListWrapper@@9@8@4IA 100152b4     vc_crt_fix_impl.obj
 0002:000012b8       ?Function@?1??InterlockedPushListSListExWrapper@@9@16@4Q6GPAU_SINGLE_LIST_ENTRY@@PAT_SLIST_HEADER@@PAU2@1K@ZA 100152b8     vc_crt_fix_impl.obj
 0002:000012bc       ?$S10@?1??InterlockedPushListSListExWrapper@@9@16@4IA 100152bc     vc_crt_fix_impl.obj
 0002:000012c0       ?Function@?1??RtlFirstEntrySListWrapper@@9@4@4Q6GPAU_SINGLE_LIST_ENTRY@@PAT_SLIST_HEADER@@@ZA 100152c0     vc_crt_fix_impl.obj
 0002:000012c4       ?$S11@?1??RtlFirstEntrySListWrapper@@9@4@4IA 100152c4     vc_crt_fix_impl.obj
 0002:000012c8       ?Function@?1??QueryDepthSListWrapper@@9@4@4Q6GGPAT_SLIST_HEADER@@@ZA 100152c8     vc_crt_fix_impl.obj
 0002:000012cc       ?$S12@?1??QueryDepthSListWrapper@@9@4@4IA 100152cc     vc_crt_fix_impl.obj
 0002:000012d0       ?Function@?1??GetNumaHighestNodeNumberWrapper@@9@4@4Q6GHPAK@ZA 100152d0     vc_crt_fix_impl.obj
 0002:000012d4       ?$S13@?1??GetNumaHighestNodeNumberWrapper@@9@4@4IA 100152d4     vc_crt_fix_impl.obj
 0002:000012d8       ?Function@?1??GetLogicalProcessorInformationWrapper@@9@8@4Q6GHPAU_SYSTEM_LOGICAL_PROCESSOR_INFORMATION@@PAK@ZA 100152d8     vc_crt_fix_impl.obj
 0002:000012dc       ?$S14@?1??GetLogicalProcessorInformationWrapper@@9@8@4IA 100152dc     vc_crt_fix_impl.obj
 0002:000012e0       ?Function@?1??SetThreadStackGuaranteeWrapper@@9@4@4Q6GHPAK@ZA 100152e0     vc_crt_fix_impl.obj
 0002:000012e4       ?$S15@?1??SetThreadStackGuaranteeWrapper@@9@4@4IA 100152e4     vc_crt_fix_impl.obj
 0002:000012e8       ?Function@?1??InitializeCriticalSectionExWrapper@@9@12@4Q6GHPAU_RTL_CRITICAL_SECTION@@KK@ZA 100152e8     vc_crt_fix_impl.obj
 0002:000012ec       ?$S16@?1??InitializeCriticalSectionExWrapper@@9@12@4IA 100152ec     vc_crt_fix_impl.obj
 0002:000012f0       ?Function@?1??CompareStringExWrapper@@9@36@4Q6GHPB_WK0H0HPAU_nlsversioninfo@@PAXJ@ZA 100152f0     vc_crt_fix_impl.obj
 0002:000012f4       ?$S17@?1??CompareStringExWrapper@@9@36@4IA 100152f4     vc_crt_fix_impl.obj
 0002:000012f8       ?Function@?1??LCMapStringExWrapper@@9@36@4Q6GHPB_WK0HPA_WHPAU_nlsversioninfo@@PAXJ@ZA 100152f8     vc_crt_fix_impl.obj
 0002:000012fc       ?$S18@?1??LCMapStringExWrapper@@9@36@4IA 100152fc     vc_crt_fix_impl.obj
 0002:00001308       ?is_initialized_as_dll@@3_NA 10015308     LIBCMT:utility.obj
 0002:00001309       ?module_local_atexit_table_initialized@@3_NA 10015309     LIBCMT:utility.obj
 0002:0000130c       ?module_local_atexit_table@@3U_onexit_table_t@@A 1001530c     LIBCMT:utility.obj
 0002:00001318       ?module_local_at_quick_exit_table@@3U_onexit_table_t@@A 10015318     LIBCMT:utility.obj
 0002:00001324       ?__proc_attached@@3HA      10015324     LIBCMT:dll_dllmain.obj
 0002:00001350       _GS_ExceptionRecord        10015350     LIBCMT:gs_report.obj
 0002:000013a0       _GS_ContextRecord          100153a0     LIBCMT:gs_report.obj
 0002:00001674       ?__vcrt_startup_thread_ptd@@3U__vcrt_ptd@@A 10015674     libvcruntime:per_thread_data.obj
 0002:0000169c       ___vcrt_lock_table         1001569c     libvcruntime:locks.obj
 0002:000016b4       ___vcrt_locks_initialized  100156b4     libvcruntime:locks.obj
 0002:000016e0       ?heap@@3V_HeapManager@@A   100156e0     libvcruntime:undname.obj
 0002:000016f4       ?module_handles@@3PAPAUHINSTANCE__@@A 100156f4     libvcruntime:winapi_downlevel.obj
 0002:00001700       ?function_pointers@@3PAPAXA 10015700     libvcruntime:winapi_downlevel.obj
 0002:00001714       ?__acrt_new_handler@@3V?$dual_state_global@P6AHI@Z@__crt_state_management@@A 10015714     libucrt:new_handler.obj
 0002:00001718       ?c_termination_complete@@3JA 10015718     libucrt:exit.obj
 0002:0000171c       ?thread_local_exit_callback_func@@3P6GXPAXK0@ZA 1001571c     libucrt:exit.obj
 0002:00001728       ?program_name@?1???$common_configure_argv@D@@YAHW4_crt_argv_mode@@@Z@4PADA 10015728     libucrt:argv_parsing.obj
 0002:00001860       ?__acrt_lock_table@@3PAU_RTL_CRITICAL_SECTION@@A 10015860     libucrt:locks.obj
 0002:000019b0       ?__acrt_locks_initialized@@3IA 100159b0     libucrt:locks.obj
 0002:000019b4       ?__acrt_invalid_parameter_handler@@3V?$dual_state_global@P6AXPB_W00II@Z@__crt_state_management@@A 100159b4     libucrt:invalid_parameter.obj
 0002:000019c4       ?fSystemSet@@3HA           100159c4     libucrt:mbctype.obj
 0002:000019c8       ?initialized@?1??__acrt_initialize_multibyte@@9@4_NA 100159c8     libucrt:mbctype.obj
 0002:000019e8       ?module_handles@@3PAPAUHINSTANCE__@@A 100159e8     libucrt:winapi_thunks.obj
 0002:00001a38       ?encoded_function_pointers@@3PAPAXA 10015a38     libucrt:winapi_thunks.obj
 0002:00001ccc       ?ctrlc_action@@3V?$dual_state_global@P6AXH@Z@__crt_state_management@@A 10015ccc     libucrt:signal.obj
 0002:00001cd0       ?ctrlbreak_action@@3V?$dual_state_global@P6AXH@Z@__crt_state_management@@A 10015cd0     libucrt:signal.obj
 0002:00001cd4       ?abort_action@@3V?$dual_state_global@P6AXH@Z@__crt_state_management@@A 10015cd4     libucrt:signal.obj
 0002:00001cd8       ?term_action@@3V?$dual_state_global@P6AXH@Z@__crt_state_management@@A 10015cd8     libucrt:signal.obj
 0002:00001cdc       ?user_matherr@@3V?$dual_state_global@P6AHPAU_exception@@@Z@__crt_state_management@@A 10015cdc     libucrt:matherr.obj
 0002:00001cf0       ?internal_state@?1??_mbtowc_l@@9@4U_Mbstatet@@A 10015cf0     libucrt:mbtowc.obj
 0002:00001d00       ?__acrt_global_new_mode@@3V?$dual_state_global@J@__crt_state_management@@A 10015d00     libucrt:new_mode.obj
 0002:00001d04       ?__acrt_app_type@@3W4_crt_app_type@@A 10015d04     libucrt:report_runtime_error.obj
 0002:00001d08       ?internal_pst@?1??__mbrtoc32_utf8@__crt_mbstring@@YAIPA_UPBDIPAU_Mbstatet@@@Z@4U3@A 10015d08     libucrt:mbrtoc32.obj
 0002:00001d14       __pmatherr_set             10015d14     libucrt:libm_error.obj
 0003:00000384       .idata$6                   10016384     kernel32:KERNEL32.dll
 0004:00000060       $R000000                   10017060     AutoWrap.res
