 ProcList

 Timestamp is 60a544ff (Wed May 19 18:03:59 2021)

 Preferred load address is 10000000

 Start         Length     Name                   Class
 0001:00000000 00000004H .CRT$XCA                CODE
 0001:00000004 0000000cH .CRT$XCC                CODE
 0001:00000010 00000008H .CRT$XCL                CODE
 0001:00000018 0000000cH .CRT$XCU                CODE
 0001:00000024 00000004H .CRT$XCZ                CODE
 0001:00000028 00000004H .CRT$XIA                CODE
 0001:0000002c 00000018H .CRT$XIC                CODE
 0001:00000044 00000004H .CRT$XIZ                CODE
 0001:00000048 00000004H .CRT$XPA                CODE
 0001:0000004c 00000008H .CRT$XPX                CODE
 0001:00000054 00000004H .CRT$XPXA               CODE
 0001:00000058 00000004H .CRT$XPZ                CODE
 0001:0000005c 00000004H .CRT$XTA                CODE
 0001:00000060 00000010H .CRT$XTZ                CODE
 0001:00000064 00000000H .gfids$y                CODE
 0001:00000070 0000e064H .rdata                  CODE
 0001:0000e0d4 0000047cH .rdata$r                CODE
 0001:0000e550 0000012cH .rdata$sxdata           CODE
 0001:0000e67c 000002fcH .rdata$zzzdbg           CODE
 0001:0000e978 00000004H .rtc$IAA                CODE
 0001:0000e97c 00000004H .rtc$IZZ                CODE
 0001:0000e980 00000004H .rtc$TAA                CODE
 0001:0000e984 0000000cH .rtc$TZZ                CODE
 0001:0000e990 00000080H .text$di                CODE
 0001:0000ea10 0003ac50H .text$mn                CODE
 0001:00049660 00001070H .text$x                 CODE
 0001:0004a6d0 00000170H .text$yd                CODE
 0001:0004a840 00001b90H .xdata$x                CODE
 0001:0004c3d0 0000017fH .edata                  CODE
 0002:00000000 00000b50H .data                   DATA
 0002:00000b50 00000320H .data$r                 DATA
 0002:00000e70 00001c5cH .bss                    DATA
 0003:00000000 00000240H .idata$5                DATA
 0003:00000240 00000004H .00cfg                  DATA
 0003:00000244 000000a0H .idata$2                DATA
 0003:000002e4 00000014H .idata$3                DATA
 0003:000002f8 00000240H .idata$4                DATA
 0003:00000538 00000a10H .idata$6                DATA
 0004:00000000 00000060H .rsrc$01                DATA
 0004:00000060 00000378H .rsrc$02                DATA

  Address         Publics by Value              Rva+Base       Lib:Object

 0000:00000000       __except_list              00000000     <absolute>
 0000:00000000       ___dynamic_value_reloc_table 00000000     <absolute>
 0000:00000000       ___guard_iat_count         00000000     <absolute>
 0000:00000000       ___guard_fids_count        00000000     <absolute>
 0000:00000000       ___guard_longjmp_table     00000000     <absolute>
 0000:00000000       ___hybrid_code_map_count   00000000     <absolute>
 0000:00000000       ___hybrid_auxiliary_iat    00000000     <absolute>
 0000:00000000       ___guard_longjmp_count     00000000     <absolute>
 0000:00000000       ___guard_fids_table        00000000     <absolute>
 0000:00000000       ___volatile_metadata       00000000     <absolute>
 0000:00000000       ___guard_iat_table         00000000     <absolute>
 0000:00000000       ___AbsoluteZero            00000000     <absolute>
 0000:00000000       ___enclave_config          00000000     <absolute>
 0000:00000000       ___hybrid_code_map         00000000     <absolute>
 0000:0000004b       ___safe_se_handler_count   0000004b     <absolute>
 0000:00000100       ___guard_flags             00000100     <absolute>
 0000:00000000       ___ImageBase               10000000     <linker-defined>
 0001:00000000       ___xc_a                    10001000     LIBCMT:initializers.obj
 0001:00000024       ___xc_z                    10001024     LIBCMT:initializers.obj
 0001:00000028       ___xi_a                    10001028     LIBCMT:initializers.obj
 0001:00000034       ___acrt_stdio_initializer  10001034     libucrt:stdio_initializer.obj
 0001:00000038       ___acrt_tran_sse2_initializer 10001038     libucrt:sse2_initializer.obj
 0001:0000003c       ___acrt_timeset_initializer 1000103c     libucrt:timeset_initializer.obj
 0001:00000040       ___acrt_multibyte_initializer 10001040     libucrt:multibyte_initializer.obj
 0001:00000044       ___xi_z                    10001044     LIBCMT:initializers.obj
 0001:00000048       ___xp_a                    10001048     LIBCMT:initializers.obj
 0001:0000004c       ___acrt_locale_terminator  1000104c     libucrt:locale_initializer.obj
 0001:00000050       ___dcrt_console_output_terminator 10001050     libucrt:console_output_initializer.obj
 0001:00000054       ___acrt_stdio_terminator   10001054     libucrt:stdio_initializer.obj
 0001:00000058       ___xp_z                    10001058     LIBCMT:initializers.obj
 0001:0000005c       ___xt_a                    1000105c     LIBCMT:initializers.obj
 0001:00000060       ___xt_z                    10001060     LIBCMT:initializers.obj
 0001:00000070       ?powers_of_10_64@?$basic_data@X@detail@v7@fmt@@2QB_KB 10001070     format.obj
 0001:00000110       ?zero_or_powers_of_10_32@?$basic_data@X@detail@v7@fmt@@2QBIB 10001110     format.obj
 0001:00000140       ?zero_or_powers_of_10_64@?$basic_data@X@detail@v7@fmt@@2QB_KB 10001140     format.obj
 0001:000001e8       ?grisu_pow10_significands@?$basic_data@X@detail@v7@fmt@@2QB_KB 100011e8     format.obj
 0001:000004a0       ?grisu_pow10_exponents@?$basic_data@X@detail@v7@fmt@@2QBFB 100014a0     format.obj
 0001:00000550       ?divtest_table_for_pow5_32@?$basic_data@X@detail@v7@fmt@@2QBU?$divtest_table_entry@I@234@B 10001550     format.obj
 0001:000005a8       ?divtest_table_for_pow5_64@?$basic_data@X@detail@v7@fmt@@2QBU?$divtest_table_entry@_K@234@B 100015a8     format.obj
 0001:00000728       ?dragonbox_pow10_significands_64@?$basic_data@X@detail@v7@fmt@@2QB_KB 10001728     format.obj
 0001:00000998       ?powers_of_5_64@?$basic_data@X@detail@v7@fmt@@2QB_KB 10001998     format.obj
 0001:00000a70       ?dragonbox_pow10_recovery_errors@?$basic_data@X@detail@v7@fmt@@2QBIB 10001a70     format.obj
 0001:00000b10       ?digits@?$basic_data@X@detail@v7@fmt@@2QAY01$$CBDA 10001b10     format.obj
 0001:00000bd8       ?hex_digits@?$basic_data@X@detail@v7@fmt@@2QBDB 10001bd8     format.obj
 0001:00000bec       ?signs@?$basic_data@X@detail@v7@fmt@@2QBDB 10001bec     format.obj
 0001:00000bf0       ?left_padding_shifts@?$basic_data@X@detail@v7@fmt@@2QBDB 10001bf0     format.obj
 0001:00000bf8       ?right_padding_shifts@?$basic_data@X@detail@v7@fmt@@2QBDB 10001bf8     format.obj
 0001:00000c00       ??_C@_0BC@EOODALEL@Unknown?5exception@ 10001c00     format.obj
 0001:00000c14       ??_C@_0BF@KINCDENJ@bad?5array?5new?5length@ 10001c14     format.obj
 0001:00000c29       ??_C@_00CNPNBAHC@@         10001c29     format.obj
 0001:00000c2c       ??_C@_0BA@ELKIONDK@bad?5locale?5name@ 10001c2c     format.obj
 0001:00000c3c       ??_C@_05LAPONLG@false@     10001c3c     format.obj
 0001:00000c44       ??_C@_04LOAJBDKD@true@     10001c44     format.obj
 0001:00000c4c       ??_7format_error@v7@fmt@@6B@ 10001c4c     format.obj
 0001:00000c58       ?data@?1??bsr2log10@detail@v7@fmt@@YAGH@Z@4QBGB 10001c58     format.obj
 0001:00000cd8       ??_7?$basic_memory_buffer@_W$0BPE@V?$allocator@_W@std@@@v7@fmt@@6B@ 10001cd8     format.obj
 0001:00000cdc       ??_7?$basic_memory_buffer@D$0BPE@V?$allocator@D@std@@@v7@fmt@@6B@ 10001cdc     format.obj
 0001:00000ce0       ??_7?$basic_memory_buffer@I$0CA@V?$allocator@I@std@@@v7@fmt@@6B@ 10001ce0     format.obj
 0001:00000ce4       ??_C@_0BD@DBEDGLNA@argument?5not?5found@ 10001ce4     format.obj
 0001:00000cf8       ??_C@_0BA@JFNIOLAK@string?5too?5long@ 10001cf8     format.obj
 0001:00000d08       ??_C@_0BP@NMGMJOEM@unmatched?5?8?$HN?8?5in?5format?5string@ 10001d08     format.obj
 0001:00000d28       ??_C@_0BG@PEJKJNLA@invalid?5format?5string@ 10001d28     format.obj
 0001:00000d40       ??_C@_0BJ@JNDNOEDN@unknown?5format?5specifier@ 10001d40     format.obj
 0001:00000d5c       ??_C@_0BN@JNLAGDD@missing?5?8?$HN?8?5in?5format?5string@ 10001d5c     format.obj
 0001:00000d7c       ??_C@_0DJ@LMIJFHJI@cannot?5switch?5from?5automatic?5to@ 10001d7c     format.obj
 0001:00000db8       ??_C@_0BL@KNEDAEPA@invalid?5fill?5character?5?8?$HL?8@ 10001db8     format.obj
 0001:00000dd4       ??_C@_0CL@CFEEEDMP@format?5specifier?5requires?5numer@ 10001dd4     format.obj
 0001:00000e00       ??_C@_0BC@MDEIBHGE@number?5is?5too?5big@ 10001e00     format.obj
 0001:00000e14       ??_C@_0BH@CIKPCHEG@invalid?5type?5specifier@ 10001e14     format.obj
 0001:00000e2c       ??_C@_0CK@IBNNAPH@format?5specifier?5requires?5signe@ 10001e2c     format.obj
 0001:00000e58       ??_C@_0N@EFEDKJEI@invalid?5fill@ 10001e58     format.obj
 0001:00000e68       ??_C@_0DJ@GHJONFIH@cannot?5switch?5from?5manual?5to?5au@ 10001e68     format.obj
 0001:00000ea4       ??_C@_0BH@IEEDMHI@string?5pointer?5is?5null@ 10001ea4     format.obj
 0001:00000ebc       ??_C@_0CC@ELFJMMCC@invalid?5format?5specifier?5for?5ch@ 10001ebc     format.obj
 0001:00000ee0       ??_C@_0BM@IEKLBNBK@missing?5precision?5specifier@ 10001ee0     format.obj
 0001:00000efc       ??_C@_0CN@KMEDLGAJ@precision?5not?5allowed?5for?5this?5@ 10001efc     format.obj
 0001:00000f2c       ??_C@_03OEIAHPBN@INF@      10001f2c     format.obj
 0001:00000f30       ??_C@_03OJHLLCGB@inf@      10001f30     format.obj
 0001:00000f34       ??_C@_03LKNCIKJB@NAN@      10001f34     format.obj
 0001:00000f38       ??_C@_03LHCJEHON@nan@      10001f38     format.obj
 0001:00000f3c       ??_C@_0BB@JGGOGLEG@0123456789ABCDEF@ 10001f3c     format.obj
 0001:00000f50       ??_C@_0BD@PKKFPMLC@negative?5precision@ 10001f50     format.obj
 0001:00000f64       ??_C@_0P@DAPDPGEO@negative?5width@ 10001f64     format.obj
 0001:00000f74       ??_C@_0BJ@KKLAKOOL@precision?5is?5not?5integer@ 10001f74     format.obj
 0001:00000f90       ??_C@_0BF@KEAPHPPE@width?5is?5not?5integer@ 10001f90     format.obj
 0001:00000fbc       ??_C@_11LOCGONAA@@         10001fbc     handles.obj
 0001:00000fc0       ??_C@_1BA@NMDNJJOO@?$AAP?$AAr?$AAo?$AAc?$AAe?$AAs?$AAs@ 10001fc0     handles.obj
 0001:00000fd0       ??_C@_1O@CDOGJPJJ@?$AAT?$AAh?$AAr?$AAe?$AAa?$AAd@ 10001fd0     handles.obj
 0001:00000fe0       ??_C@_17KACEIPNC@?$AAK?$AAe?$AAy@ 10001fe0     handles.obj
 0001:00000fe8       ??_C@_19DDLLJDOO@?$AAF?$AAi?$AAl?$AAe@ 10001fe8     handles.obj
 0001:00000ff4       ??_C@_1O@ECECHNAE@?$AA?$DM?$AAp?$AAi?$AAp?$AAe?$AA?$DO@ 10001ff4     handles.obj
 0001:00001004       ??_C@_1BE@FGECLHKD@?$AA?$HL?$AA0?$AA?$HN?$AA?5?$AA?$CI?$AA?$HL?$AA1?$AA?$HN?$AA?$CJ@ 10002004     handles.obj
 0001:00001018       ??_C@_1BC@HBCEGEJN@?$AAT?$AAI?$AAD?$AA?3?$AA?5?$AA?$HL?$AA0?$AA?$HN@ 10002018     handles.obj
 0001:0000102c       ??_C@_1BE@ELICABCK@?$AA?$DM?$AAu?$AAn?$AAk?$AAn?$AAo?$AAw?$AAn?$AA?$DO@ 1000202c     handles.obj
 0001:00001040       ??_C@_1BG@OKCBELMP@?$AA?2?$AAR?$AAE?$AAG?$AAI?$AAS?$AAT?$AAR?$AAY?$AA?2@ 10002040     handles.obj
 0001:00001058       ??_C@_19KGHAHCFG@?$AAU?$AAS?$AAE?$AAR@ 10002058     handles.obj
 0001:00001064       ??_C@_1DC@OIDKFHBF@?$AAM?$AAA?$AAC?$AAH?$AAI?$AAN?$AAE?$AA?2?$AAS?$AAO?$AAF?$AAT?$AAW?$AAA?$AAR@ 10002064     handles.obj
 0001:00001098       ??_C@_1BA@INBMCOAP@?$AAM?$AAA?$AAC?$AAH?$AAI?$AAN?$AAE@ 10002098     handles.obj
 0001:000010a8       ??_C@_1BC@DCCOJFBE@?$AA_?$AAC?$AAL?$AAA?$AAS?$AAS?$AAE?$AAS@ 100020a8     handles.obj
 0001:000010bc       ??_C@_13FPGAJAPJ@?$AA?2@   100020bc     handles.obj
 0001:000010c0       ??_C@_19DIHHCHDI@?$AAH?$AAK?$AAU?$AA?2@ 100020c0     handles.obj
 0001:000010cc       ??_C@_19JAPAIJDE@?$AAH?$AAK?$AAC?$AAU@ 100020cc     handles.obj
 0001:000010d8       ??_C@_1BK@OEABCBLA@?$AAH?$AAK?$AAC?$AAU?$AA?2?$AAC?$AAl?$AAa?$AAs?$AAs?$AAe?$AAs@ 100020d8     handles.obj
 0001:000010f4       ??_C@_17PJOJPMPB@?$AAH?$AAK?$AAU@ 100020f4     handles.obj
 0001:000010fc       ??_C@_19NCHLBIN@?$AAH?$AAK?$AAC?$AAR@ 100020fc     handles.obj
 0001:00001108       ??_C@_19PEALEEJB@?$AAH?$AAK?$AAL?$AAM@ 10002108     handles.obj
 0001:00001114       ??_C@_1DM@NGIMPLFP@?$AA?6?$AA?$HL?$AA0?$AA?$HN?$AA?3?$AA?6?$AA?$HL?$AA1?$AA?3?$AA6?$AA?$HN?$AA?5?$AA?$HL?$AA2?$AA?3@ 10002114     handles.obj
 0001:00001150       ??_C@_1DG@HOLPNCNP@?$AA?$HL?$AA0?$AA?3?$AA6?$AAX?$AA?$HN?$AA?5?$AA?$HL?$AA1?$AA?3?$AA0?$AA8?$AAX?$AA?$HN?$AA?5@ 10002150     handles.obj
 0001:00001188       ??_C@_0BN@OFDOGPDL@invalid?5string_view?5position@ 10002188     handles.obj
 0001:000011a8       ?zero@?1???$write_float@V?$buffer_appender@_W@detail@v7@fmt@@U?$decimal_fp@M@dragonbox@234@_W@detail@v7@fmt@@YA?AV?$buffer_appender@_W@123@V4123@ABU?$decimal_fp@M@dragonbox@123@ABU?$basic_format_specs@_W@23@Ufloat_specs@123@_W@Z@4_WB 100021a8     handles.obj
 0001:000011ac       ?zero@?1???$write_float@V?$buffer_appender@_W@detail@v7@fmt@@U?$decimal_fp@N@dragonbox@234@_W@detail@v7@fmt@@YA?AV?$buffer_appender@_W@123@V4123@ABU?$decimal_fp@N@dragonbox@123@ABU?$basic_format_specs@_W@23@Ufloat_specs@123@_W@Z@4_WB 100021ac     handles.obj
 0001:000011b0       ?zero@?1???$write_float@V?$buffer_appender@_W@detail@v7@fmt@@Ubig_decimal_fp@234@_W@detail@v7@fmt@@YA?AV?$buffer_appender@_W@123@V4123@ABUbig_decimal_fp@123@ABU?$basic_format_specs@_W@23@Ufloat_specs@123@_W@Z@4_WB 100021b0     handles.obj
 0001:000011b4       ??_7PluginCheckBoxBinding@@6B@ 100021b4     Pcfg.obj
 0001:000011bc       ??_C@_1O@BJPKKLLM@?$AAC?$AAo?$AAn?$AAf?$AAi?$AAg@ 100021bc     Pcfg.obj
 0001:000011cc       ??_C@_1BO@NGDOFANC@?$AAA?$AAd?$AAd?$AAT?$AAo?$AAD?$AAi?$AAs?$AAk?$AAs?$AAM?$AAe?$AAn?$AAu@ 100021cc     Pcfg.obj
 0001:000011ec       ??_C@_1CC@PNNAOHJC@?$AAA?$AAd?$AAd?$AAT?$AAo?$AAP?$AAl?$AAu?$AAg?$AAi?$AAn?$AAs?$AAM?$AAe?$AAn@ 100021ec     Pcfg.obj
 0001:00001210       ??_C@_1CE@JIPJNDMD@?$AAE?$AAx?$AAp?$AAo?$AAr?$AAt?$AAE?$AAn?$AAv?$AAi?$AAr?$AAo?$AAn?$AAm?$AAe@ 10002210     Pcfg.obj
 0001:00001234       ??_C@_1CC@OABICAMP@?$AAE?$AAx?$AAp?$AAo?$AAr?$AAt?$AAM?$AAo?$AAd?$AAu?$AAl?$AAe?$AAI?$AAn?$AAf@ 10002234     Pcfg.obj
 0001:00001258       ??_C@_1CI@OFLGHPDG@?$AAE?$AAx?$AAp?$AAo?$AAr?$AAt?$AAM?$AAo?$AAd?$AAu?$AAl?$AAe?$AAV?$AAe?$AAr@ 10002258     Pcfg.obj
 0001:00001280       ??_C@_1CE@GNMOKOAL@?$AAE?$AAx?$AAp?$AAo?$AAr?$AAt?$AAP?$AAe?$AAr?$AAf?$AAo?$AAr?$AAm?$AAa?$AAn@ 10002280     Pcfg.obj
 0001:000012a4       ??_C@_1BM@KMCHODLM@?$AAE?$AAx?$AAp?$AAo?$AAr?$AAt?$AAH?$AAa?$AAn?$AAd?$AAl?$AAe?$AAs@ 100022a4     Pcfg.obj
 0001:000012c0       ??_C@_1CK@CLFOOHFA@?$AAE?$AAx?$AAp?$AAo?$AAr?$AAt?$AAH?$AAa?$AAn?$AAd?$AAl?$AAe?$AAs?$AAU?$AAn@ 100022c0     Pcfg.obj
 0001:000012ec       ??_C@_1BE@PKILIDFH@?$AAE?$AAn?$AAa?$AAb?$AAl?$AAe?$AAW?$AAM?$AAI@ 100022ec     Pcfg.obj
 0001:00001300       ??_7PluginEditFieldBinding@@6B@ 10002300     Pclass.obj
 0001:00001308       ??_C@_1BK@GMMKGKID@?$AA?$HL?$AA0?$AA?$HN?$AA?4?$AA?$HL?$AA1?$AA?3?$AA0?$AA?$HL?$AA2?$AA?$HN?$AA?$HN@ 10002308     Pclass.obj
 0001:00001324       ??_C@_1BA@BHJJFMCM@?$AAB?$AAK?$AAM?$AAG?$AAT?$AAP?$AAE@ 10002324     Pclass.obj
 0001:00001334       ??_C@_1BC@HGOMHBK@?$AA?$HL?$AA0?$AA?3?$AA?$DM?$AA2?$AA1?$AA?$HN?$AA?5@ 10002334     Pclass.obj
 0001:00001348       ??_C@_19LPDLLMEB@?$AA?$HL?$AA0?$AA?$HN?$AA?3@ 10002348     Pclass.obj
 0001:00001354       ??_C@_1BC@IALIJCAM@?$AAS?$AAo?$AAr?$AAt?$AAM?$AAo?$AAd?$AAe@ 10002354     Pclass.obj
 0001:00001368       ??_C@_1BO@OMKAPLPJ@?$AAS?$AAt?$AAa?$AAr?$AAt?$AAP?$AAa?$AAn?$AAe?$AAl?$AAM?$AAo?$AAd?$AAe@ 10002368     Pclass.obj
 0001:000013a8       ??_C@_1BA@JOLGFBLP@?$AAM?$AAo?$AAd?$AAe?$AA?$HL?$AA0?$AA?$HN@ 100023a8     Pclass.obj
 0001:000013b8       ??_C@_1CM@KGJLHHPG@?$AAN?$AA?0?$AAX?$AA1?$AA5?$AAF?$AA?0?$AAX?$AA1?$AA6?$AAF?$AA?0?$AAX?$AA1?$AA7@ 100023b8     Pclass.obj
 0001:000013e4       ??_C@_1BG@MNPGDOEP@?$AA1?$AA2?$AA?0?$AA0?$AA?0?$AA0?$AA?0?$AA0?$AA?0?$AA4@ 100023e4     Pclass.obj
 0001:000013fc       ??_C@_1CG@OHFJBKLN@?$AAN?$AA?0?$AAX?$AAI?$AA?0?$AAX?$AAB?$AA?0?$AAX?$AAP?$AA?0?$AAX?$AA0?$AAS?$AA?0@ 100023fc     Pclass.obj
 0001:00001424       ??_C@_1BI@EFANNANC@?$AA0?$AA?0?$AA6?$AA?0?$AA2?$AA?0?$AA2?$AA?0?$AA3?$AA?0?$AA9@ 10002424     Pclass.obj
 0001:0000143c       ??_C@_17KNGPBKAK@?$AAN?$AA?0?$AAN@ 1000243c     Pclass.obj
 0001:00001444       ??_C@_17JPFFEOAH@?$AA0?$AA?0?$AA0@ 10002444     Pclass.obj
 0001:0000144c       ??_C@_1BO@JAFIOFIL@?$AAN?$AA?0?$AAX?$AAI?$AA?0?$AAX?$AAB?$AA?0?$AAX?$AAC?$AA?0?$AAD?$AA?0?$AAT@ 1000244c     Pclass.obj
 0001:0000146c       ??_C@_1BI@LFIMKDME@?$AA0?$AA?0?$AA6?$AA?0?$AA2?$AA?0?$AA6?$AA?0?$AA0?$AA?0?$AA0@ 1000246c     Pclass.obj
 0001:00001484       ??_C@_1BK@IEHCCPMO@?$AAN?$AA?0?$AAX?$AAI?$AA?0?$AAX?$AA4?$AAF?$AA?0?$AAX?$AA6?$AAF@ 10002484     Pclass.obj
 0001:000014a0       ??_C@_1BA@MMHHFCDG@?$AA0?$AA?0?$AA6?$AA?0?$AA9?$AA?0?$AA9@ 100024a0     Pclass.obj
 0001:000014b0       ??_C@_1EA@CMHCGANC@?$AAN?$AA?0?$AAX?$AAI?$AA?0?$AAX?$AA4?$AAF?$AA?0?$AAX?$AA6?$AAF?$AA?0?$AAX?$AA1@ 100024b0     Pclass.obj
 0001:000014f0       ??_C@_1CE@LPFIEDMN@?$AA0?$AA?0?$AA6?$AA?0?$AA9?$AA?0?$AA9?$AA?0?$AA9?$AA?0?$AA9?$AA?0?$AA8?$AA?0?$AA8@ 100024f0     Pclass.obj
 0001:00001514       ??_C@_19ILLMDDHI@?$AAN?$AA?0?$AAZ?$AAD@ 10002514     Pclass.obj
 0001:00001520       ??_C@_19NMOJBHGD@?$AA1?$AA2?$AA?0?$AA0@ 10002520     Pclass.obj
 0001:00001530       ??_C@_1EC@OFLHMCFD@?$AAN?$AA?0?$AAX?$AAP?$AA?0?$AAX?$AA0?$AAS?$AA?0?$AAX?$AA1?$AAS?$AA?0?$AAX?$AA2@ 10002530     Pclass.obj
 0001:00001574       ??_C@_1CA@MGMNHCLL@?$AA0?$AA?0?$AA2?$AA?0?$AA3?$AA?0?$AA2?$AA?0?$AA2?$AA?0?$AA3?$AA?0?$AA4?$AA?0?$AA3@ 10002574     Pclass.obj
 0001:00001594       ??_C@_1O@JGFFCAGM@?$AAN?$AA?0?$AAX?$AAI?$AA?0?$AAO@ 10002594     Pclass.obj
 0001:000015a4       ??_C@_1O@FLEOANAI@?$AA0?$AA?0?$AA6?$AA?0?$AA1?$AA5@ 100025a4     Pclass.obj
 0001:000015b4       ??_C@_1CC@FANCGEGE@?$AAN?$AA?0?$AAX?$AAI?$AA?0?$AAX?$AAT?$AA?0?$AAX?$AA3?$AA?0?$AAX?$AAG?$AA?0?$AAX@ 100025b4     Pclass.obj
 0001:000015d8       ??_C@_1BI@PMPHDFGH@?$AA0?$AA?0?$AA6?$AA?0?$AA3?$AA?0?$AA4?$AA?0?$AA4?$AA?0?$AA4@ 100025d8     Pclass.obj
 0001:000015f0       ??_C@_1BG@COBJEPBB@?$AAN?$AA?0?$AAX?$AAI?$AA?0?$AAX?$AAT?$AA?0?$AAX?$AA3@ 100025f0     Pclass.obj
 0001:00001608       ??_C@_1BA@KPNNJGCD@?$AA0?$AA?0?$AA6?$AA?0?$AA3?$AA?0?$AA4@ 10002608     Pclass.obj
 0001:00001618       ??_C@_1CA@HLBJOHGN@?$AAF?$AAu?$AAl?$AAl?$AAS?$AAc?$AAr?$AAe?$AAe?$AAn?$AAL?$AAo?$AAc?$AAa?$AAl@ 10002618     Pclass.obj
 0001:00001638       ??_C@_1CC@EBBNDNOD@?$AAF?$AAu?$AAl?$AAl?$AAS?$AAc?$AAr?$AAe?$AAe?$AAn?$AAR?$AAe?$AAm?$AAo?$AAt@ 10002638     Pclass.obj
 0001:0000165c       ??_C@_1BK@HMOODHKK@?$AAC?$AAo?$AAl?$AAu?$AAm?$AAn?$AAs?$AAL?$AAo?$AAc?$AAa?$AAl@ 1000265c     Pclass.obj
 0001:00001678       ??_C@_1BM@EDHFKJEJ@?$AAC?$AAo?$AAl?$AAu?$AAm?$AAn?$AAs?$AAR?$AAe?$AAm?$AAo?$AAt?$AAe@ 10002678     Pclass.obj
 0001:00001694       ??_C@_1BI@FOOHDOCI@?$AAW?$AAi?$AAd?$AAt?$AAh?$AAs?$AAL?$AAo?$AAc?$AAa?$AAl@ 10002694     Pclass.obj
 0001:000016ac       ??_C@_1BK@DDBMMJCN@?$AAW?$AAi?$AAd?$AAt?$AAh?$AAs?$AAR?$AAe?$AAm?$AAo?$AAt?$AAe@ 100026ac     Pclass.obj
 0001:000016c8       ??_C@_13DEFPDAGF@?$AA?0@   100026c8     Pclass.obj
 0001:000016cc       ??_C@_15LNKNCLHH@?$AAS?$AAs@ 100026cc     Pclass.obj
 0001:000016d4       ??_C@_1M@PBHOFL@?$AA?5?$AA?$HL?$AA0?$AA?$HN?$AA?5@ 100026d4     Pclass.obj
 0001:000016e0       ??_C@_1BE@JJMDGICA@?$AA?$HL?$AA0?$AA?$HN?$AA?3?$AA?5?$AA?$HL?$AA1?$AA?$HN?$AA?5@ 100026e0     Pclass.obj
 0001:000016f4       ??_C@_15JOGBDECP@?$AA?0?$AA?5@ 100026f4     Pclass.obj
 0001:000016fc       ??_C@_15DNHPCDHG@?$AAT?$AAt@ 100026fc     Pclass.obj
 0001:00001704       ??_C@_15IJHBBPPC@?$AAF?$AAf@ 10002704     Pclass.obj
 0001:0000170c       ??_C@_1BC@OMEIHGFC@?$AAW?$AAS?$AA_?$AAP?$AAO?$AAP?$AAU?$AAP@ 1000270c     Pclass.obj
 0001:00001720       ??_C@_1BC@ONEEOLLM@?$AAW?$AAS?$AA_?$AAC?$AAH?$AAI?$AAL?$AAD@ 10002720     Pclass.obj
 0001:00001734       ??_C@_1BI@GHDIGAD@?$AAW?$AAS?$AA_?$AAM?$AAI?$AAN?$AAI?$AAM?$AAI?$AAZ?$AAE@ 10002734     Pclass.obj
 0001:0000174c       ??_C@_1BG@KLPFHNBP@?$AAW?$AAS?$AA_?$AAV?$AAI?$AAS?$AAI?$AAB?$AAL?$AAE@ 1000274c     Pclass.obj
 0001:00001764       ??_C@_1BI@NKODCGOF@?$AAW?$AAS?$AA_?$AAD?$AAI?$AAS?$AAA?$AAB?$AAL?$AAE?$AAD@ 10002764     Pclass.obj
 0001:0000177c       ??_C@_1CA@PCFJBBHH@?$AAW?$AAS?$AA_?$AAC?$AAL?$AAI?$AAP?$AAS?$AAI?$AAB?$AAL?$AAI?$AAN?$AAG?$AAS@ 1000277c     Pclass.obj
 0001:0000179c       ??_C@_1CA@MPLGGIO@?$AAW?$AAS?$AA_?$AAC?$AAL?$AAI?$AAP?$AAC?$AAH?$AAI?$AAL?$AAD?$AAR?$AAE?$AAN@ 1000279c     Pclass.obj
 0001:000017bc       ??_C@_1BI@OLBAGOJG@?$AAW?$AAS?$AA_?$AAM?$AAA?$AAX?$AAI?$AAM?$AAI?$AAZ?$AAE@ 100027bc     Pclass.obj
 0001:000017d4       ??_C@_1BE@DAMMEKNP@?$AAW?$AAS?$AA_?$AAB?$AAO?$AAR?$AAD?$AAE?$AAR@ 100027d4     Pclass.obj
 0001:000017e8       ??_C@_1BI@EDHINADK@?$AAW?$AAS?$AA_?$AAD?$AAL?$AAG?$AAF?$AAR?$AAA?$AAM?$AAE@ 100027e8     Pclass.obj
 0001:00001800       ??_C@_1BG@CKCLFGFA@?$AAW?$AAS?$AA_?$AAV?$AAS?$AAC?$AAR?$AAO?$AAL?$AAL@ 10002800     Pclass.obj
 0001:00001818       ??_C@_1BG@OMIOJOGF@?$AAW?$AAS?$AA_?$AAH?$AAS?$AAC?$AAR?$AAO?$AAL?$AAL@ 10002818     Pclass.obj
 0001:00001830       ??_C@_1BG@KJOBMDJC@?$AAW?$AAS?$AA_?$AAS?$AAY?$AAS?$AAM?$AAE?$AAN?$AAU@ 10002830     Pclass.obj
 0001:00001848       ??_C@_1BM@GPNNOPCH@?$AAW?$AAS?$AA_?$AAT?$AAH?$AAI?$AAC?$AAK?$AAF?$AAR?$AAA?$AAM?$AAE@ 10002848     Pclass.obj
 0001:00001864       ??_C@_1BO@FODKBODI@?$AAW?$AAS?$AA_?$AAM?$AAI?$AAN?$AAI?$AAM?$AAI?$AAZ?$AAE?$AAB?$AAO?$AAX@ 10002864     Pclass.obj
 0001:00001884       ??_C@_1BO@IDJMAOMI@?$AAW?$AAS?$AA_?$AAM?$AAA?$AAX?$AAI?$AAM?$AAI?$AAZ?$AAE?$AAB?$AAO?$AAX@ 10002884     Pclass.obj
 0001:000018a4       ??_C@_1CI@PKBCIOPN@?$AAW?$AAS?$AA_?$AAE?$AAX?$AA_?$AAD?$AAL?$AAG?$AAM?$AAO?$AAD?$AAA?$AAL?$AAF@ 100028a4     Pclass.obj
 0001:000018cc       ??_C@_1CK@KJECLHMG@?$AAW?$AAS?$AA_?$AAE?$AAX?$AA_?$AAN?$AAO?$AAP?$AAA?$AAR?$AAE?$AAN?$AAT?$AAN@ 100028cc     Pclass.obj
 0001:000018f8       ??_C@_1BM@OCBKBALE@?$AAW?$AAS?$AA_?$AAE?$AAX?$AA_?$AAT?$AAO?$AAP?$AAM?$AAO?$AAS?$AAT@ 100028f8     Pclass.obj
 0001:00001914       ??_C@_1CE@JIDMMICL@?$AAW?$AAS?$AA_?$AAE?$AAX?$AA_?$AAA?$AAC?$AAC?$AAE?$AAP?$AAT?$AAF?$AAI?$AAL@ 10002914     Pclass.obj
 0001:00001938       ??_C@_1CE@PFFPBMCF@?$AAW?$AAS?$AA_?$AAE?$AAX?$AA_?$AAT?$AAR?$AAA?$AAN?$AAS?$AAP?$AAA?$AAR?$AAE@ 10002938     Pclass.obj
 0001:0000195c       ??_C@_1BO@MEOEJPLO@?$AAW?$AAS?$AA_?$AAE?$AAX?$AA_?$AAM?$AAD?$AAI?$AAC?$AAH?$AAI?$AAL?$AAD@ 1000295c     Pclass.obj
 0001:0000197c       ??_C@_1CC@IEIGGJGG@?$AAW?$AAS?$AA_?$AAE?$AAX?$AA_?$AAT?$AAO?$AAO?$AAL?$AAW?$AAI?$AAN?$AAD?$AAO@ 1000297c     Pclass.obj
 0001:000019a0       ??_C@_1CC@PLPNIKGL@?$AAW?$AAS?$AA_?$AAE?$AAX?$AA_?$AAW?$AAI?$AAN?$AAD?$AAO?$AAW?$AAE?$AAD?$AAG@ 100029a0     Pclass.obj
 0001:000019c4       ??_C@_1CC@IAPGCLEG@?$AAW?$AAS?$AA_?$AAE?$AAX?$AA_?$AAC?$AAL?$AAI?$AAE?$AAN?$AAT?$AAE?$AAD?$AAG@ 100029c4     Pclass.obj
 0001:000019e8       ??_C@_1CE@EANKNCIF@?$AAW?$AAS?$AA_?$AAE?$AAX?$AA_?$AAC?$AAO?$AAN?$AAT?$AAE?$AAX?$AAT?$AAH?$AAE@ 100029e8     Pclass.obj
 0001:00001a0c       ??_C@_1BI@GFIADCMK@?$AAW?$AAS?$AA_?$AAE?$AAX?$AA_?$AAR?$AAI?$AAG?$AAH?$AAT@ 10002a0c     Pclass.obj
 0001:00001a24       ??_C@_1CC@JOFCJJPB@?$AAW?$AAS?$AA_?$AAE?$AAX?$AA_?$AAR?$AAT?$AAL?$AAR?$AAE?$AAA?$AAD?$AAI?$AAN@ 10002a24     Pclass.obj
 0001:00001a48       ??_C@_1CI@EFLDECAB@?$AAW?$AAS?$AA_?$AAE?$AAX?$AA_?$AAL?$AAE?$AAF?$AAT?$AAS?$AAC?$AAR?$AAO?$AAL@ 10002a48     Pclass.obj
 0001:00001a70       ??_C@_1CI@CIFGFFJB@?$AAW?$AAS?$AA_?$AAE?$AAX?$AA_?$AAC?$AAO?$AAN?$AAT?$AAR?$AAO?$AAL?$AAP?$AAA@ 10002a70     Pclass.obj
 0001:00001a98       ??_C@_1CC@BGEPLDCA@?$AAW?$AAS?$AA_?$AAE?$AAX?$AA_?$AAS?$AAT?$AAA?$AAT?$AAI?$AAC?$AAE?$AAD?$AAG@ 10002a98     Pclass.obj
 0001:00001abc       ??_C@_1CA@DOAIHHLO@?$AAW?$AAS?$AA_?$AAE?$AAX?$AA_?$AAA?$AAP?$AAP?$AAW?$AAI?$AAN?$AAD?$AAO?$AAW@ 10002abc     Pclass.obj
 0001:00001adc       ??_C@_1BM@FAODAMGD@?$AAW?$AAS?$AA_?$AAE?$AAX?$AA_?$AAL?$AAA?$AAY?$AAE?$AAR?$AAE?$AAD@ 10002adc     Pclass.obj
 0001:00001af8       ??_C@_1CM@DJKNBOGD@?$AAW?$AAS?$AA_?$AAE?$AAX?$AA_?$AAN?$AAO?$AAI?$AAN?$AAH?$AAE?$AAR?$AAI?$AAT@ 10002af8     Pclass.obj
 0001:00001b24       ??_C@_1CA@KMHLBMFI@?$AAW?$AAS?$AA_?$AAE?$AAX?$AA_?$AAL?$AAA?$AAY?$AAO?$AAU?$AAT?$AAR?$AAT?$AAL@ 10002b24     Pclass.obj
 0001:00001b44       ??_C@_1CC@LOFMDOPL@?$AAW?$AAS?$AA_?$AAE?$AAX?$AA_?$AAN?$AAO?$AAA?$AAC?$AAT?$AAI?$AAV?$AAA?$AAT@ 10002b44     Pclass.obj
 0001:00001b68       ??_C@_1BA@PCPLEJNM@?$AA?$HL?$AA0?$AA?3?$AA2?$AA0?$AA?$HN?$AA?6@ 10002b68     Pclass.obj
 0001:00001b78       ??_C@_1CA@PGPHFLML@?$AA?$HL?$AA0?$AA?3?$AA?$DO?$AA2?$AA0?$AA?$HN?$AA?5?$AA?$HL?$AA1?$AA?3?$AA7?$AA?$HN?$AA?$CF?$AA?6@ 10002b78     Pclass.obj
 0001:00001b98       ??_C@_1CE@BCAPNIMO@?$AA?$HL?$AA0?$AA?3?$AA2?$AA0?$AA?$HN?$AA?5?$AA?5?$AA?$HL?$AA1?$AA?3?$AA7?$AA?$HN?$AA?$HL?$AA2@ 10002b98     Pclass.obj
 0001:00001bd4       ??_C@_1CA@CGMHBFCH@?$AA?$HL?$AA0?$AA?$HN?$AA?$HL?$AA1?$AA?$HN?$AA?0?$AA?5?$AA?$HL?$AA2?$AA?$HN?$AA?$HL?$AA3?$AA?$HN?$AA?6@ 10002bd4     Pclass.obj
 0001:00001bf4       ??_C@_1BA@BIAFDLFH@?$AA?$HL?$AA0?$AA?$HN?$AA?$HL?$AA1?$AA?$HN?$AA?6@ 10002bf4     Pclass.obj
 0001:00001c04       ??_C@_1BI@DHFBAHCI@?$AA?$HL?$AA0?$AA?$HN?$AA?5?$AA?5?$AA?$CI?$AA?$HL?$AA1?$AA?$HN?$AA?$CJ?$AA?6@ 10002c04     Pclass.obj
 0001:00001c1c       ??_C@_19EPBAEEOA@?$AA?$HL?$AA0?$AA?$HN?$AA?6@ 10002c1c     Pclass.obj
 0001:00001c28       ??_C@_1BK@FKNCLDML@?$AA?6?$AA?$HL?$AA0?$AA?$HN?$AA?$HL?$AA1?$AA?$HN?$AA?5?$AA?$HL?$AA2?$AA?$HN?$AA?6@ 10002c28     Pclass.obj
 0001:00001c44       ??_C@_1BC@IBCAHKMA@?$AA?6?$AA?$HL?$AA0?$AA?$HN?$AA?$HL?$AA1?$AA?$HN?$AA?6@ 10002c44     Pclass.obj
 0001:00001c58       ??_C@_1BG@JEKFNBAO@?$AA?6?$AA?$HL?$AA0?$AA?$HN?$AA?3?$AA?6?$AA?$HL?$AA1?$AA?$HN?$AA?6@ 10002c58     Pclass.obj
 0001:00001c70       ??_C@_1CA@MEPGLLIO@?$AA?$HL?$AA0?$AA?$HN?$AA?$HL?$AA1?$AA?3?$AA0?$AA8?$AAX?$AA?$HN?$AA?5?$AA?$HL?$AA2?$AA?$HN?$AA?6@ 10002c70     Pclass.obj
 0001:00001c90       ??_C@_1DG@MNBLGAON@?$AA?6?$AA?$HL?$AA0?$AA?$HN?$AA?3?$AA?6?$AA?$HL?$AA1?$AA?3?$AA?$DM?$AA?$HL?$AA2?$AA?$HN?$AA?$HN?$AA?5@ 10002c90     Pclass.obj
 0001:00001cc8       ??_C@_19GGNHIDOH@?$AA?4?$AAt?$AAx?$AAt@ 10002cc8     Pclass.obj
 0001:00001cd4       ??_C@_19OPNPIOHE@?$AAH?$AAW?$AAN?$AAD@ 10002cd4     Pclass.obj
 0001:00001ce0       ??_C@_15GKIJICBO@?$AAZ?$AAC@ 10002ce0     Pclass.obj
 0001:00001ce8       ??_C@_17JJIMNMHK@?$AA?5?$AA?$CG?$AA?$FO@ 10002ce8     Pclass.obj
 0001:00001cf0       ??_C@_13HOIJIPNN@?$AA?5@   10002cf0     Pclass.obj
 0001:00001cf4       ??_C@_15LEKKCGMK@?$AA?2?$AA?2@ 10002cf4     Pclass.obj
 0001:00001d10       ??_C@_1M@CHPAGEIC@?$AA?$CF?$AA?5?$AA?$HL?$AA0?$AA?$HN@ 10002d10     Pclass.obj
 0001:00001d1c       ??_C@_1O@DLMEBHDD@?$AA?$HL?$AA0?$AA?$HN?$AA?$HL?$AA1?$AA?$HN@ 10002d1c     Pclass.obj
 0001:00001d2c       ??_C@_15DDHGOCBH@?$AA?4?$AA?4@ 10002d2c     Pclass.obj
 0001:00001d34       ??_C@_17FJPEEFCB@?$AAp?$AAr?$AAc@ 10002d34     Pclass.obj
 0001:00001d3c       ??_C@_1BC@ENICKDH@?$AAC?$AAo?$AAn?$AAt?$AAe?$AAn?$AAt?$AAs@ 10002d3c     Pclass.obj
 0001:00001d50       ??_C@_1CK@DGKCELDD@?$AAP?$AAr?$AAo?$AAc?$AAe?$AAs?$AAs?$AAL?$AAi?$AAs?$AAt?$AA?4?$AAC?$AAo?$AAm@ 10002d50     Pclass.obj
 0001:00001d7c       ??_C@_1CK@ECJCGOEK@?$AAP?$AAr?$AAo?$AAc?$AAe?$AAs?$AAs?$AAL?$AAi?$AAs?$AAt?$AA?4?$AAU?$AAs?$AAe@ 10002d7c     Pclass.obj
 0001:00001da8       ??_C@_1EA@IELLPLEF@?$AA?$HL?$AA0?$AA?$HN?$AA?5?$AA?$HL?$AA1?$AA?3?$AA0?$AA2?$AA?$HN?$AA?3?$AA?$HL?$AA2?$AA?3?$AA0@ 10002da8     Pclass.obj
 0001:00001de8       ??_C@_1DI@BCOMPFMM@?$AA?$HL?$AA0?$AA?3?$AA0?$AA2?$AA?$HN?$AA?3?$AA?$HL?$AA1?$AA?3?$AA0?$AA2?$AA?$HN?$AA?3?$AA?$HL@ 10002de8     Pclass.obj
 0001:00001e20       ??_C@_1EA@HECKBAAG@?$AA?2?$AAS?$AAt?$AAr?$AAi?$AAn?$AAg?$AAF?$AAi?$AAl?$AAe?$AAI?$AAn?$AAf?$AAo@ 10002e20     Pclass.obj
 0001:00001e60       ??_C@_19JHEHLFPM@?$AA?2?$AA?$DP?$AA?$DP?$AA?2@ 10002e60     Pclass.obj
 0001:00001e6c       ??_C@_1DC@HCLBMGIA@?$AA?2?$AAV?$AAa?$AAr?$AAF?$AAi?$AAl?$AAe?$AAI?$AAn?$AAf?$AAo?$AA?2?$AAT?$AAr@ 10002e6c     Pclass.obj
 0001:00001ea0       ??_C@_1BI@HCCAONKE@?$AAF?$AAi?$AAl?$AAe?$AAV?$AAe?$AAr?$AAs?$AAi?$AAo?$AAn@ 10002ea0     Pclass.obj
 0001:00001eb8       ??_C@_1CA@JGBAIPOO@?$AAF?$AAi?$AAl?$AAe?$AAD?$AAe?$AAs?$AAc?$AAr?$AAi?$AAp?$AAt?$AAi?$AAo?$AAn@ 10002eb8     Pclass.obj
 0001:00001ed8       ??_C@_19KBHGBEJO@?$AA?$HL?$AA0?$AA?$HN?$AA?2@ 10002ed8     Pclass.obj
 0001:00001ee4       ??_C@_1O@BMPPIAFP@?$AA?5?$AA?$CI?$AA?$HL?$AA0?$AA?$HN?$AA?$CJ@ 10002ee4     Pclass.obj
 0001:00001ef4       ??_C@_1BC@OMEIBLAI@?$AAw?$AAb?$AAe?$AAm?$AAc?$AAo?$AAm?$AAn@ 10002ef4     Pclass.obj
 0001:00001f08       ??_C@_0BA@FOIKENOD@vector?5too?5long@ 10002f08     Pclass.obj
 0001:00001f18       ??_C@_0BI@CFPLBAOH@invalid?5string?5position@ 10002f18     Pclass.obj
 0001:00001f30       ??_C@_15LGINNLBP@?$AA?$HL?$AA?$HN@ 10002f30     Pclass.obj
 0001:00001f38       ??_C@_0BL@GOIGLPKN@unordered_map?1set?5too?5long@ 10002f38     Pclass.obj
 0001:00001f54       ??_C@_0BK@OGNNAFAB@invalid?5hash?5bucket?5count@ 10002f54     Pclass.obj
 0001:00001f70       __real@4024000000000000    10002f70     Pclass.obj
 0001:00001f78       __real@41f0000000000000    10002f78     Pclass.obj
 0001:00001f80       __real@43e0000000000000    10002f80     Pclass.obj
 0001:00001f88       __real@4f800000            10002f88     Pclass.obj
 0001:00001f90       ?Counters@@3QBUcounters@@B 10002f90     perfthread.obj
 0001:00002098       ??_C@_1CC@DNHMJIKH@?$AA?$CF?$AA?5?$AAP?$AAr?$AAo?$AAc?$AAe?$AAs?$AAs?$AAo?$AAr?$AA?5?$AAT?$AAi?$AAm@ 10003098     perfthread.obj
 0001:000020bc       ??_C@_1CE@FNEMIHOD@?$AA?$CF?$AA?5?$AAP?$AAr?$AAi?$AAv?$AAi?$AAl?$AAe?$AAg?$AAe?$AAd?$AA?5?$AAT?$AAi@ 100030bc     perfthread.obj
 0001:000020e0       ??_C@_1BI@IIOPEKIO@?$AA?$CF?$AA?5?$AAU?$AAs?$AAe?$AAr?$AA?5?$AAT?$AAi?$AAm?$AAe@ 100030e0     perfthread.obj
 0001:000020f8       ??_C@_1BK@FAAJNJIB@?$AAH?$AAa?$AAn?$AAd?$AAl?$AAe?$AA?5?$AAC?$AAo?$AAu?$AAn?$AAt@ 100030f8     perfthread.obj
 0001:00002114       ??_C@_1CA@KJMNGIDJ@?$AAP?$AAa?$AAg?$AAe?$AA?5?$AAF?$AAi?$AAl?$AAe?$AA?5?$AAB?$AAy?$AAt?$AAe?$AAs@ 10003114     perfthread.obj
 0001:00002134       ??_C@_1CK@FGGMBBIH@?$AAP?$AAa?$AAg?$AAe?$AA?5?$AAF?$AAi?$AAl?$AAe?$AA?5?$AAB?$AAy?$AAt?$AAe?$AAs@ 10003134     perfthread.obj
 0001:00002160       ??_C@_1BI@GCOMDKEO@?$AAW?$AAo?$AAr?$AAk?$AAi?$AAn?$AAg?$AA?5?$AAS?$AAe?$AAt@ 10003160     perfthread.obj
 0001:00002178       ??_C@_1CC@OFJLEPCP@?$AAW?$AAo?$AAr?$AAk?$AAi?$AAn?$AAg?$AA?5?$AAS?$AAe?$AAt?$AA?5?$AAP?$AAe?$AAa@ 10003178     perfthread.obj
 0001:0000219c       ??_C@_1CI@LLKMGPEG@?$AAP?$AAo?$AAo?$AAl?$AA?5?$AAN?$AAo?$AAn?$AAp?$AAa?$AAg?$AAe?$AAd?$AA?5?$AAB@ 1000319c     perfthread.obj
 0001:000021c4       ??_C@_1CC@IMBAECJF@?$AAP?$AAo?$AAo?$AAl?$AA?5?$AAP?$AAa?$AAg?$AAe?$AAd?$AA?5?$AAB?$AAy?$AAt?$AAe@ 100031c4     perfthread.obj
 0001:000021e8       ??_C@_1BM@DGDPAMAA@?$AAP?$AAr?$AAi?$AAv?$AAa?$AAt?$AAe?$AA?5?$AAB?$AAy?$AAt?$AAe?$AAs@ 100031e8     perfthread.obj
 0001:00002204       ??_C@_1CA@GADAGCME@?$AAP?$AAa?$AAg?$AAe?$AA?5?$AAF?$AAa?$AAu?$AAl?$AAt?$AAs?$AA?1?$AAs?$AAe?$AAc@ 10003204     perfthread.obj
 0001:00002224       ??_C@_1BM@FMIOMJAE@?$AAV?$AAi?$AAr?$AAt?$AAu?$AAa?$AAl?$AA?5?$AAB?$AAy?$AAt?$AAe?$AAs@ 10003224     perfthread.obj
 0001:00002240       ??_C@_1CG@KJOKFONA@?$AAV?$AAi?$AAr?$AAt?$AAu?$AAa?$AAl?$AA?5?$AAB?$AAy?$AAt?$AAe?$AAs?$AA?5?$AAP@ 10003240     perfthread.obj
 0001:00002268       ??_C@_1CE@DFDFLLAO@?$AAI?$AAO?$AA?5?$AAD?$AAa?$AAt?$AAa?$AA?5?$AAB?$AAy?$AAt?$AAe?$AAs?$AA?1?$AAs@ 10003268     perfthread.obj
 0001:0000228c       ??_C@_1CE@EFLEKJAB@?$AAI?$AAO?$AA?5?$AAR?$AAe?$AAa?$AAd?$AA?5?$AAB?$AAy?$AAt?$AAe?$AAs?$AA?1?$AAs@ 1000328c     perfthread.obj
 0001:000022b0       ??_C@_1CG@MEJHKKKF@?$AAI?$AAO?$AA?5?$AAW?$AAr?$AAi?$AAt?$AAe?$AA?5?$AAB?$AAy?$AAt?$AAe?$AAs?$AA?1@ 100032b0     perfthread.obj
 0001:000022d8       ??_C@_1CG@LBBBPCJA@?$AAI?$AAO?$AA?5?$AAO?$AAt?$AAh?$AAe?$AAr?$AA?5?$AAB?$AAy?$AAt?$AAe?$AAs?$AA?1@ 100032d8     perfthread.obj
 0001:00002300       ??_C@_1CO@LIEOHDCC@?$AAI?$AAO?$AA?5?$AAD?$AAa?$AAt?$AAa?$AA?5?$AAO?$AAp?$AAe?$AAr?$AAa?$AAt?$AAi@ 10003300     perfthread.obj
 0001:00002330       ??_C@_1CO@LIIKBHDH@?$AAI?$AAO?$AA?5?$AAR?$AAe?$AAa?$AAd?$AA?5?$AAO?$AAp?$AAe?$AAr?$AAa?$AAt?$AAi@ 10003330     perfthread.obj
 0001:00002360       ??_C@_1DA@HICMAFKK@?$AAI?$AAO?$AA?5?$AAW?$AAr?$AAi?$AAt?$AAe?$AA?5?$AAO?$AAp?$AAe?$AAr?$AAa?$AAt@ 10003360     perfthread.obj
 0001:00002390       ??_C@_1DA@BEHINMGJ@?$AAI?$AAO?$AA?5?$AAO?$AAt?$AAh?$AAe?$AAr?$AA?5?$AAO?$AAp?$AAe?$AAr?$AAa?$AAt@ 10003390     perfthread.obj
 0001:000023c0       ??_C@_1BA@MGJGGMO@?$AAC?$AAo?$AAu?$AAn?$AAt?$AAe?$AAr@ 100033c0     perfthread.obj
 0001:000023d0       ??_C@_1BG@NKNJPBCD@?$AAI?$AAD?$AA?5?$AAP?$AAr?$AAo?$AAc?$AAe?$AAs?$AAs@ 100033d0     perfthread.obj
 0001:000023e8       ??_C@_1BM@KCAKLHJN@?$AAP?$AAr?$AAi?$AAo?$AAr?$AAi?$AAt?$AAy?$AA?5?$AAB?$AAa?$AAs?$AAe@ 100033e8     perfthread.obj
 0001:00002404       ??_C@_1BK@KCHPPKHP@?$AAT?$AAh?$AAr?$AAe?$AAa?$AAd?$AA?5?$AAC?$AAo?$AAu?$AAn?$AAt@ 10003404     perfthread.obj
 0001:00002420       ??_C@_1CI@FNIEMNAI@?$AAC?$AAr?$AAe?$AAa?$AAt?$AAi?$AAn?$AAg?$AA?5?$AAP?$AAr?$AAo?$AAc?$AAe?$AAs@ 10003420     perfthread.obj
 0001:00002448       ??_C@_1BK@IKAFHKBD@?$AAE?$AAl?$AAa?$AAp?$AAs?$AAe?$AAd?$AA?5?$AAT?$AAi?$AAm?$AAe@ 10003448     perfthread.obj
 0001:00002464       ??_C@_19DLCFHDFF@?$AAP?$AAE?$AAR?$AAF@ 10003464     perfthread.obj
 0001:00002470       ??_C@_19DOGDICKI@?$AA?4?$AAe?$AAx?$AAe@ 10003470     perfthread.obj
 0001:00002480       __real@3ff8000000000000    10003480     perfthread.obj
 0001:00002488       ??_C@_1O@NKAIMMPD@?$AA_?$AAT?$AAo?$AAt?$AAa?$AAl@ 10003488     Plist.obj
 0001:00002498       ??_C@_1CC@DMDJMJLM@?$AAS?$AAe?$AAD?$AAe?$AAb?$AAu?$AAg?$AAP?$AAr?$AAi?$AAv?$AAi?$AAl?$AAe?$AAg@ 10003498     Plist.obj
 0001:000024bc       ??_C@_1BE@KEEKBEOD@?$AA?$HL?$AA0?$AA?$HN?$AA?3?$AA?6?$AA?$HL?$AA1?$AA?$HN?$AA?6@ 100034bc     Plist.obj
 0001:000024d0       ??_C@_1O@DMFBLLIP@?$AA?6?$AA?$HL?$AA0?$AA?$HN?$AA?3?$AA?6@ 100034d0     Plist.obj
 0001:000024e0       ??_C@_1BG@JBKHLPML@?$AA?$HL?$AA0?$AA?$HN?$AA?5?$AA?$HL?$AA1?$AA?3?$AA8?$AAX?$AA?$HN@ 100034e0     Plist.obj
 0001:000024f8       ??_C@_19DPDNGGHD@?$AA?5?$AA?$HL?$AA0?$AA?$HN@ 100034f8     Plist.obj
 0001:00002504       ??_C@_1BE@EMDGEBAH@?$AA?$HL?$AA0?$AA?3?$AA0?$AA?$HL?$AA1?$AA?$HN?$AAX?$AA?$HN@ 10003504     Plist.obj
 0001:00002518       ??_C@_1BC@INJAHLHL@?$AA?$HL?$AA0?$AA?3?$AA0?$AA1?$AA6?$AAX?$AA?$HN@ 10003518     Plist.obj
 0001:00002544       ??_7?$_Func_impl_no_alloc@V<lambda_ca95615ebb3c7b16132ff39b7c245039>@@_NPA_WI@std@@6B@ 10003544     Plist.obj
 0001:0000255c       ??_7?$_Func_impl_no_alloc@V<lambda_7407d5cd5d4425cb98b7ee1223d84907>@@_NPA_WI@std@@6B@ 1000355c     Plist.obj
 0001:00002574       ??_C@_1CA@CCAFOKCB@?$AAE?$AAr?$AAr?$AAo?$AAr?$AA?5?$AA0?$AAx?$AA?$HL?$AA0?$AA?3?$AA0?$AA8?$AAX?$AA?$HN@ 10003574     Pmix.obj
 0001:00002594       ??_C@_15JNBOKNOG@?$AA?$AN?$AA?6@ 10003594     Pmix.obj
 0001:0000259c       ??_C@_1DC@LAIEFOLO@?$AAW?$AAi?$AAn?$AA3?$AA2?$AA_?$AAP?$AAr?$AAo?$AAc?$AAe?$AAs?$AAs?$AA?4?$AAH@ 1000359c     wmi.obj
 0001:000025d0       ??_C@_1BO@CLCOBGDE@?$AAE?$AAx?$AAe?$AAc?$AAu?$AAt?$AAa?$AAb?$AAl?$AAe?$AAP?$AAa?$AAt?$AAh@ 100035d0     wmi.obj
 0001:000025f0       ??_C@_1BI@LPJNJKGA@?$AAC?$AAo?$AAm?$AAm?$AAa?$AAn?$AAd?$AAL?$AAi?$AAn?$AAe@ 100035f0     wmi.obj
 0001:00002608       ??_C@_1BC@JHNNEHFE@?$AAP?$AAr?$AAi?$AAo?$AAr?$AAi?$AAt?$AAy@ 10003608     wmi.obj
 0001:0000261c       ??_C@_1BC@HJJANEGO@?$AAG?$AAe?$AAt?$AAO?$AAw?$AAn?$AAe?$AAr@ 1000361c     wmi.obj
 0001:00002630       ??_C@_19PIJILKAI@?$AAU?$AAs?$AAe?$AAr@ 10003630     wmi.obj
 0001:0000263c       ??_C@_1O@OAMNPMOM@?$AAD?$AAo?$AAm?$AAa?$AAi?$AAn@ 1000363c     wmi.obj
 0001:0000264c       ??_C@_1BI@OIPNMPCL@?$AAG?$AAe?$AAt?$AAO?$AAw?$AAn?$AAe?$AAr?$AAS?$AAi?$AAd@ 1000364c     wmi.obj
 0001:00002664       ??_C@_17NKMLOKHF@?$AAS?$AAi?$AAd@ 10003664     wmi.obj
 0001:0000266c       ??_C@_1BE@CFEJJKFE@?$AAS?$AAe?$AAs?$AAs?$AAi?$AAo?$AAn?$AAI?$AAd@ 1000366c     wmi.obj
 0001:00002680       ??_C@_1BM@MLGLIGHJ@?$AAW?$AAi?$AAn?$AA3?$AA2?$AA_?$AAP?$AAr?$AAo?$AAc?$AAe?$AAs?$AAs@ 10003680     wmi.obj
 0001:0000269c       ??_C@_1BI@FLOHINJE@?$AAR?$AAe?$AAt?$AAu?$AAr?$AAn?$AAV?$AAa?$AAl?$AAu?$AAe@ 1000369c     wmi.obj
 0001:000026b4       ??_C@_1BI@NKNJJIDM@?$AAS?$AAe?$AAt?$AAP?$AAr?$AAi?$AAo?$AAr?$AAi?$AAt?$AAy@ 100036b4     wmi.obj
 0001:000026cc       ??_C@_1O@GGHBFGJC@?$AAR?$AAe?$AAa?$AAs?$AAo?$AAn@ 100036cc     wmi.obj
 0001:000026dc       ??_C@_1BE@PBPGMODO@?$AAT?$AAe?$AAr?$AAm?$AAi?$AAn?$AAa?$AAt?$AAe@ 100036dc     wmi.obj
 0001:000026f0       ??_C@_1CC@OGNCBAIB@?$AA?2?$AA?2?$AA?$HL?$AA0?$AA?$HN?$AA?2?$AAr?$AAo?$AAo?$AAt?$AA?2?$AAc?$AAi?$AAm?$AAv@ 100036f0     wmi.obj
 0001:00002714       ??_C@_13JOFGPIOO@?$AA?4@   10003714     wmi.obj
 0001:00002748       _MainGuid                  10003748     Proclist.obj
 0001:00002758       _MenuGuid                  10003758     Proclist.obj
 0001:00002768       _ConfigDialogGuid          10003768     Proclist.obj
 0001:00002778       ??_C@_1M@OAIMIKLP@?$AAn?$AAt?$AAd?$AAl?$AAl@ 10003778     Proclist.obj
 0001:00002784       ??_C@_0BK@EGDDIFMK@NtQueryInformationProcess@ 10003784     Proclist.obj
 0001:000027a0       ??_C@_0BJ@HKKELGGC@NtQueryInformationThread@ 100037a0     Proclist.obj
 0001:000027bc       ??_C@_0O@IFMDHOMC@NtQueryObject@ 100037bc     Proclist.obj
 0001:000027cc       ??_C@_0BJ@NDLOPGCH@NtQuerySystemInformation@ 100037cc     Proclist.obj
 0001:000027e8       ??_C@_0BH@DLPGICA@NtQueryInformationFile@ 100037e8     Proclist.obj
 0001:00002800       ??_C@_0CB@GDPHBMJN@NtWow64QueryInformationProcess6@ 10003800     Proclist.obj
 0001:00002824       ??_C@_0BL@NJDHCDMK@NtWow64ReadVirtualMemory64@ 10003824     Proclist.obj
 0001:00002840       ??_C@_1BC@GDMECMAK@?$AAk?$AAe?$AAr?$AAn?$AAe?$AAl?$AA3?$AA2@ 10003840     Proclist.obj
 0001:00002854       ??_C@_0P@LKABJJMO@IsWow64Process@ 10003854     Proclist.obj
 0001:00002864       ??_C@_1BC@DNHGCMLG@?$AAa?$AAd?$AAv?$AAa?$AAp?$AAi?$AA3?$AA2@ 10003864     Proclist.obj
 0001:00002878       ??_C@_0L@KJHKJIPF@IsValidSid@ 10003878     Proclist.obj
 0001:00002884       ??_C@_0BK@FIHGNING@GetSidIdentifierAuthority@ 10003884     Proclist.obj
 0001:000028a0       ??_C@_0BI@LPFJALDI@GetSidSubAuthorityCount@ 100038a0     Proclist.obj
 0001:000028b8       ??_C@_0BD@LMGFHOAE@GetSidSubAuthority@ 100038b8     Proclist.obj
 0001:000028cc       ??_C@_1O@BCCLBEOE@?$AAu?$AAs?$AAe?$AAr?$AA3?$AA2@ 100038cc     Proclist.obj
 0001:000028dc       ??_C@_0BA@FKGDNIJG@GetGuiResources@ 100038dc     Proclist.obj
 0001:000028ec       ??_C@_1M@FFPAMFOB@?$AAo?$AAl?$AAe?$AA3?$AA2@ 100038ec     Proclist.obj
 0001:000028f8       ??_C@_0BC@IOEGILCE@CoSetProxyBlanket@ 100038f8     Proclist.obj
 0001:0000290c       ??_C@_1M@OMFDJDJC@?$AAp?$AAs?$AAa?$AAp?$AAi@ 1000390c     Proclist.obj
 0001:00002918       ??_C@_0BF@LEEEDPDK@EnumProcessModulesEx@ 10003918     Proclist.obj
 0001:00002930       ??_C@_1BC@PDEABLIN@?$AAP?$AAr?$AAo?$AAc?$AAL?$AAi?$AAs?$AAt@ 10003930     Proclist.obj
 0001:00002944       ??_C@_1DK@DCAMPEPJ@?$AAP?$AAr?$AAo?$AAc?$AAe?$AAs?$AAs?$AA?5?$AAL?$AAi?$AAs?$AAt?$AA?5?$AAf?$AAo@ 10003944     Proclist.obj
 0001:00002980       ??_C@_1DE@BGKMIKPD@?$AAE?$AAu?$AAg?$AAe?$AAn?$AAe?$AA?5?$AAR?$AAo?$AAs?$AAh?$AAa?$AAl?$AA?5?$AA?$CG@ 10003980     Proclist.obj
 0001:000029b4       ??_C@_1M@MNPEKPKO@?$AAp?$AAl?$AAi?$AAs?$AAt@ 100039b4     Proclist.obj
 0001:000029c0       __imp__EncodePointer@4     100039c0     vc_crt_fix.obj
 0001:000029c4       __imp__DecodePointer@4     100039c4     vc_crt_fix.obj
 0001:000029c8       __imp__GetModuleHandleExW@12 100039c8     vc_crt_fix.obj
 0001:000029cc       __imp__InitializeSListHead@4 100039cc     vc_crt_fix.obj
 0001:000029d0       __imp__InterlockedFlushSList@4 100039d0     vc_crt_fix.obj
 0001:000029d4       __imp__InterlockedPopEntrySList@4 100039d4     vc_crt_fix.obj
 0001:000029d8       __imp__InterlockedPushEntrySList@8 100039d8     vc_crt_fix.obj
 0001:000029dc       __imp__InterlockedPushListSListEx@16 100039dc     vc_crt_fix.obj
 0001:000029e0       __imp__RtlFirstEntrySList@4 100039e0     vc_crt_fix.obj
 0001:000029e4       __imp__QueryDepthSList@4   100039e4     vc_crt_fix.obj
 0001:000029e8       __imp__GetNumaHighestNodeNumber@4 100039e8     vc_crt_fix.obj
 0001:000029ec       __imp__GetLogicalProcessorInformation@8 100039ec     vc_crt_fix.obj
 0001:000029f0       __imp__SetThreadStackGuarantee@4 100039f0     vc_crt_fix.obj
 0001:000029f4       __imp__InitializeCriticalSectionEx@12 100039f4     vc_crt_fix.obj
 0001:000029f8       __imp__CompareStringEx@36  100039f8     vc_crt_fix.obj
 0001:000029fc       __imp__LCMapStringEx@36    100039fc     vc_crt_fix.obj
 0001:00002a20       ??_C@_0O@NLDKAIKN@EncodePointer@ 10003a20     vc_crt_fix_impl.obj
 0001:00002a30       ??_C@_0O@KBPMFGHI@DecodePointer@ 10003a30     vc_crt_fix_impl.obj
 0001:00002a40       ??_C@_0BD@GIGEJCNH@GetModuleHandleExW@ 10003a40     vc_crt_fix_impl.obj
 0001:00002a54       ??_C@_0BE@NBEJPEJA@InitializeSListHead@ 10003a54     vc_crt_fix_impl.obj
 0001:00002a68       ??_C@_0BG@PLLPFLHB@InterlockedFlushSList@ 10003a68     vc_crt_fix_impl.obj
 0001:00002a80       ??_C@_0BJ@PNEEKDOK@InterlockedPopEntrySList@ 10003a80     vc_crt_fix_impl.obj
 0001:00002a9c       ??_C@_0BK@JFGGAIOA@InterlockedPushEntrySList@ 10003a9c     vc_crt_fix_impl.obj
 0001:00002ab8       ??_C@_0BL@FOECAEGO@InterlockedPushListSListEx@ 10003ab8     vc_crt_fix_impl.obj
 0001:00002ad4       ??_C@_0BD@FHMMIGCI@RtlFirstEntrySList@ 10003ad4     vc_crt_fix_impl.obj
 0001:00002ae8       ??_C@_0BA@FGPHPMJB@QueryDepthSList@ 10003ae8     vc_crt_fix_impl.obj
 0001:00002af8       ??_C@_0BJ@NLNFLAMA@GetNumaHighestNodeNumber@ 10003af8     vc_crt_fix_impl.obj
 0001:00002b14       ??_C@_0BP@KHGALBC@GetLogicalProcessorInformation@ 10003b14     vc_crt_fix_impl.obj
 0001:00002b34       ??_C@_0BI@BKLFFAPO@SetThreadStackGuarantee@ 10003b34     vc_crt_fix_impl.obj
 0001:00002b4c       ??_C@_0BM@HCFOFFN@InitializeCriticalSectionEx@ 10003b4c     vc_crt_fix_impl.obj
 0001:00002b68       ??_C@_0BA@IHGNDAEB@CompareStringEx@ 10003b68     vc_crt_fix_impl.obj
 0001:00002b78       _CLSID_WbemLocator         10003b78     wbemuuid:wbemcli_i.obj
 0001:00002b88       _IID_IWbemLocator          10003b88     wbemuuid:wbemcli_i.obj
 0001:00002b9c       ??_7exception@std@@6B@     10003b9c     libcpmt:xthrow.obj
 0001:00002ba8       ??_7bad_alloc@std@@6B@     10003ba8     libcpmt:xthrow.obj
 0001:00002bb0       ??_C@_0P@GHFPNOJB@bad?5allocation@ 10003bb0     libcpmt:xthrow.obj
 0001:00002bc4       ??_7logic_error@std@@6B@   10003bc4     libcpmt:xthrow.obj
 0001:00002bd0       ??_7length_error@std@@6B@  10003bd0     libcpmt:xthrow.obj
 0001:00002bdc       ??_7out_of_range@std@@6B@  10003bdc     libcpmt:xthrow.obj
 0001:00002be8       ??_7runtime_error@std@@6B@ 10003be8     libcpmt:xthrow.obj
 0001:00002bf4       ??_7bad_function_call@std@@6B@ 10003bf4     libcpmt:xthrow.obj
 0001:00002bfc       ??_C@_0BC@DPJNKNAF@bad?5function?5call@ 10003bfc     libcpmt:xthrow.obj
 0001:00002c14       ??_7_Facet_base@std@@6B@   10003c14     libcpmt:locale0.obj
 0001:00002c24       ??_7_Locimp@locale@std@@6B@ 10003c24     libcpmt:locale0.obj
 0001:00002c30       ??_C@_01NBENCBCI@?$CK@     10003c30     libcpmt:locale0.obj
 0001:00002c34       ??_C@_01GFHCPBMG@C@        10003c34     libcpmt:locale0.obj
 0001:00002c3c       ??_7bad_array_new_length@std@@6B@ 10003c3c     libcpmt:locale.obj
 0001:00002c44       ??_C@_1BK@MGMFAEKH@?$AAk?$AAe?$AAr?$AAn?$AAe?$AAl?$AA3?$AA2?$AA?4?$AAd?$AAl?$AAl@ 10003c44     libcpmt:winapisupp.obj
 0001:00002c60       ??_C@_08KNHFBNJ@FlsAlloc@  10003c60     libcpmt:winapisupp.obj
 0001:00002c6c       ??_C@_07PEJMOBNF@FlsFree@  10003c6c     libcpmt:winapisupp.obj
 0001:00002c74       ??_C@_0M@GDNOONDI@FlsGetValue@ 10003c74     libcpmt:winapisupp.obj
 0001:00002c80       ??_C@_0M@JCPCPOEF@FlsSetValue@ 10003c80     libcpmt:winapisupp.obj
 0001:00002c8c       ??_C@_0BE@GPLMMCMH@InitOnceExecuteOnce@ 10003c8c     libcpmt:winapisupp.obj
 0001:00002ca0       ??_C@_0P@DLHPPCNH@CreateEventExW@ 10003ca0     libcpmt:winapisupp.obj
 0001:00002cb0       ??_C@_0BB@MEFPJLHN@CreateSemaphoreW@ 10003cb0     libcpmt:winapisupp.obj
 0001:00002cc4       ??_C@_0BD@KIEEOEEH@CreateSemaphoreExW@ 10003cc4     libcpmt:winapisupp.obj
 0001:00002cd8       ??_C@_0BG@OGFAJCKC@CreateThreadpoolTimer@ 10003cd8     libcpmt:winapisupp.obj
 0001:00002cf0       ??_C@_0BD@LPLEMMDI@SetThreadpoolTimer@ 10003cf0     libcpmt:winapisupp.obj
 0001:00002d04       ??_C@_0CA@FMNJENH@WaitForThreadpoolTimerCallbacks@ 10003d04     libcpmt:winapisupp.obj
 0001:00002d24       ??_C@_0BF@DCFCCNOC@CloseThreadpoolTimer@ 10003d24     libcpmt:winapisupp.obj
 0001:00002d3c       ??_C@_0BF@FLABGKKM@CreateThreadpoolWait@ 10003d3c     libcpmt:winapisupp.obj
 0001:00002d54       ??_C@_0BC@MGCOHNA@SetThreadpoolWait@ 10003d54     libcpmt:winapisupp.obj
 0001:00002d68       ??_C@_0BE@OCIOMIMP@CloseThreadpoolWait@ 10003d68     libcpmt:winapisupp.obj
 0001:00002d7c       ??_C@_0BJ@LKGHFHBO@FlushProcessWriteBuffers@ 10003d7c     libcpmt:winapisupp.obj
 0001:00002d98       ??_C@_0BP@KALKKPMO@FreeLibraryWhenCallbackReturns@ 10003d98     libcpmt:winapisupp.obj
 0001:00002db8       ??_C@_0BK@DFNBACLA@GetCurrentProcessorNumber@ 10003db8     libcpmt:winapisupp.obj
 0001:00002dd4       ??_C@_0BE@FKKLLFLM@CreateSymbolicLinkW@ 10003dd4     libcpmt:winapisupp.obj
 0001:00002de8       ??_C@_0BE@JOGNEJCI@GetCurrentPackageId@ 10003de8     libcpmt:winapisupp.obj
 0001:00002dfc       ??_C@_0P@CDHHOHKP@GetTickCount64@ 10003dfc     libcpmt:winapisupp.obj
 0001:00002e0c       ??_C@_0BN@NEEHBBPO@GetFileInformationByHandleEx@ 10003e0c     libcpmt:winapisupp.obj
 0001:00002e2c       ??_C@_0BL@KBBHGKCM@SetFileInformationByHandle@ 10003e2c     libcpmt:winapisupp.obj
 0001:00002e48       ??_C@_0BP@FPNJPEJC@GetSystemTimePreciseAsFileTime@ 10003e48     libcpmt:winapisupp.obj
 0001:00002e68       ??_C@_0BM@HLJJNPAH@InitializeConditionVariable@ 10003e68     libcpmt:winapisupp.obj
 0001:00002e84       ??_C@_0BG@BFNILBLN@WakeConditionVariable@ 10003e84     libcpmt:winapisupp.obj
 0001:00002e9c       ??_C@_0BJ@PGPPEPCC@WakeAllConditionVariable@ 10003e9c     libcpmt:winapisupp.obj
 0001:00002eb8       ??_C@_0BJ@JEBJOJFJ@SleepConditionVariableCS@ 10003eb8     libcpmt:winapisupp.obj
 0001:00002ed4       ??_C@_0BC@MMLHEBPB@InitializeSRWLock@ 10003ed4     libcpmt:winapisupp.obj
 0001:00002ee8       ??_C@_0BI@OMNLIJDB@AcquireSRWLockExclusive@ 10003ee8     libcpmt:winapisupp.obj
 0001:00002f00       ??_C@_0BL@OGHFEMNA@TryAcquireSRWLockExclusive@ 10003f00     libcpmt:winapisupp.obj
 0001:00002f1c       ??_C@_0BI@HMIEPCNJ@ReleaseSRWLockExclusive@ 10003f1c     libcpmt:winapisupp.obj
 0001:00002f34       ??_C@_0BK@LGACAGIC@SleepConditionVariableSRW@ 10003f34     libcpmt:winapisupp.obj
 0001:00002f50       ??_C@_0BF@GGPHFPJA@CreateThreadpoolWork@ 10003f50     libcpmt:winapisupp.obj
 0001:00002f68       ??_C@_0BF@NHDAIMMO@SubmitThreadpoolWork@ 10003f68     libcpmt:winapisupp.obj
 0001:00002f80       ??_C@_0BE@NPHIPNPD@CloseThreadpoolWork@ 10003f80     libcpmt:winapisupp.obj
 0001:00002f94       ??_C@_0BA@ONOKGCMP@GetLocaleInfoEx@ 10003f94     libcpmt:winapisupp.obj
 0001:00002fa4       ??_C@_0O@KKBNKAPF@LCMapStringEx@ 10003fa4     libcpmt:winapisupp.obj
 0001:00002fb8       ??_7?$numpunct@_W@std@@6B@ 10003fb8     libcpmt:wlocale.obj
 0001:00002fd8       ??_C@_13IMODFHAA@?$AA?9@   10003fd8     libcpmt:wlocale.obj
 0001:00002fdc       ??_C@_01JOAMLHOP@?9@       10003fdc     libcpmt:wlocale.obj
 0001:00003ec0       ??_C@_15EMKDOKLE@?$AAa?$AAr@ 10004ec0     libcpmt:winapinls.obj
 0001:00003ec8       ??_C@_15KNPADPLH@?$AAb?$AAg@ 10004ec8     libcpmt:winapinls.obj
 0001:00003ed0       ??_C@_15EDMHLDMO@?$AAc?$AAa@ 10004ed0     libcpmt:winapinls.obj
 0001:00003ed8       ??_C@_1O@BPEAJADD@?$AAz?$AAh?$AA?9?$AAC?$AAH?$AAS@ 10004ed8     libcpmt:winapinls.obj
 0001:00003ee8       ??_C@_15LJNHCMNK@?$AAc?$AAs@ 10004ee8     libcpmt:winapinls.obj
 0001:00003ef0       ??_C@_15FOMCIDHG@?$AAd?$AAa@ 10004ef0     libcpmt:winapinls.obj
 0001:00003ef8       ??_C@_15NBKABECB@?$AAd?$AAe@ 10004ef8     libcpmt:winapinls.obj
 0001:00003f00       ??_C@_15GHPEIIAO@?$AAe?$AAl@ 10004f00     libcpmt:winapinls.obj
 0001:00003f08       ??_C@_15MNPNEAIF@?$AAe?$AAn@ 10004f08     libcpmt:winapinls.obj
 0001:00003f10       ??_C@_15GPIOMPMH@?$AAe?$AAs@ 10004f10     libcpmt:winapinls.obj
 0001:00003f18       ??_C@_15NGLOAKJC@?$AAf?$AAi@ 10004f18     libcpmt:winapinls.obj
 0001:00003f20       ??_C@_15FBKGNKAM@?$AAf?$AAr@ 10004f20     libcpmt:winapinls.obj
 0001:00003f28       ??_C@_15KGGCNEFK@?$AAh?$AAe@ 10004f28     libcpmt:winapinls.obj
 0001:00003f30       ??_C@_15PGHLIDMF@?$AAh?$AAu@ 10004f30     libcpmt:winapinls.obj
 0001:00003f38       ??_C@_15BIEMAPLM@?$AAi?$AAs@ 10004f38     libcpmt:winapinls.obj
 0001:00003f40       ??_C@_15IFJLDHAF@?$AAi?$AAt@ 10004f40     libcpmt:winapinls.obj
 0001:00003f48       ??_C@_15GEMIOCAG@?$AAj?$AAa@ 10004f48     libcpmt:winapinls.obj
 0001:00003f50       ??_C@_15EPELEGJA@?$AAk?$AAo@ 10004f50     libcpmt:winapinls.obj
 0001:00003f58       ??_C@_15NDDHIMN@?$AAn?$AAl@ 10004f58     libcpmt:winapinls.obj
 0001:00003f60       ??_C@_15BPIGNHCD@?$AAn?$AAo@ 10004f60     libcpmt:winapinls.obj
 0001:00003f68       ??_C@_15DEOPBLCG@?$AAp?$AAl@ 10004f68     libcpmt:winapinls.obj
 0001:00003f70       ??_C@_15KBECGEFG@?$AAp?$AAt@ 10004f70     libcpmt:winapinls.obj
 0001:00003f78       ??_C@_15GLJCBFMD@?$AAr?$AAo@ 10004f78     libcpmt:winapinls.obj
 0001:00003f80       ??_C@_15FEDGKCDI@?$AAr?$AAu@ 10004f80     libcpmt:winapinls.obj
 0001:00003f88       ??_C@_15GLKMLLHM@?$AAh?$AAr@ 10004f88     libcpmt:winapinls.obj
 0001:00003f90       ??_C@_15CPKMFBDB@?$AAs?$AAk@ 10004f90     libcpmt:winapinls.obj
 0001:00003f98       ??_C@_15BAAIOGMK@?$AAs?$AAq@ 10004f98     libcpmt:winapinls.obj
 0001:00003fa0       ??_C@_15INNPNOHD@?$AAs?$AAv@ 10004fa0     libcpmt:winapinls.obj
 0001:00003fa8       ??_C@_15CABMMOGH@?$AAt?$AAh@ 10004fa8     libcpmt:winapinls.obj
 0001:00003fb0       ??_C@_15BPLIHJJM@?$AAt?$AAr@ 10004fb0     libcpmt:winapinls.obj
 0001:00003fb8       ??_C@_15NEOEKKDJ@?$AAu?$AAr@ 10004fb8     libcpmt:winapinls.obj
 0001:00003fc0       ??_C@_15NFICGAJK@?$AAi?$AAd@ 10004fc0     libcpmt:winapinls.obj
 0001:00003fc8       ??_C@_15PJPFLCCM@?$AAu?$AAk@ 10004fc8     libcpmt:winapinls.obj
 0001:00003fd0       ??_C@_15HPJPHDM@?$AAb?$AAe@ 10004fd0     libcpmt:winapinls.obj
 0001:00003fd8       ??_C@_15LCHLGJII@?$AAs?$AAl@ 10004fd8     libcpmt:winapinls.obj
 0001:00003fe0       ??_C@_15PCFJPHHO@?$AAe?$AAt@ 10004fe0     libcpmt:winapinls.obj
 0001:00003fe8       ??_C@_15HPFPGODN@?$AAl?$AAv@ 10004fe8     libcpmt:winapinls.obj
 0001:00003ff0       ??_C@_15NFFGKGLG@?$AAl?$AAt@ 10004ff0     libcpmt:winapinls.obj
 0001:00003ff8       ??_C@_15BDAKCCHN@?$AAf?$AAa@ 10004ff8     libcpmt:winapinls.obj
 0001:00004000       ??_C@_15NFGIAIAJ@?$AAv?$AAi@ 10005000     libcpmt:winapinls.obj
 0001:00004008       ??_C@_15LMKNDMHN@?$AAh?$AAy@ 10005008     libcpmt:winapinls.obj
 0001:00004010       ??_C@_15IJBHMCFL@?$AAa?$AAz@ 10005010     libcpmt:winapinls.obj
 0001:00004018       ??_C@_15EKOFJABL@?$AAe?$AAu@ 10005018     libcpmt:winapinls.obj
 0001:00004020       ??_C@_15BGHADCNK@?$AAm?$AAk@ 10005020     libcpmt:winapinls.obj
 0001:00004028       ??_C@_15JDNICKHM@?$AAa?$AAf@ 10005028     libcpmt:winapinls.obj
 0001:00004030       ??_C@_15KPJEDBKD@?$AAk?$AAa@ 10005030     libcpmt:winapinls.obj
 0001:00004038       ??_C@_15PDNFFFEO@?$AAf?$AAo@ 10005038     libcpmt:winapinls.obj
 0001:00004040       ??_C@_15OMLEGLOC@?$AAh?$AAi@ 10005040     libcpmt:winapinls.obj
 0001:00004048       ??_C@_15IDNNENKK@?$AAm?$AAs@ 10005048     libcpmt:winapinls.obj
 0001:00004050       ??_C@_15MACJNBMH@?$AAk?$AAk@ 10005050     libcpmt:winapinls.obj
 0001:00004058       ??_C@_15DKDJEOND@?$AAk?$AAy@ 10005058     libcpmt:winapinls.obj
 0001:00004060       ??_C@_15DFGDLJBG@?$AAs?$AAw@ 10005060     libcpmt:winapinls.obj
 0001:00004068       ??_C@_15BBFAICNG@?$AAu?$AAz@ 10005068     libcpmt:winapinls.obj
 0001:00004070       ??_C@_15DKNDCGEA@?$AAt?$AAt@ 10005070     libcpmt:winapinls.obj
 0001:00004078       ??_C@_15MGIFMDPL@?$AAp?$AAa@ 10005078     libcpmt:winapinls.obj
 0001:00004080       ??_C@_15HCNDBBA@?$AAg?$AAu@ 10005080     libcpmt:winapinls.obj
 0001:00004088       ??_C@_15FNBEIBON@?$AAt?$AAa@ 10005088     libcpmt:winapinls.obj
 0001:00004090       ??_C@_15NCHGBGLK@?$AAt?$AAe@ 10005090     libcpmt:winapinls.obj
 0001:00004098       ??_C@_15PHPHCBPF@?$AAk?$AAn@ 10005098     libcpmt:winapinls.obj
 0001:000040a0       ??_C@_15DLGBCKMP@?$AAm?$AAr@ 100050a0     libcpmt:winapinls.obj
 0001:000040a8       ??_C@_15EABBLBFF@?$AAs?$AAa@ 100050a8     libcpmt:winapinls.obj
 0001:000040b0       ??_C@_15CBKOMCOI@?$AAm?$AAn@ 100050b0     libcpmt:winapinls.obj
 0001:000040b8       ??_C@_15CKDMCJAF@?$AAg?$AAl@ 100050b8     libcpmt:winapinls.obj
 0001:000040c0       ??_C@_17CNJFBPG@?$AAk?$AAo?$AAk@ 100050c0     libcpmt:winapinls.obj
 0001:000040c8       ??_C@_17FFBJICPL@?$AAs?$AAy?$AAr@ 100050c8     libcpmt:winapinls.obj
 0001:000040d0       ??_C@_17KPNDCPAF@?$AAd?$AAi?$AAv@ 100050d0     libcpmt:winapinls.obj
 0001:000040d8       ??_C@_1M@OKAHONE@?$AAa?$AAr?$AA?9?$AAS?$AAA@ 100050d8     libcpmt:winapinls.obj
 0001:000040e4       ??_C@_1M@FFFIGIGK@?$AAb?$AAg?$AA?9?$AAB?$AAG@ 100050e4     libcpmt:winapinls.obj
 0001:000040f0       ??_C@_1M@BJNKEDC@?$AAc?$AAa?$AA?9?$AAE?$AAS@ 100050f0     libcpmt:winapinls.obj
 0001:000040fc       ??_C@_1M@CLNBBOPM@?$AAz?$AAh?$AA?9?$AAT?$AAW@ 100050fc     libcpmt:winapinls.obj
 0001:00004108       ??_C@_1M@IJJHFJHA@?$AAc?$AAs?$AA?9?$AAC?$AAZ@ 10005108     libcpmt:winapinls.obj
 0001:00004114       ??_C@_1M@CLPEOBGI@?$AAd?$AAa?$AA?9?$AAD?$AAK@ 10005114     libcpmt:winapinls.obj
 0001:00004120       ??_C@_1M@MCMADGCB@?$AAd?$AAe?$AA?9?$AAD?$AAE@ 10005120     libcpmt:winapinls.obj
 0001:0000412c       ??_C@_1M@OOCKEMAM@?$AAe?$AAl?$AA?9?$AAG?$AAR@ 1000512c     libcpmt:winapinls.obj
 0001:00004138       ??_C@_1M@BMHNFIME@?$AAe?$AAn?$AA?9?$AAU?$AAS@ 10005138     libcpmt:winapinls.obj
 0001:00004144       ??_C@_1M@DDNJFGID@?$AAf?$AAi?$AA?9?$AAF?$AAI@ 10005144     libcpmt:winapinls.obj
 0001:00004150       ??_C@_1M@GLIPPMAC@?$AAf?$AAr?$AA?9?$AAF?$AAR@ 10005150     libcpmt:winapinls.obj
 0001:0000415c       ??_C@_1M@GFMCHPE@?$AAh?$AAe?$AA?9?$AAI?$AAL@ 1000515c     libcpmt:winapinls.obj
 0001:00004168       ??_C@_1M@MHLPGNKM@?$AAh?$AAu?$AA?9?$AAH?$AAU@ 10005168     libcpmt:winapinls.obj
 0001:00004174       ??_C@_1M@LPDDNNPN@?$AAi?$AAs?$AA?9?$AAI?$AAS@ 10005174     libcpmt:winapinls.obj
 0001:00004180       ??_C@_1M@MADIPODN@?$AAi?$AAt?$AA?9?$AAI?$AAT@ 10005180     libcpmt:winapinls.obj
 0001:0000418c       ??_C@_1M@HPNHIDJI@?$AAj?$AAa?$AA?9?$AAJ?$AAP@ 1000518c     libcpmt:winapinls.obj
 0001:00004198       ??_C@_1M@JLOOOEGK@?$AAk?$AAo?$AA?9?$AAK?$AAR@ 10005198     libcpmt:winapinls.obj
 0001:000041a4       ??_C@_1M@IHBJJGG@?$AAn?$AAl?$AA?9?$AAN?$AAL@ 100051a4     libcpmt:winapinls.obj
 0001:000041b0       ??_C@_1M@EANAGDL@?$AAn?$AAb?$AA?9?$AAN?$AAO@ 100051b0     libcpmt:winapinls.obj
 0001:000041bc       ??_C@_1M@NEIEMEGP@?$AAp?$AAl?$AA?9?$AAP?$AAL@ 100051bc     libcpmt:winapinls.obj
 0001:000041c8       ??_C@_1M@BOCFIGEP@?$AAp?$AAt?$AA?9?$AAB?$AAR@ 100051c8     libcpmt:winapinls.obj
 0001:000041d4       ??_C@_1M@IMPFOPBG@?$AAr?$AAo?$AA?9?$AAR?$AAO@ 100051d4     libcpmt:winapinls.obj
 0001:000041e0       ??_C@_1M@IDNNEJMM@?$AAr?$AAu?$AA?9?$AAR?$AAU@ 100051e0     libcpmt:winapinls.obj
 0001:000041ec       ??_C@_1M@LILEEOGM@?$AAh?$AAr?$AA?9?$AAH?$AAR@ 100051ec     libcpmt:winapinls.obj
 0001:000041f8       ??_C@_1M@FKIFEHPB@?$AAs?$AAk?$AA?9?$AAS?$AAK@ 100051f8     libcpmt:winapinls.obj
 0001:00004204       ??_C@_1M@LJMAMNPJ@?$AAs?$AAq?$AA?9?$AAA?$AAL@ 10005204     libcpmt:winapinls.obj
 0001:00004210       ??_C@_1M@GIAKDKJK@?$AAs?$AAv?$AA?9?$AAS?$AAE@ 10005210     libcpmt:winapinls.obj
 0001:0000421c       ??_C@_1M@MKJKIKCL@?$AAt?$AAh?$AA?9?$AAT?$AAH@ 1000521c     libcpmt:winapinls.obj
 0001:00004228       ??_C@_1M@MFLCCMPB@?$AAt?$AAr?$AA?9?$AAT?$AAR@ 10005228     libcpmt:winapinls.obj
 0001:00004234       ??_C@_1M@OIJHDKJN@?$AAu?$AAr?$AA?9?$AAP?$AAK@ 10005234     libcpmt:winapinls.obj
 0001:00004240       ??_C@_1M@LHIPCIEK@?$AAi?$AAd?$AA?9?$AAI?$AAD@ 10005240     libcpmt:winapinls.obj
 0001:0000424c       ??_C@_1M@MFMOBGI@?$AAu?$AAk?$AA?9?$AAU?$AAA@ 1000524c     libcpmt:winapinls.obj
 0001:00004258       ??_C@_1M@OBGLJIPL@?$AAb?$AAe?$AA?9?$AAB?$AAY@ 10005258     libcpmt:winapinls.obj
 0001:00004264       ??_C@_1M@BCFAJEAD@?$AAs?$AAl?$AA?9?$AAS?$AAI@ 10005264     libcpmt:winapinls.obj
 0001:00004270       ??_C@_1M@FKFFEDDN@?$AAe?$AAt?$AA?9?$AAE?$AAE@ 10005270     libcpmt:winapinls.obj
 0001:0000427c       ??_C@_1M@KGKKAACI@?$AAl?$AAv?$AA?9?$AAL?$AAV@ 1000527c     libcpmt:winapinls.obj
 0001:00004288       ??_C@_1M@IFGBIJO@?$AAl?$AAt?$AA?9?$AAL?$AAT@ 10005288     libcpmt:winapinls.obj
 0001:00004294       ??_C@_1M@FGEAHEDM@?$AAf?$AAa?$AA?9?$AAI?$AAR@ 10005294     libcpmt:winapinls.obj
 0001:000042a0       ??_C@_1M@KBMAIBFN@?$AAv?$AAi?$AA?9?$AAV?$AAN@ 100052a0     libcpmt:winapinls.obj
 0001:000042ac       ??_C@_1M@GPCBKDJK@?$AAh?$AAy?$AA?9?$AAA?$AAM@ 100052ac     libcpmt:winapinls.obj
 0001:000042b8       ??_C@_1BG@BECMDDJB@?$AAa?$AAz?$AA?9?$AAA?$AAZ?$AA?9?$AAL?$AAa?$AAt?$AAn@ 100052b8     libcpmt:winapinls.obj
 0001:000042d0       ??_C@_1M@MAOFCAEA@?$AAe?$AAu?$AA?9?$AAE?$AAS@ 100052d0     libcpmt:winapinls.obj
 0001:000042dc       ??_C@_1M@IGHABKPI@?$AAm?$AAk?$AA?9?$AAM?$AAK@ 100052dc     libcpmt:winapinls.obj
 0001:000042e8       ??_C@_1M@IAIGNEJG@?$AAt?$AAn?$AA?9?$AAZ?$AAA@ 100052e8     libcpmt:winapinls.obj
 0001:000042f4       ??_C@_1M@IIJCOJFA@?$AAx?$AAh?$AA?9?$AAZ?$AAA@ 100052f4     libcpmt:winapinls.obj
 0001:00004300       ??_C@_1M@LGPJHNJH@?$AAz?$AAu?$AA?9?$AAZ?$AAA@ 10005300     libcpmt:winapinls.obj
 0001:0000430c       ??_C@_1M@HOKAOIO@?$AAa?$AAf?$AA?9?$AAZ?$AAA@ 1000530c     libcpmt:winapinls.obj
 0001:00004318       ??_C@_1M@DPCLHLIE@?$AAk?$AAa?$AA?9?$AAG?$AAE@ 10005318     libcpmt:winapinls.obj
 0001:00004324       ??_C@_1M@BLKMHJBI@?$AAf?$AAo?$AA?9?$AAF?$AAO@ 10005324     libcpmt:winapinls.obj
 0001:00004330       ??_C@_1M@LGGJAPPB@?$AAh?$AAi?$AA?9?$AAI?$AAN@ 10005330     libcpmt:winapinls.obj
 0001:0000433c       ??_C@_1M@FIKPIHFE@?$AAm?$AAt?$AA?9?$AAM?$AAT@ 1000533c     libcpmt:winapinls.obj
 0001:00004348       ??_C@_1M@HEGGPBFA@?$AAs?$AAe?$AA?9?$AAN?$AAO@ 10005348     libcpmt:winapinls.obj
 0001:00004354       ??_C@_1M@EIBJEEPA@?$AAm?$AAs?$AA?9?$AAM?$AAY@ 10005354     libcpmt:winapinls.obj
 0001:00004360       ??_C@_1M@FHLBGMPP@?$AAk?$AAk?$AA?9?$AAK?$AAZ@ 10005360     libcpmt:winapinls.obj
 0001:0000436c       ??_C@_1M@NGJJLCGI@?$AAk?$AAy?$AA?9?$AAK?$AAG@ 1000536c     libcpmt:winapinls.obj
 0001:00004378       ??_C@_1M@GIENNBFC@?$AAs?$AAw?$AA?9?$AAK?$AAE@ 10005378     libcpmt:winapinls.obj
 0001:00004384       ??_C@_1BG@NDGMJIMJ@?$AAu?$AAz?$AA?9?$AAU?$AAZ?$AA?9?$AAL?$AAa?$AAt?$AAn@ 10005384     libcpmt:winapinls.obj
 0001:0000439c       ??_C@_1M@IDCCIHBC@?$AAt?$AAt?$AA?9?$AAR?$AAU@ 1000539c     libcpmt:winapinls.obj
 0001:000043a8       ??_C@_1M@LOICPMOJ@?$AAb?$AAn?$AA?9?$AAI?$AAN@ 100053a8     libcpmt:winapinls.obj
 0001:000043b4       ??_C@_1M@KPKKNEAH@?$AAp?$AAa?$AA?9?$AAI?$AAN@ 100053b4     libcpmt:winapinls.obj
 0001:000043c0       ??_C@_1M@PJGPPBOG@?$AAg?$AAu?$AA?9?$AAI?$AAN@ 100053c0     libcpmt:winapinls.obj
 0001:000043cc       ??_C@_1M@KMKMOPHI@?$AAt?$AAa?$AA?9?$AAI?$AAN@ 100053cc     libcpmt:winapinls.obj
 0001:000043d8       ??_C@_1M@KFEHEPAC@?$AAt?$AAe?$AA?9?$AAI?$AAN@ 100053d8     libcpmt:winapinls.obj
 0001:000043e4       ??_C@_1M@CDCLMGHI@?$AAk?$AAn?$AA?9?$AAI?$AAN@ 100053e4     libcpmt:winapinls.obj
 0001:000043f0       ??_C@_1M@MIODLDKF@?$AAm?$AAl?$AA?9?$AAI?$AAN@ 100053f0     libcpmt:winapinls.obj
 0001:000043fc       ??_C@_1M@PBIEACPO@?$AAm?$AAr?$AA?9?$AAI?$AAN@ 100053fc     libcpmt:winapinls.obj
 0001:00004408       ??_C@_1M@NIDEAGPH@?$AAs?$AAa?$AA?9?$AAI?$AAN@ 10005408     libcpmt:winapinls.obj
 0001:00004414       ??_C@_1M@FHIHCBIO@?$AAm?$AAn?$AA?9?$AAM?$AAN@ 10005414     libcpmt:winapinls.obj
 0001:00004420       ??_C@_1M@JAIJPENP@?$AAc?$AAy?$AA?9?$AAG?$AAB@ 10005420     libcpmt:winapinls.obj
 0001:0000442c       ??_C@_1M@PHGFBEPN@?$AAg?$AAl?$AA?9?$AAE?$AAS@ 1000542c     libcpmt:winapinls.obj
 0001:00004438       ??_C@_1O@KPIPDNCP@?$AAk?$AAo?$AAk?$AA?9?$AAI?$AAN@ 10005438     libcpmt:winapinls.obj
 0001:00004448       ??_C@_1O@KNHJLDJA@?$AAs?$AAy?$AAr?$AA?9?$AAS?$AAY@ 10005448     libcpmt:winapinls.obj
 0001:00004458       ??_C@_1O@MKEKBLAH@?$AAd?$AAi?$AAv?$AA?9?$AAM?$AAV@ 10005458     libcpmt:winapinls.obj
 0001:00004468       ??_C@_1O@OHDCKDDF@?$AAq?$AAu?$AAz?$AA?9?$AAB?$AAO@ 10005468     libcpmt:winapinls.obj
 0001:00004478       ??_C@_1M@LEPJNLFD@?$AAn?$AAs?$AA?9?$AAZ?$AAA@ 10005478     libcpmt:winapinls.obj
 0001:00004484       ??_C@_1M@OMLEIIJB@?$AAm?$AAi?$AA?9?$AAN?$AAZ@ 10005484     libcpmt:winapinls.obj
 0001:00004490       ??_C@_1M@PMPEAILG@?$AAa?$AAr?$AA?9?$AAI?$AAQ@ 10005490     libcpmt:winapinls.obj
 0001:0000449c       ??_C@_1M@BIBDDEMK@?$AAz?$AAh?$AA?9?$AAC?$AAN@ 1000549c     libcpmt:winapinls.obj
 0001:000044a8       ??_C@_1M@CNKPNOEE@?$AAd?$AAe?$AA?9?$AAC?$AAH@ 100054a8     libcpmt:winapinls.obj
 0001:000044b4       ??_C@_1M@LKMGMLKO@?$AAe?$AAn?$AA?9?$AAG?$AAB@ 100054b4     libcpmt:winapinls.obj
 0001:000044c0       ??_C@_1M@PGKJFFGL@?$AAe?$AAs?$AA?9?$AAM?$AAX@ 100054c0     libcpmt:winapinls.obj
 0001:000044cc       ??_C@_1M@DNNANBDC@?$AAf?$AAr?$AA?9?$AAB?$AAE@ 100054cc     libcpmt:winapinls.obj
 0001:000044d8       ??_C@_1M@HLGMDFHM@?$AAi?$AAt?$AA?9?$AAC?$AAH@ 100054d8     libcpmt:winapinls.obj
 0001:000044e4       ??_C@_1M@CLLBGJH@?$AAn?$AAl?$AA?9?$AAB?$AAE@ 100054e4     libcpmt:winapinls.obj
 0001:000044f0       ??_C@_1M@BODBOGLF@?$AAn?$AAn?$AA?9?$AAN?$AAO@ 100054f0     libcpmt:winapinls.obj
 0001:000044fc       ??_C@_1M@HFFAHKAD@?$AAp?$AAt?$AA?9?$AAP?$AAT@ 100054fc     libcpmt:winapinls.obj
 0001:00004508       ??_C@_1BG@LNOAKHIE@?$AAs?$AAr?$AA?9?$AAS?$AAP?$AA?9?$AAL?$AAa?$AAt?$AAn@ 10005508     libcpmt:winapinls.obj
 0001:00004520       ??_C@_1M@HBMHBGAK@?$AAs?$AAv?$AA?9?$AAF?$AAI@ 10005520     libcpmt:winapinls.obj
 0001:0000452c       ??_C@_1BG@DGCJGJBE@?$AAa?$AAz?$AA?9?$AAA?$AAZ?$AA?9?$AAC?$AAy?$AAr?$AAl@ 1000552c     libcpmt:winapinls.obj
 0001:00004544       ??_C@_1M@KEJDAAHB@?$AAs?$AAe?$AA?9?$AAS?$AAE@ 10005544     libcpmt:winapinls.obj
 0001:00004550       ??_C@_1M@HEIBJJAD@?$AAm?$AAs?$AA?9?$AAB?$AAN@ 10005550     libcpmt:winapinls.obj
 0001:0000455c       ??_C@_1BG@PBGJMCEM@?$AAu?$AAz?$AA?9?$AAU?$AAZ?$AA?9?$AAC?$AAy?$AAr?$AAl@ 1000555c     libcpmt:winapinls.obj
 0001:00004574       ??_C@_1O@LAOBCMDF@?$AAq?$AAu?$AAz?$AA?9?$AAE?$AAC@ 10005574     libcpmt:winapinls.obj
 0001:00004584       ??_C@_1M@POEEMAIO@?$AAa?$AAr?$AA?9?$AAE?$AAG@ 10005584     libcpmt:winapinls.obj
 0001:00004590       ??_C@_1M@EFAKDEDL@?$AAz?$AAh?$AA?9?$AAH?$AAK@ 10005590     libcpmt:winapinls.obj
 0001:0000459c       ??_C@_1M@HKKIJHGI@?$AAd?$AAe?$AA?9?$AAA?$AAT@ 1000559c     libcpmt:winapinls.obj
 0001:000045a8       ??_C@_1M@KBFBEHJF@?$AAe?$AAn?$AA?9?$AAA?$AAU@ 100055a8     libcpmt:winapinls.obj
 0001:000045b4       ??_C@_1M@MNPLFAAH@?$AAe?$AAs?$AA?9?$AAE?$AAS@ 100055b4     libcpmt:winapinls.obj
 0001:000045c0       ??_C@_1M@HJOOJFMA@?$AAf?$AAr?$AA?9?$AAC?$AAA@ 100055c0     libcpmt:winapinls.obj
 0001:000045cc       ??_C@_1BG@JPOFPNAB@?$AAs?$AAr?$AA?9?$AAS?$AAP?$AA?9?$AAC?$AAy?$AAr?$AAl@ 100055cc     libcpmt:winapinls.obj
 0001:000045e4       ??_C@_1M@LNFOCMOB@?$AAs?$AAe?$AA?9?$AAF?$AAI@ 100055e4     libcpmt:winapinls.obj
 0001:000045f0       ??_C@_1O@MGJBOAMB@?$AAq?$AAu?$AAz?$AA?9?$AAP?$AAE@ 100055f0     libcpmt:winapinls.obj
 0001:00004600       ??_C@_1M@GJINLBOK@?$AAa?$AAr?$AA?9?$AAL?$AAY@ 10005600     libcpmt:winapinls.obj
 0001:0000460c       ??_C@_1M@GGMNHJNL@?$AAz?$AAh?$AA?9?$AAS?$AAG@ 1000560c     libcpmt:winapinls.obj
 0001:00004618       ??_C@_1M@HOIKODND@?$AAd?$AAe?$AA?9?$AAL?$AAU@ 10005618     libcpmt:winapinls.obj
 0001:00004624       ??_C@_1M@DDOCCGFG@?$AAe?$AAn?$AA?9?$AAC?$AAA@ 10005624     libcpmt:winapinls.obj
 0001:00004630       ??_C@_1M@BNOEMJLF@?$AAe?$AAs?$AA?9?$AAG?$AAT@ 10005630     libcpmt:winapinls.obj
 0001:0000463c       ??_C@_1M@EOGNKEK@?$AAf?$AAr?$AA?9?$AAC?$AAH@ 1000563c     libcpmt:winapinls.obj
 0001:00004648       ??_C@_1M@FLIDJFHL@?$AAh?$AAr?$AA?9?$AAB?$AAA@ 10005648     libcpmt:winapinls.obj
 0001:00004654       ??_C@_1O@FMCELNAJ@?$AAs?$AAm?$AAj?$AA?9?$AAN?$AAO@ 10005654     libcpmt:winapinls.obj
 0001:00004664       ??_C@_1M@JHGLJMGJ@?$AAa?$AAr?$AA?9?$AAD?$AAZ@ 10005664     libcpmt:winapinls.obj
 0001:00004670       ??_C@_1M@JKKFDCNP@?$AAz?$AAh?$AA?9?$AAM?$AAO@ 10005670     libcpmt:winapinls.obj
 0001:0000467c       ??_C@_1M@GEEFALPE@?$AAd?$AAe?$AA?9?$AAL?$AAI@ 1000567c     libcpmt:winapinls.obj
 0001:00004688       ??_C@_1M@IGEOFBG@?$AAe?$AAn?$AA?9?$AAN?$AAZ@ 10005688     libcpmt:winapinls.obj
 0001:00004694       ??_C@_1M@KDBONEHP@?$AAe?$AAs?$AA?9?$AAC?$AAR@ 10005694     libcpmt:winapinls.obj
 0001:000046a0       ??_C@_1M@FHMDOHNN@?$AAf?$AAr?$AA?9?$AAL?$AAU@ 100056a0     libcpmt:winapinls.obj
 0001:000046ac       ??_C@_1BG@NFKKMAFG@?$AAb?$AAs?$AA?9?$AAB?$AAA?$AA?9?$AAL?$AAa?$AAt?$AAn@ 100056ac     libcpmt:winapinls.obj
 0001:000046c4       ??_C@_1O@IMNBEMCI@?$AAs?$AAm?$AAj?$AA?9?$AAS?$AAE@ 100056c4     libcpmt:winapinls.obj
 0001:000046d4       ??_C@_1M@DHHMBNDP@?$AAa?$AAr?$AA?9?$AAM?$AAA@ 100056d4     libcpmt:winapinls.obj
 0001:000046e0       ??_C@_1M@BNBLJCGH@?$AAe?$AAn?$AA?9?$AAI?$AAE@ 100056e0     libcpmt:winapinls.obj
 0001:000046ec       ??_C@_1M@GEPAFMDL@?$AAe?$AAs?$AA?9?$AAP?$AAA@ 100056ec     libcpmt:winapinls.obj
 0001:000046f8       ??_C@_1M@OJONDMDL@?$AAf?$AAr?$AA?9?$AAM?$AAC@ 100056f8     libcpmt:winapinls.obj
 0001:00004704       ??_C@_1BG@OBCNFJB@?$AAs?$AAr?$AA?9?$AAB?$AAA?$AA?9?$AAL?$AAa?$AAt?$AAn@ 10005704     libcpmt:winapinls.obj
 0001:0000471c       ??_C@_1O@KEMEEGPO@?$AAs?$AAm?$AAa?$AA?9?$AAN?$AAO@ 1000571c     libcpmt:winapinls.obj
 0001:0000472c       ??_C@_1M@ELMGFODK@?$AAa?$AAr?$AA?9?$AAT?$AAN@ 1000572c     libcpmt:winapinls.obj
 0001:00004738       ??_C@_1M@BHDLHFAF@?$AAe?$AAn?$AA?9?$AAZ?$AAA@ 10005738     libcpmt:winapinls.obj
 0001:00004744       ??_C@_1M@BMGIGLIF@?$AAe?$AAs?$AA?9?$AAD?$AAO@ 10005744     libcpmt:winapinls.obj
 0001:00004750       ??_C@_1BG@CMBHIPBE@?$AAs?$AAr?$AA?9?$AAB?$AAA?$AA?9?$AAC?$AAy?$AAr?$AAl@ 10005750     libcpmt:winapinls.obj
 0001:00004768       ??_C@_1O@HEDBLHNP@?$AAs?$AAm?$AAa?$AA?9?$AAS?$AAE@ 10005768     libcpmt:winapinls.obj
 0001:00004778       ??_C@_1M@DAGCADIM@?$AAa?$AAr?$AA?9?$AAO?$AAM@ 10005778     libcpmt:winapinls.obj
 0001:00004784       ??_C@_1M@FODLMICG@?$AAe?$AAn?$AA?9?$AAJ?$AAM@ 10005784     libcpmt:winapinls.obj
 0001:00004790       ??_C@_1M@DNMLCIHB@?$AAe?$AAs?$AA?9?$AAV?$AAE@ 10005790     libcpmt:winapinls.obj
 0001:0000479c       ??_C@_1O@EOKHMKJK@?$AAs?$AAm?$AAs?$AA?9?$AAF?$AAI@ 1000579c     libcpmt:winapinls.obj
 0001:000047ac       ??_C@_1M@CAFJMKOF@?$AAa?$AAr?$AA?9?$AAY?$AAE@ 100057ac     libcpmt:winapinls.obj
 0001:000047b8       ??_C@_1M@CBFHIJLI@?$AAe?$AAn?$AA?9?$AAC?$AAB@ 100057b8     libcpmt:winapinls.obj
 0001:000047c4       ??_C@_1M@BGNFLDN@?$AAe?$AAs?$AA?9?$AAC?$AAO@ 100057c4     libcpmt:winapinls.obj
 0001:000047d0       ??_C@_1O@JMPHMAMC@?$AAs?$AAm?$AAn?$AA?9?$AAF?$AAI@ 100057d0     libcpmt:winapinls.obj
 0001:000047e0       ??_C@_1M@JLANABKE@?$AAa?$AAr?$AA?9?$AAS?$AAY@ 100057e0     libcpmt:winapinls.obj
 0001:000047ec       ??_C@_1M@HPKGCFGN@?$AAe?$AAn?$AA?9?$AAB?$AAZ@ 100057ec     libcpmt:winapinls.obj
 0001:000047f8       ??_C@_1M@OLJCMLGM@?$AAe?$AAs?$AA?9?$AAP?$AAE@ 100057f8     libcpmt:winapinls.obj
 0001:00004804       ??_C@_1M@MKKGFKLE@?$AAa?$AAr?$AA?9?$AAJ?$AAO@ 10005804     libcpmt:winapinls.obj
 0001:00004810       ??_C@_1M@EKPGLDNI@?$AAe?$AAn?$AA?9?$AAT?$AAT@ 10005810     libcpmt:winapinls.obj
 0001:0000481c       ??_C@_1M@OONGHFHE@?$AAe?$AAs?$AA?9?$AAA?$AAR@ 1000581c     libcpmt:winapinls.obj
 0001:00004828       ??_C@_1M@OOJFGBHE@?$AAa?$AAr?$AA?9?$AAL?$AAB@ 10005828     libcpmt:winapinls.obj
 0001:00004834       ??_C@_1M@GCEJHNEG@?$AAe?$AAn?$AA?9?$AAZ?$AAW@ 10005834     libcpmt:winapinls.obj
 0001:00004840       ??_C@_1M@JNOCAHJI@?$AAe?$AAs?$AA?9?$AAE?$AAC@ 10005840     libcpmt:winapinls.obj
 0001:0000484c       ??_C@_1M@JEFHPGGB@?$AAa?$AAr?$AA?9?$AAK?$AAW@ 1000584c     libcpmt:winapinls.obj
 0001:00004858       ??_C@_1M@MLKIBJOJ@?$AAe?$AAn?$AA?9?$AAP?$AAH@ 10005858     libcpmt:winapinls.obj
 0001:00004864       ??_C@_1M@BDNIPEND@?$AAe?$AAs?$AA?9?$AAC?$AAL@ 10005864     libcpmt:winapinls.obj
 0001:00004870       ??_C@_1M@MPNMEKBD@?$AAa?$AAr?$AA?9?$AAA?$AAE@ 10005870     libcpmt:winapinls.obj
 0001:0000487c       ??_C@_1M@KBJALCPI@?$AAe?$AAs?$AA?9?$AAU?$AAY@ 1000587c     libcpmt:winapinls.obj
 0001:00004888       ??_C@_1M@LLCCOAGA@?$AAa?$AAr?$AA?9?$AAB?$AAH@ 10005888     libcpmt:winapinls.obj
 0001:00004894       ??_C@_1M@PBFNCDEL@?$AAe?$AAs?$AA?9?$AAP?$AAY@ 10005894     libcpmt:winapinls.obj
 0001:000048a0       ??_C@_1M@EDGINPNP@?$AAa?$AAr?$AA?9?$AAQ?$AAA@ 100058a0     libcpmt:winapinls.obj
 0001:000048ac       ??_C@_1M@MKDBIIJI@?$AAe?$AAs?$AA?9?$AAB?$AAO@ 100058ac     libcpmt:winapinls.obj
 0001:000048b8       ??_C@_1M@CPKKEBLD@?$AAe?$AAs?$AA?9?$AAS?$AAV@ 100058b8     libcpmt:winapinls.obj
 0001:000048c4       ??_C@_1M@NDBGMMJL@?$AAe?$AAs?$AA?9?$AAH?$AAN@ 100058c4     libcpmt:winapinls.obj
 0001:000048d0       ??_C@_1M@JIJIBHDP@?$AAe?$AAs?$AA?9?$AAN?$AAI@ 100058d0     libcpmt:winapinls.obj
 0001:000048dc       ??_C@_1M@CGFMKEEK@?$AAe?$AAs?$AA?9?$AAP?$AAR@ 100058dc     libcpmt:winapinls.obj
 0001:000048e8       ??_C@_1O@ICJHKIIK@?$AAz?$AAh?$AA?9?$AAC?$AAH?$AAT@ 100058e8     libcpmt:winapinls.obj
 0001:000048f8       ??_C@_15CLNEJCE@?$AAs?$AAr@ 100058f8     libcpmt:winapinls.obj
 0001:00004900       ??_C@_1M@KAHEKEIG@?$AAa?$AAf?$AA?9?$AAz?$AAa@ 10005900     libcpmt:winapinls.obj
 0001:0000490c       ??_C@_1M@GIECOABL@?$AAa?$AAr?$AA?9?$AAa?$AAe@ 1000590c     libcpmt:winapinls.obj
 0001:00004918       ??_C@_1M@BMLMEKGI@?$AAa?$AAr?$AA?9?$AAb?$AAh@ 10005918     libcpmt:winapinls.obj
 0001:00004924       ??_C@_1M@DAPFDGGB@?$AAa?$AAr?$AA?9?$AAd?$AAz@ 10005924     libcpmt:winapinls.obj
 0001:00004930       ??_C@_1M@FJNKGKIG@?$AAa?$AAr?$AA?9?$AAe?$AAg@ 10005930     libcpmt:winapinls.obj
 0001:0000493c       ??_C@_1M@FLGKKCLO@?$AAa?$AAr?$AA?9?$AAi?$AAq@ 1000593c     libcpmt:winapinls.obj
 0001:00004948       ??_C@_1M@GNDIPALM@?$AAa?$AAr?$AA?9?$AAj?$AAo@ 10005948     libcpmt:winapinls.obj
 0001:00004954       ??_C@_1M@DDMJFMGJ@?$AAa?$AAr?$AA?9?$AAk?$AAw@ 10005954     libcpmt:winapinls.obj
 0001:00004960       ??_C@_1M@EJALMLHM@?$AAa?$AAr?$AA?9?$AAl?$AAb@ 10005960     libcpmt:winapinls.obj
 0001:0000496c       ??_C@_1M@MOBDBLOC@?$AAa?$AAr?$AA?9?$AAl?$AAy@ 1000596c     libcpmt:winapinls.obj
 0001:00004978       ??_C@_1M@JAOCLHDH@?$AAa?$AAr?$AA?9?$AAm?$AAa@ 10005978     libcpmt:winapinls.obj
 0001:00004984       ??_C@_1M@JHPMKJIE@?$AAa?$AAr?$AA?9?$AAo?$AAm@ 10005984     libcpmt:winapinls.obj
 0001:00004990       ??_C@_1M@OEPGHFNH@?$AAa?$AAr?$AA?9?$AAq?$AAa@ 10005990     libcpmt:winapinls.obj
 0001:0000499c       ??_C@_1M@KJDONENM@?$AAa?$AAr?$AA?9?$AAs?$AAa@ 1000599c     libcpmt:winapinls.obj
 0001:000049a8       ??_C@_1M@DMJDKLKM@?$AAa?$AAr?$AA?9?$AAs?$AAy@ 100059a8     libcpmt:winapinls.obj
 0001:000049b4       ??_C@_1M@OMFIPEDC@?$AAa?$AAr?$AA?9?$AAt?$AAn@ 100059b4     libcpmt:winapinls.obj
 0001:000049c0       ??_C@_1M@IHMHGAON@?$AAa?$AAr?$AA?9?$AAy?$AAe@ 100059c0     libcpmt:winapinls.obj
 0001:000049cc       ??_C@_1BG@KDCPGJGB@?$AAa?$AAz?$AA?9?$AAa?$AAz?$AA?9?$AAc?$AAy?$AAr?$AAl@ 100059cc     libcpmt:winapinls.obj
 0001:000049e4       ??_C@_1BG@IBCKDDOE@?$AAa?$AAz?$AA?9?$AAa?$AAz?$AA?9?$AAl?$AAa?$AAt?$AAn@ 100059e4     libcpmt:winapinls.obj
 0001:000049fc       ??_C@_1M@EGPFDCPD@?$AAb?$AAe?$AA?9?$AAb?$AAy@ 100059fc     libcpmt:winapinls.obj
 0001:00004a08       ??_C@_1M@PCMGMCGC@?$AAb?$AAg?$AA?9?$AAb?$AAg@ 10005a08     libcpmt:winapinls.obj
 0001:00004a14       ??_C@_1M@BJBMFGOB@?$AAb?$AAn?$AA?9?$AAi?$AAn@ 10005a14     libcpmt:winapinls.obj
 0001:00004a20       ??_C@_1BG@EAKMMACD@?$AAb?$AAs?$AA?9?$AAb?$AAa?$AA?9?$AAl?$AAa?$AAt?$AAn@ 10005a20     libcpmt:winapinls.obj
 0001:00004a38       ??_C@_1M@KGADAODK@?$AAc?$AAa?$AA?9?$AAe?$AAs@ 10005a38     libcpmt:winapinls.obj
 0001:00004a44       ??_C@_1M@COAJPDHI@?$AAc?$AAs?$AA?9?$AAc?$AAz@ 10005a44     libcpmt:winapinls.obj
 0001:00004a50       ??_C@_1M@DHBHFONH@?$AAc?$AAy?$AA?9?$AAg?$AAb@ 10005a50     libcpmt:winapinls.obj
 0001:00004a5c       ??_C@_1M@IMGKELGA@?$AAd?$AAa?$AA?9?$AAd?$AAk@ 10005a5c     libcpmt:winapinls.obj
 0001:00004a68       ??_C@_1M@NNDGDNGA@?$AAd?$AAe?$AA?9?$AAa?$AAt@ 10005a68     libcpmt:winapinls.obj
 0001:00004a74       ??_C@_1M@IKDBHEEM@?$AAd?$AAe?$AA?9?$AAc?$AAh@ 10005a74     libcpmt:winapinls.obj
 0001:00004a80       ??_C@_1M@GFFOJMCJ@?$AAd?$AAe?$AA?9?$AAd?$AAe@ 10005a80     libcpmt:winapinls.obj
 0001:00004a8c       ??_C@_1M@MDNLKBPM@?$AAd?$AAe?$AA?9?$AAl?$AAi@ 10005a8c     libcpmt:winapinls.obj
 0001:00004a98       ??_C@_1M@NJBEEJNL@?$AAd?$AAe?$AA?9?$AAl?$AAu@ 10005a98     libcpmt:winapinls.obj
 0001:00004aa4       ??_C@_1O@GNNELBAP@?$AAd?$AAi?$AAv?$AA?9?$AAm?$AAv@ 10005aa4     libcpmt:winapinls.obj
 0001:00004ab4       ??_C@_1M@EJLEOGAE@?$AAe?$AAl?$AA?9?$AAg?$AAr@ 10005ab4     libcpmt:winapinls.obj
 0001:00004ac0       ??_C@_1M@GMPONJN@?$AAe?$AAn?$AA?9?$AAa?$AAu@ 10005ac0     libcpmt:winapinls.obj
 0001:00004acc       ??_C@_1M@NIDIIPGF@?$AAe?$AAn?$AA?9?$AAb?$AAz@ 10005acc     libcpmt:winapinls.obj
 0001:00004ad8       ??_C@_1M@JEHMIMFO@?$AAe?$AAn?$AA?9?$AAc?$AAa@ 10005ad8     libcpmt:winapinls.obj
 0001:00004ae4       ??_C@_1M@IGMJCDLA@?$AAe?$AAn?$AA?9?$AAc?$AAb@ 10005ae4     libcpmt:winapinls.obj
 0001:00004af0       ??_C@_1M@BNFIGBKG@?$AAe?$AAn?$AA?9?$AAg?$AAb@ 10005af0     libcpmt:winapinls.obj
 0001:00004afc       ??_C@_1M@LKIFDIGP@?$AAe?$AAn?$AA?9?$AAi?$AAe@ 10005afc     libcpmt:winapinls.obj
 0001:00004b08       ??_C@_1M@PJKFGCCO@?$AAe?$AAn?$AA?9?$AAj?$AAm@ 10005b08     libcpmt:winapinls.obj
 0001:00004b14       ??_C@_1M@KPPKEPBO@?$AAe?$AAn?$AA?9?$AAn?$AAz@ 10005b14     libcpmt:winapinls.obj
 0001:00004b20       ??_C@_1M@GMDGLDOB@?$AAe?$AAn?$AA?9?$AAp?$AAh@ 10005b20     libcpmt:winapinls.obj
 0001:00004b2c       ??_C@_1M@ONGIBJNA@?$AAe?$AAn?$AA?9?$AAt?$AAt@ 10005b2c     libcpmt:winapinls.obj
 0001:00004b38       ??_C@_1M@LLODPCMM@?$AAe?$AAn?$AA?9?$AAu?$AAs@ 10005b38     libcpmt:winapinls.obj
 0001:00004b44       ??_C@_1M@LAKFNPAN@?$AAe?$AAn?$AA?9?$AAz?$AAa@ 10005b44     libcpmt:winapinls.obj
 0001:00004b50       ??_C@_1M@MFNHNHEO@?$AAe?$AAn?$AA?9?$AAz?$AAw@ 10005b50     libcpmt:winapinls.obj
 0001:00004b5c       ??_C@_1M@EJEINPHM@?$AAe?$AAs?$AA?9?$AAa?$AAr@ 10005b5c     libcpmt:winapinls.obj
 0001:00004b68       ??_C@_1M@GNKPCCJA@?$AAe?$AAs?$AA?9?$AAb?$AAo@ 10005b68     libcpmt:winapinls.obj
 0001:00004b74       ??_C@_1M@LEEGFONL@?$AAe?$AAs?$AA?9?$AAc?$AAl@ 10005b74     libcpmt:winapinls.obj
 0001:00004b80       ??_C@_1M@KGPDPBDF@?$AAe?$AAs?$AA?9?$AAc?$AAo@ 10005b80     libcpmt:winapinls.obj
 0001:00004b8c       ??_C@_1M@EIAHOHH@?$AAe?$AAs?$AA?9?$AAc?$AAr@ 10005b8c     libcpmt:winapinls.obj
 0001:00004b98       ??_C@_1M@LLPGMBIN@?$AAe?$AAs?$AA?9?$AAd?$AAo@ 10005b98     libcpmt:winapinls.obj
 0001:00004ba4       ??_C@_1M@DKHMKNJA@?$AAe?$AAs?$AA?9?$AAe?$AAc@ 10005ba4     libcpmt:winapinls.obj
 0001:00004bb0       ??_C@_1M@GKGFPKAP@?$AAe?$AAs?$AA?9?$AAe?$AAs@ 10005bb0     libcpmt:winapinls.obj
 0001:00004bbc       ??_C@_1M@LKHKGDLN@?$AAe?$AAs?$AA?9?$AAg?$AAt@ 10005bbc     libcpmt:winapinls.obj
 0001:00004bc8       ??_C@_1M@HEIIGGJD@?$AAe?$AAs?$AA?9?$AAh?$AAn@ 10005bc8     libcpmt:winapinls.obj
 0001:00004bd4       ??_C@_1M@FBDHPPGD@?$AAe?$AAs?$AA?9?$AAm?$AAx@ 10005bd4     libcpmt:winapinls.obj
 0001:00004be0       ??_C@_1M@DPAGLNDH@?$AAe?$AAs?$AA?9?$AAn?$AAi@ 10005be0     libcpmt:winapinls.obj
 0001:00004bec       ??_C@_1M@MDGOPGDD@?$AAe?$AAs?$AA?9?$AAp?$AAa@ 10005bec     libcpmt:winapinls.obj
 0001:00004bf8       ??_C@_1M@EMAMGBGE@?$AAe?$AAs?$AA?9?$AAp?$AAe@ 10005bf8     libcpmt:winapinls.obj
 0001:00004c04       ??_C@_1M@IBMCAOEC@?$AAe?$AAs?$AA?9?$AAp?$AAr@ 10005c04     libcpmt:winapinls.obj
 0001:00004c10       ??_C@_1M@FGMDIJED@?$AAe?$AAs?$AA?9?$AAp?$AAy@ 10005c10     libcpmt:winapinls.obj
 0001:00004c1c       ??_C@_1M@IIDEOLLL@?$AAe?$AAs?$AA?9?$AAs?$AAv@ 10005c1c     libcpmt:winapinls.obj
 0001:00004c28       ??_C@_1M@GAOBIPA@?$AAe?$AAs?$AA?9?$AAu?$AAy@ 10005c28     libcpmt:winapinls.obj
 0001:00004c34       ??_C@_1M@JKFFICHJ@?$AAe?$AAs?$AA?9?$AAv?$AAe@ 10005c34     libcpmt:winapinls.obj
 0001:00004c40       ??_C@_1M@PNMLOJDF@?$AAe?$AAt?$AA?9?$AAe?$AAe@ 10005c40     libcpmt:winapinls.obj
 0001:00004c4c       ??_C@_1M@GHHLIKEI@?$AAe?$AAu?$AA?9?$AAe?$AAs@ 10005c4c     libcpmt:winapinls.obj
 0001:00004c58       ??_C@_1M@PBNONODE@?$AAf?$AAa?$AA?9?$AAi?$AAr@ 10005c58     libcpmt:winapinls.obj
 0001:00004c64       ??_C@_1M@JEEHPMIL@?$AAf?$AAi?$AA?9?$AAf?$AAi@ 10005c64     libcpmt:winapinls.obj
 0001:00004c70       ??_C@_1M@LMDCNDBA@?$AAf?$AAo?$AA?9?$AAf?$AAo@ 10005c70     libcpmt:winapinls.obj
 0001:00004c7c       ??_C@_1M@JKEOHLDK@?$AAf?$AAr?$AA?9?$AAb?$AAe@ 10005c7c     libcpmt:winapinls.obj
 0001:00004c88       ??_C@_1M@NOHADPMI@?$AAf?$AAr?$AA?9?$AAc?$AAa@ 10005c88     libcpmt:winapinls.obj
 0001:00004c94       ??_C@_1M@KDHIHAEC@?$AAf?$AAr?$AA?9?$AAc?$AAh@ 10005c94     libcpmt:winapinls.obj
 0001:00004ca0       ??_C@_1M@MMBBFGAK@?$AAf?$AAr?$AA?9?$AAf?$AAr@ 10005ca0     libcpmt:winapinls.obj
 0001:00004cac       ??_C@_1M@PAFNENNF@?$AAf?$AAr?$AA?9?$AAl?$AAu@ 10005cac     libcpmt:winapinls.obj
 0001:00004cb8       ??_C@_1M@EOHDJGDD@?$AAf?$AAr?$AA?9?$AAm?$AAc@ 10005cb8     libcpmt:winapinls.obj
 0001:00004cc4       ??_C@_1M@FAPLLOPF@?$AAg?$AAl?$AA?9?$AAe?$AAs@ 10005cc4     libcpmt:winapinls.obj
 0001:00004cd0       ??_C@_1M@FOPBFLOO@?$AAg?$AAu?$AA?9?$AAi?$AAn@ 10005cd0     libcpmt:winapinls.obj
 0001:00004cdc       ??_C@_1M@KBMCINPM@?$AAh?$AAe?$AA?9?$AAi?$AAl@ 10005cdc     libcpmt:winapinls.obj
 0001:00004ce8       ??_C@_1M@BBPHKFPJ@?$AAh?$AAi?$AA?9?$AAi?$AAn@ 10005ce8     libcpmt:winapinls.obj
 0001:00004cf4       ??_C@_1M@PMBNDPHD@?$AAh?$AAr?$AA?9?$AAb?$AAa@ 10005cf4     libcpmt:winapinls.obj
 0001:00004d00       ??_C@_1M@BPCKOEGE@?$AAh?$AAr?$AA?9?$AAh?$AAr@ 10005d00     libcpmt:winapinls.obj
 0001:00004d0c       ??_C@_1M@GACBMHKE@?$AAh?$AAu?$AA?9?$AAh?$AAu@ 10005d0c     libcpmt:winapinls.obj
 0001:00004d18       ??_C@_1M@MILPAJJC@?$AAh?$AAy?$AA?9?$AAa?$AAm@ 10005d18     libcpmt:winapinls.obj
 0001:00004d24       ??_C@_1M@BABBICEC@?$AAi?$AAd?$AA?9?$AAi?$AAd@ 10005d24     libcpmt:winapinls.obj
 0001:00004d30       ??_C@_1M@BIKNHHPF@?$AAi?$AAs?$AA?9?$AAi?$AAs@ 10005d30     libcpmt:winapinls.obj
 0001:00004d3c       ??_C@_1M@NMPCJPHE@?$AAi?$AAt?$AA?9?$AAc?$AAh@ 10005d3c     libcpmt:winapinls.obj
 0001:00004d48       ??_C@_1M@GHKGFEDF@?$AAi?$AAt?$AA?9?$AAi?$AAt@ 10005d48     libcpmt:winapinls.obj
 0001:00004d54       ??_C@_1M@NIEJCJJA@?$AAj?$AAa?$AA?9?$AAj?$AAp@ 10005d54     libcpmt:winapinls.obj
 0001:00004d60       ??_C@_1M@JILFNBIM@?$AAk?$AAa?$AA?9?$AAg?$AAe@ 10005d60     libcpmt:winapinls.obj
 0001:00004d6c       ??_C@_1M@PACPMGPH@?$AAk?$AAk?$AA?9?$AAk?$AAz@ 10005d6c     libcpmt:winapinls.obj
 0001:00004d78       ??_C@_1M@IELFGMHA@?$AAk?$AAn?$AA?9?$AAi?$AAn@ 10005d78     libcpmt:winapinls.obj
 0001:00004d84       ??_C@_1M@DMHAEOGC@?$AAk?$AAo?$AA?9?$AAk?$AAr@ 10005d84     libcpmt:winapinls.obj
 0001:00004d90       ??_C@_1O@IBBJHCH@?$AAk?$AAo?$AAk?$AA?9?$AAi?$AAn@ 10005d90     libcpmt:winapinls.obj
 0001:00004da0       ??_C@_1M@HBAHBIGA@?$AAk?$AAy?$AA?9?$AAk?$AAg@ 10005da0     libcpmt:winapinls.obj
 0001:00004dac       ??_C@_1M@KPMILCJG@?$AAl?$AAt?$AA?9?$AAl?$AAt@ 10005dac     libcpmt:winapinls.obj
 0001:00004db8       ??_C@_1M@BDEKKCA@?$AAl?$AAv?$AA?9?$AAl?$AAv@ 10005db8     libcpmt:winapinls.obj
 0001:00004dc4       ??_C@_1M@ELCKCCJJ@?$AAm?$AAi?$AA?9?$AAn?$AAz@ 10005dc4     libcpmt:winapinls.obj
[...]
 0001:0004c1e8       __sehtable$___acrt_initialize_lowio 1004d1e8     libucrt:ioinit.obj
 0001:0004c208       __sehtable$__write         1004d208     libucrt:write.obj
 0001:0004c228       __sehtable$??$?RV<lambda_e5124f882df8998aaf41531e079ba474>@@AAV<lambda_3e16ef9562a7dcce91392c22ab16ea36>@@V<lambda_e25ca0880e6ef98be67edffd8c599615>@@@?$__crt_seh_guarded_call@X@@QAEX$$QAV<lambda_e5124f882df8998aaf41531e079ba474>@@AAV<lambda_3e16ef9562a7dcce91392c22ab16ea36>@@$$QAV<lambda_e25ca0880e6ef98be67edffd8c599615>@@@Z 1004d228     libucrt:wsetlocale.obj
 0001:0004c248       __sehtable$??$?RV<lambda_4fdada1b837b2abbf20876fac97688ad>@@AAV<lambda_b57350f2640456a0859d250846f69caf>@@V<lambda_eed5e4f92b5b7d55fa22c48c484aaa54>@@@?$__crt_seh_guarded_call@X@@QAEX$$QAV<lambda_4fdada1b837b2abbf20876fac97688ad>@@AAV<lambda_b57350f2640456a0859d250846f69caf>@@$$QAV<lambda_eed5e4f92b5b7d55fa22c48c484aaa54>@@@Z 1004d248     libucrt:wsetlocale.obj
 0001:0004c268       __sehtable$??$?RV<lambda_135d2772fca65dc1248eeaa1b56e886a>@@AAV<lambda_2a444430fde8c29194d880d93eed5e8f>@@AAV<lambda_8dff2cf36a5417162780cd64fa2883ef>@@@?$__crt_seh_guarded_call@X@@QAEX$$QAV<lambda_135d2772fca65dc1248eeaa1b56e886a>@@AAV<lambda_2a444430fde8c29194d880d93eed5e8f>@@AAV<lambda_8dff2cf36a5417162780cd64fa2883ef>@@@Z 1004d268     libucrt:wsetlocale.obj
 0001:0004c284       __unwindtable$?_wcstombs_l_helper@@YAIPADPB_WIPAU__crt_locale_pointers@@@Z 1004d284     libucrt:wcstombs.obj
 0001:0004c28c       __ehfuncinfo$?_wcstombs_l_helper@@YAIPADPB_WIPAU__crt_locale_pointers@@@Z 1004d28c     libucrt:wcstombs.obj
 0001:0004c2b0       __sehtable$_raise          1004d2b0     libucrt:signal.obj
 0001:0004c2d0       __sehtable$??$?RV<lambda_cbab9ec6f41b0180b23cc171c22676b0>@@AAV<lambda_44731a7d0e6d81c3e6aa82d741081786>@@V<lambda_4b292cb8dd18144e164572427af410ab>@@@?$__crt_seh_guarded_call@P6AXH@Z@@QAEP6AXH@Z$$QAV<lambda_cbab9ec6f41b0180b23cc171c22676b0>@@AAV<lambda_44731a7d0e6d81c3e6aa82d741081786>@@$$QAV<lambda_4b292cb8dd18144e164572427af410ab>@@@Z 1004d2d0     libucrt:signal.obj
 0001:0004c2f0       __sehtable$?update_thread_multibyte_data_internal@@YAPAU__crt_multibyte_data@@QAU__acrt_ptd@@QAPAU1@@Z 1004d2f0     libucrt:mbctype.obj
 0001:0004c310       __sehtable$??$?RV<lambda_ceb1ee4838e85a9d631eb091e2fbe199>@@AAV<lambda_ae742caa10f662c28703da3d2ea5e57e>@@V<lambda_cd08b5d6af4937fe54fc07d0c9bf6b37>@@@?$__crt_seh_guarded_call@X@@QAEX$$QAV<lambda_ceb1ee4838e85a9d631eb091e2fbe199>@@AAV<lambda_ae742caa10f662c28703da3d2ea5e57e>@@$$QAV<lambda_cd08b5d6af4937fe54fc07d0c9bf6b37>@@@Z 1004d310     libucrt:mbctype.obj
 0001:0004c330       __sehtable$___acrt_update_thread_locale_data 1004d330     libucrt:locale_refcounting.obj
 0001:0004c350       __sehtable$_fclose         1004d350     libucrt:fclose.obj
 0001:0004c370       __sehtable$??$?RV<lambda_9e9de3de5fa147e2223d7db92bc10aa6>@@AAV<lambda_38ce7e780aa69e748d6df282ebc68efe>@@V<lambda_8ca6da459f0f6780f1cff60fdc3d00e5>@@@?$__crt_seh_guarded_call@H@@QAEH$$QAV<lambda_9e9de3de5fa147e2223d7db92bc10aa6>@@AAV<lambda_38ce7e780aa69e748d6df282ebc68efe>@@$$QAV<lambda_8ca6da459f0f6780f1cff60fdc3d00e5>@@@Z 1004d370     libucrt:commit.obj
 0001:0004c390       __sehtable$??$?RV<lambda_218ce3db14220d0be481dae8ef3383b6>@@AAV<lambda_628dfdc04ba53c8bfc02c9951375f3f5>@@V<lambda_57dc472bd5c9d5f3b2cbca59b8a843ae>@@@?$__crt_seh_guarded_call@H@@QAEH$$QAV<lambda_218ce3db14220d0be481dae8ef3383b6>@@AAV<lambda_628dfdc04ba53c8bfc02c9951375f3f5>@@$$QAV<lambda_57dc472bd5c9d5f3b2cbca59b8a843ae>@@@Z 1004d390     libucrt:close.obj
 0001:0004c3b0       __sehtable$__IsNonwritableInCurrentImage 1004d3b0     LIBCMT:pesect.obj
 0001:0004c3d0       .edata                     1004d3d0     ProcList.exp
 0001:0004c3f8       rgpv                       1004d3f8     ProcList.exp
 0001:0004c430       rgszName                   1004d430     ProcList.exp
 0001:0004c468       rgwOrd                     1004d468     ProcList.exp
 0001:0004c484       szName                     1004d484     ProcList.exp
 0001:0004c491       $N00001                    1004d491     ProcList.exp
 0001:0004c49d       $N00002                    1004d49d     ProcList.exp
 0001:0004c4a6       $N00003                    1004d4a6     ProcList.exp
 0001:0004c4b1       $N00004                    1004d4b1     ProcList.exp
 0001:0004c4be       $N00005                    1004d4be     ProcList.exp
 0001:0004c4cc       $N00006                    1004d4cc     ProcList.exp
 0001:0004c4d6       $N00007                    1004d4d6     ProcList.exp
 0001:0004c4e3       $N00008                    1004d4e3     ProcList.exp
 0001:0004c4f2       $N00009                    1004d4f2     ProcList.exp
 0001:0004c504       $N00010                    1004d504     ProcList.exp
 0001:0004c513       $N00011                    1004d513     ProcList.exp
 0001:0004c519       $N00012                    1004d519     ProcList.exp
 0001:0004c52c       $N00013                    1004d52c     ProcList.exp
 0001:0004c53f       $N00014                    1004d53f     ProcList.exp
 0002:00000178       ?FKeys@?1??GetOpenPanelInfo@Plist@@QAEXPAUOpenPanelInfo@@@Z@4PAGA 1004e178     Pclass.obj
 0002:000001bc       ?nr@?7??Connect@Plist@@QAE_NPB_W00@Z@4U_NETRESOURCEW@@A 1004e1bc     Pclass.obj
 0002:00000220       ?init@std@@3JA             1004e220     libcpmt:xlock.obj
 0002:00000224       ?atcount_cdecl@@3IA        1004e224     libcpmt:iosptrs.obj
 0002:00000260       ?__vcrt_flsindex@@3KA      1004e260     libvcruntime:per_thread_data.obj
 0002:00000280       ?errno_no_memory@@3HA      1004e280     libucrt:errno.obj
 0002:00000284       ?doserrno_no_memory@@3KA   1004e284     libucrt:errno.obj
 0002:000003b0       ?__acrt_flsindex@@3KA      1004e3b0     libucrt:per_thread_data.obj
 0002:000003b4       __ctype_loc_style          1004e3b4     libucrt:wsetlocale.obj
 0002:00000480       _newcw                     1004e480     libucrt:modf.obj
 0002:00000498       ?tzstd_program@@3PADA      1004e498     libucrt:timeset.obj
 0002:000004d8       ?tzdst_program@@3PADA      1004e4d8     libucrt:timeset.obj
 0002:00000518       ?tzname_states@@3PAY01PADA 1004e518     libucrt:timeset.obj
 0002:00000740       __mbctypes                 1004e740     libucrt:mbctype.obj
 0002:00000848       __mbcasemaps               1004e848     libucrt:mbctype.obj
 0002:00000948       ?__rgctypeflag@@3PADA      1004e948     libucrt:mbctype.obj
 0002:00000950       ?__rgcode_page_info@@3PAUcode_page_info@@A 1004e950     libucrt:mbctype.obj
 0002:00000b40       ?__dcrt_lowio_console_output_handle@@3PAXA 1004eb40     libucrt:initcon.obj
 0002:00000c64       ??_R0?AV<lambda_2188c710c02002b0eab1052a0acb7023>@@@8 1004ec64     Plist.obj
 0002:00000c9c       ??_R0?AV<lambda_d3397212bd5e450c6dbd36f327bf5553>@@@8 1004ec9c     wmi.obj
 0002:00000cd4       ??_R0?AV<lambda_8364a2c8b43a2a1256754ccc435293aa>@@@8 1004ecd4     wmi.obj
 0002:00000e9c       ?UserAccountID@?1??GetUserAccountID@@YA@XZ@4V?$basic_string@_WU?$char_traits@_W@std@@V?$allocator@_W@2@@std@@B 1004ee9c     handles.obj
 0002:00000eb4       ?$S1@?1??GetUserAccountID@@YA@XZ@4IA 1004eeb4     handles.obj
 0002:00000f18       ?TitlesLocal@?1??PanelModes@Plist@@QAEPAUPanelMode@@AAI@Z@4V?$array@V?$array@PA_W$0BI@@std@@$09@std@@A 1004ef18     Pclass.obj
 0002:000012d8       ?TitlesRemote@?1??PanelModes@Plist@@QAEPAUPanelMode@@AAI@Z@4V?$array@V?$array@PA_W$0BI@@std@@$09@std@@A 1004f2d8     Pclass.obj
 0002:00001698       ?PanelModesLocal@?1??PanelModes@Plist@@QAEPAUPanelMode@@AAI@Z@4V?$array@UPanelMode@@$09@std@@A 1004f698     Pclass.obj
 0002:000017d8       ?PanelModesRemote@?1??PanelModes@Plist@@QAEPAUPanelMode@@AAI@Z@4V?$array@UPanelMode@@$09@std@@A 1004f7d8     Pclass.obj
 0002:00001918       ?ArraysInited@?2??PanelModes@Plist@@QAEPAUPanelMode@@AAI@Z@4_NA 1004f918     Pclass.obj
 0002:0000191c       ?Title@?1??GetOpenPanelInfo@Plist@@QAEXPAUOpenPanelInfo@@@Z@4V?$basic_string@_WU?$char_traits@_W@std@@V?$allocator@_W@2@@std@@A 1004f91c     Pclass.obj
 0002:00001934       ?$S1@?1??GetOpenPanelInfo@Plist@@QAEXPAUOpenPanelInfo@@@Z@4IA 1004f934     Pclass.obj
 0002:00001938       ?kbl@?1??GetOpenPanelInfo@Plist@@QAEXPAUOpenPanelInfo@@@Z@4PAUKeyBarLabel@@A 1004f938     Pclass.obj
 0002:000019e8       ?kbt@?1??GetOpenPanelInfo@Plist@@QAEXPAUOpenPanelInfo@@@Z@4UKeyBarTitles@@A 1004f9e8     Pclass.obj
 0002:000019f0       ?$S2@?1??GetOpenPanelInfo@Plist@@QAEXPAUOpenPanelInfo@@@Z@4IA 1004f9f0     Pclass.obj
 0002:000019f8       ?Styles@?1??window_style@@YA@PAUHWND__@@@Z@4QBU?$pair@HPB_W@std@@B 1004f9f8     Pclass.obj
 0002:00001a78       ?$S3@?1??window_style@@YA@PAUHWND__@@@Z@4IA 1004fa78     Pclass.obj
 0002:00001a80       ?ExtStyles@?1??window_ex_style@@YA@PAUHWND__@@@Z@4QBU?$pair@HPB_W@std@@B 1004fa80     Pclass.obj
 0002:00001b20       ?$S5@?1??window_ex_style@@YA@PAUHWND__@@@Z@4IA 1004fb20     Pclass.obj
 0002:00001b24       ?IsWow64@?1??Is64BitWindows@@YA_NXZ@4_NB 1004fb24     perfthread.obj
 0002:00001b28       ?$S1@?1??Is64BitWindows@@YA_NXZ@4IA 1004fb28     perfthread.obj
 0002:00001b2c       ?IsWow64@?1??is_wow64_itself@@YA_NXZ@4_NB 1004fb2c     Plist.obj
 0002:00001b30       ?$S1@?1??is_wow64_itself@@YA_NXZ@4IA 1004fb30     Plist.obj
 0002:00001b34       ?hDebugToken@@3V?$unique_ptr@XUhandle_closer@@@std@@A 1004fb34     Plist.obj
 0002:00001cac       ?Inited@?1??dynamic_bind@@YAXXZ@4_NA 1004fcac     Proclist.obj
 0002:00001cb0       ?PluginMenuStrings@?4??GetPluginInfoW@@9@4@4PAPB_WA 1004fcb0     Proclist.obj
 0002:00001cb4       ?DiskMenuStrings@?7??GetPluginInfoW@@9@4@4PAPB_WA 1004fcb4     Proclist.obj
 0002:00001cb8       ?PluginCfgStrings@?1??GetPluginInfoW@@9@4@4PAPB_WA 1004fcb8     Proclist.obj
 0002:00001cc0       ?Cookie@?1??XorPointer@@YAPAXPAX@Z@4IB 1004fcc0     vc_crt_fix_impl.obj
 0002:00001cc4       ?$S1@?1??XorPointer@@YAPAXPAX@Z@4IA 1004fcc4     vc_crt_fix_impl.obj
 0002:00001cc8       ?Function@?1??EncodePointerWrapper@@9@4@4Q6GPAXPAX@ZA 1004fcc8     vc_crt_fix_impl.obj
 0002:00001ccc       ?$S2@?1??EncodePointerWrapper@@9@4@4IA 1004fccc     vc_crt_fix_impl.obj
 0002:00001cd0       ?Function@?1??DecodePointerWrapper@@9@4@4Q6GPAXPAX@ZA 1004fcd0     vc_crt_fix_impl.obj
 0002:00001cd4       ?$S3@?1??DecodePointerWrapper@@9@4@4IA 1004fcd4     vc_crt_fix_impl.obj
 0002:00001cd8       ?Function@?1??GetModuleHandleExWWrapper@@9@12@4Q6GHKPB_WPAPAUHINSTANCE__@@@ZA 1004fcd8     vc_crt_fix_impl.obj
 0002:00001cdc       ?$S4@?1??GetModuleHandleExWWrapper@@9@12@4IA 1004fcdc     vc_crt_fix_impl.obj
 0002:00001ce0       ?Deleter@?1??InitializeSListHead@implementation@slist@@YGXPAT_SLIST_HEADER@@@Z@4Vservice_deleter@23@A 1004fce0     vc_crt_fix_impl.obj
 0002:00001d00       ?$S5@?1??InitializeSListHead@implementation@slist@@YGXPAT_SLIST_HEADER@@@Z@4IA 1004fd00     vc_crt_fix_impl.obj
 0002:00001d04       ?Function@?1??InitializeSListHeadWrapper@@9@4@4Q6GXPAT_SLIST_HEADER@@@ZA 1004fd04     vc_crt_fix_impl.obj
 0002:00001d08       ?$S6@?1??InitializeSListHeadWrapper@@9@4@4IA 1004fd08     vc_crt_fix_impl.obj
 0002:00001d0c       ?Function@?1??InterlockedFlushSListWrapper@@9@4@4Q6GPAU_SINGLE_LIST_ENTRY@@PAT_SLIST_HEADER@@@ZA 1004fd0c     vc_crt_fix_impl.obj
 0002:00001d10       ?$S7@?1??InterlockedFlushSListWrapper@@9@4@4IA 1004fd10     vc_crt_fix_impl.obj
 0002:00001d14       ?Function@?1??InterlockedPopEntrySListWrapper@@9@4@4Q6GPAU_SINGLE_LIST_ENTRY@@PAT_SLIST_HEADER@@@ZA 1004fd14     vc_crt_fix_impl.obj
 0002:00001d18       ?$S8@?1??InterlockedPopEntrySListWrapper@@9@4@4IA 1004fd18     vc_crt_fix_impl.obj
 0002:00001d1c       ?Function@?1??InterlockedPushEntrySListWrapper@@9@8@4Q6GPAU_SINGLE_LIST_ENTRY@@PAT_SLIST_HEADER@@PAU2@@ZA 1004fd1c     vc_crt_fix_impl.obj
 0002:00001d20       ?$S9@?1??InterlockedPushEntrySListWrapper@@9@8@4IA 1004fd20     vc_crt_fix_impl.obj
 0002:00001d24       ?Function@?1??InterlockedPushListSListExWrapper@@9@16@4Q6GPAU_SINGLE_LIST_ENTRY@@PAT_SLIST_HEADER@@PAU2@1K@ZA 1004fd24     vc_crt_fix_impl.obj
 0002:00001d28       ?$S10@?1??InterlockedPushListSListExWrapper@@9@16@4IA 1004fd28     vc_crt_fix_impl.obj
 0002:00001d2c       ?Function@?1??RtlFirstEntrySListWrapper@@9@4@4Q6GPAU_SINGLE_LIST_ENTRY@@PAT_SLIST_HEADER@@@ZA 1004fd2c     vc_crt_fix_impl.obj
 0002:00001d30       ?$S11@?1??RtlFirstEntrySListWrapper@@9@4@4IA 1004fd30     vc_crt_fix_impl.obj
 0002:00001d34       ?Function@?1??QueryDepthSListWrapper@@9@4@4Q6GGPAT_SLIST_HEADER@@@ZA 1004fd34     vc_crt_fix_impl.obj
 0002:00001d38       ?$S12@?1??QueryDepthSListWrapper@@9@4@4IA 1004fd38     vc_crt_fix_impl.obj
 0002:00001d3c       ?Function@?1??GetNumaHighestNodeNumberWrapper@@9@4@4Q6GHPAK@ZA 1004fd3c     vc_crt_fix_impl.obj
 0002:00001d40       ?$S13@?1??GetNumaHighestNodeNumberWrapper@@9@4@4IA 1004fd40     vc_crt_fix_impl.obj
 0002:00001d44       ?Function@?1??GetLogicalProcessorInformationWrapper@@9@8@4Q6GHPAU_SYSTEM_LOGICAL_PROCESSOR_INFORMATION@@PAK@ZA 1004fd44     vc_crt_fix_impl.obj
 0002:00001d48       ?$S14@?1??GetLogicalProcessorInformationWrapper@@9@8@4IA 1004fd48     vc_crt_fix_impl.obj
 0002:00001d4c       ?Function@?1??SetThreadStackGuaranteeWrapper@@9@4@4Q6GHPAK@ZA 1004fd4c     vc_crt_fix_impl.obj
 0002:00001d50       ?$S15@?1??SetThreadStackGuaranteeWrapper@@9@4@4IA 1004fd50     vc_crt_fix_impl.obj
 0002:00001d54       ?Function@?1??InitializeCriticalSectionExWrapper@@9@12@4Q6GHPAU_RTL_CRITICAL_SECTION@@KK@ZA 1004fd54     vc_crt_fix_impl.obj
 0002:00001d58       ?$S16@?1??InitializeCriticalSectionExWrapper@@9@12@4IA 1004fd58     vc_crt_fix_impl.obj
 0002:00001d5c       ?Function@?1??CompareStringExWrapper@@9@36@4Q6GHPB_WK0H0HPAU_nlsversioninfo@@PAXJ@ZA 1004fd5c     vc_crt_fix_impl.obj
 0002:00001d60       ?$S17@?1??CompareStringExWrapper@@9@36@4IA 1004fd60     vc_crt_fix_impl.obj
 0002:00001d64       ?Function@?1??LCMapStringExWrapper@@9@36@4Q6GHPB_WK0HPA_WHPAU_nlsversioninfo@@PAXJ@ZA 1004fd64     vc_crt_fix_impl.obj
 0002:00001d68       ?$S18@?1??LCMapStringExWrapper@@9@36@4IA 1004fd68     vc_crt_fix_impl.obj
 0002:00001d70       ?initlocks@std@@3V_Init_locks@1@A 1004fd70     libcpmt:xlock.obj
 0002:00001d78       ?mtx@std@@3PAU_RTL_CRITICAL_SECTION@@A 1004fd78     libcpmt:xlock.obj
 0002:00001e54       ?classic_locale@std@@3Vlocale@1@A 1004fe54     libcpmt:locale0.obj
 0002:00001e5c       ?_Fac_tidy_reg@std@@3U_Fac_tidy_reg_t@1@B 1004fe5c     libcpmt:locale0.obj
 0002:00001e60       ?_Fac_head@std@@3PAU_Fac_node@1@A 1004fe60     libcpmt:locale0.obj
 0002:00001e64       _global_locale             1004fe64     libcpmt:locale0.obj
 0002:00001e68       ?registered@?1??_Setgloballocale@locale@std@@CAXPAX@Z@4_NA 1004fe68     libcpmt:locale0.obj
 0002:00001e98       ?initlocks@std@@3V_Init_locks@1@A 1004fe98     libcpmt:iosptrs.obj
 0002:00001e99       ?init_atexit@@3U_Init_atexit@@A 1004fe99     libcpmt:iosptrs.obj
 0002:00001e9c       ?atfuns_cdecl@@3PAP6AXXZA  1004fe9c     libcpmt:iosptrs.obj
 0002:00001fe4       ?is_initialized_as_dll@@3_NA 1004ffe4     LIBCMT:utility.obj
 0002:00001fe5       ?module_local_atexit_table_initialized@@3_NA 1004ffe5     LIBCMT:utility.obj
 0002:00001fe8       ?module_local_atexit_table@@3U_onexit_table_t@@A 1004ffe8     LIBCMT:utility.obj
 0002:00001ff4       ?module_local_at_quick_exit_table@@3U_onexit_table_t@@A 1004fff4     LIBCMT:utility.obj
 0002:00002000       ?__proc_attached@@3HA      10050000     LIBCMT:dll_dllmain.obj
 0002:00002020       _GS_ExceptionRecord        10050020     LIBCMT:gs_report.obj
 0002:00002070       _GS_ContextRecord          10050070     LIBCMT:gs_report.obj
 0002:00002344       ?__vcrt_startup_thread_ptd@@3U__vcrt_ptd@@A 10050344     libvcruntime:per_thread_data.obj
 0002:0000236c       ___vcrt_lock_table         1005036c     libvcruntime:locks.obj
 0002:00002384       ___vcrt_locks_initialized  10050384     libvcruntime:locks.obj
 0002:000023b0       ?heap@@3V_HeapManager@@A   100503b0     libvcruntime:undname.obj
 0002:000023c4       ?module_handles@@3PAPAUHINSTANCE__@@A 100503c4     libvcruntime:winapi_downlevel.obj
 0002:000023d0       ?function_pointers@@3PAPAXA 100503d0     libvcruntime:winapi_downlevel.obj
 0002:000023e4       ?__acrt_invalid_parameter_handler@@3V?$dual_state_global@P6AXPB_W00II@Z@__crt_state_management@@A 100503e4     libucrt:invalid_parameter.obj
 0002:000023f8       ?__acrt_lock_table@@3PAU_RTL_CRITICAL_SECTION@@A 100503f8     libucrt:locks.obj
 0002:00002548       ?__acrt_locks_initialized@@3IA 10050548     libucrt:locks.obj
 0002:0000254c       ?c_termination_complete@@3JA 1005054c     libucrt:exit.obj
 0002:00002550       ?thread_local_exit_callback_func@@3P6GXPAXK0@ZA 10050550     libucrt:exit.obj
 0002:00002558       ?program_name@?1???$common_configure_argv@D@@YAHW4_crt_argv_mode@@@Z@4PADA 10050558     libucrt:argv_parsing.obj
 0002:00002688       ?__acrt_new_handler@@3V?$dual_state_global@P6AHI@Z@__crt_state_management@@A 10050688     libucrt:new_handler.obj
 0002:00002690       ?module_handles@@3PAPAUHINSTANCE__@@A 10050690     libucrt:winapi_thunks.obj
 0002:000026e0       ?encoded_function_pointers@@3PAPAXA 100506e0     libucrt:winapi_thunks.obj
 0002:00002768       ?static_enum_proc@?1??enum_system_locales_ex_nolock@@YAHQ6GHPA_WKJ@Z@Z@4P6GH0KJ@ZA 10050768     libucrt:winapi_thunks.obj
 0002:0000297c       ?internal_state@?1??_mbtowc_l@@9@4U_Mbstatet@@A 1005097c     libucrt:mbtowc.obj
 0002:00002984       ?enable_percent_n@@3IA     10050984     libucrt:printf_count_output.obj
 0002:00002990       ?__acrt_app_type@@3W4_crt_app_type@@A 10050990     libucrt:report_runtime_error.obj
 0002:00002994       __pmatherr_set             10050994     libucrt:libm_error.obj
 0002:0000299c       ?ctrlc_action@@3V?$dual_state_global@P6AXH@Z@__crt_state_management@@A 1005099c     libucrt:signal.obj
 0002:000029a0       ?ctrlbreak_action@@3V?$dual_state_global@P6AXH@Z@__crt_state_management@@A 100509a0     libucrt:signal.obj
 0002:000029a4       ?abort_action@@3V?$dual_state_global@P6AXH@Z@__crt_state_management@@A 100509a4     libucrt:signal.obj
 0002:000029a8       ?term_action@@3V?$dual_state_global@P6AXH@Z@__crt_state_management@@A 100509a8     libucrt:signal.obj
 0002:000029b8       ?_tzname@@3V?$dual_state_global@PAPAD@__crt_state_management@@A 100509b8     libucrt:timeset.obj
 0002:000029c0       ?tz_api_used@@3HA          100509c0     libucrt:tzset.obj
 0002:000029c8       ?tz_info@@3U_TIME_ZONE_INFORMATION@@A 100509c8     libucrt:tzset.obj
 0002:00002a80       ?fSystemSet@@3HA           10050a80     libucrt:mbctype.obj
 0002:00002a84       ?initialized@?1??__acrt_initialize_multibyte@@9@4_NA 10050a84     libucrt:mbctype.obj
 0002:00002aa4       ?user_matherr@@3V?$dual_state_global@P6AHPAU_exception@@@Z@__crt_state_management@@A 10050aa4     libucrt:matherr.obj
 0002:00002aa8       ?__acrt_global_new_mode@@3V?$dual_state_global@J@__crt_state_management@@A 10050aa8     libucrt:new_mode.obj
 0002:00002aac       ?internal_pst@?1??__mbrtoc32_utf8@__crt_mbstring@@YAIPA_UPBDIPAU_Mbstatet@@@Z@4U3@A 10050aac     libucrt:mbrtoc32.obj
 0002:00002ab4       ?internal_pst@?1??__c16rtomb_utf8@__crt_mbstring@@YAIPAD_SPAU_Mbstatet@@@Z@4U3@A 10050ab4     libucrt:c16rtomb.obj
 0003:00000916       .idata$6                   10051916     kernel32:KERNEL32.dll
 0003:000009fa       .idata$6                   100519fa     user32:USER32.dll
 0003:00000afa       .idata$6                   10051afa     advapi32:ADVAPI32.dll
 0003:00000b3e       .idata$6                   10051b3e     ole32:ole32.dll
 0003:00000b78       .idata$6                   10051b78     mpr:MPR.dll
 0003:00000bc2       .idata$6                   10051bc2     version:VERSION.dll
 0003:00000bce       .idata$6                   10051bce     oleaut32:OLEAUT32.dll
 0003:00000c0c       .idata$6                   10051c0c     psapi:PSAPI.DLL
 0004:00000060       $R000000                   10052060     ProcList.res
